node : MODULE 8392: looking for "C:\\Users\\angel\\Desktop\\Nutrijournal_ionic\\nutrij
ournal\\backend\\src\\server.js" in 
["C:\\Users\\angel\\.node_modules","C:\\Users\\angel\\.node_libraries","C:\\Program 
Files\\nodejs\\lib\\node"]
In riga:1 car:1
+ node src/server.js 2>errors.txt 1>output.txt
+ ~~~~~~~~~~~~~~~~~~~~~~~~~~~~~~~~~~~~~~~~~~~~
    + CategoryInfo          : NotSpecified: (MODULE 8392: lo...js\\lib\\node"]:String 
   ) [], RemoteException
    + FullyQualifiedErrorId : NativeCommandError
 
MODULE 8392: load "C:\\Users\\angel\\Desktop\\Nutrijournal_ionic\\nutrijournal\\backen
d\\src\\server.js" for module "."
MODULE 8392: Module._load REQUEST dotenv parent: .
MODULE 8392: looking for "dotenv" in ["C:\\Users\\angel\\Desktop\\Nutrijournal_ionic\\
nutrijournal\\backend\\src\\node_modules","C:\\Users\\angel\\Desktop\\Nutrijournal_ion
ic\\nutrijournal\\backend\\node_modules","C:\\Users\\angel\\Desktop\\Nutrijournal_ioni
c\\nutrijournal\\node_modules","C:\\Users\\angel\\Desktop\\Nutrijournal_ionic\\node_mo
dules","C:\\Users\\angel\\Desktop\\node_modules","C:\\Users\\angel\\node_modules","C:\
\Users\\node_modules","C:\\node_modules","C:\\Users\\angel\\.node_modules","C:\\Users\
\angel\\.node_libraries","C:\\Program Files\\nodejs\\lib\\node"]
MODULE 8392: load "C:\\Users\\angel\\Desktop\\Nutrijournal_ionic\\nutrijournal\\backen
d\\node_modules\\dotenv\\lib\\main.js" for module "C:\\Users\\angel\\Desktop\\Nutrijou
rnal_ionic\\nutrijournal\\backend\\node_modules\\dotenv\\lib\\main.js"
MODULE 8392: Module._load REQUEST fs parent: C:\Users\angel\Desktop\Nutrijournal_ionic
\nutrijournal\backend\node_modules\dotenv\lib\main.js
MODULE 8392: load built-in module fs
MODULE 8392: Module._load REQUEST path parent: C:\Users\angel\Desktop\Nutrijournal_ion
ic\nutrijournal\backend\node_modules\dotenv\lib\main.js
MODULE 8392: load built-in module path
MODULE 8392: Module._load REQUEST os parent: C:\Users\angel\Desktop\Nutrijournal_ionic
\nutrijournal\backend\node_modules\dotenv\lib\main.js
MODULE 8392: load built-in module os
MODULE 8392: Module._load REQUEST crypto parent: C:\Users\angel\Desktop\Nutrijournal_i
onic\nutrijournal\backend\node_modules\dotenv\lib\main.js
MODULE 8392: load built-in module crypto
MODULE 8392: Module._load REQUEST ../package.json parent: C:\Users\angel\Desktop\Nutri
journal_ionic\nutrijournal\backend\node_modules\dotenv\lib\main.js
MODULE 8392: RELATIVE: requested: ../package.json from parent.id C:\Users\angel\Deskto
p\Nutrijournal_ionic\nutrijournal\backend\node_modules\dotenv\lib\main.js
MODULE 8392: looking for ["C:\\Users\\angel\\Desktop\\Nutrijournal_ionic\\nutrijournal
\\backend\\node_modules\\dotenv\\lib"]
MODULE 8392: load "C:\\Users\\angel\\Desktop\\Nutrijournal_ionic\\nutrijournal\\backen
d\\node_modules\\dotenv\\package.json" for module "C:\\Users\\angel\\Desktop\\Nutrijou
rnal_ionic\\nutrijournal\\backend\\node_modules\\dotenv\\package.json"
MODULE 8392: Module._load REQUEST express parent: .
MODULE 8392: looking for "express" in ["C:\\Users\\angel\\Desktop\\Nutrijournal_ionic\
\nutrijournal\\backend\\src\\node_modules","C:\\Users\\angel\\Desktop\\Nutrijournal_io
nic\\nutrijournal\\backend\\node_modules","C:\\Users\\angel\\Desktop\\Nutrijournal_ion
ic\\nutrijournal\\node_modules","C:\\Users\\angel\\Desktop\\Nutrijournal_ionic\\node_m
odules","C:\\Users\\angel\\Desktop\\node_modules","C:\\Users\\angel\\node_modules","C:
\\Users\\node_modules","C:\\node_modules","C:\\Users\\angel\\.node_modules","C:\\Users
\\angel\\.node_libraries","C:\\Program Files\\nodejs\\lib\\node"]
MODULE 8392: load "C:\\Users\\angel\\Desktop\\Nutrijournal_ionic\\nutrijournal\\backen
d\\node_modules\\express\\index.js" for module "C:\\Users\\angel\\Desktop\\Nutrijourna
l_ionic\\nutrijournal\\backend\\node_modules\\express\\index.js"
MODULE 8392: Module._load REQUEST ./lib/express parent: C:\Users\angel\Desktop\Nutrijo
urnal_ionic\nutrijournal\backend\node_modules\express\index.js
MODULE 8392: RELATIVE: requested: ./lib/express from parent.id C:\Users\angel\Desktop\
Nutrijournal_ionic\nutrijournal\backend\node_modules\express\index.js
MODULE 8392: looking for ["C:\\Users\\angel\\Desktop\\Nutrijournal_ionic\\nutrijournal
\\backend\\node_modules\\express"]
MODULE 8392: load "C:\\Users\\angel\\Desktop\\Nutrijournal_ionic\\nutrijournal\\backen
d\\node_modules\\express\\lib\\express.js" for module "C:\\Users\\angel\\Desktop\\Nutr
ijournal_ionic\\nutrijournal\\backend\\node_modules\\express\\lib\\express.js"
MODULE 8392: Module._load REQUEST body-parser parent: C:\Users\angel\Desktop\Nutrijour
nal_ionic\nutrijournal\backend\node_modules\express\lib\express.js
MODULE 8392: looking for "body-parser" in ["C:\\Users\\angel\\Desktop\\Nutrijournal_io
nic\\nutrijournal\\backend\\node_modules\\express\\lib\\node_modules","C:\\Users\\ange
l\\Desktop\\Nutrijournal_ionic\\nutrijournal\\backend\\node_modules\\express\\node_mod
ules","C:\\Users\\angel\\Desktop\\Nutrijournal_ionic\\nutrijournal\\backend\\node_modu
les","C:\\Users\\angel\\Desktop\\Nutrijournal_ionic\\nutrijournal\\node_modules","C:\\
Users\\angel\\Desktop\\Nutrijournal_ionic\\node_modules","C:\\Users\\angel\\Desktop\\n
ode_modules","C:\\Users\\angel\\node_modules","C:\\Users\\node_modules","C:\\node_modu
les","C:\\Users\\angel\\.node_modules","C:\\Users\\angel\\.node_libraries","C:\\Progra
m Files\\nodejs\\lib\\node"]
MODULE 8392: load "C:\\Users\\angel\\Desktop\\Nutrijournal_ionic\\nutrijournal\\backen
d\\node_modules\\body-parser\\index.js" for module "C:\\Users\\angel\\Desktop\\Nutrijo
urnal_ionic\\nutrijournal\\backend\\node_modules\\body-parser\\index.js"
MODULE 8392: Module._load REQUEST depd parent: C:\Users\angel\Desktop\Nutrijournal_ion
ic\nutrijournal\backend\node_modules\body-parser\index.js
MODULE 8392: looking for "depd" in ["C:\\Users\\angel\\Desktop\\Nutrijournal_ionic\\nu
trijournal\\backend\\node_modules\\body-parser\\node_modules","C:\\Users\\angel\\Deskt
op\\Nutrijournal_ionic\\nutrijournal\\backend\\node_modules","C:\\Users\\angel\\Deskto
p\\Nutrijournal_ionic\\nutrijournal\\node_modules","C:\\Users\\angel\\Desktop\\Nutrijo
urnal_ionic\\node_modules","C:\\Users\\angel\\Desktop\\node_modules","C:\\Users\\angel
\\node_modules","C:\\Users\\node_modules","C:\\node_modules","C:\\Users\\angel\\.node_
modules","C:\\Users\\angel\\.node_libraries","C:\\Program Files\\nodejs\\lib\\node"]
MODULE 8392: load "C:\\Users\\angel\\Desktop\\Nutrijournal_ionic\\nutrijournal\\backen
d\\node_modules\\depd\\index.js" for module "C:\\Users\\angel\\Desktop\\Nutrijournal_i
onic\\nutrijournal\\backend\\node_modules\\depd\\index.js"
MODULE 8392: Module._load REQUEST path parent: C:\Users\angel\Desktop\Nutrijournal_ion
ic\nutrijournal\backend\node_modules\depd\index.js
MODULE 8392: load built-in module path
MODULE 8392: Module._load REQUEST events parent: C:\Users\angel\Desktop\Nutrijournal_i
onic\nutrijournal\backend\node_modules\express\lib\express.js
MODULE 8392: load built-in module events
MODULE 8392: Module._load REQUEST merge-descriptors parent: C:\Users\angel\Desktop\Nut
rijournal_ionic\nutrijournal\backend\node_modules\express\lib\express.js
MODULE 8392: looking for "merge-descriptors" in ["C:\\Users\\angel\\Desktop\\Nutrijour
nal_ionic\\nutrijournal\\backend\\node_modules\\express\\lib\\node_modules","C:\\Users
\\angel\\Desktop\\Nutrijournal_ionic\\nutrijournal\\backend\\node_modules\\express\\no
de_modules","C:\\Users\\angel\\Desktop\\Nutrijournal_ionic\\nutrijournal\\backend\\nod
e_modules","C:\\Users\\angel\\Desktop\\Nutrijournal_ionic\\nutrijournal\\node_modules"
,"C:\\Users\\angel\\Desktop\\Nutrijournal_ionic\\node_modules","C:\\Users\\angel\\Desk
top\\node_modules","C:\\Users\\angel\\node_modules","C:\\Users\\node_modules","C:\\nod
e_modules","C:\\Users\\angel\\.node_modules","C:\\Users\\angel\\.node_libraries","C:\\
Program Files\\nodejs\\lib\\node"]
MODULE 8392: load "C:\\Users\\angel\\Desktop\\Nutrijournal_ionic\\nutrijournal\\backen
d\\node_modules\\merge-descriptors\\index.js" for module "C:\\Users\\angel\\Desktop\\N
utrijournal_ionic\\nutrijournal\\backend\\node_modules\\merge-descriptors\\index.js"
MODULE 8392: Module._load REQUEST ./application parent: C:\Users\angel\Desktop\Nutrijo
urnal_ionic\nutrijournal\backend\node_modules\express\lib\express.js
MODULE 8392: RELATIVE: requested: ./application from parent.id C:\Users\angel\Desktop\
Nutrijournal_ionic\nutrijournal\backend\node_modules\express\lib\express.js
MODULE 8392: looking for ["C:\\Users\\angel\\Desktop\\Nutrijournal_ionic\\nutrijournal
\\backend\\node_modules\\express\\lib"]
MODULE 8392: load "C:\\Users\\angel\\Desktop\\Nutrijournal_ionic\\nutrijournal\\backen
d\\node_modules\\express\\lib\\application.js" for module "C:\\Users\\angel\\Desktop\\
Nutrijournal_ionic\\nutrijournal\\backend\\node_modules\\express\\lib\\application.js"
MODULE 8392: Module._load REQUEST finalhandler parent: C:\Users\angel\Desktop\Nutrijou
rnal_ionic\nutrijournal\backend\node_modules\express\lib\application.js
MODULE 8392: looking for "finalhandler" in ["C:\\Users\\angel\\Desktop\\Nutrijournal_i
onic\\nutrijournal\\backend\\node_modules\\express\\lib\\node_modules","C:\\Users\\ang
el\\Desktop\\Nutrijournal_ionic\\nutrijournal\\backend\\node_modules\\express\\node_mo
dules","C:\\Users\\angel\\Desktop\\Nutrijournal_ionic\\nutrijournal\\backend\\node_mod
ules","C:\\Users\\angel\\Desktop\\Nutrijournal_ionic\\nutrijournal\\node_modules","C:\
\Users\\angel\\Desktop\\Nutrijournal_ionic\\node_modules","C:\\Users\\angel\\Desktop\\
node_modules","C:\\Users\\angel\\node_modules","C:\\Users\\node_modules","C:\\node_mod
ules","C:\\Users\\angel\\.node_modules","C:\\Users\\angel\\.node_libraries","C:\\Progr
am Files\\nodejs\\lib\\node"]
MODULE 8392: load "C:\\Users\\angel\\Desktop\\Nutrijournal_ionic\\nutrijournal\\backen
d\\node_modules\\finalhandler\\index.js" for module "C:\\Users\\angel\\Desktop\\Nutrij
ournal_ionic\\nutrijournal\\backend\\node_modules\\finalhandler\\index.js"
MODULE 8392: Module._load REQUEST debug parent: C:\Users\angel\Desktop\Nutrijournal_io
nic\nutrijournal\backend\node_modules\finalhandler\index.js
MODULE 8392: looking for "debug" in ["C:\\Users\\angel\\Desktop\\Nutrijournal_ionic\\n
utrijournal\\backend\\node_modules\\finalhandler\\node_modules","C:\\Users\\angel\\Des
ktop\\Nutrijournal_ionic\\nutrijournal\\backend\\node_modules","C:\\Users\\angel\\Desk
top\\Nutrijournal_ionic\\nutrijournal\\node_modules","C:\\Users\\angel\\Desktop\\Nutri
journal_ionic\\node_modules","C:\\Users\\angel\\Desktop\\node_modules","C:\\Users\\ang
el\\node_modules","C:\\Users\\node_modules","C:\\node_modules","C:\\Users\\angel\\.nod
e_modules","C:\\Users\\angel\\.node_libraries","C:\\Program Files\\nodejs\\lib\\node"]
MODULE 8392: load "C:\\Users\\angel\\Desktop\\Nutrijournal_ionic\\nutrijournal\\backen
d\\node_modules\\debug\\src\\index.js" for module "C:\\Users\\angel\\Desktop\\Nutrijou
rnal_ionic\\nutrijournal\\backend\\node_modules\\debug\\src\\index.js"
MODULE 8392: Module._load REQUEST ./node.js parent: C:\Users\angel\Desktop\Nutrijourna
l_ionic\nutrijournal\backend\node_modules\debug\src\index.js
MODULE 8392: RELATIVE: requested: ./node.js from parent.id C:\Users\angel\Desktop\Nutr
ijournal_ionic\nutrijournal\backend\node_modules\debug\src\index.js
MODULE 8392: looking for ["C:\\Users\\angel\\Desktop\\Nutrijournal_ionic\\nutrijournal
\\backend\\node_modules\\debug\\src"]
MODULE 8392: load "C:\\Users\\angel\\Desktop\\Nutrijournal_ionic\\nutrijournal\\backen
d\\node_modules\\debug\\src\\node.js" for module "C:\\Users\\angel\\Desktop\\Nutrijour
nal_ionic\\nutrijournal\\backend\\node_modules\\debug\\src\\node.js"
MODULE 8392: Module._load REQUEST tty parent: C:\Users\angel\Desktop\Nutrijournal_ioni
c\nutrijournal\backend\node_modules\debug\src\node.js
MODULE 8392: load built-in module tty
MODULE 8392: Module._load REQUEST util parent: C:\Users\angel\Desktop\Nutrijournal_ion
ic\nutrijournal\backend\node_modules\debug\src\node.js
MODULE 8392: load built-in module util
MODULE 8392: Module._load REQUEST ./debug parent: C:\Users\angel\Desktop\Nutrijournal_
ionic\nutrijournal\backend\node_modules\debug\src\node.js
MODULE 8392: RELATIVE: requested: ./debug from parent.id C:\Users\angel\Desktop\Nutrij
ournal_ionic\nutrijournal\backend\node_modules\debug\src\node.js
MODULE 8392: looking for ["C:\\Users\\angel\\Desktop\\Nutrijournal_ionic\\nutrijournal
\\backend\\node_modules\\debug\\src"]
MODULE 8392: load "C:\\Users\\angel\\Desktop\\Nutrijournal_ionic\\nutrijournal\\backen
d\\node_modules\\debug\\src\\debug.js" for module "C:\\Users\\angel\\Desktop\\Nutrijou
rnal_ionic\\nutrijournal\\backend\\node_modules\\debug\\src\\debug.js"
MODULE 8392: Module._load REQUEST ms parent: C:\Users\angel\Desktop\Nutrijournal_ionic
\nutrijournal\backend\node_modules\debug\src\debug.js
MODULE 8392: looking for "ms" in ["C:\\Users\\angel\\Desktop\\Nutrijournal_ionic\\nutr
ijournal\\backend\\node_modules\\debug\\src\\node_modules","C:\\Users\\angel\\Desktop\
\Nutrijournal_ionic\\nutrijournal\\backend\\node_modules\\debug\\node_modules","C:\\Us
ers\\angel\\Desktop\\Nutrijournal_ionic\\nutrijournal\\backend\\node_modules","C:\\Use
rs\\angel\\Desktop\\Nutrijournal_ionic\\nutrijournal\\node_modules","C:\\Users\\angel\
\Desktop\\Nutrijournal_ionic\\node_modules","C:\\Users\\angel\\Desktop\\node_modules",
"C:\\Users\\angel\\node_modules","C:\\Users\\node_modules","C:\\node_modules","C:\\Use
rs\\angel\\.node_modules","C:\\Users\\angel\\.node_libraries","C:\\Program 
Files\\nodejs\\lib\\node"]
MODULE 8392: load "C:\\Users\\angel\\Desktop\\Nutrijournal_ionic\\nutrijournal\\backen
d\\node_modules\\ms\\index.js" for module "C:\\Users\\angel\\Desktop\\Nutrijournal_ion
ic\\nutrijournal\\backend\\node_modules\\ms\\index.js"
MODULE 8392: Module._load REQUEST encodeurl parent: C:\Users\angel\Desktop\Nutrijourna
l_ionic\nutrijournal\backend\node_modules\finalhandler\index.js
MODULE 8392: looking for "encodeurl" in ["C:\\Users\\angel\\Desktop\\Nutrijournal_ioni
c\\nutrijournal\\backend\\node_modules\\finalhandler\\node_modules","C:\\Users\\angel\
\Desktop\\Nutrijournal_ionic\\nutrijournal\\backend\\node_modules","C:\\Users\\angel\\
Desktop\\Nutrijournal_ionic\\nutrijournal\\node_modules","C:\\Users\\angel\\Desktop\\N
utrijournal_ionic\\node_modules","C:\\Users\\angel\\Desktop\\node_modules","C:\\Users\
\angel\\node_modules","C:\\Users\\node_modules","C:\\node_modules","C:\\Users\\angel\\
.node_modules","C:\\Users\\angel\\.node_libraries","C:\\Program 
Files\\nodejs\\lib\\node"]
MODULE 8392: load "C:\\Users\\angel\\Desktop\\Nutrijournal_ionic\\nutrijournal\\backen
d\\node_modules\\encodeurl\\index.js" for module "C:\\Users\\angel\\Desktop\\Nutrijour
nal_ionic\\nutrijournal\\backend\\node_modules\\encodeurl\\index.js"
MODULE 8392: Module._load REQUEST escape-html parent: C:\Users\angel\Desktop\Nutrijour
nal_ionic\nutrijournal\backend\node_modules\finalhandler\index.js
MODULE 8392: looking for "escape-html" in ["C:\\Users\\angel\\Desktop\\Nutrijournal_io
nic\\nutrijournal\\backend\\node_modules\\finalhandler\\node_modules","C:\\Users\\ange
l\\Desktop\\Nutrijournal_ionic\\nutrijournal\\backend\\node_modules","C:\\Users\\angel
\\Desktop\\Nutrijournal_ionic\\nutrijournal\\node_modules","C:\\Users\\angel\\Desktop\
\Nutrijournal_ionic\\node_modules","C:\\Users\\angel\\Desktop\\node_modules","C:\\User
s\\angel\\node_modules","C:\\Users\\node_modules","C:\\node_modules","C:\\Users\\angel
\\.node_modules","C:\\Users\\angel\\.node_libraries","C:\\Program 
Files\\nodejs\\lib\\node"]
MODULE 8392: load "C:\\Users\\angel\\Desktop\\Nutrijournal_ionic\\nutrijournal\\backen
d\\node_modules\\escape-html\\index.js" for module "C:\\Users\\angel\\Desktop\\Nutrijo
urnal_ionic\\nutrijournal\\backend\\node_modules\\escape-html\\index.js"
MODULE 8392: Module._load REQUEST on-finished parent: C:\Users\angel\Desktop\Nutrijour
nal_ionic\nutrijournal\backend\node_modules\finalhandler\index.js
MODULE 8392: looking for "on-finished" in ["C:\\Users\\angel\\Desktop\\Nutrijournal_io
nic\\nutrijournal\\backend\\node_modules\\finalhandler\\node_modules","C:\\Users\\ange
l\\Desktop\\Nutrijournal_ionic\\nutrijournal\\backend\\node_modules","C:\\Users\\angel
\\Desktop\\Nutrijournal_ionic\\nutrijournal\\node_modules","C:\\Users\\angel\\Desktop\
\Nutrijournal_ionic\\node_modules","C:\\Users\\angel\\Desktop\\node_modules","C:\\User
s\\angel\\node_modules","C:\\Users\\node_modules","C:\\node_modules","C:\\Users\\angel
\\.node_modules","C:\\Users\\angel\\.node_libraries","C:\\Program 
Files\\nodejs\\lib\\node"]
MODULE 8392: load "C:\\Users\\angel\\Desktop\\Nutrijournal_ionic\\nutrijournal\\backen
d\\node_modules\\on-finished\\index.js" for module "C:\\Users\\angel\\Desktop\\Nutrijo
urnal_ionic\\nutrijournal\\backend\\node_modules\\on-finished\\index.js"
MODULE 8392: Module._load REQUEST async_hooks parent: C:\Users\angel\Desktop\Nutrijour
nal_ionic\nutrijournal\backend\node_modules\on-finished\index.js
MODULE 8392: load built-in module async_hooks
MODULE 8392: Module._load REQUEST ee-first parent: C:\Users\angel\Desktop\Nutrijournal
_ionic\nutrijournal\backend\node_modules\on-finished\index.js
MODULE 8392: looking for "ee-first" in ["C:\\Users\\angel\\Desktop\\Nutrijournal_ionic
\\nutrijournal\\backend\\node_modules\\on-finished\\node_modules","C:\\Users\\angel\\D
esktop\\Nutrijournal_ionic\\nutrijournal\\backend\\node_modules","C:\\Users\\angel\\De
sktop\\Nutrijournal_ionic\\nutrijournal\\node_modules","C:\\Users\\angel\\Desktop\\Nut
rijournal_ionic\\node_modules","C:\\Users\\angel\\Desktop\\node_modules","C:\\Users\\a
ngel\\node_modules","C:\\Users\\node_modules","C:\\node_modules","C:\\Users\\angel\\.n
ode_modules","C:\\Users\\angel\\.node_libraries","C:\\Program 
Files\\nodejs\\lib\\node"]
MODULE 8392: load "C:\\Users\\angel\\Desktop\\Nutrijournal_ionic\\nutrijournal\\backen
d\\node_modules\\ee-first\\index.js" for module "C:\\Users\\angel\\Desktop\\Nutrijourn
al_ionic\\nutrijournal\\backend\\node_modules\\ee-first\\index.js"
MODULE 8392: Module._load REQUEST parseurl parent: C:\Users\angel\Desktop\Nutrijournal
_ionic\nutrijournal\backend\node_modules\finalhandler\index.js
MODULE 8392: looking for "parseurl" in ["C:\\Users\\angel\\Desktop\\Nutrijournal_ionic
\\nutrijournal\\backend\\node_modules\\finalhandler\\node_modules","C:\\Users\\angel\\
Desktop\\Nutrijournal_ionic\\nutrijournal\\backend\\node_modules","C:\\Users\\angel\\D
esktop\\Nutrijournal_ionic\\nutrijournal\\node_modules","C:\\Users\\angel\\Desktop\\Nu
trijournal_ionic\\node_modules","C:\\Users\\angel\\Desktop\\node_modules","C:\\Users\\
angel\\node_modules","C:\\Users\\node_modules","C:\\node_modules","C:\\Users\\angel\\.
node_modules","C:\\Users\\angel\\.node_libraries","C:\\Program 
Files\\nodejs\\lib\\node"]
MODULE 8392: load "C:\\Users\\angel\\Desktop\\Nutrijournal_ionic\\nutrijournal\\backen
d\\node_modules\\parseurl\\index.js" for module "C:\\Users\\angel\\Desktop\\Nutrijourn
al_ionic\\nutrijournal\\backend\\node_modules\\parseurl\\index.js"
MODULE 8392: Module._load REQUEST url parent: C:\Users\angel\Desktop\Nutrijournal_ioni
c\nutrijournal\backend\node_modules\parseurl\index.js
MODULE 8392: load built-in module url
MODULE 8392: Module._load REQUEST statuses parent: C:\Users\angel\Desktop\Nutrijournal
_ionic\nutrijournal\backend\node_modules\finalhandler\index.js
MODULE 8392: looking for "statuses" in ["C:\\Users\\angel\\Desktop\\Nutrijournal_ionic
\\nutrijournal\\backend\\node_modules\\finalhandler\\node_modules","C:\\Users\\angel\\
Desktop\\Nutrijournal_ionic\\nutrijournal\\backend\\node_modules","C:\\Users\\angel\\D
esktop\\Nutrijournal_ionic\\nutrijournal\\node_modules","C:\\Users\\angel\\Desktop\\Nu
trijournal_ionic\\node_modules","C:\\Users\\angel\\Desktop\\node_modules","C:\\Users\\
angel\\node_modules","C:\\Users\\node_modules","C:\\node_modules","C:\\Users\\angel\\.
node_modules","C:\\Users\\angel\\.node_libraries","C:\\Program 
Files\\nodejs\\lib\\node"]
MODULE 8392: load "C:\\Users\\angel\\Desktop\\Nutrijournal_ionic\\nutrijournal\\backen
d\\node_modules\\statuses\\index.js" for module "C:\\Users\\angel\\Desktop\\Nutrijourn
al_ionic\\nutrijournal\\backend\\node_modules\\statuses\\index.js"
MODULE 8392: Module._load REQUEST ./codes.json parent: C:\Users\angel\Desktop\Nutrijou
rnal_ionic\nutrijournal\backend\node_modules\statuses\index.js
MODULE 8392: RELATIVE: requested: ./codes.json from parent.id C:\Users\angel\Desktop\N
utrijournal_ionic\nutrijournal\backend\node_modules\statuses\index.js
MODULE 8392: looking for ["C:\\Users\\angel\\Desktop\\Nutrijournal_ionic\\nutrijournal
\\backend\\node_modules\\statuses"]
MODULE 8392: load "C:\\Users\\angel\\Desktop\\Nutrijournal_ionic\\nutrijournal\\backen
d\\node_modules\\statuses\\codes.json" for module "C:\\Users\\angel\\Desktop\\Nutrijou
rnal_ionic\\nutrijournal\\backend\\node_modules\\statuses\\codes.json"
MODULE 8392: Module._load REQUEST unpipe parent: C:\Users\angel\Desktop\Nutrijournal_i
onic\nutrijournal\backend\node_modules\finalhandler\index.js
MODULE 8392: looking for "unpipe" in ["C:\\Users\\angel\\Desktop\\Nutrijournal_ionic\\
nutrijournal\\backend\\node_modules\\finalhandler\\node_modules","C:\\Users\\angel\\De
sktop\\Nutrijournal_ionic\\nutrijournal\\backend\\node_modules","C:\\Users\\angel\\Des
ktop\\Nutrijournal_ionic\\nutrijournal\\node_modules","C:\\Users\\angel\\Desktop\\Nutr
ijournal_ionic\\node_modules","C:\\Users\\angel\\Desktop\\node_modules","C:\\Users\\an
gel\\node_modules","C:\\Users\\node_modules","C:\\node_modules","C:\\Users\\angel\\.no
de_modules","C:\\Users\\angel\\.node_libraries","C:\\Program 
Files\\nodejs\\lib\\node"]
MODULE 8392: load "C:\\Users\\angel\\Desktop\\Nutrijournal_ionic\\nutrijournal\\backen
d\\node_modules\\unpipe\\index.js" for module "C:\\Users\\angel\\Desktop\\Nutrijournal
_ionic\\nutrijournal\\backend\\node_modules\\unpipe\\index.js"
MODULE 8392: Module._load REQUEST ./router parent: C:\Users\angel\Desktop\Nutrijournal
_ionic\nutrijournal\backend\node_modules\express\lib\application.js
MODULE 8392: RELATIVE: requested: ./router from parent.id C:\Users\angel\Desktop\Nutri
journal_ionic\nutrijournal\backend\node_modules\express\lib\application.js
MODULE 8392: looking for ["C:\\Users\\angel\\Desktop\\Nutrijournal_ionic\\nutrijournal
\\backend\\node_modules\\express\\lib"]
MODULE 8392: load "C:\\Users\\angel\\Desktop\\Nutrijournal_ionic\\nutrijournal\\backen
d\\node_modules\\express\\lib\\router\\index.js" for module "C:\\Users\\angel\\Desktop
\\Nutrijournal_ionic\\nutrijournal\\backend\\node_modules\\express\\lib\\router\\index
.js"
MODULE 8392: Module._load REQUEST ./route parent: C:\Users\angel\Desktop\Nutrijournal_
ionic\nutrijournal\backend\node_modules\express\lib\router\index.js
MODULE 8392: RELATIVE: requested: ./route from parent.id C:\Users\angel\Desktop\Nutrij
ournal_ionic\nutrijournal\backend\node_modules\express\lib\router\index.js
MODULE 8392: looking for ["C:\\Users\\angel\\Desktop\\Nutrijournal_ionic\\nutrijournal
\\backend\\node_modules\\express\\lib\\router"]
MODULE 8392: load "C:\\Users\\angel\\Desktop\\Nutrijournal_ionic\\nutrijournal\\backen
d\\node_modules\\express\\lib\\router\\route.js" for module "C:\\Users\\angel\\Desktop
\\Nutrijournal_ionic\\nutrijournal\\backend\\node_modules\\express\\lib\\router\\route
.js"
MODULE 8392: Module._load REQUEST debug parent: C:\Users\angel\Desktop\Nutrijournal_io
nic\nutrijournal\backend\node_modules\express\lib\router\route.js
MODULE 8392: looking for "debug" in ["C:\\Users\\angel\\Desktop\\Nutrijournal_ionic\\n
utrijournal\\backend\\node_modules\\express\\lib\\router\\node_modules","C:\\Users\\an
gel\\Desktop\\Nutrijournal_ionic\\nutrijournal\\backend\\node_modules\\express\\lib\\n
ode_modules","C:\\Users\\angel\\Desktop\\Nutrijournal_ionic\\nutrijournal\\backend\\no
de_modules\\express\\node_modules","C:\\Users\\angel\\Desktop\\Nutrijournal_ionic\\nut
rijournal\\backend\\node_modules","C:\\Users\\angel\\Desktop\\Nutrijournal_ionic\\nutr
ijournal\\node_modules","C:\\Users\\angel\\Desktop\\Nutrijournal_ionic\\node_modules",
"C:\\Users\\angel\\Desktop\\node_modules","C:\\Users\\angel\\node_modules","C:\\Users\
\node_modules","C:\\node_modules","C:\\Users\\angel\\.node_modules","C:\\Users\\angel\
\.node_libraries","C:\\Program Files\\nodejs\\lib\\node"]
MODULE 8392: Module._load REQUEST array-flatten parent: C:\Users\angel\Desktop\Nutrijo
urnal_ionic\nutrijournal\backend\node_modules\express\lib\router\route.js
MODULE 8392: looking for "array-flatten" in ["C:\\Users\\angel\\Desktop\\Nutrijournal_
ionic\\nutrijournal\\backend\\node_modules\\express\\lib\\router\\node_modules","C:\\U
sers\\angel\\Desktop\\Nutrijournal_ionic\\nutrijournal\\backend\\node_modules\\express
\\lib\\node_modules","C:\\Users\\angel\\Desktop\\Nutrijournal_ionic\\nutrijournal\\bac
kend\\node_modules\\express\\node_modules","C:\\Users\\angel\\Desktop\\Nutrijournal_io
nic\\nutrijournal\\backend\\node_modules","C:\\Users\\angel\\Desktop\\Nutrijournal_ion
ic\\nutrijournal\\node_modules","C:\\Users\\angel\\Desktop\\Nutrijournal_ionic\\node_m
odules","C:\\Users\\angel\\Desktop\\node_modules","C:\\Users\\angel\\node_modules","C:
\\Users\\node_modules","C:\\node_modules","C:\\Users\\angel\\.node_modules","C:\\Users
\\angel\\.node_libraries","C:\\Program Files\\nodejs\\lib\\node"]
MODULE 8392: load "C:\\Users\\angel\\Desktop\\Nutrijournal_ionic\\nutrijournal\\backen
d\\node_modules\\array-flatten\\array-flatten.js" for module "C:\\Users\\angel\\Deskto
p\\Nutrijournal_ionic\\nutrijournal\\backend\\node_modules\\array-flatten\\array-flatt
en.js"
MODULE 8392: Module._load REQUEST ./layer parent: C:\Users\angel\Desktop\Nutrijournal_
ionic\nutrijournal\backend\node_modules\express\lib\router\route.js
MODULE 8392: RELATIVE: requested: ./layer from parent.id C:\Users\angel\Desktop\Nutrij
ournal_ionic\nutrijournal\backend\node_modules\express\lib\router\route.js
MODULE 8392: looking for ["C:\\Users\\angel\\Desktop\\Nutrijournal_ionic\\nutrijournal
\\backend\\node_modules\\express\\lib\\router"]
MODULE 8392: load "C:\\Users\\angel\\Desktop\\Nutrijournal_ionic\\nutrijournal\\backen
d\\node_modules\\express\\lib\\router\\layer.js" for module "C:\\Users\\angel\\Desktop
\\Nutrijournal_ionic\\nutrijournal\\backend\\node_modules\\express\\lib\\router\\layer
.js"
MODULE 8392: Module._load REQUEST path-to-regexp parent: C:\Users\angel\Desktop\Nutrij
ournal_ionic\nutrijournal\backend\node_modules\express\lib\router\layer.js
MODULE 8392: looking for "path-to-regexp" in ["C:\\Users\\angel\\Desktop\\Nutrijournal
_ionic\\nutrijournal\\backend\\node_modules\\express\\lib\\router\\node_modules","C:\\
Users\\angel\\Desktop\\Nutrijournal_ionic\\nutrijournal\\backend\\node_modules\\expres
s\\lib\\node_modules","C:\\Users\\angel\\Desktop\\Nutrijournal_ionic\\nutrijournal\\ba
ckend\\node_modules\\express\\node_modules","C:\\Users\\angel\\Desktop\\Nutrijournal_i
onic\\nutrijournal\\backend\\node_modules","C:\\Users\\angel\\Desktop\\Nutrijournal_io
nic\\nutrijournal\\node_modules","C:\\Users\\angel\\Desktop\\Nutrijournal_ionic\\node_
modules","C:\\Users\\angel\\Desktop\\node_modules","C:\\Users\\angel\\node_modules","C
:\\Users\\node_modules","C:\\node_modules","C:\\Users\\angel\\.node_modules","C:\\User
s\\angel\\.node_libraries","C:\\Program Files\\nodejs\\lib\\node"]
MODULE 8392: load "C:\\Users\\angel\\Desktop\\Nutrijournal_ionic\\nutrijournal\\backen
d\\node_modules\\path-to-regexp\\index.js" for module "C:\\Users\\angel\\Desktop\\Nutr
ijournal_ionic\\nutrijournal\\backend\\node_modules\\path-to-regexp\\index.js"
MODULE 8392: Module._load REQUEST debug parent: C:\Users\angel\Desktop\Nutrijournal_io
nic\nutrijournal\backend\node_modules\express\lib\router\layer.js
MODULE 8392: looking for "debug" in ["C:\\Users\\angel\\Desktop\\Nutrijournal_ionic\\n
utrijournal\\backend\\node_modules\\express\\lib\\router\\node_modules","C:\\Users\\an
gel\\Desktop\\Nutrijournal_ionic\\nutrijournal\\backend\\node_modules\\express\\lib\\n
ode_modules","C:\\Users\\angel\\Desktop\\Nutrijournal_ionic\\nutrijournal\\backend\\no
de_modules\\express\\node_modules","C:\\Users\\angel\\Desktop\\Nutrijournal_ionic\\nut
rijournal\\backend\\node_modules","C:\\Users\\angel\\Desktop\\Nutrijournal_ionic\\nutr
ijournal\\node_modules","C:\\Users\\angel\\Desktop\\Nutrijournal_ionic\\node_modules",
"C:\\Users\\angel\\Desktop\\node_modules","C:\\Users\\angel\\node_modules","C:\\Users\
\node_modules","C:\\node_modules","C:\\Users\\angel\\.node_modules","C:\\Users\\angel\
\.node_libraries","C:\\Program Files\\nodejs\\lib\\node"]
MODULE 8392: Module._load REQUEST methods parent: C:\Users\angel\Desktop\Nutrijournal_
ionic\nutrijournal\backend\node_modules\express\lib\router\route.js
MODULE 8392: looking for "methods" in ["C:\\Users\\angel\\Desktop\\Nutrijournal_ionic\
\nutrijournal\\backend\\node_modules\\express\\lib\\router\\node_modules","C:\\Users\\
angel\\Desktop\\Nutrijournal_ionic\\nutrijournal\\backend\\node_modules\\express\\lib\
\node_modules","C:\\Users\\angel\\Desktop\\Nutrijournal_ionic\\nutrijournal\\backend\\
node_modules\\express\\node_modules","C:\\Users\\angel\\Desktop\\Nutrijournal_ionic\\n
utrijournal\\backend\\node_modules","C:\\Users\\angel\\Desktop\\Nutrijournal_ionic\\nu
trijournal\\node_modules","C:\\Users\\angel\\Desktop\\Nutrijournal_ionic\\node_modules
","C:\\Users\\angel\\Desktop\\node_modules","C:\\Users\\angel\\node_modules","C:\\User
s\\node_modules","C:\\node_modules","C:\\Users\\angel\\.node_modules","C:\\Users\\ange
l\\.node_libraries","C:\\Program Files\\nodejs\\lib\\node"]
MODULE 8392: load "C:\\Users\\angel\\Desktop\\Nutrijournal_ionic\\nutrijournal\\backen
d\\node_modules\\methods\\index.js" for module "C:\\Users\\angel\\Desktop\\Nutrijourna
l_ionic\\nutrijournal\\backend\\node_modules\\methods\\index.js"
MODULE 8392: Module._load REQUEST http parent: C:\Users\angel\Desktop\Nutrijournal_ion
ic\nutrijournal\backend\node_modules\methods\index.js
MODULE 8392: load built-in module http
MODULE 8392: Module._load REQUEST ./layer parent: C:\Users\angel\Desktop\Nutrijournal_
ionic\nutrijournal\backend\node_modules\express\lib\router\index.js
MODULE 8392: Module._load REQUEST methods parent: C:\Users\angel\Desktop\Nutrijournal_
ionic\nutrijournal\backend\node_modules\express\lib\router\index.js
MODULE 8392: Module._load REQUEST utils-merge parent: C:\Users\angel\Desktop\Nutrijour
nal_ionic\nutrijournal\backend\node_modules\express\lib\router\index.js
MODULE 8392: looking for "utils-merge" in ["C:\\Users\\angel\\Desktop\\Nutrijournal_io
nic\\nutrijournal\\backend\\node_modules\\express\\lib\\router\\node_modules","C:\\Use
rs\\angel\\Desktop\\Nutrijournal_ionic\\nutrijournal\\backend\\node_modules\\express\\
lib\\node_modules","C:\\Users\\angel\\Desktop\\Nutrijournal_ionic\\nutrijournal\\backe
nd\\node_modules\\express\\node_modules","C:\\Users\\angel\\Desktop\\Nutrijournal_ioni
c\\nutrijournal\\backend\\node_modules","C:\\Users\\angel\\Desktop\\Nutrijournal_ionic
\\nutrijournal\\node_modules","C:\\Users\\angel\\Desktop\\Nutrijournal_ionic\\node_mod
ules","C:\\Users\\angel\\Desktop\\node_modules","C:\\Users\\angel\\node_modules","C:\\
Users\\node_modules","C:\\node_modules","C:\\Users\\angel\\.node_modules","C:\\Users\\
angel\\.node_libraries","C:\\Program Files\\nodejs\\lib\\node"]
MODULE 8392: load "C:\\Users\\angel\\Desktop\\Nutrijournal_ionic\\nutrijournal\\backen
d\\node_modules\\utils-merge\\index.js" for module "C:\\Users\\angel\\Desktop\\Nutrijo
urnal_ionic\\nutrijournal\\backend\\node_modules\\utils-merge\\index.js"
MODULE 8392: Module._load REQUEST debug parent: C:\Users\angel\Desktop\Nutrijournal_io
nic\nutrijournal\backend\node_modules\express\lib\router\index.js
MODULE 8392: looking for "debug" in ["C:\\Users\\angel\\Desktop\\Nutrijournal_ionic\\n
utrijournal\\backend\\node_modules\\express\\lib\\router\\node_modules","C:\\Users\\an
gel\\Desktop\\Nutrijournal_ionic\\nutrijournal\\backend\\node_modules\\express\\lib\\n
ode_modules","C:\\Users\\angel\\Desktop\\Nutrijournal_ionic\\nutrijournal\\backend\\no
de_modules\\express\\node_modules","C:\\Users\\angel\\Desktop\\Nutrijournal_ionic\\nut
rijournal\\backend\\node_modules","C:\\Users\\angel\\Desktop\\Nutrijournal_ionic\\nutr
ijournal\\node_modules","C:\\Users\\angel\\Desktop\\Nutrijournal_ionic\\node_modules",
"C:\\Users\\angel\\Desktop\\node_modules","C:\\Users\\angel\\node_modules","C:\\Users\
\node_modules","C:\\node_modules","C:\\Users\\angel\\.node_modules","C:\\Users\\angel\
\.node_libraries","C:\\Program Files\\nodejs\\lib\\node"]
MODULE 8392: Module._load REQUEST depd parent: C:\Users\angel\Desktop\Nutrijournal_ion
ic\nutrijournal\backend\node_modules\express\lib\router\index.js
MODULE 8392: looking for "depd" in ["C:\\Users\\angel\\Desktop\\Nutrijournal_ionic\\nu
trijournal\\backend\\node_modules\\express\\lib\\router\\node_modules","C:\\Users\\ang
el\\Desktop\\Nutrijournal_ionic\\nutrijournal\\backend\\node_modules\\express\\lib\\no
de_modules","C:\\Users\\angel\\Desktop\\Nutrijournal_ionic\\nutrijournal\\backend\\nod
e_modules\\express\\node_modules","C:\\Users\\angel\\Desktop\\Nutrijournal_ionic\\nutr
ijournal\\backend\\node_modules","C:\\Users\\angel\\Desktop\\Nutrijournal_ionic\\nutri
journal\\node_modules","C:\\Users\\angel\\Desktop\\Nutrijournal_ionic\\node_modules","
C:\\Users\\angel\\Desktop\\node_modules","C:\\Users\\angel\\node_modules","C:\\Users\\
node_modules","C:\\node_modules","C:\\Users\\angel\\.node_modules","C:\\Users\\angel\\
.node_libraries","C:\\Program Files\\nodejs\\lib\\node"]
MODULE 8392: Module._load REQUEST array-flatten parent: C:\Users\angel\Desktop\Nutrijo
urnal_ionic\nutrijournal\backend\node_modules\express\lib\router\index.js
MODULE 8392: Module._load REQUEST parseurl parent: C:\Users\angel\Desktop\Nutrijournal
_ionic\nutrijournal\backend\node_modules\express\lib\router\index.js
MODULE 8392: looking for "parseurl" in ["C:\\Users\\angel\\Desktop\\Nutrijournal_ionic
\\nutrijournal\\backend\\node_modules\\express\\lib\\router\\node_modules","C:\\Users\
\angel\\Desktop\\Nutrijournal_ionic\\nutrijournal\\backend\\node_modules\\express\\lib
\\node_modules","C:\\Users\\angel\\Desktop\\Nutrijournal_ionic\\nutrijournal\\backend\
\node_modules\\express\\node_modules","C:\\Users\\angel\\Desktop\\Nutrijournal_ionic\\
nutrijournal\\backend\\node_modules","C:\\Users\\angel\\Desktop\\Nutrijournal_ionic\\n
utrijournal\\node_modules","C:\\Users\\angel\\Desktop\\Nutrijournal_ionic\\node_module
s","C:\\Users\\angel\\Desktop\\node_modules","C:\\Users\\angel\\node_modules","C:\\Use
rs\\node_modules","C:\\node_modules","C:\\Users\\angel\\.node_modules","C:\\Users\\ang
el\\.node_libraries","C:\\Program Files\\nodejs\\lib\\node"]
MODULE 8392: Module._load REQUEST setprototypeof parent: C:\Users\angel\Desktop\Nutrij
ournal_ionic\nutrijournal\backend\node_modules\express\lib\router\index.js
MODULE 8392: looking for "setprototypeof" in ["C:\\Users\\angel\\Desktop\\Nutrijournal
_ionic\\nutrijournal\\backend\\node_modules\\express\\lib\\router\\node_modules","C:\\
Users\\angel\\Desktop\\Nutrijournal_ionic\\nutrijournal\\backend\\node_modules\\expres
s\\lib\\node_modules","C:\\Users\\angel\\Desktop\\Nutrijournal_ionic\\nutrijournal\\ba
ckend\\node_modules\\express\\node_modules","C:\\Users\\angel\\Desktop\\Nutrijournal_i
onic\\nutrijournal\\backend\\node_modules","C:\\Users\\angel\\Desktop\\Nutrijournal_io
nic\\nutrijournal\\node_modules","C:\\Users\\angel\\Desktop\\Nutrijournal_ionic\\node_
modules","C:\\Users\\angel\\Desktop\\node_modules","C:\\Users\\angel\\node_modules","C
:\\Users\\node_modules","C:\\node_modules","C:\\Users\\angel\\.node_modules","C:\\User
s\\angel\\.node_libraries","C:\\Program Files\\nodejs\\lib\\node"]
MODULE 8392: load "C:\\Users\\angel\\Desktop\\Nutrijournal_ionic\\nutrijournal\\backen
d\\node_modules\\setprototypeof\\index.js" for module "C:\\Users\\angel\\Desktop\\Nutr
ijournal_ionic\\nutrijournal\\backend\\node_modules\\setprototypeof\\index.js"
MODULE 8392: Module._load REQUEST methods parent: C:\Users\angel\Desktop\Nutrijournal_
ionic\nutrijournal\backend\node_modules\express\lib\application.js
MODULE 8392: looking for "methods" in ["C:\\Users\\angel\\Desktop\\Nutrijournal_ionic\
\nutrijournal\\backend\\node_modules\\express\\lib\\node_modules","C:\\Users\\angel\\D
esktop\\Nutrijournal_ionic\\nutrijournal\\backend\\node_modules\\express\\node_modules
","C:\\Users\\angel\\Desktop\\Nutrijournal_ionic\\nutrijournal\\backend\\node_modules"
,"C:\\Users\\angel\\Desktop\\Nutrijournal_ionic\\nutrijournal\\node_modules","C:\\User
s\\angel\\Desktop\\Nutrijournal_ionic\\node_modules","C:\\Users\\angel\\Desktop\\node_
modules","C:\\Users\\angel\\node_modules","C:\\Users\\node_modules","C:\\node_modules"
,"C:\\Users\\angel\\.node_modules","C:\\Users\\angel\\.node_libraries","C:\\Program 
Files\\nodejs\\lib\\node"]
MODULE 8392: Module._load REQUEST ./middleware/init parent: C:\Users\angel\Desktop\Nut
rijournal_ionic\nutrijournal\backend\node_modules\express\lib\application.js
MODULE 8392: RELATIVE: requested: ./middleware/init from parent.id C:\Users\angel\Desk
top\Nutrijournal_ionic\nutrijournal\backend\node_modules\express\lib\application.js
MODULE 8392: looking for ["C:\\Users\\angel\\Desktop\\Nutrijournal_ionic\\nutrijournal
\\backend\\node_modules\\express\\lib"]
MODULE 8392: load "C:\\Users\\angel\\Desktop\\Nutrijournal_ionic\\nutrijournal\\backen
d\\node_modules\\express\\lib\\middleware\\init.js" for module "C:\\Users\\angel\\Desk
top\\Nutrijournal_ionic\\nutrijournal\\backend\\node_modules\\express\\lib\\middleware
\\init.js"
MODULE 8392: Module._load REQUEST setprototypeof parent: C:\Users\angel\Desktop\Nutrij
ournal_ionic\nutrijournal\backend\node_modules\express\lib\middleware\init.js
MODULE 8392: looking for "setprototypeof" in ["C:\\Users\\angel\\Desktop\\Nutrijournal
_ionic\\nutrijournal\\backend\\node_modules\\express\\lib\\middleware\\node_modules","
C:\\Users\\angel\\Desktop\\Nutrijournal_ionic\\nutrijournal\\backend\\node_modules\\ex
press\\lib\\node_modules","C:\\Users\\angel\\Desktop\\Nutrijournal_ionic\\nutrijournal
\\backend\\node_modules\\express\\node_modules","C:\\Users\\angel\\Desktop\\Nutrijourn
al_ionic\\nutrijournal\\backend\\node_modules","C:\\Users\\angel\\Desktop\\Nutrijourna
l_ionic\\nutrijournal\\node_modules","C:\\Users\\angel\\Desktop\\Nutrijournal_ionic\\n
ode_modules","C:\\Users\\angel\\Desktop\\node_modules","C:\\Users\\angel\\node_modules
","C:\\Users\\node_modules","C:\\node_modules","C:\\Users\\angel\\.node_modules","C:\\
Users\\angel\\.node_libraries","C:\\Program Files\\nodejs\\lib\\node"]
MODULE 8392: Module._load REQUEST ./middleware/query parent: C:\Users\angel\Desktop\Nu
trijournal_ionic\nutrijournal\backend\node_modules\express\lib\application.js
MODULE 8392: RELATIVE: requested: ./middleware/query from parent.id C:\Users\angel\Des
ktop\Nutrijournal_ionic\nutrijournal\backend\node_modules\express\lib\application.js
MODULE 8392: looking for ["C:\\Users\\angel\\Desktop\\Nutrijournal_ionic\\nutrijournal
\\backend\\node_modules\\express\\lib"]
MODULE 8392: load "C:\\Users\\angel\\Desktop\\Nutrijournal_ionic\\nutrijournal\\backen
d\\node_modules\\express\\lib\\middleware\\query.js" for module "C:\\Users\\angel\\Des
ktop\\Nutrijournal_ionic\\nutrijournal\\backend\\node_modules\\express\\lib\\middlewar
e\\query.js"
MODULE 8392: Module._load REQUEST utils-merge parent: C:\Users\angel\Desktop\Nutrijour
nal_ionic\nutrijournal\backend\node_modules\express\lib\middleware\query.js
MODULE 8392: looking for "utils-merge" in ["C:\\Users\\angel\\Desktop\\Nutrijournal_io
nic\\nutrijournal\\backend\\node_modules\\express\\lib\\middleware\\node_modules","C:\
\Users\\angel\\Desktop\\Nutrijournal_ionic\\nutrijournal\\backend\\node_modules\\expre
ss\\lib\\node_modules","C:\\Users\\angel\\Desktop\\Nutrijournal_ionic\\nutrijournal\\b
ackend\\node_modules\\express\\node_modules","C:\\Users\\angel\\Desktop\\Nutrijournal_
ionic\\nutrijournal\\backend\\node_modules","C:\\Users\\angel\\Desktop\\Nutrijournal_i
onic\\nutrijournal\\node_modules","C:\\Users\\angel\\Desktop\\Nutrijournal_ionic\\node
_modules","C:\\Users\\angel\\Desktop\\node_modules","C:\\Users\\angel\\node_modules","
C:\\Users\\node_modules","C:\\node_modules","C:\\Users\\angel\\.node_modules","C:\\Use
rs\\angel\\.node_libraries","C:\\Program Files\\nodejs\\lib\\node"]
MODULE 8392: Module._load REQUEST parseurl parent: C:\Users\angel\Desktop\Nutrijournal
_ionic\nutrijournal\backend\node_modules\express\lib\middleware\query.js
MODULE 8392: looking for "parseurl" in ["C:\\Users\\angel\\Desktop\\Nutrijournal_ionic
\\nutrijournal\\backend\\node_modules\\express\\lib\\middleware\\node_modules","C:\\Us
ers\\angel\\Desktop\\Nutrijournal_ionic\\nutrijournal\\backend\\node_modules\\express\
\lib\\node_modules","C:\\Users\\angel\\Desktop\\Nutrijournal_ionic\\nutrijournal\\back
end\\node_modules\\express\\node_modules","C:\\Users\\angel\\Desktop\\Nutrijournal_ion
ic\\nutrijournal\\backend\\node_modules","C:\\Users\\angel\\Desktop\\Nutrijournal_ioni
c\\nutrijournal\\node_modules","C:\\Users\\angel\\Desktop\\Nutrijournal_ionic\\node_mo
dules","C:\\Users\\angel\\Desktop\\node_modules","C:\\Users\\angel\\node_modules","C:\
\Users\\node_modules","C:\\node_modules","C:\\Users\\angel\\.node_modules","C:\\Users\
\angel\\.node_libraries","C:\\Program Files\\nodejs\\lib\\node"]
MODULE 8392: Module._load REQUEST qs parent: C:\Users\angel\Desktop\Nutrijournal_ionic
\nutrijournal\backend\node_modules\express\lib\middleware\query.js
MODULE 8392: looking for "qs" in ["C:\\Users\\angel\\Desktop\\Nutrijournal_ionic\\nutr
ijournal\\backend\\node_modules\\express\\lib\\middleware\\node_modules","C:\\Users\\a
ngel\\Desktop\\Nutrijournal_ionic\\nutrijournal\\backend\\node_modules\\express\\lib\\
node_modules","C:\\Users\\angel\\Desktop\\Nutrijournal_ionic\\nutrijournal\\backend\\n
ode_modules\\express\\node_modules","C:\\Users\\angel\\Desktop\\Nutrijournal_ionic\\nu
trijournal\\backend\\node_modules","C:\\Users\\angel\\Desktop\\Nutrijournal_ionic\\nut
rijournal\\node_modules","C:\\Users\\angel\\Desktop\\Nutrijournal_ionic\\node_modules"
,"C:\\Users\\angel\\Desktop\\node_modules","C:\\Users\\angel\\node_modules","C:\\Users
\\node_modules","C:\\node_modules","C:\\Users\\angel\\.node_modules","C:\\Users\\angel
\\.node_libraries","C:\\Program Files\\nodejs\\lib\\node"]
MODULE 8392: load "C:\\Users\\angel\\Desktop\\Nutrijournal_ionic\\nutrijournal\\backen
d\\node_modules\\qs\\lib\\index.js" for module "C:\\Users\\angel\\Desktop\\Nutrijourna
l_ionic\\nutrijournal\\backend\\node_modules\\qs\\lib\\index.js"
MODULE 8392: Module._load REQUEST ./stringify parent: C:\Users\angel\Desktop\Nutrijour
nal_ionic\nutrijournal\backend\node_modules\qs\lib\index.js
MODULE 8392: RELATIVE: requested: ./stringify from parent.id C:\Users\angel\Desktop\Nu
trijournal_ionic\nutrijournal\backend\node_modules\qs\lib\index.js
MODULE 8392: looking for ["C:\\Users\\angel\\Desktop\\Nutrijournal_ionic\\nutrijournal
\\backend\\node_modules\\qs\\lib"]
MODULE 8392: load "C:\\Users\\angel\\Desktop\\Nutrijournal_ionic\\nutrijournal\\backen
d\\node_modules\\qs\\lib\\stringify.js" for module "C:\\Users\\angel\\Desktop\\Nutrijo
urnal_ionic\\nutrijournal\\backend\\node_modules\\qs\\lib\\stringify.js"
MODULE 8392: Module._load REQUEST side-channel parent: C:\Users\angel\Desktop\Nutrijou
rnal_ionic\nutrijournal\backend\node_modules\qs\lib\stringify.js
MODULE 8392: looking for "side-channel" in ["C:\\Users\\angel\\Desktop\\Nutrijournal_i
onic\\nutrijournal\\backend\\node_modules\\qs\\lib\\node_modules","C:\\Users\\angel\\D
esktop\\Nutrijournal_ionic\\nutrijournal\\backend\\node_modules\\qs\\node_modules","C:
\\Users\\angel\\Desktop\\Nutrijournal_ionic\\nutrijournal\\backend\\node_modules","C:\
\Users\\angel\\Desktop\\Nutrijournal_ionic\\nutrijournal\\node_modules","C:\\Users\\an
gel\\Desktop\\Nutrijournal_ionic\\node_modules","C:\\Users\\angel\\Desktop\\node_modul
es","C:\\Users\\angel\\node_modules","C:\\Users\\node_modules","C:\\node_modules","C:\
\Users\\angel\\.node_modules","C:\\Users\\angel\\.node_libraries","C:\\Program 
Files\\nodejs\\lib\\node"]
MODULE 8392: load "C:\\Users\\angel\\Desktop\\Nutrijournal_ionic\\nutrijournal\\backen
d\\node_modules\\side-channel\\index.js" for module "C:\\Users\\angel\\Desktop\\Nutrij
ournal_ionic\\nutrijournal\\backend\\node_modules\\side-channel\\index.js"
MODULE 8392: Module._load REQUEST es-errors/type parent: C:\Users\angel\Desktop\Nutrij
ournal_ionic\nutrijournal\backend\node_modules\side-channel\index.js
MODULE 8392: looking for "es-errors/type" in ["C:\\Users\\angel\\Desktop\\Nutrijournal
_ionic\\nutrijournal\\backend\\node_modules\\side-channel\\node_modules","C:\\Users\\a
ngel\\Desktop\\Nutrijournal_ionic\\nutrijournal\\backend\\node_modules","C:\\Users\\an
gel\\Desktop\\Nutrijournal_ionic\\nutrijournal\\node_modules","C:\\Users\\angel\\Deskt
op\\Nutrijournal_ionic\\node_modules","C:\\Users\\angel\\Desktop\\node_modules","C:\\U
sers\\angel\\node_modules","C:\\Users\\node_modules","C:\\node_modules","C:\\Users\\an
gel\\.node_modules","C:\\Users\\angel\\.node_libraries","C:\\Program 
Files\\nodejs\\lib\\node"]
MODULE 8392: load "C:\\Users\\angel\\Desktop\\Nutrijournal_ionic\\nutrijournal\\backen
d\\node_modules\\es-errors\\type.js" for module "C:\\Users\\angel\\Desktop\\Nutrijourn
al_ionic\\nutrijournal\\backend\\node_modules\\es-errors\\type.js"
MODULE 8392: Module._load REQUEST object-inspect parent: C:\Users\angel\Desktop\Nutrij
ournal_ionic\nutrijournal\backend\node_modules\side-channel\index.js
MODULE 8392: looking for "object-inspect" in ["C:\\Users\\angel\\Desktop\\Nutrijournal
_ionic\\nutrijournal\\backend\\node_modules\\side-channel\\node_modules","C:\\Users\\a
ngel\\Desktop\\Nutrijournal_ionic\\nutrijournal\\backend\\node_modules","C:\\Users\\an
gel\\Desktop\\Nutrijournal_ionic\\nutrijournal\\node_modules","C:\\Users\\angel\\Deskt
op\\Nutrijournal_ionic\\node_modules","C:\\Users\\angel\\Desktop\\node_modules","C:\\U
sers\\angel\\node_modules","C:\\Users\\node_modules","C:\\node_modules","C:\\Users\\an
gel\\.node_modules","C:\\Users\\angel\\.node_libraries","C:\\Program 
Files\\nodejs\\lib\\node"]
MODULE 8392: load "C:\\Users\\angel\\Desktop\\Nutrijournal_ionic\\nutrijournal\\backen
d\\node_modules\\object-inspect\\index.js" for module "C:\\Users\\angel\\Desktop\\Nutr
ijournal_ionic\\nutrijournal\\backend\\node_modules\\object-inspect\\index.js"
MODULE 8392: Module._load REQUEST ./util.inspect parent: C:\Users\angel\Desktop\Nutrij
ournal_ionic\nutrijournal\backend\node_modules\object-inspect\index.js
MODULE 8392: RELATIVE: requested: ./util.inspect from parent.id C:\Users\angel\Desktop
\Nutrijournal_ionic\nutrijournal\backend\node_modules\object-inspect\index.js
MODULE 8392: looking for ["C:\\Users\\angel\\Desktop\\Nutrijournal_ionic\\nutrijournal
\\backend\\node_modules\\object-inspect"]
MODULE 8392: load "C:\\Users\\angel\\Desktop\\Nutrijournal_ionic\\nutrijournal\\backen
d\\node_modules\\object-inspect\\util.inspect.js" for module "C:\\Users\\angel\\Deskto
p\\Nutrijournal_ionic\\nutrijournal\\backend\\node_modules\\object-inspect\\util.inspe
ct.js"
MODULE 8392: Module._load REQUEST util parent: C:\Users\angel\Desktop\Nutrijournal_ion
ic\nutrijournal\backend\node_modules\object-inspect\util.inspect.js
MODULE 8392: load built-in module util
MODULE 8392: Module._load REQUEST side-channel-list parent: C:\Users\angel\Desktop\Nut
rijournal_ionic\nutrijournal\backend\node_modules\side-channel\index.js
MODULE 8392: looking for "side-channel-list" in ["C:\\Users\\angel\\Desktop\\Nutrijour
nal_ionic\\nutrijournal\\backend\\node_modules\\side-channel\\node_modules","C:\\Users
\\angel\\Desktop\\Nutrijournal_ionic\\nutrijournal\\backend\\node_modules","C:\\Users\
\angel\\Desktop\\Nutrijournal_ionic\\nutrijournal\\node_modules","C:\\Users\\angel\\De
sktop\\Nutrijournal_ionic\\node_modules","C:\\Users\\angel\\Desktop\\node_modules","C:
\\Users\\angel\\node_modules","C:\\Users\\node_modules","C:\\node_modules","C:\\Users\
\angel\\.node_modules","C:\\Users\\angel\\.node_libraries","C:\\Program 
Files\\nodejs\\lib\\node"]
MODULE 8392: load "C:\\Users\\angel\\Desktop\\Nutrijournal_ionic\\nutrijournal\\backen
d\\node_modules\\side-channel-list\\index.js" for module "C:\\Users\\angel\\Desktop\\N
utrijournal_ionic\\nutrijournal\\backend\\node_modules\\side-channel-list\\index.js"
MODULE 8392: Module._load REQUEST object-inspect parent: C:\Users\angel\Desktop\Nutrij
ournal_ionic\nutrijournal\backend\node_modules\side-channel-list\index.js
MODULE 8392: looking for "object-inspect" in ["C:\\Users\\angel\\Desktop\\Nutrijournal
_ionic\\nutrijournal\\backend\\node_modules\\side-channel-list\\node_modules","C:\\Use
rs\\angel\\Desktop\\Nutrijournal_ionic\\nutrijournal\\backend\\node_modules","C:\\User
s\\angel\\Desktop\\Nutrijournal_ionic\\nutrijournal\\node_modules","C:\\Users\\angel\\
Desktop\\Nutrijournal_ionic\\node_modules","C:\\Users\\angel\\Desktop\\node_modules","
C:\\Users\\angel\\node_modules","C:\\Users\\node_modules","C:\\node_modules","C:\\User
s\\angel\\.node_modules","C:\\Users\\angel\\.node_libraries","C:\\Program 
Files\\nodejs\\lib\\node"]
MODULE 8392: Module._load REQUEST es-errors/type parent: C:\Users\angel\Desktop\Nutrij
ournal_ionic\nutrijournal\backend\node_modules\side-channel-list\index.js
MODULE 8392: looking for "es-errors/type" in ["C:\\Users\\angel\\Desktop\\Nutrijournal
_ionic\\nutrijournal\\backend\\node_modules\\side-channel-list\\node_modules","C:\\Use
rs\\angel\\Desktop\\Nutrijournal_ionic\\nutrijournal\\backend\\node_modules","C:\\User
s\\angel\\Desktop\\Nutrijournal_ionic\\nutrijournal\\node_modules","C:\\Users\\angel\\
Desktop\\Nutrijournal_ionic\\node_modules","C:\\Users\\angel\\Desktop\\node_modules","
C:\\Users\\angel\\node_modules","C:\\Users\\node_modules","C:\\node_modules","C:\\User
s\\angel\\.node_modules","C:\\Users\\angel\\.node_libraries","C:\\Program 
Files\\nodejs\\lib\\node"]
MODULE 8392: Module._load REQUEST side-channel-map parent: C:\Users\angel\Desktop\Nutr
ijournal_ionic\nutrijournal\backend\node_modules\side-channel\index.js
MODULE 8392: looking for "side-channel-map" in ["C:\\Users\\angel\\Desktop\\Nutrijourn
al_ionic\\nutrijournal\\backend\\node_modules\\side-channel\\node_modules","C:\\Users\
\angel\\Desktop\\Nutrijournal_ionic\\nutrijournal\\backend\\node_modules","C:\\Users\\
angel\\Desktop\\Nutrijournal_ionic\\nutrijournal\\node_modules","C:\\Users\\angel\\Des
ktop\\Nutrijournal_ionic\\node_modules","C:\\Users\\angel\\Desktop\\node_modules","C:\
\Users\\angel\\node_modules","C:\\Users\\node_modules","C:\\node_modules","C:\\Users\\
angel\\.node_modules","C:\\Users\\angel\\.node_libraries","C:\\Program 
Files\\nodejs\\lib\\node"]
MODULE 8392: load "C:\\Users\\angel\\Desktop\\Nutrijournal_ionic\\nutrijournal\\backen
d\\node_modules\\side-channel-map\\index.js" for module "C:\\Users\\angel\\Desktop\\Nu
trijournal_ionic\\nutrijournal\\backend\\node_modules\\side-channel-map\\index.js"
MODULE 8392: Module._load REQUEST get-intrinsic parent: C:\Users\angel\Desktop\Nutrijo
urnal_ionic\nutrijournal\backend\node_modules\side-channel-map\index.js
MODULE 8392: looking for "get-intrinsic" in ["C:\\Users\\angel\\Desktop\\Nutrijournal_
ionic\\nutrijournal\\backend\\node_modules\\side-channel-map\\node_modules","C:\\Users
\\angel\\Desktop\\Nutrijournal_ionic\\nutrijournal\\backend\\node_modules","C:\\Users\
\angel\\Desktop\\Nutrijournal_ionic\\nutrijournal\\node_modules","C:\\Users\\angel\\De
sktop\\Nutrijournal_ionic\\node_modules","C:\\Users\\angel\\Desktop\\node_modules","C:
\\Users\\angel\\node_modules","C:\\Users\\node_modules","C:\\node_modules","C:\\Users\
\angel\\.node_modules","C:\\Users\\angel\\.node_libraries","C:\\Program 
Files\\nodejs\\lib\\node"]
MODULE 8392: load "C:\\Users\\angel\\Desktop\\Nutrijournal_ionic\\nutrijournal\\backen
d\\node_modules\\get-intrinsic\\index.js" for module "C:\\Users\\angel\\Desktop\\Nutri
journal_ionic\\nutrijournal\\backend\\node_modules\\get-intrinsic\\index.js"
MODULE 8392: Module._load REQUEST es-object-atoms parent: C:\Users\angel\Desktop\Nutri
journal_ionic\nutrijournal\backend\node_modules\get-intrinsic\index.js
MODULE 8392: looking for "es-object-atoms" in ["C:\\Users\\angel\\Desktop\\Nutrijourna
l_ionic\\nutrijournal\\backend\\node_modules\\get-intrinsic\\node_modules","C:\\Users\
\angel\\Desktop\\Nutrijournal_ionic\\nutrijournal\\backend\\node_modules","C:\\Users\\
angel\\Desktop\\Nutrijournal_ionic\\nutrijournal\\node_modules","C:\\Users\\angel\\Des
ktop\\Nutrijournal_ionic\\node_modules","C:\\Users\\angel\\Desktop\\node_modules","C:\
\Users\\angel\\node_modules","C:\\Users\\node_modules","C:\\node_modules","C:\\Users\\
angel\\.node_modules","C:\\Users\\angel\\.node_libraries","C:\\Program 
Files\\nodejs\\lib\\node"]
MODULE 8392: load "C:\\Users\\angel\\Desktop\\Nutrijournal_ionic\\nutrijournal\\backen
d\\node_modules\\es-object-atoms\\index.js" for module "C:\\Users\\angel\\Desktop\\Nut
rijournal_ionic\\nutrijournal\\backend\\node_modules\\es-object-atoms\\index.js"
MODULE 8392: Module._load REQUEST es-errors parent: C:\Users\angel\Desktop\Nutrijourna
l_ionic\nutrijournal\backend\node_modules\get-intrinsic\index.js
MODULE 8392: looking for "es-errors" in ["C:\\Users\\angel\\Desktop\\Nutrijournal_ioni
c\\nutrijournal\\backend\\node_modules\\get-intrinsic\\node_modules","C:\\Users\\angel
\\Desktop\\Nutrijournal_ionic\\nutrijournal\\backend\\node_modules","C:\\Users\\angel\
\Desktop\\Nutrijournal_ionic\\nutrijournal\\node_modules","C:\\Users\\angel\\Desktop\\
Nutrijournal_ionic\\node_modules","C:\\Users\\angel\\Desktop\\node_modules","C:\\Users
\\angel\\node_modules","C:\\Users\\node_modules","C:\\node_modules","C:\\Users\\angel\
\.node_modules","C:\\Users\\angel\\.node_libraries","C:\\Program 
Files\\nodejs\\lib\\node"]
MODULE 8392: load "C:\\Users\\angel\\Desktop\\Nutrijournal_ionic\\nutrijournal\\backen
d\\node_modules\\es-errors\\index.js" for module "C:\\Users\\angel\\Desktop\\Nutrijour
nal_ionic\\nutrijournal\\backend\\node_modules\\es-errors\\index.js"
MODULE 8392: Module._load REQUEST es-errors/eval parent: C:\Users\angel\Desktop\Nutrij
ournal_ionic\nutrijournal\backend\node_modules\get-intrinsic\index.js
MODULE 8392: looking for "es-errors/eval" in ["C:\\Users\\angel\\Desktop\\Nutrijournal
_ionic\\nutrijournal\\backend\\node_modules\\get-intrinsic\\node_modules","C:\\Users\\
angel\\Desktop\\Nutrijournal_ionic\\nutrijournal\\backend\\node_modules","C:\\Users\\a
ngel\\Desktop\\Nutrijournal_ionic\\nutrijournal\\node_modules","C:\\Users\\angel\\Desk
top\\Nutrijournal_ionic\\node_modules","C:\\Users\\angel\\Desktop\\node_modules","C:\\
Users\\angel\\node_modules","C:\\Users\\node_modules","C:\\node_modules","C:\\Users\\a
ngel\\.node_modules","C:\\Users\\angel\\.node_libraries","C:\\Program 
Files\\nodejs\\lib\\node"]
MODULE 8392: load "C:\\Users\\angel\\Desktop\\Nutrijournal_ionic\\nutrijournal\\backen
d\\node_modules\\es-errors\\eval.js" for module "C:\\Users\\angel\\Desktop\\Nutrijourn
al_ionic\\nutrijournal\\backend\\node_modules\\es-errors\\eval.js"
MODULE 8392: Module._load REQUEST es-errors/range parent: C:\Users\angel\Desktop\Nutri
journal_ionic\nutrijournal\backend\node_modules\get-intrinsic\index.js
MODULE 8392: looking for "es-errors/range" in ["C:\\Users\\angel\\Desktop\\Nutrijourna
l_ionic\\nutrijournal\\backend\\node_modules\\get-intrinsic\\node_modules","C:\\Users\
\angel\\Desktop\\Nutrijournal_ionic\\nutrijournal\\backend\\node_modules","C:\\Users\\
angel\\Desktop\\Nutrijournal_ionic\\nutrijournal\\node_modules","C:\\Users\\angel\\Des
ktop\\Nutrijournal_ionic\\node_modules","C:\\Users\\angel\\Desktop\\node_modules","C:\
\Users\\angel\\node_modules","C:\\Users\\node_modules","C:\\node_modules","C:\\Users\\
angel\\.node_modules","C:\\Users\\angel\\.node_libraries","C:\\Program 
Files\\nodejs\\lib\\node"]
MODULE 8392: load "C:\\Users\\angel\\Desktop\\Nutrijournal_ionic\\nutrijournal\\backen
d\\node_modules\\es-errors\\range.js" for module "C:\\Users\\angel\\Desktop\\Nutrijour
nal_ionic\\nutrijournal\\backend\\node_modules\\es-errors\\range.js"
MODULE 8392: Module._load REQUEST es-errors/ref parent: C:\Users\angel\Desktop\Nutrijo
urnal_ionic\nutrijournal\backend\node_modules\get-intrinsic\index.js
MODULE 8392: looking for "es-errors/ref" in ["C:\\Users\\angel\\Desktop\\Nutrijournal_
ionic\\nutrijournal\\backend\\node_modules\\get-intrinsic\\node_modules","C:\\Users\\a
ngel\\Desktop\\Nutrijournal_ionic\\nutrijournal\\backend\\node_modules","C:\\Users\\an
gel\\Desktop\\Nutrijournal_ionic\\nutrijournal\\node_modules","C:\\Users\\angel\\Deskt
op\\Nutrijournal_ionic\\node_modules","C:\\Users\\angel\\Desktop\\node_modules","C:\\U
sers\\angel\\node_modules","C:\\Users\\node_modules","C:\\node_modules","C:\\Users\\an
gel\\.node_modules","C:\\Users\\angel\\.node_libraries","C:\\Program 
Files\\nodejs\\lib\\node"]
MODULE 8392: load "C:\\Users\\angel\\Desktop\\Nutrijournal_ionic\\nutrijournal\\backen
d\\node_modules\\es-errors\\ref.js" for module "C:\\Users\\angel\\Desktop\\Nutrijourna
l_ionic\\nutrijournal\\backend\\node_modules\\es-errors\\ref.js"
MODULE 8392: Module._load REQUEST es-errors/syntax parent: C:\Users\angel\Desktop\Nutr
ijournal_ionic\nutrijournal\backend\node_modules\get-intrinsic\index.js
MODULE 8392: looking for "es-errors/syntax" in ["C:\\Users\\angel\\Desktop\\Nutrijourn
al_ionic\\nutrijournal\\backend\\node_modules\\get-intrinsic\\node_modules","C:\\Users
\\angel\\Desktop\\Nutrijournal_ionic\\nutrijournal\\backend\\node_modules","C:\\Users\
\angel\\Desktop\\Nutrijournal_ionic\\nutrijournal\\node_modules","C:\\Users\\angel\\De
sktop\\Nutrijournal_ionic\\node_modules","C:\\Users\\angel\\Desktop\\node_modules","C:
\\Users\\angel\\node_modules","C:\\Users\\node_modules","C:\\node_modules","C:\\Users\
\angel\\.node_modules","C:\\Users\\angel\\.node_libraries","C:\\Program 
Files\\nodejs\\lib\\node"]
MODULE 8392: load "C:\\Users\\angel\\Desktop\\Nutrijournal_ionic\\nutrijournal\\backen
d\\node_modules\\es-errors\\syntax.js" for module "C:\\Users\\angel\\Desktop\\Nutrijou
rnal_ionic\\nutrijournal\\backend\\node_modules\\es-errors\\syntax.js"
MODULE 8392: Module._load REQUEST es-errors/type parent: C:\Users\angel\Desktop\Nutrij
ournal_ionic\nutrijournal\backend\node_modules\get-intrinsic\index.js
MODULE 8392: looking for "es-errors/type" in ["C:\\Users\\angel\\Desktop\\Nutrijournal
_ionic\\nutrijournal\\backend\\node_modules\\get-intrinsic\\node_modules","C:\\Users\\
angel\\Desktop\\Nutrijournal_ionic\\nutrijournal\\backend\\node_modules","C:\\Users\\a
ngel\\Desktop\\Nutrijournal_ionic\\nutrijournal\\node_modules","C:\\Users\\angel\\Desk
top\\Nutrijournal_ionic\\node_modules","C:\\Users\\angel\\Desktop\\node_modules","C:\\
Users\\angel\\node_modules","C:\\Users\\node_modules","C:\\node_modules","C:\\Users\\a
ngel\\.node_modules","C:\\Users\\angel\\.node_libraries","C:\\Program 
Files\\nodejs\\lib\\node"]
MODULE 8392: Module._load REQUEST es-errors/uri parent: C:\Users\angel\Desktop\Nutrijo
urnal_ionic\nutrijournal\backend\node_modules\get-intrinsic\index.js
MODULE 8392: looking for "es-errors/uri" in ["C:\\Users\\angel\\Desktop\\Nutrijournal_
ionic\\nutrijournal\\backend\\node_modules\\get-intrinsic\\node_modules","C:\\Users\\a
ngel\\Desktop\\Nutrijournal_ionic\\nutrijournal\\backend\\node_modules","C:\\Users\\an
gel\\Desktop\\Nutrijournal_ionic\\nutrijournal\\node_modules","C:\\Users\\angel\\Deskt
op\\Nutrijournal_ionic\\node_modules","C:\\Users\\angel\\Desktop\\node_modules","C:\\U
sers\\angel\\node_modules","C:\\Users\\node_modules","C:\\node_modules","C:\\Users\\an
gel\\.node_modules","C:\\Users\\angel\\.node_libraries","C:\\Program 
Files\\nodejs\\lib\\node"]
MODULE 8392: load "C:\\Users\\angel\\Desktop\\Nutrijournal_ionic\\nutrijournal\\backen
d\\node_modules\\es-errors\\uri.js" for module "C:\\Users\\angel\\Desktop\\Nutrijourna
l_ionic\\nutrijournal\\backend\\node_modules\\es-errors\\uri.js"
MODULE 8392: Module._load REQUEST math-intrinsics/abs parent: C:\Users\angel\Desktop\N
utrijournal_ionic\nutrijournal\backend\node_modules\get-intrinsic\index.js
MODULE 8392: looking for "math-intrinsics/abs" in ["C:\\Users\\angel\\Desktop\\Nutrijo
urnal_ionic\\nutrijournal\\backend\\node_modules\\get-intrinsic\\node_modules","C:\\Us
ers\\angel\\Desktop\\Nutrijournal_ionic\\nutrijournal\\backend\\node_modules","C:\\Use
rs\\angel\\Desktop\\Nutrijournal_ionic\\nutrijournal\\node_modules","C:\\Users\\angel\
\Desktop\\Nutrijournal_ionic\\node_modules","C:\\Users\\angel\\Desktop\\node_modules",
"C:\\Users\\angel\\node_modules","C:\\Users\\node_modules","C:\\node_modules","C:\\Use
rs\\angel\\.node_modules","C:\\Users\\angel\\.node_libraries","C:\\Program 
Files\\nodejs\\lib\\node"]
MODULE 8392: load "C:\\Users\\angel\\Desktop\\Nutrijournal_ionic\\nutrijournal\\backen
d\\node_modules\\math-intrinsics\\abs.js" for module "C:\\Users\\angel\\Desktop\\Nutri
journal_ionic\\nutrijournal\\backend\\node_modules\\math-intrinsics\\abs.js"
MODULE 8392: Module._load REQUEST math-intrinsics/floor parent: C:\Users\angel\Desktop
\Nutrijournal_ionic\nutrijournal\backend\node_modules\get-intrinsic\index.js
MODULE 8392: looking for "math-intrinsics/floor" in ["C:\\Users\\angel\\Desktop\\Nutri
journal_ionic\\nutrijournal\\backend\\node_modules\\get-intrinsic\\node_modules","C:\\
Users\\angel\\Desktop\\Nutrijournal_ionic\\nutrijournal\\backend\\node_modules","C:\\U
sers\\angel\\Desktop\\Nutrijournal_ionic\\nutrijournal\\node_modules","C:\\Users\\ange
l\\Desktop\\Nutrijournal_ionic\\node_modules","C:\\Users\\angel\\Desktop\\node_modules
","C:\\Users\\angel\\node_modules","C:\\Users\\node_modules","C:\\node_modules","C:\\U
sers\\angel\\.node_modules","C:\\Users\\angel\\.node_libraries","C:\\Program 
Files\\nodejs\\lib\\node"]
MODULE 8392: load "C:\\Users\\angel\\Desktop\\Nutrijournal_ionic\\nutrijournal\\backen
d\\node_modules\\math-intrinsics\\floor.js" for module "C:\\Users\\angel\\Desktop\\Nut
rijournal_ionic\\nutrijournal\\backend\\node_modules\\math-intrinsics\\floor.js"
MODULE 8392: Module._load REQUEST math-intrinsics/max parent: C:\Users\angel\Desktop\N
utrijournal_ionic\nutrijournal\backend\node_modules\get-intrinsic\index.js
MODULE 8392: looking for "math-intrinsics/max" in ["C:\\Users\\angel\\Desktop\\Nutrijo
urnal_ionic\\nutrijournal\\backend\\node_modules\\get-intrinsic\\node_modules","C:\\Us
ers\\angel\\Desktop\\Nutrijournal_ionic\\nutrijournal\\backend\\node_modules","C:\\Use
rs\\angel\\Desktop\\Nutrijournal_ionic\\nutrijournal\\node_modules","C:\\Users\\angel\
\Desktop\\Nutrijournal_ionic\\node_modules","C:\\Users\\angel\\Desktop\\node_modules",
"C:\\Users\\angel\\node_modules","C:\\Users\\node_modules","C:\\node_modules","C:\\Use
rs\\angel\\.node_modules","C:\\Users\\angel\\.node_libraries","C:\\Program 
Files\\nodejs\\lib\\node"]
MODULE 8392: load "C:\\Users\\angel\\Desktop\\Nutrijournal_ionic\\nutrijournal\\backen
d\\node_modules\\math-intrinsics\\max.js" for module "C:\\Users\\angel\\Desktop\\Nutri
journal_ionic\\nutrijournal\\backend\\node_modules\\math-intrinsics\\max.js"
MODULE 8392: Module._load REQUEST math-intrinsics/min parent: C:\Users\angel\Desktop\N
utrijournal_ionic\nutrijournal\backend\node_modules\get-intrinsic\index.js
MODULE 8392: looking for "math-intrinsics/min" in ["C:\\Users\\angel\\Desktop\\Nutrijo
urnal_ionic\\nutrijournal\\backend\\node_modules\\get-intrinsic\\node_modules","C:\\Us
ers\\angel\\Desktop\\Nutrijournal_ionic\\nutrijournal\\backend\\node_modules","C:\\Use
rs\\angel\\Desktop\\Nutrijournal_ionic\\nutrijournal\\node_modules","C:\\Users\\angel\
\Desktop\\Nutrijournal_ionic\\node_modules","C:\\Users\\angel\\Desktop\\node_modules",
"C:\\Users\\angel\\node_modules","C:\\Users\\node_modules","C:\\node_modules","C:\\Use
rs\\angel\\.node_modules","C:\\Users\\angel\\.node_libraries","C:\\Program 
Files\\nodejs\\lib\\node"]
MODULE 8392: load "C:\\Users\\angel\\Desktop\\Nutrijournal_ionic\\nutrijournal\\backen
d\\node_modules\\math-intrinsics\\min.js" for module "C:\\Users\\angel\\Desktop\\Nutri
journal_ionic\\nutrijournal\\backend\\node_modules\\math-intrinsics\\min.js"
MODULE 8392: Module._load REQUEST math-intrinsics/pow parent: C:\Users\angel\Desktop\N
utrijournal_ionic\nutrijournal\backend\node_modules\get-intrinsic\index.js
MODULE 8392: looking for "math-intrinsics/pow" in ["C:\\Users\\angel\\Desktop\\Nutrijo
urnal_ionic\\nutrijournal\\backend\\node_modules\\get-intrinsic\\node_modules","C:\\Us
ers\\angel\\Desktop\\Nutrijournal_ionic\\nutrijournal\\backend\\node_modules","C:\\Use
rs\\angel\\Desktop\\Nutrijournal_ionic\\nutrijournal\\node_modules","C:\\Users\\angel\
\Desktop\\Nutrijournal_ionic\\node_modules","C:\\Users\\angel\\Desktop\\node_modules",
"C:\\Users\\angel\\node_modules","C:\\Users\\node_modules","C:\\node_modules","C:\\Use
rs\\angel\\.node_modules","C:\\Users\\angel\\.node_libraries","C:\\Program 
Files\\nodejs\\lib\\node"]
MODULE 8392: load "C:\\Users\\angel\\Desktop\\Nutrijournal_ionic\\nutrijournal\\backen
d\\node_modules\\math-intrinsics\\pow.js" for module "C:\\Users\\angel\\Desktop\\Nutri
journal_ionic\\nutrijournal\\backend\\node_modules\\math-intrinsics\\pow.js"
MODULE 8392: Module._load REQUEST math-intrinsics/round parent: C:\Users\angel\Desktop
\Nutrijournal_ionic\nutrijournal\backend\node_modules\get-intrinsic\index.js
MODULE 8392: looking for "math-intrinsics/round" in ["C:\\Users\\angel\\Desktop\\Nutri
journal_ionic\\nutrijournal\\backend\\node_modules\\get-intrinsic\\node_modules","C:\\
Users\\angel\\Desktop\\Nutrijournal_ionic\\nutrijournal\\backend\\node_modules","C:\\U
sers\\angel\\Desktop\\Nutrijournal_ionic\\nutrijournal\\node_modules","C:\\Users\\ange
l\\Desktop\\Nutrijournal_ionic\\node_modules","C:\\Users\\angel\\Desktop\\node_modules
","C:\\Users\\angel\\node_modules","C:\\Users\\node_modules","C:\\node_modules","C:\\U
sers\\angel\\.node_modules","C:\\Users\\angel\\.node_libraries","C:\\Program 
Files\\nodejs\\lib\\node"]
MODULE 8392: load "C:\\Users\\angel\\Desktop\\Nutrijournal_ionic\\nutrijournal\\backen
d\\node_modules\\math-intrinsics\\round.js" for module "C:\\Users\\angel\\Desktop\\Nut
rijournal_ionic\\nutrijournal\\backend\\node_modules\\math-intrinsics\\round.js"
MODULE 8392: Module._load REQUEST math-intrinsics/sign parent: C:\Users\angel\Desktop\
Nutrijournal_ionic\nutrijournal\backend\node_modules\get-intrinsic\index.js
MODULE 8392: looking for "math-intrinsics/sign" in ["C:\\Users\\angel\\Desktop\\Nutrij
ournal_ionic\\nutrijournal\\backend\\node_modules\\get-intrinsic\\node_modules","C:\\U
sers\\angel\\Desktop\\Nutrijournal_ionic\\nutrijournal\\backend\\node_modules","C:\\Us
ers\\angel\\Desktop\\Nutrijournal_ionic\\nutrijournal\\node_modules","C:\\Users\\angel
\\Desktop\\Nutrijournal_ionic\\node_modules","C:\\Users\\angel\\Desktop\\node_modules"
,"C:\\Users\\angel\\node_modules","C:\\Users\\node_modules","C:\\node_modules","C:\\Us
ers\\angel\\.node_modules","C:\\Users\\angel\\.node_libraries","C:\\Program 
Files\\nodejs\\lib\\node"]
MODULE 8392: load "C:\\Users\\angel\\Desktop\\Nutrijournal_ionic\\nutrijournal\\backen
d\\node_modules\\math-intrinsics\\sign.js" for module "C:\\Users\\angel\\Desktop\\Nutr
ijournal_ionic\\nutrijournal\\backend\\node_modules\\math-intrinsics\\sign.js"
MODULE 8392: Module._load REQUEST ./isNaN parent: C:\Users\angel\Desktop\Nutrijournal_
ionic\nutrijournal\backend\node_modules\math-intrinsics\sign.js
MODULE 8392: RELATIVE: requested: ./isNaN from parent.id C:\Users\angel\Desktop\Nutrij
ournal_ionic\nutrijournal\backend\node_modules\math-intrinsics\sign.js
MODULE 8392: looking for ["C:\\Users\\angel\\Desktop\\Nutrijournal_ionic\\nutrijournal
\\backend\\node_modules\\math-intrinsics"]
MODULE 8392: load "C:\\Users\\angel\\Desktop\\Nutrijournal_ionic\\nutrijournal\\backen
d\\node_modules\\math-intrinsics\\isNaN.js" for module "C:\\Users\\angel\\Desktop\\Nut
rijournal_ionic\\nutrijournal\\backend\\node_modules\\math-intrinsics\\isNaN.js"
MODULE 8392: Module._load REQUEST gopd parent: C:\Users\angel\Desktop\Nutrijournal_ion
ic\nutrijournal\backend\node_modules\get-intrinsic\index.js
MODULE 8392: looking for "gopd" in ["C:\\Users\\angel\\Desktop\\Nutrijournal_ionic\\nu
trijournal\\backend\\node_modules\\get-intrinsic\\node_modules","C:\\Users\\angel\\Des
ktop\\Nutrijournal_ionic\\nutrijournal\\backend\\node_modules","C:\\Users\\angel\\Desk
top\\Nutrijournal_ionic\\nutrijournal\\node_modules","C:\\Users\\angel\\Desktop\\Nutri
journal_ionic\\node_modules","C:\\Users\\angel\\Desktop\\node_modules","C:\\Users\\ang
el\\node_modules","C:\\Users\\node_modules","C:\\node_modules","C:\\Users\\angel\\.nod
e_modules","C:\\Users\\angel\\.node_libraries","C:\\Program Files\\nodejs\\lib\\node"]
MODULE 8392: load "C:\\Users\\angel\\Desktop\\Nutrijournal_ionic\\nutrijournal\\backen
d\\node_modules\\gopd\\index.js" for module "C:\\Users\\angel\\Desktop\\Nutrijournal_i
onic\\nutrijournal\\backend\\node_modules\\gopd\\index.js"
MODULE 8392: Module._load REQUEST ./gOPD parent: C:\Users\angel\Desktop\Nutrijournal_i
onic\nutrijournal\backend\node_modules\gopd\index.js
MODULE 8392: RELATIVE: requested: ./gOPD from parent.id C:\Users\angel\Desktop\Nutrijo
urnal_ionic\nutrijournal\backend\node_modules\gopd\index.js
MODULE 8392: looking for ["C:\\Users\\angel\\Desktop\\Nutrijournal_ionic\\nutrijournal
\\backend\\node_modules\\gopd"]
MODULE 8392: load "C:\\Users\\angel\\Desktop\\Nutrijournal_ionic\\nutrijournal\\backen
d\\node_modules\\gopd\\gOPD.js" for module "C:\\Users\\angel\\Desktop\\Nutrijournal_io
nic\\nutrijournal\\backend\\node_modules\\gopd\\gOPD.js"
MODULE 8392: Module._load REQUEST es-define-property parent: C:\Users\angel\Desktop\Nu
trijournal_ionic\nutrijournal\backend\node_modules\get-intrinsic\index.js
MODULE 8392: looking for "es-define-property" in ["C:\\Users\\angel\\Desktop\\Nutrijou
rnal_ionic\\nutrijournal\\backend\\node_modules\\get-intrinsic\\node_modules","C:\\Use
rs\\angel\\Desktop\\Nutrijournal_ionic\\nutrijournal\\backend\\node_modules","C:\\User
s\\angel\\Desktop\\Nutrijournal_ionic\\nutrijournal\\node_modules","C:\\Users\\angel\\
Desktop\\Nutrijournal_ionic\\node_modules","C:\\Users\\angel\\Desktop\\node_modules","
C:\\Users\\angel\\node_modules","C:\\Users\\node_modules","C:\\node_modules","C:\\User
s\\angel\\.node_modules","C:\\Users\\angel\\.node_libraries","C:\\Program 
Files\\nodejs\\lib\\node"]
MODULE 8392: load "C:\\Users\\angel\\Desktop\\Nutrijournal_ionic\\nutrijournal\\backen
d\\node_modules\\es-define-property\\index.js" for module "C:\\Users\\angel\\Desktop\\
Nutrijournal_ionic\\nutrijournal\\backend\\node_modules\\es-define-property\\index.js"
MODULE 8392: Module._load REQUEST has-symbols parent: C:\Users\angel\Desktop\Nutrijour
nal_ionic\nutrijournal\backend\node_modules\get-intrinsic\index.js
MODULE 8392: looking for "has-symbols" in ["C:\\Users\\angel\\Desktop\\Nutrijournal_io
nic\\nutrijournal\\backend\\node_modules\\get-intrinsic\\node_modules","C:\\Users\\ang
el\\Desktop\\Nutrijournal_ionic\\nutrijournal\\backend\\node_modules","C:\\Users\\ange
l\\Desktop\\Nutrijournal_ionic\\nutrijournal\\node_modules","C:\\Users\\angel\\Desktop
\\Nutrijournal_ionic\\node_modules","C:\\Users\\angel\\Desktop\\node_modules","C:\\Use
rs\\angel\\node_modules","C:\\Users\\node_modules","C:\\node_modules","C:\\Users\\ange
l\\.node_modules","C:\\Users\\angel\\.node_libraries","C:\\Program 
Files\\nodejs\\lib\\node"]
MODULE 8392: load "C:\\Users\\angel\\Desktop\\Nutrijournal_ionic\\nutrijournal\\backen
d\\node_modules\\has-symbols\\index.js" for module "C:\\Users\\angel\\Desktop\\Nutrijo
urnal_ionic\\nutrijournal\\backend\\node_modules\\has-symbols\\index.js"
MODULE 8392: Module._load REQUEST ./shams parent: C:\Users\angel\Desktop\Nutrijournal_
ionic\nutrijournal\backend\node_modules\has-symbols\index.js
MODULE 8392: RELATIVE: requested: ./shams from parent.id C:\Users\angel\Desktop\Nutrij
ournal_ionic\nutrijournal\backend\node_modules\has-symbols\index.js
MODULE 8392: looking for ["C:\\Users\\angel\\Desktop\\Nutrijournal_ionic\\nutrijournal
\\backend\\node_modules\\has-symbols"]
MODULE 8392: load "C:\\Users\\angel\\Desktop\\Nutrijournal_ionic\\nutrijournal\\backen
d\\node_modules\\has-symbols\\shams.js" for module "C:\\Users\\angel\\Desktop\\Nutrijo
urnal_ionic\\nutrijournal\\backend\\node_modules\\has-symbols\\shams.js"
MODULE 8392: Module._load REQUEST get-proto parent: C:\Users\angel\Desktop\Nutrijourna
l_ionic\nutrijournal\backend\node_modules\get-intrinsic\index.js
MODULE 8392: looking for "get-proto" in ["C:\\Users\\angel\\Desktop\\Nutrijournal_ioni
c\\nutrijournal\\backend\\node_modules\\get-intrinsic\\node_modules","C:\\Users\\angel
\\Desktop\\Nutrijournal_ionic\\nutrijournal\\backend\\node_modules","C:\\Users\\angel\
\Desktop\\Nutrijournal_ionic\\nutrijournal\\node_modules","C:\\Users\\angel\\Desktop\\
Nutrijournal_ionic\\node_modules","C:\\Users\\angel\\Desktop\\node_modules","C:\\Users
\\angel\\node_modules","C:\\Users\\node_modules","C:\\node_modules","C:\\Users\\angel\
\.node_modules","C:\\Users\\angel\\.node_libraries","C:\\Program 
Files\\nodejs\\lib\\node"]
MODULE 8392: load "C:\\Users\\angel\\Desktop\\Nutrijournal_ionic\\nutrijournal\\backen
d\\node_modules\\get-proto\\index.js" for module "C:\\Users\\angel\\Desktop\\Nutrijour
nal_ionic\\nutrijournal\\backend\\node_modules\\get-proto\\index.js"
MODULE 8392: Module._load REQUEST ./Reflect.getPrototypeOf parent: C:\Users\angel\Desk
top\Nutrijournal_ionic\nutrijournal\backend\node_modules\get-proto\index.js
MODULE 8392: RELATIVE: requested: ./Reflect.getPrototypeOf from parent.id C:\Users\ang
el\Desktop\Nutrijournal_ionic\nutrijournal\backend\node_modules\get-proto\index.js
MODULE 8392: looking for ["C:\\Users\\angel\\Desktop\\Nutrijournal_ionic\\nutrijournal
\\backend\\node_modules\\get-proto"]
MODULE 8392: load "C:\\Users\\angel\\Desktop\\Nutrijournal_ionic\\nutrijournal\\backen
d\\node_modules\\get-proto\\Reflect.getPrototypeOf.js" for module "C:\\Users\\angel\\D
esktop\\Nutrijournal_ionic\\nutrijournal\\backend\\node_modules\\get-proto\\Reflect.ge
tPrototypeOf.js"
MODULE 8392: Module._load REQUEST ./Object.getPrototypeOf parent: C:\Users\angel\Deskt
op\Nutrijournal_ionic\nutrijournal\backend\node_modules\get-proto\index.js
MODULE 8392: RELATIVE: requested: ./Object.getPrototypeOf from parent.id C:\Users\ange
l\Desktop\Nutrijournal_ionic\nutrijournal\backend\node_modules\get-proto\index.js
MODULE 8392: looking for ["C:\\Users\\angel\\Desktop\\Nutrijournal_ionic\\nutrijournal
\\backend\\node_modules\\get-proto"]
MODULE 8392: load "C:\\Users\\angel\\Desktop\\Nutrijournal_ionic\\nutrijournal\\backen
d\\node_modules\\get-proto\\Object.getPrototypeOf.js" for module "C:\\Users\\angel\\De
sktop\\Nutrijournal_ionic\\nutrijournal\\backend\\node_modules\\get-proto\\Object.getP
rototypeOf.js"
MODULE 8392: Module._load REQUEST es-object-atoms parent: C:\Users\angel\Desktop\Nutri
journal_ionic\nutrijournal\backend\node_modules\get-proto\Object.getPrototypeOf.js
MODULE 8392: looking for "es-object-atoms" in ["C:\\Users\\angel\\Desktop\\Nutrijourna
l_ionic\\nutrijournal\\backend\\node_modules\\get-proto\\node_modules","C:\\Users\\ang
el\\Desktop\\Nutrijournal_ionic\\nutrijournal\\backend\\node_modules","C:\\Users\\ange
l\\Desktop\\Nutrijournal_ionic\\nutrijournal\\node_modules","C:\\Users\\angel\\Desktop
\\Nutrijournal_ionic\\node_modules","C:\\Users\\angel\\Desktop\\node_modules","C:\\Use
rs\\angel\\node_modules","C:\\Users\\node_modules","C:\\node_modules","C:\\Users\\ange
l\\.node_modules","C:\\Users\\angel\\.node_libraries","C:\\Program 
Files\\nodejs\\lib\\node"]
MODULE 8392: Module._load REQUEST dunder-proto/get parent: C:\Users\angel\Desktop\Nutr
ijournal_ionic\nutrijournal\backend\node_modules\get-proto\index.js
MODULE 8392: looking for "dunder-proto/get" in ["C:\\Users\\angel\\Desktop\\Nutrijourn
al_ionic\\nutrijournal\\backend\\node_modules\\get-proto\\node_modules","C:\\Users\\an
gel\\Desktop\\Nutrijournal_ionic\\nutrijournal\\backend\\node_modules","C:\\Users\\ang
el\\Desktop\\Nutrijournal_ionic\\nutrijournal\\node_modules","C:\\Users\\angel\\Deskto
p\\Nutrijournal_ionic\\node_modules","C:\\Users\\angel\\Desktop\\node_modules","C:\\Us
ers\\angel\\node_modules","C:\\Users\\node_modules","C:\\node_modules","C:\\Users\\ang
el\\.node_modules","C:\\Users\\angel\\.node_libraries","C:\\Program 
Files\\nodejs\\lib\\node"]
MODULE 8392: load "C:\\Users\\angel\\Desktop\\Nutrijournal_ionic\\nutrijournal\\backen
d\\node_modules\\dunder-proto\\get.js" for module "C:\\Users\\angel\\Desktop\\Nutrijou
rnal_ionic\\nutrijournal\\backend\\node_modules\\dunder-proto\\get.js"
MODULE 8392: Module._load REQUEST call-bind-apply-helpers parent: C:\Users\angel\Deskt
op\Nutrijournal_ionic\nutrijournal\backend\node_modules\dunder-proto\get.js
MODULE 8392: looking for "call-bind-apply-helpers" in ["C:\\Users\\angel\\Desktop\\Nut
rijournal_ionic\\nutrijournal\\backend\\node_modules\\dunder-proto\\node_modules","C:\
\Users\\angel\\Desktop\\Nutrijournal_ionic\\nutrijournal\\backend\\node_modules","C:\\
Users\\angel\\Desktop\\Nutrijournal_ionic\\nutrijournal\\node_modules","C:\\Users\\ang
el\\Desktop\\Nutrijournal_ionic\\node_modules","C:\\Users\\angel\\Desktop\\node_module
s","C:\\Users\\angel\\node_modules","C:\\Users\\node_modules","C:\\node_modules","C:\\
Users\\angel\\.node_modules","C:\\Users\\angel\\.node_libraries","C:\\Program 
Files\\nodejs\\lib\\node"]
MODULE 8392: load "C:\\Users\\angel\\Desktop\\Nutrijournal_ionic\\nutrijournal\\backen
d\\node_modules\\call-bind-apply-helpers\\index.js" for module "C:\\Users\\angel\\Desk
top\\Nutrijournal_ionic\\nutrijournal\\backend\\node_modules\\call-bind-apply-helpers\
\index.js"
MODULE 8392: Module._load REQUEST function-bind parent: C:\Users\angel\Desktop\Nutrijo
urnal_ionic\nutrijournal\backend\node_modules\call-bind-apply-helpers\index.js
MODULE 8392: looking for "function-bind" in ["C:\\Users\\angel\\Desktop\\Nutrijournal_
ionic\\nutrijournal\\backend\\node_modules\\call-bind-apply-helpers\\node_modules","C:
\\Users\\angel\\Desktop\\Nutrijournal_ionic\\nutrijournal\\backend\\node_modules","C:\
\Users\\angel\\Desktop\\Nutrijournal_ionic\\nutrijournal\\node_modules","C:\\Users\\an
gel\\Desktop\\Nutrijournal_ionic\\node_modules","C:\\Users\\angel\\Desktop\\node_modul
es","C:\\Users\\angel\\node_modules","C:\\Users\\node_modules","C:\\node_modules","C:\
\Users\\angel\\.node_modules","C:\\Users\\angel\\.node_libraries","C:\\Program 
Files\\nodejs\\lib\\node"]
MODULE 8392: load "C:\\Users\\angel\\Desktop\\Nutrijournal_ionic\\nutrijournal\\backen
d\\node_modules\\function-bind\\index.js" for module "C:\\Users\\angel\\Desktop\\Nutri
journal_ionic\\nutrijournal\\backend\\node_modules\\function-bind\\index.js"
MODULE 8392: Module._load REQUEST ./implementation parent: C:\Users\angel\Desktop\Nutr
ijournal_ionic\nutrijournal\backend\node_modules\function-bind\index.js
MODULE 8392: RELATIVE: requested: ./implementation from parent.id C:\Users\angel\Deskt
op\Nutrijournal_ionic\nutrijournal\backend\node_modules\function-bind\index.js
MODULE 8392: looking for ["C:\\Users\\angel\\Desktop\\Nutrijournal_ionic\\nutrijournal
\\backend\\node_modules\\function-bind"]
MODULE 8392: load "C:\\Users\\angel\\Desktop\\Nutrijournal_ionic\\nutrijournal\\backen
d\\node_modules\\function-bind\\implementation.js" for module "C:\\Users\\angel\\Deskt
op\\Nutrijournal_ionic\\nutrijournal\\backend\\node_modules\\function-bind\\implementa
tion.js"
MODULE 8392: Module._load REQUEST es-errors/type parent: C:\Users\angel\Desktop\Nutrij
ournal_ionic\nutrijournal\backend\node_modules\call-bind-apply-helpers\index.js
MODULE 8392: looking for "es-errors/type" in ["C:\\Users\\angel\\Desktop\\Nutrijournal
_ionic\\nutrijournal\\backend\\node_modules\\call-bind-apply-helpers\\node_modules","C
:\\Users\\angel\\Desktop\\Nutrijournal_ionic\\nutrijournal\\backend\\node_modules","C:
\\Users\\angel\\Desktop\\Nutrijournal_ionic\\nutrijournal\\node_modules","C:\\Users\\a
ngel\\Desktop\\Nutrijournal_ionic\\node_modules","C:\\Users\\angel\\Desktop\\node_modu
les","C:\\Users\\angel\\node_modules","C:\\Users\\node_modules","C:\\node_modules","C:
\\Users\\angel\\.node_modules","C:\\Users\\angel\\.node_libraries","C:\\Program 
Files\\nodejs\\lib\\node"]
MODULE 8392: Module._load REQUEST ./functionCall parent: C:\Users\angel\Desktop\Nutrij
ournal_ionic\nutrijournal\backend\node_modules\call-bind-apply-helpers\index.js
MODULE 8392: RELATIVE: requested: ./functionCall from parent.id C:\Users\angel\Desktop
\Nutrijournal_ionic\nutrijournal\backend\node_modules\call-bind-apply-helpers\index.js
MODULE 8392: looking for ["C:\\Users\\angel\\Desktop\\Nutrijournal_ionic\\nutrijournal
\\backend\\node_modules\\call-bind-apply-helpers"]
MODULE 8392: load "C:\\Users\\angel\\Desktop\\Nutrijournal_ionic\\nutrijournal\\backen
d\\node_modules\\call-bind-apply-helpers\\functionCall.js" for module "C:\\Users\\ange
l\\Desktop\\Nutrijournal_ionic\\nutrijournal\\backend\\node_modules\\call-bind-apply-h
elpers\\functionCall.js"
MODULE 8392: Module._load REQUEST ./actualApply parent: C:\Users\angel\Desktop\Nutrijo
urnal_ionic\nutrijournal\backend\node_modules\call-bind-apply-helpers\index.js
MODULE 8392: RELATIVE: requested: ./actualApply from parent.id C:\Users\angel\Desktop\
Nutrijournal_ionic\nutrijournal\backend\node_modules\call-bind-apply-helpers\index.js
MODULE 8392: looking for ["C:\\Users\\angel\\Desktop\\Nutrijournal_ionic\\nutrijournal
\\backend\\node_modules\\call-bind-apply-helpers"]
MODULE 8392: load "C:\\Users\\angel\\Desktop\\Nutrijournal_ionic\\nutrijournal\\backen
d\\node_modules\\call-bind-apply-helpers\\actualApply.js" for module "C:\\Users\\angel
\\Desktop\\Nutrijournal_ionic\\nutrijournal\\backend\\node_modules\\call-bind-apply-he
lpers\\actualApply.js"
MODULE 8392: Module._load REQUEST function-bind parent: C:\Users\angel\Desktop\Nutrijo
urnal_ionic\nutrijournal\backend\node_modules\call-bind-apply-helpers\actualApply.js
MODULE 8392: Module._load REQUEST ./functionApply parent: C:\Users\angel\Desktop\Nutri
journal_ionic\nutrijournal\backend\node_modules\call-bind-apply-helpers\actualApply.js
MODULE 8392: RELATIVE: requested: ./functionApply from parent.id C:\Users\angel\Deskto
p\Nutrijournal_ionic\nutrijournal\backend\node_modules\call-bind-apply-helpers\actualA
pply.js
MODULE 8392: looking for ["C:\\Users\\angel\\Desktop\\Nutrijournal_ionic\\nutrijournal
\\backend\\node_modules\\call-bind-apply-helpers"]
MODULE 8392: load "C:\\Users\\angel\\Desktop\\Nutrijournal_ionic\\nutrijournal\\backen
d\\node_modules\\call-bind-apply-helpers\\functionApply.js" for module "C:\\Users\\ang
el\\Desktop\\Nutrijournal_ionic\\nutrijournal\\backend\\node_modules\\call-bind-apply-
helpers\\functionApply.js"
MODULE 8392: Module._load REQUEST ./functionCall parent: C:\Users\angel\Desktop\Nutrij
ournal_ionic\nutrijournal\backend\node_modules\call-bind-apply-helpers\actualApply.js
MODULE 8392: Module._load REQUEST ./reflectApply parent: C:\Users\angel\Desktop\Nutrij
ournal_ionic\nutrijournal\backend\node_modules\call-bind-apply-helpers\actualApply.js
MODULE 8392: RELATIVE: requested: ./reflectApply from parent.id C:\Users\angel\Desktop
\Nutrijournal_ionic\nutrijournal\backend\node_modules\call-bind-apply-helpers\actualAp
ply.js
MODULE 8392: looking for ["C:\\Users\\angel\\Desktop\\Nutrijournal_ionic\\nutrijournal
\\backend\\node_modules\\call-bind-apply-helpers"]
MODULE 8392: load "C:\\Users\\angel\\Desktop\\Nutrijournal_ionic\\nutrijournal\\backen
d\\node_modules\\call-bind-apply-helpers\\reflectApply.js" for module "C:\\Users\\ange
l\\Desktop\\Nutrijournal_ionic\\nutrijournal\\backend\\node_modules\\call-bind-apply-h
elpers\\reflectApply.js"
MODULE 8392: Module._load REQUEST gopd parent: C:\Users\angel\Desktop\Nutrijournal_ion
ic\nutrijournal\backend\node_modules\dunder-proto\get.js
MODULE 8392: looking for "gopd" in ["C:\\Users\\angel\\Desktop\\Nutrijournal_ionic\\nu
trijournal\\backend\\node_modules\\dunder-proto\\node_modules","C:\\Users\\angel\\Desk
top\\Nutrijournal_ionic\\nutrijournal\\backend\\node_modules","C:\\Users\\angel\\Deskt
op\\Nutrijournal_ionic\\nutrijournal\\node_modules","C:\\Users\\angel\\Desktop\\Nutrij
ournal_ionic\\node_modules","C:\\Users\\angel\\Desktop\\node_modules","C:\\Users\\ange
l\\node_modules","C:\\Users\\node_modules","C:\\node_modules","C:\\Users\\angel\\.node
_modules","C:\\Users\\angel\\.node_libraries","C:\\Program Files\\nodejs\\lib\\node"]
MODULE 8392: Module._load REQUEST get-proto/Object.getPrototypeOf parent: C:\Users\ang
el\Desktop\Nutrijournal_ionic\nutrijournal\backend\node_modules\get-intrinsic\index.js
MODULE 8392: looking for "get-proto/Object.getPrototypeOf" in ["C:\\Users\\angel\\Desk
top\\Nutrijournal_ionic\\nutrijournal\\backend\\node_modules\\get-intrinsic\\node_modu
les","C:\\Users\\angel\\Desktop\\Nutrijournal_ionic\\nutrijournal\\backend\\node_modul
es","C:\\Users\\angel\\Desktop\\Nutrijournal_ionic\\nutrijournal\\node_modules","C:\\U
sers\\angel\\Desktop\\Nutrijournal_ionic\\node_modules","C:\\Users\\angel\\Desktop\\no
de_modules","C:\\Users\\angel\\node_modules","C:\\Users\\node_modules","C:\\node_modul
es","C:\\Users\\angel\\.node_modules","C:\\Users\\angel\\.node_libraries","C:\\Program
 Files\\nodejs\\lib\\node"]
MODULE 8392: Module._load REQUEST get-proto/Reflect.getPrototypeOf parent: C:\Users\an
gel\Desktop\Nutrijournal_ionic\nutrijournal\backend\node_modules\get-intrinsic\index.j
s
MODULE 8392: looking for "get-proto/Reflect.getPrototypeOf" in ["C:\\Users\\angel\\Des
ktop\\Nutrijournal_ionic\\nutrijournal\\backend\\node_modules\\get-intrinsic\\node_mod
ules","C:\\Users\\angel\\Desktop\\Nutrijournal_ionic\\nutrijournal\\backend\\node_modu
les","C:\\Users\\angel\\Desktop\\Nutrijournal_ionic\\nutrijournal\\node_modules","C:\\
Users\\angel\\Desktop\\Nutrijournal_ionic\\node_modules","C:\\Users\\angel\\Desktop\\n
ode_modules","C:\\Users\\angel\\node_modules","C:\\Users\\node_modules","C:\\node_modu
les","C:\\Users\\angel\\.node_modules","C:\\Users\\angel\\.node_libraries","C:\\Progra
m Files\\nodejs\\lib\\node"]
MODULE 8392: Module._load REQUEST call-bind-apply-helpers/functionApply parent: C:\Use
rs\angel\Desktop\Nutrijournal_ionic\nutrijournal\backend\node_modules\get-intrinsic\in
dex.js
MODULE 8392: looking for "call-bind-apply-helpers/functionApply" in ["C:\\Users\\angel
\\Desktop\\Nutrijournal_ionic\\nutrijournal\\backend\\node_modules\\get-intrinsic\\nod
e_modules","C:\\Users\\angel\\Desktop\\Nutrijournal_ionic\\nutrijournal\\backend\\node
_modules","C:\\Users\\angel\\Desktop\\Nutrijournal_ionic\\nutrijournal\\node_modules",
"C:\\Users\\angel\\Desktop\\Nutrijournal_ionic\\node_modules","C:\\Users\\angel\\Deskt
op\\node_modules","C:\\Users\\angel\\node_modules","C:\\Users\\node_modules","C:\\node
_modules","C:\\Users\\angel\\.node_modules","C:\\Users\\angel\\.node_libraries","C:\\P
rogram Files\\nodejs\\lib\\node"]
MODULE 8392: Module._load REQUEST call-bind-apply-helpers/functionCall parent: C:\User
s\angel\Desktop\Nutrijournal_ionic\nutrijournal\backend\node_modules\get-intrinsic\ind
ex.js
MODULE 8392: looking for "call-bind-apply-helpers/functionCall" in ["C:\\Users\\angel\
\Desktop\\Nutrijournal_ionic\\nutrijournal\\backend\\node_modules\\get-intrinsic\\node
_modules","C:\\Users\\angel\\Desktop\\Nutrijournal_ionic\\nutrijournal\\backend\\node_
modules","C:\\Users\\angel\\Desktop\\Nutrijournal_ionic\\nutrijournal\\node_modules","
C:\\Users\\angel\\Desktop\\Nutrijournal_ionic\\node_modules","C:\\Users\\angel\\Deskto
p\\node_modules","C:\\Users\\angel\\node_modules","C:\\Users\\node_modules","C:\\node_
modules","C:\\Users\\angel\\.node_modules","C:\\Users\\angel\\.node_libraries","C:\\Pr
ogram Files\\nodejs\\lib\\node"]
MODULE 8392: Module._load REQUEST function-bind parent: C:\Users\angel\Desktop\Nutrijo
urnal_ionic\nutrijournal\backend\node_modules\get-intrinsic\index.js
MODULE 8392: looking for "function-bind" in ["C:\\Users\\angel\\Desktop\\Nutrijournal_
ionic\\nutrijournal\\backend\\node_modules\\get-intrinsic\\node_modules","C:\\Users\\a
ngel\\Desktop\\Nutrijournal_ionic\\nutrijournal\\backend\\node_modules","C:\\Users\\an
gel\\Desktop\\Nutrijournal_ionic\\nutrijournal\\node_modules","C:\\Users\\angel\\Deskt
op\\Nutrijournal_ionic\\node_modules","C:\\Users\\angel\\Desktop\\node_modules","C:\\U
sers\\angel\\node_modules","C:\\Users\\node_modules","C:\\node_modules","C:\\Users\\an
gel\\.node_modules","C:\\Users\\angel\\.node_libraries","C:\\Program 
Files\\nodejs\\lib\\node"]
MODULE 8392: Module._load REQUEST hasown parent: C:\Users\angel\Desktop\Nutrijournal_i
onic\nutrijournal\backend\node_modules\get-intrinsic\index.js
MODULE 8392: looking for "hasown" in ["C:\\Users\\angel\\Desktop\\Nutrijournal_ionic\\
nutrijournal\\backend\\node_modules\\get-intrinsic\\node_modules","C:\\Users\\angel\\D
esktop\\Nutrijournal_ionic\\nutrijournal\\backend\\node_modules","C:\\Users\\angel\\De
sktop\\Nutrijournal_ionic\\nutrijournal\\node_modules","C:\\Users\\angel\\Desktop\\Nut
rijournal_ionic\\node_modules","C:\\Users\\angel\\Desktop\\node_modules","C:\\Users\\a
ngel\\node_modules","C:\\Users\\node_modules","C:\\node_modules","C:\\Users\\angel\\.n
ode_modules","C:\\Users\\angel\\.node_libraries","C:\\Program 
Files\\nodejs\\lib\\node"]
MODULE 8392: load "C:\\Users\\angel\\Desktop\\Nutrijournal_ionic\\nutrijournal\\backen
d\\node_modules\\hasown\\index.js" for module "C:\\Users\\angel\\Desktop\\Nutrijournal
_ionic\\nutrijournal\\backend\\node_modules\\hasown\\index.js"
MODULE 8392: Module._load REQUEST function-bind parent: C:\Users\angel\Desktop\Nutrijo
urnal_ionic\nutrijournal\backend\node_modules\hasown\index.js
MODULE 8392: looking for "function-bind" in ["C:\\Users\\angel\\Desktop\\Nutrijournal_
ionic\\nutrijournal\\backend\\node_modules\\hasown\\node_modules","C:\\Users\\angel\\D
esktop\\Nutrijournal_ionic\\nutrijournal\\backend\\node_modules","C:\\Users\\angel\\De
sktop\\Nutrijournal_ionic\\nutrijournal\\node_modules","C:\\Users\\angel\\Desktop\\Nut
rijournal_ionic\\node_modules","C:\\Users\\angel\\Desktop\\node_modules","C:\\Users\\a
ngel\\node_modules","C:\\Users\\node_modules","C:\\node_modules","C:\\Users\\angel\\.n
ode_modules","C:\\Users\\angel\\.node_libraries","C:\\Program 
Files\\nodejs\\lib\\node"]
MODULE 8392: Module._load REQUEST call-bound parent: C:\Users\angel\Desktop\Nutrijourn
al_ionic\nutrijournal\backend\node_modules\side-channel-map\index.js
MODULE 8392: looking for "call-bound" in ["C:\\Users\\angel\\Desktop\\Nutrijournal_ion
ic\\nutrijournal\\backend\\node_modules\\side-channel-map\\node_modules","C:\\Users\\a
ngel\\Desktop\\Nutrijournal_ionic\\nutrijournal\\backend\\node_modules","C:\\Users\\an
gel\\Desktop\\Nutrijournal_ionic\\nutrijournal\\node_modules","C:\\Users\\angel\\Deskt
op\\Nutrijournal_ionic\\node_modules","C:\\Users\\angel\\Desktop\\node_modules","C:\\U
sers\\angel\\node_modules","C:\\Users\\node_modules","C:\\node_modules","C:\\Users\\an
gel\\.node_modules","C:\\Users\\angel\\.node_libraries","C:\\Program 
Files\\nodejs\\lib\\node"]
MODULE 8392: load "C:\\Users\\angel\\Desktop\\Nutrijournal_ionic\\nutrijournal\\backen
d\\node_modules\\call-bound\\index.js" for module "C:\\Users\\angel\\Desktop\\Nutrijou
rnal_ionic\\nutrijournal\\backend\\node_modules\\call-bound\\index.js"
MODULE 8392: Module._load REQUEST get-intrinsic parent: C:\Users\angel\Desktop\Nutrijo
urnal_ionic\nutrijournal\backend\node_modules\call-bound\index.js
MODULE 8392: looking for "get-intrinsic" in ["C:\\Users\\angel\\Desktop\\Nutrijournal_
ionic\\nutrijournal\\backend\\node_modules\\call-bound\\node_modules","C:\\Users\\ange
l\\Desktop\\Nutrijournal_ionic\\nutrijournal\\backend\\node_modules","C:\\Users\\angel
\\Desktop\\Nutrijournal_ionic\\nutrijournal\\node_modules","C:\\Users\\angel\\Desktop\
\Nutrijournal_ionic\\node_modules","C:\\Users\\angel\\Desktop\\node_modules","C:\\User
s\\angel\\node_modules","C:\\Users\\node_modules","C:\\node_modules","C:\\Users\\angel
\\.node_modules","C:\\Users\\angel\\.node_libraries","C:\\Program 
Files\\nodejs\\lib\\node"]
MODULE 8392: Module._load REQUEST call-bind-apply-helpers parent: C:\Users\angel\Deskt
op\Nutrijournal_ionic\nutrijournal\backend\node_modules\call-bound\index.js
MODULE 8392: looking for "call-bind-apply-helpers" in ["C:\\Users\\angel\\Desktop\\Nut
rijournal_ionic\\nutrijournal\\backend\\node_modules\\call-bound\\node_modules","C:\\U
sers\\angel\\Desktop\\Nutrijournal_ionic\\nutrijournal\\backend\\node_modules","C:\\Us
ers\\angel\\Desktop\\Nutrijournal_ionic\\nutrijournal\\node_modules","C:\\Users\\angel
\\Desktop\\Nutrijournal_ionic\\node_modules","C:\\Users\\angel\\Desktop\\node_modules"
,"C:\\Users\\angel\\node_modules","C:\\Users\\node_modules","C:\\node_modules","C:\\Us
ers\\angel\\.node_modules","C:\\Users\\angel\\.node_libraries","C:\\Program 
Files\\nodejs\\lib\\node"]
MODULE 8392: Module._load REQUEST object-inspect parent: C:\Users\angel\Desktop\Nutrij
ournal_ionic\nutrijournal\backend\node_modules\side-channel-map\index.js
MODULE 8392: looking for "object-inspect" in ["C:\\Users\\angel\\Desktop\\Nutrijournal
_ionic\\nutrijournal\\backend\\node_modules\\side-channel-map\\node_modules","C:\\User
s\\angel\\Desktop\\Nutrijournal_ionic\\nutrijournal\\backend\\node_modules","C:\\Users
\\angel\\Desktop\\Nutrijournal_ionic\\nutrijournal\\node_modules","C:\\Users\\angel\\D
esktop\\Nutrijournal_ionic\\node_modules","C:\\Users\\angel\\Desktop\\node_modules","C
:\\Users\\angel\\node_modules","C:\\Users\\node_modules","C:\\node_modules","C:\\Users
\\angel\\.node_modules","C:\\Users\\angel\\.node_libraries","C:\\Program 
Files\\nodejs\\lib\\node"]
MODULE 8392: Module._load REQUEST es-errors/type parent: C:\Users\angel\Desktop\Nutrij
ournal_ionic\nutrijournal\backend\node_modules\side-channel-map\index.js
MODULE 8392: looking for "es-errors/type" in ["C:\\Users\\angel\\Desktop\\Nutrijournal
_ionic\\nutrijournal\\backend\\node_modules\\side-channel-map\\node_modules","C:\\User
s\\angel\\Desktop\\Nutrijournal_ionic\\nutrijournal\\backend\\node_modules","C:\\Users
\\angel\\Desktop\\Nutrijournal_ionic\\nutrijournal\\node_modules","C:\\Users\\angel\\D
esktop\\Nutrijournal_ionic\\node_modules","C:\\Users\\angel\\Desktop\\node_modules","C
:\\Users\\angel\\node_modules","C:\\Users\\node_modules","C:\\node_modules","C:\\Users
\\angel\\.node_modules","C:\\Users\\angel\\.node_libraries","C:\\Program 
Files\\nodejs\\lib\\node"]
MODULE 8392: Module._load REQUEST side-channel-weakmap parent: C:\Users\angel\Desktop\
Nutrijournal_ionic\nutrijournal\backend\node_modules\side-channel\index.js
MODULE 8392: looking for "side-channel-weakmap" in ["C:\\Users\\angel\\Desktop\\Nutrij
ournal_ionic\\nutrijournal\\backend\\node_modules\\side-channel\\node_modules","C:\\Us
ers\\angel\\Desktop\\Nutrijournal_ionic\\nutrijournal\\backend\\node_modules","C:\\Use
rs\\angel\\Desktop\\Nutrijournal_ionic\\nutrijournal\\node_modules","C:\\Users\\angel\
\Desktop\\Nutrijournal_ionic\\node_modules","C:\\Users\\angel\\Desktop\\node_modules",
"C:\\Users\\angel\\node_modules","C:\\Users\\node_modules","C:\\node_modules","C:\\Use
rs\\angel\\.node_modules","C:\\Users\\angel\\.node_libraries","C:\\Program 
Files\\nodejs\\lib\\node"]
MODULE 8392: load "C:\\Users\\angel\\Desktop\\Nutrijournal_ionic\\nutrijournal\\backen
d\\node_modules\\side-channel-weakmap\\index.js" for module "C:\\Users\\angel\\Desktop
\\Nutrijournal_ionic\\nutrijournal\\backend\\node_modules\\side-channel-weakmap\\index
.js"
MODULE 8392: Module._load REQUEST get-intrinsic parent: C:\Users\angel\Desktop\Nutrijo
urnal_ionic\nutrijournal\backend\node_modules\side-channel-weakmap\index.js
MODULE 8392: looking for "get-intrinsic" in ["C:\\Users\\angel\\Desktop\\Nutrijournal_
ionic\\nutrijournal\\backend\\node_modules\\side-channel-weakmap\\node_modules","C:\\U
sers\\angel\\Desktop\\Nutrijournal_ionic\\nutrijournal\\backend\\node_modules","C:\\Us
ers\\angel\\Desktop\\Nutrijournal_ionic\\nutrijournal\\node_modules","C:\\Users\\angel
\\Desktop\\Nutrijournal_ionic\\node_modules","C:\\Users\\angel\\Desktop\\node_modules"
,"C:\\Users\\angel\\node_modules","C:\\Users\\node_modules","C:\\node_modules","C:\\Us
ers\\angel\\.node_modules","C:\\Users\\angel\\.node_libraries","C:\\Program 
Files\\nodejs\\lib\\node"]
MODULE 8392: Module._load REQUEST call-bound parent: C:\Users\angel\Desktop\Nutrijourn
al_ionic\nutrijournal\backend\node_modules\side-channel-weakmap\index.js
MODULE 8392: looking for "call-bound" in ["C:\\Users\\angel\\Desktop\\Nutrijournal_ion
ic\\nutrijournal\\backend\\node_modules\\side-channel-weakmap\\node_modules","C:\\User
s\\angel\\Desktop\\Nutrijournal_ionic\\nutrijournal\\backend\\node_modules","C:\\Users
\\angel\\Desktop\\Nutrijournal_ionic\\nutrijournal\\node_modules","C:\\Users\\angel\\D
esktop\\Nutrijournal_ionic\\node_modules","C:\\Users\\angel\\Desktop\\node_modules","C
:\\Users\\angel\\node_modules","C:\\Users\\node_modules","C:\\node_modules","C:\\Users
\\angel\\.node_modules","C:\\Users\\angel\\.node_libraries","C:\\Program 
Files\\nodejs\\lib\\node"]
MODULE 8392: Module._load REQUEST object-inspect parent: C:\Users\angel\Desktop\Nutrij
ournal_ionic\nutrijournal\backend\node_modules\side-channel-weakmap\index.js
MODULE 8392: looking for "object-inspect" in ["C:\\Users\\angel\\Desktop\\Nutrijournal
_ionic\\nutrijournal\\backend\\node_modules\\side-channel-weakmap\\node_modules","C:\\
Users\\angel\\Desktop\\Nutrijournal_ionic\\nutrijournal\\backend\\node_modules","C:\\U
sers\\angel\\Desktop\\Nutrijournal_ionic\\nutrijournal\\node_modules","C:\\Users\\ange
l\\Desktop\\Nutrijournal_ionic\\node_modules","C:\\Users\\angel\\Desktop\\node_modules
","C:\\Users\\angel\\node_modules","C:\\Users\\node_modules","C:\\node_modules","C:\\U
sers\\angel\\.node_modules","C:\\Users\\angel\\.node_libraries","C:\\Program 
Files\\nodejs\\lib\\node"]
MODULE 8392: Module._load REQUEST side-channel-map parent: C:\Users\angel\Desktop\Nutr
ijournal_ionic\nutrijournal\backend\node_modules\side-channel-weakmap\index.js
MODULE 8392: looking for "side-channel-map" in ["C:\\Users\\angel\\Desktop\\Nutrijourn
al_ionic\\nutrijournal\\backend\\node_modules\\side-channel-weakmap\\node_modules","C:
\\Users\\angel\\Desktop\\Nutrijournal_ionic\\nutrijournal\\backend\\node_modules","C:\
\Users\\angel\\Desktop\\Nutrijournal_ionic\\nutrijournal\\node_modules","C:\\Users\\an
gel\\Desktop\\Nutrijournal_ionic\\node_modules","C:\\Users\\angel\\Desktop\\node_modul
es","C:\\Users\\angel\\node_modules","C:\\Users\\node_modules","C:\\node_modules","C:\
\Users\\angel\\.node_modules","C:\\Users\\angel\\.node_libraries","C:\\Program 
Files\\nodejs\\lib\\node"]
MODULE 8392: Module._load REQUEST es-errors/type parent: C:\Users\angel\Desktop\Nutrij
ournal_ionic\nutrijournal\backend\node_modules\side-channel-weakmap\index.js
MODULE 8392: looking for "es-errors/type" in ["C:\\Users\\angel\\Desktop\\Nutrijournal
_ionic\\nutrijournal\\backend\\node_modules\\side-channel-weakmap\\node_modules","C:\\
Users\\angel\\Desktop\\Nutrijournal_ionic\\nutrijournal\\backend\\node_modules","C:\\U
sers\\angel\\Desktop\\Nutrijournal_ionic\\nutrijournal\\node_modules","C:\\Users\\ange
l\\Desktop\\Nutrijournal_ionic\\node_modules","C:\\Users\\angel\\Desktop\\node_modules
","C:\\Users\\angel\\node_modules","C:\\Users\\node_modules","C:\\node_modules","C:\\U
sers\\angel\\.node_modules","C:\\Users\\angel\\.node_libraries","C:\\Program 
Files\\nodejs\\lib\\node"]
MODULE 8392: Module._load REQUEST ./utils parent: C:\Users\angel\Desktop\Nutrijournal_
ionic\nutrijournal\backend\node_modules\qs\lib\stringify.js
MODULE 8392: RELATIVE: requested: ./utils from parent.id C:\Users\angel\Desktop\Nutrij
ournal_ionic\nutrijournal\backend\node_modules\qs\lib\stringify.js
MODULE 8392: looking for ["C:\\Users\\angel\\Desktop\\Nutrijournal_ionic\\nutrijournal
\\backend\\node_modules\\qs\\lib"]
MODULE 8392: load "C:\\Users\\angel\\Desktop\\Nutrijournal_ionic\\nutrijournal\\backen
d\\node_modules\\qs\\lib\\utils.js" for module "C:\\Users\\angel\\Desktop\\Nutrijourna
l_ionic\\nutrijournal\\backend\\node_modules\\qs\\lib\\utils.js"
MODULE 8392: Module._load REQUEST ./formats parent: C:\Users\angel\Desktop\Nutrijourna
l_ionic\nutrijournal\backend\node_modules\qs\lib\utils.js
MODULE 8392: RELATIVE: requested: ./formats from parent.id C:\Users\angel\Desktop\Nutr
ijournal_ionic\nutrijournal\backend\node_modules\qs\lib\utils.js
MODULE 8392: looking for ["C:\\Users\\angel\\Desktop\\Nutrijournal_ionic\\nutrijournal
\\backend\\node_modules\\qs\\lib"]
MODULE 8392: load "C:\\Users\\angel\\Desktop\\Nutrijournal_ionic\\nutrijournal\\backen
d\\node_modules\\qs\\lib\\formats.js" for module "C:\\Users\\angel\\Desktop\\Nutrijour
nal_ionic\\nutrijournal\\backend\\node_modules\\qs\\lib\\formats.js"
MODULE 8392: Module._load REQUEST ./formats parent: C:\Users\angel\Desktop\Nutrijourna
l_ionic\nutrijournal\backend\node_modules\qs\lib\stringify.js
MODULE 8392: Module._load REQUEST ./parse parent: C:\Users\angel\Desktop\Nutrijournal_
ionic\nutrijournal\backend\node_modules\qs\lib\index.js
MODULE 8392: RELATIVE: requested: ./parse from parent.id C:\Users\angel\Desktop\Nutrij
ournal_ionic\nutrijournal\backend\node_modules\qs\lib\index.js
MODULE 8392: looking for ["C:\\Users\\angel\\Desktop\\Nutrijournal_ionic\\nutrijournal
\\backend\\node_modules\\qs\\lib"]
MODULE 8392: load "C:\\Users\\angel\\Desktop\\Nutrijournal_ionic\\nutrijournal\\backen
d\\node_modules\\qs\\lib\\parse.js" for module "C:\\Users\\angel\\Desktop\\Nutrijourna
l_ionic\\nutrijournal\\backend\\node_modules\\qs\\lib\\parse.js"
MODULE 8392: Module._load REQUEST ./utils parent: C:\Users\angel\Desktop\Nutrijournal_
ionic\nutrijournal\backend\node_modules\qs\lib\parse.js
MODULE 8392: Module._load REQUEST ./formats parent: C:\Users\angel\Desktop\Nutrijourna
l_ionic\nutrijournal\backend\node_modules\qs\lib\index.js
MODULE 8392: Module._load REQUEST debug parent: C:\Users\angel\Desktop\Nutrijournal_io
nic\nutrijournal\backend\node_modules\express\lib\application.js
MODULE 8392: looking for "debug" in ["C:\\Users\\angel\\Desktop\\Nutrijournal_ionic\\n
utrijournal\\backend\\node_modules\\express\\lib\\node_modules","C:\\Users\\angel\\Des
ktop\\Nutrijournal_ionic\\nutrijournal\\backend\\node_modules\\express\\node_modules",
"C:\\Users\\angel\\Desktop\\Nutrijournal_ionic\\nutrijournal\\backend\\node_modules","
C:\\Users\\angel\\Desktop\\Nutrijournal_ionic\\nutrijournal\\node_modules","C:\\Users\
\angel\\Desktop\\Nutrijournal_ionic\\node_modules","C:\\Users\\angel\\Desktop\\node_mo
dules","C:\\Users\\angel\\node_modules","C:\\Users\\node_modules","C:\\node_modules","
C:\\Users\\angel\\.node_modules","C:\\Users\\angel\\.node_libraries","C:\\Program 
Files\\nodejs\\lib\\node"]
MODULE 8392: Module._load REQUEST ./view parent: C:\Users\angel\Desktop\Nutrijournal_i
onic\nutrijournal\backend\node_modules\express\lib\application.js
MODULE 8392: RELATIVE: requested: ./view from parent.id C:\Users\angel\Desktop\Nutrijo
urnal_ionic\nutrijournal\backend\node_modules\express\lib\application.js
MODULE 8392: looking for ["C:\\Users\\angel\\Desktop\\Nutrijournal_ionic\\nutrijournal
\\backend\\node_modules\\express\\lib"]
MODULE 8392: load "C:\\Users\\angel\\Desktop\\Nutrijournal_ionic\\nutrijournal\\backen
d\\node_modules\\express\\lib\\view.js" for module "C:\\Users\\angel\\Desktop\\Nutrijo
urnal_ionic\\nutrijournal\\backend\\node_modules\\express\\lib\\view.js"
MODULE 8392: Module._load REQUEST debug parent: C:\Users\angel\Desktop\Nutrijournal_io
nic\nutrijournal\backend\node_modules\express\lib\view.js
MODULE 8392: looking for "debug" in ["C:\\Users\\angel\\Desktop\\Nutrijournal_ionic\\n
utrijournal\\backend\\node_modules\\express\\lib\\node_modules","C:\\Users\\angel\\Des
ktop\\Nutrijournal_ionic\\nutrijournal\\backend\\node_modules\\express\\node_modules",
"C:\\Users\\angel\\Desktop\\Nutrijournal_ionic\\nutrijournal\\backend\\node_modules","
C:\\Users\\angel\\Desktop\\Nutrijournal_ionic\\nutrijournal\\node_modules","C:\\Users\
\angel\\Desktop\\Nutrijournal_ionic\\node_modules","C:\\Users\\angel\\Desktop\\node_mo
dules","C:\\Users\\angel\\node_modules","C:\\Users\\node_modules","C:\\node_modules","
C:\\Users\\angel\\.node_modules","C:\\Users\\angel\\.node_libraries","C:\\Program 
Files\\nodejs\\lib\\node"]
MODULE 8392: Module._load REQUEST path parent: C:\Users\angel\Desktop\Nutrijournal_ion
ic\nutrijournal\backend\node_modules\express\lib\view.js
MODULE 8392: load built-in module path
MODULE 8392: Module._load REQUEST fs parent: C:\Users\angel\Desktop\Nutrijournal_ionic
\nutrijournal\backend\node_modules\express\lib\view.js
MODULE 8392: load built-in module fs
MODULE 8392: Module._load REQUEST http parent: C:\Users\angel\Desktop\Nutrijournal_ion
ic\nutrijournal\backend\node_modules\express\lib\application.js
MODULE 8392: load built-in module http
MODULE 8392: Module._load REQUEST ./utils parent: C:\Users\angel\Desktop\Nutrijournal_
ionic\nutrijournal\backend\node_modules\express\lib\application.js
MODULE 8392: RELATIVE: requested: ./utils from parent.id C:\Users\angel\Desktop\Nutrij
ournal_ionic\nutrijournal\backend\node_modules\express\lib\application.js
MODULE 8392: looking for ["C:\\Users\\angel\\Desktop\\Nutrijournal_ionic\\nutrijournal
\\backend\\node_modules\\express\\lib"]
MODULE 8392: load "C:\\Users\\angel\\Desktop\\Nutrijournal_ionic\\nutrijournal\\backen
d\\node_modules\\express\\lib\\utils.js" for module "C:\\Users\\angel\\Desktop\\Nutrij
ournal_ionic\\nutrijournal\\backend\\node_modules\\express\\lib\\utils.js"
MODULE 8392: Module._load REQUEST safe-buffer parent: C:\Users\angel\Desktop\Nutrijour
nal_ionic\nutrijournal\backend\node_modules\express\lib\utils.js
MODULE 8392: looking for "safe-buffer" in ["C:\\Users\\angel\\Desktop\\Nutrijournal_io
nic\\nutrijournal\\backend\\node_modules\\express\\lib\\node_modules","C:\\Users\\ange
l\\Desktop\\Nutrijournal_ionic\\nutrijournal\\backend\\node_modules\\express\\node_mod
ules","C:\\Users\\angel\\Desktop\\Nutrijournal_ionic\\nutrijournal\\backend\\node_modu
les","C:\\Users\\angel\\Desktop\\Nutrijournal_ionic\\nutrijournal\\node_modules","C:\\
Users\\angel\\Desktop\\Nutrijournal_ionic\\node_modules","C:\\Users\\angel\\Desktop\\n
ode_modules","C:\\Users\\angel\\node_modules","C:\\Users\\node_modules","C:\\node_modu
les","C:\\Users\\angel\\.node_modules","C:\\Users\\angel\\.node_libraries","C:\\Progra
m Files\\nodejs\\lib\\node"]
MODULE 8392: load "C:\\Users\\angel\\Desktop\\Nutrijournal_ionic\\nutrijournal\\backen
d\\node_modules\\safe-buffer\\index.js" for module "C:\\Users\\angel\\Desktop\\Nutrijo
urnal_ionic\\nutrijournal\\backend\\node_modules\\safe-buffer\\index.js"
MODULE 8392: Module._load REQUEST buffer parent: C:\Users\angel\Desktop\Nutrijournal_i
onic\nutrijournal\backend\node_modules\safe-buffer\index.js
MODULE 8392: load built-in module buffer
MODULE 8392: Module._load REQUEST content-disposition parent: C:\Users\angel\Desktop\N
utrijournal_ionic\nutrijournal\backend\node_modules\express\lib\utils.js
MODULE 8392: looking for "content-disposition" in ["C:\\Users\\angel\\Desktop\\Nutrijo
urnal_ionic\\nutrijournal\\backend\\node_modules\\express\\lib\\node_modules","C:\\Use
rs\\angel\\Desktop\\Nutrijournal_ionic\\nutrijournal\\backend\\node_modules\\express\\
node_modules","C:\\Users\\angel\\Desktop\\Nutrijournal_ionic\\nutrijournal\\backend\\n
ode_modules","C:\\Users\\angel\\Desktop\\Nutrijournal_ionic\\nutrijournal\\node_module
s","C:\\Users\\angel\\Desktop\\Nutrijournal_ionic\\node_modules","C:\\Users\\angel\\De
sktop\\node_modules","C:\\Users\\angel\\node_modules","C:\\Users\\node_modules","C:\\n
ode_modules","C:\\Users\\angel\\.node_modules","C:\\Users\\angel\\.node_libraries","C:
\\Program Files\\nodejs\\lib\\node"]
MODULE 8392: load "C:\\Users\\angel\\Desktop\\Nutrijournal_ionic\\nutrijournal\\backen
d\\node_modules\\content-disposition\\index.js" for module "C:\\Users\\angel\\Desktop\
\Nutrijournal_ionic\\nutrijournal\\backend\\node_modules\\content-disposition\\index.j
s"
MODULE 8392: Module._load REQUEST path parent: C:\Users\angel\Desktop\Nutrijournal_ion
ic\nutrijournal\backend\node_modules\content-disposition\index.js
MODULE 8392: load built-in module path
MODULE 8392: Module._load REQUEST safe-buffer parent: C:\Users\angel\Desktop\Nutrijour
nal_ionic\nutrijournal\backend\node_modules\content-disposition\index.js
MODULE 8392: looking for "safe-buffer" in ["C:\\Users\\angel\\Desktop\\Nutrijournal_io
nic\\nutrijournal\\backend\\node_modules\\content-disposition\\node_modules","C:\\User
s\\angel\\Desktop\\Nutrijournal_ionic\\nutrijournal\\backend\\node_modules","C:\\Users
\\angel\\Desktop\\Nutrijournal_ionic\\nutrijournal\\node_modules","C:\\Users\\angel\\D
esktop\\Nutrijournal_ionic\\node_modules","C:\\Users\\angel\\Desktop\\node_modules","C
:\\Users\\angel\\node_modules","C:\\Users\\node_modules","C:\\node_modules","C:\\Users
\\angel\\.node_modules","C:\\Users\\angel\\.node_libraries","C:\\Program 
Files\\nodejs\\lib\\node"]
MODULE 8392: Module._load REQUEST content-type parent: C:\Users\angel\Desktop\Nutrijou
rnal_ionic\nutrijournal\backend\node_modules\express\lib\utils.js
MODULE 8392: looking for "content-type" in ["C:\\Users\\angel\\Desktop\\Nutrijournal_i
onic\\nutrijournal\\backend\\node_modules\\express\\lib\\node_modules","C:\\Users\\ang
el\\Desktop\\Nutrijournal_ionic\\nutrijournal\\backend\\node_modules\\express\\node_mo
dules","C:\\Users\\angel\\Desktop\\Nutrijournal_ionic\\nutrijournal\\backend\\node_mod
ules","C:\\Users\\angel\\Desktop\\Nutrijournal_ionic\\nutrijournal\\node_modules","C:\
\Users\\angel\\Desktop\\Nutrijournal_ionic\\node_modules","C:\\Users\\angel\\Desktop\\
node_modules","C:\\Users\\angel\\node_modules","C:\\Users\\node_modules","C:\\node_mod
ules","C:\\Users\\angel\\.node_modules","C:\\Users\\angel\\.node_libraries","C:\\Progr
am Files\\nodejs\\lib\\node"]
MODULE 8392: load "C:\\Users\\angel\\Desktop\\Nutrijournal_ionic\\nutrijournal\\backen
d\\node_modules\\content-type\\index.js" for module "C:\\Users\\angel\\Desktop\\Nutrij
ournal_ionic\\nutrijournal\\backend\\node_modules\\content-type\\index.js"
MODULE 8392: Module._load REQUEST depd parent: C:\Users\angel\Desktop\Nutrijournal_ion
ic\nutrijournal\backend\node_modules\express\lib\utils.js
MODULE 8392: looking for "depd" in ["C:\\Users\\angel\\Desktop\\Nutrijournal_ionic\\nu
trijournal\\backend\\node_modules\\express\\lib\\node_modules","C:\\Users\\angel\\Desk
top\\Nutrijournal_ionic\\nutrijournal\\backend\\node_modules\\express\\node_modules","
C:\\Users\\angel\\Desktop\\Nutrijournal_ionic\\nutrijournal\\backend\\node_modules","C
:\\Users\\angel\\Desktop\\Nutrijournal_ionic\\nutrijournal\\node_modules","C:\\Users\\
angel\\Desktop\\Nutrijournal_ionic\\node_modules","C:\\Users\\angel\\Desktop\\node_mod
ules","C:\\Users\\angel\\node_modules","C:\\Users\\node_modules","C:\\node_modules","C
:\\Users\\angel\\.node_modules","C:\\Users\\angel\\.node_libraries","C:\\Program 
Files\\nodejs\\lib\\node"]
MODULE 8392: Module._load REQUEST array-flatten parent: C:\Users\angel\Desktop\Nutrijo
urnal_ionic\nutrijournal\backend\node_modules\express\lib\utils.js
MODULE 8392: looking for "array-flatten" in ["C:\\Users\\angel\\Desktop\\Nutrijournal_
ionic\\nutrijournal\\backend\\node_modules\\express\\lib\\node_modules","C:\\Users\\an
gel\\Desktop\\Nutrijournal_ionic\\nutrijournal\\backend\\node_modules\\express\\node_m
odules","C:\\Users\\angel\\Desktop\\Nutrijournal_ionic\\nutrijournal\\backend\\node_mo
dules","C:\\Users\\angel\\Desktop\\Nutrijournal_ionic\\nutrijournal\\node_modules","C:
\\Users\\angel\\Desktop\\Nutrijournal_ionic\\node_modules","C:\\Users\\angel\\Desktop\
\node_modules","C:\\Users\\angel\\node_modules","C:\\Users\\node_modules","C:\\node_mo
dules","C:\\Users\\angel\\.node_modules","C:\\Users\\angel\\.node_libraries","C:\\Prog
ram Files\\nodejs\\lib\\node"]
MODULE 8392: Module._load REQUEST send parent: C:\Users\angel\Desktop\Nutrijournal_ion
ic\nutrijournal\backend\node_modules\express\lib\utils.js
MODULE 8392: looking for "send" in ["C:\\Users\\angel\\Desktop\\Nutrijournal_ionic\\nu
trijournal\\backend\\node_modules\\express\\lib\\node_modules","C:\\Users\\angel\\Desk
top\\Nutrijournal_ionic\\nutrijournal\\backend\\node_modules\\express\\node_modules","
C:\\Users\\angel\\Desktop\\Nutrijournal_ionic\\nutrijournal\\backend\\node_modules","C
:\\Users\\angel\\Desktop\\Nutrijournal_ionic\\nutrijournal\\node_modules","C:\\Users\\
angel\\Desktop\\Nutrijournal_ionic\\node_modules","C:\\Users\\angel\\Desktop\\node_mod
ules","C:\\Users\\angel\\node_modules","C:\\Users\\node_modules","C:\\node_modules","C
:\\Users\\angel\\.node_modules","C:\\Users\\angel\\.node_libraries","C:\\Program 
Files\\nodejs\\lib\\node"]
MODULE 8392: load "C:\\Users\\angel\\Desktop\\Nutrijournal_ionic\\nutrijournal\\backen
d\\node_modules\\send\\index.js" for module "C:\\Users\\angel\\Desktop\\Nutrijournal_i
onic\\nutrijournal\\backend\\node_modules\\send\\index.js"
MODULE 8392: Module._load REQUEST http-errors parent: C:\Users\angel\Desktop\Nutrijour
nal_ionic\nutrijournal\backend\node_modules\send\index.js
MODULE 8392: looking for "http-errors" in ["C:\\Users\\angel\\Desktop\\Nutrijournal_io
nic\\nutrijournal\\backend\\node_modules\\send\\node_modules","C:\\Users\\angel\\Deskt
op\\Nutrijournal_ionic\\nutrijournal\\backend\\node_modules","C:\\Users\\angel\\Deskto
p\\Nutrijournal_ionic\\nutrijournal\\node_modules","C:\\Users\\angel\\Desktop\\Nutrijo
urnal_ionic\\node_modules","C:\\Users\\angel\\Desktop\\node_modules","C:\\Users\\angel
\\node_modules","C:\\Users\\node_modules","C:\\node_modules","C:\\Users\\angel\\.node_
modules","C:\\Users\\angel\\.node_libraries","C:\\Program Files\\nodejs\\lib\\node"]
MODULE 8392: load "C:\\Users\\angel\\Desktop\\Nutrijournal_ionic\\nutrijournal\\backen
d\\node_modules\\http-errors\\index.js" for module "C:\\Users\\angel\\Desktop\\Nutrijo
urnal_ionic\\nutrijournal\\backend\\node_modules\\http-errors\\index.js"
MODULE 8392: Module._load REQUEST depd parent: C:\Users\angel\Desktop\Nutrijournal_ion
ic\nutrijournal\backend\node_modules\http-errors\index.js
MODULE 8392: looking for "depd" in ["C:\\Users\\angel\\Desktop\\Nutrijournal_ionic\\nu
trijournal\\backend\\node_modules\\http-errors\\node_modules","C:\\Users\\angel\\Deskt
op\\Nutrijournal_ionic\\nutrijournal\\backend\\node_modules","C:\\Users\\angel\\Deskto
p\\Nutrijournal_ionic\\nutrijournal\\node_modules","C:\\Users\\angel\\Desktop\\Nutrijo
urnal_ionic\\node_modules","C:\\Users\\angel\\Desktop\\node_modules","C:\\Users\\angel
\\node_modules","C:\\Users\\node_modules","C:\\node_modules","C:\\Users\\angel\\.node_
modules","C:\\Users\\angel\\.node_libraries","C:\\Program Files\\nodejs\\lib\\node"]
MODULE 8392: Module._load REQUEST setprototypeof parent: C:\Users\angel\Desktop\Nutrij
ournal_ionic\nutrijournal\backend\node_modules\http-errors\index.js
MODULE 8392: looking for "setprototypeof" in ["C:\\Users\\angel\\Desktop\\Nutrijournal
_ionic\\nutrijournal\\backend\\node_modules\\http-errors\\node_modules","C:\\Users\\an
gel\\Desktop\\Nutrijournal_ionic\\nutrijournal\\backend\\node_modules","C:\\Users\\ang
el\\Desktop\\Nutrijournal_ionic\\nutrijournal\\node_modules","C:\\Users\\angel\\Deskto
p\\Nutrijournal_ionic\\node_modules","C:\\Users\\angel\\Desktop\\node_modules","C:\\Us
ers\\angel\\node_modules","C:\\Users\\node_modules","C:\\node_modules","C:\\Users\\ang
el\\.node_modules","C:\\Users\\angel\\.node_libraries","C:\\Program 
Files\\nodejs\\lib\\node"]
MODULE 8392: Module._load REQUEST statuses parent: C:\Users\angel\Desktop\Nutrijournal
_ionic\nutrijournal\backend\node_modules\http-errors\index.js
MODULE 8392: looking for "statuses" in ["C:\\Users\\angel\\Desktop\\Nutrijournal_ionic
\\nutrijournal\\backend\\node_modules\\http-errors\\node_modules","C:\\Users\\angel\\D
esktop\\Nutrijournal_ionic\\nutrijournal\\backend\\node_modules","C:\\Users\\angel\\De
sktop\\Nutrijournal_ionic\\nutrijournal\\node_modules","C:\\Users\\angel\\Desktop\\Nut
rijournal_ionic\\node_modules","C:\\Users\\angel\\Desktop\\node_modules","C:\\Users\\a
ngel\\node_modules","C:\\Users\\node_modules","C:\\node_modules","C:\\Users\\angel\\.n
ode_modules","C:\\Users\\angel\\.node_libraries","C:\\Program 
Files\\nodejs\\lib\\node"]
MODULE 8392: Module._load REQUEST inherits parent: C:\Users\angel\Desktop\Nutrijournal
_ionic\nutrijournal\backend\node_modules\http-errors\index.js
MODULE 8392: looking for "inherits" in ["C:\\Users\\angel\\Desktop\\Nutrijournal_ionic
\\nutrijournal\\backend\\node_modules\\http-errors\\node_modules","C:\\Users\\angel\\D
esktop\\Nutrijournal_ionic\\nutrijournal\\backend\\node_modules","C:\\Users\\angel\\De
sktop\\Nutrijournal_ionic\\nutrijournal\\node_modules","C:\\Users\\angel\\Desktop\\Nut
rijournal_ionic\\node_modules","C:\\Users\\angel\\Desktop\\node_modules","C:\\Users\\a
ngel\\node_modules","C:\\Users\\node_modules","C:\\node_modules","C:\\Users\\angel\\.n
ode_modules","C:\\Users\\angel\\.node_libraries","C:\\Program 
Files\\nodejs\\lib\\node"]
MODULE 8392: load "C:\\Users\\angel\\Desktop\\Nutrijournal_ionic\\nutrijournal\\backen
d\\node_modules\\inherits\\inherits.js" for module "C:\\Users\\angel\\Desktop\\Nutrijo
urnal_ionic\\nutrijournal\\backend\\node_modules\\inherits\\inherits.js"
MODULE 8392: Module._load REQUEST util parent: C:\Users\angel\Desktop\Nutrijournal_ion
ic\nutrijournal\backend\node_modules\inherits\inherits.js
MODULE 8392: load built-in module util
MODULE 8392: Module._load REQUEST toidentifier parent: C:\Users\angel\Desktop\Nutrijou
rnal_ionic\nutrijournal\backend\node_modules\http-errors\index.js
MODULE 8392: looking for "toidentifier" in ["C:\\Users\\angel\\Desktop\\Nutrijournal_i
onic\\nutrijournal\\backend\\node_modules\\http-errors\\node_modules","C:\\Users\\ange
l\\Desktop\\Nutrijournal_ionic\\nutrijournal\\backend\\node_modules","C:\\Users\\angel
\\Desktop\\Nutrijournal_ionic\\nutrijournal\\node_modules","C:\\Users\\angel\\Desktop\
\Nutrijournal_ionic\\node_modules","C:\\Users\\angel\\Desktop\\node_modules","C:\\User
s\\angel\\node_modules","C:\\Users\\node_modules","C:\\node_modules","C:\\Users\\angel
\\.node_modules","C:\\Users\\angel\\.node_libraries","C:\\Program 
Files\\nodejs\\lib\\node"]
MODULE 8392: load "C:\\Users\\angel\\Desktop\\Nutrijournal_ionic\\nutrijournal\\backen
d\\node_modules\\toidentifier\\index.js" for module "C:\\Users\\angel\\Desktop\\Nutrij
ournal_ionic\\nutrijournal\\backend\\node_modules\\toidentifier\\index.js"
MODULE 8392: Module._load REQUEST debug parent: C:\Users\angel\Desktop\Nutrijournal_io
nic\nutrijournal\backend\node_modules\send\index.js
MODULE 8392: looking for "debug" in ["C:\\Users\\angel\\Desktop\\Nutrijournal_ionic\\n
utrijournal\\backend\\node_modules\\send\\node_modules","C:\\Users\\angel\\Desktop\\Nu
trijournal_ionic\\nutrijournal\\backend\\node_modules","C:\\Users\\angel\\Desktop\\Nut
rijournal_ionic\\nutrijournal\\node_modules","C:\\Users\\angel\\Desktop\\Nutrijournal_
ionic\\node_modules","C:\\Users\\angel\\Desktop\\node_modules","C:\\Users\\angel\\node
_modules","C:\\Users\\node_modules","C:\\node_modules","C:\\Users\\angel\\.node_module
s","C:\\Users\\angel\\.node_libraries","C:\\Program Files\\nodejs\\lib\\node"]
MODULE 8392: Module._load REQUEST depd parent: C:\Users\angel\Desktop\Nutrijournal_ion
ic\nutrijournal\backend\node_modules\send\index.js
MODULE 8392: looking for "depd" in ["C:\\Users\\angel\\Desktop\\Nutrijournal_ionic\\nu
trijournal\\backend\\node_modules\\send\\node_modules","C:\\Users\\angel\\Desktop\\Nut
rijournal_ionic\\nutrijournal\\backend\\node_modules","C:\\Users\\angel\\Desktop\\Nutr
ijournal_ionic\\nutrijournal\\node_modules","C:\\Users\\angel\\Desktop\\Nutrijournal_i
onic\\node_modules","C:\\Users\\angel\\Desktop\\node_modules","C:\\Users\\angel\\node_
modules","C:\\Users\\node_modules","C:\\node_modules","C:\\Users\\angel\\.node_modules
","C:\\Users\\angel\\.node_libraries","C:\\Program Files\\nodejs\\lib\\node"]
MODULE 8392: Module._load REQUEST destroy parent: C:\Users\angel\Desktop\Nutrijournal_
ionic\nutrijournal\backend\node_modules\send\index.js
MODULE 8392: looking for "destroy" in ["C:\\Users\\angel\\Desktop\\Nutrijournal_ionic\
\nutrijournal\\backend\\node_modules\\send\\node_modules","C:\\Users\\angel\\Desktop\\
Nutrijournal_ionic\\nutrijournal\\backend\\node_modules","C:\\Users\\angel\\Desktop\\N
utrijournal_ionic\\nutrijournal\\node_modules","C:\\Users\\angel\\Desktop\\Nutrijourna
l_ionic\\node_modules","C:\\Users\\angel\\Desktop\\node_modules","C:\\Users\\angel\\no
de_modules","C:\\Users\\node_modules","C:\\node_modules","C:\\Users\\angel\\.node_modu
les","C:\\Users\\angel\\.node_libraries","C:\\Program Files\\nodejs\\lib\\node"]
MODULE 8392: load "C:\\Users\\angel\\Desktop\\Nutrijournal_ionic\\nutrijournal\\backen
d\\node_modules\\destroy\\index.js" for module "C:\\Users\\angel\\Desktop\\Nutrijourna
l_ionic\\nutrijournal\\backend\\node_modules\\destroy\\index.js"
MODULE 8392: Module._load REQUEST events parent: C:\Users\angel\Desktop\Nutrijournal_i
onic\nutrijournal\backend\node_modules\destroy\index.js
MODULE 8392: load built-in module events
MODULE 8392: Module._load REQUEST fs parent: C:\Users\angel\Desktop\Nutrijournal_ionic
\nutrijournal\backend\node_modules\destroy\index.js
MODULE 8392: load built-in module fs
MODULE 8392: Module._load REQUEST stream parent: C:\Users\angel\Desktop\Nutrijournal_i
onic\nutrijournal\backend\node_modules\destroy\index.js
MODULE 8392: load built-in module stream
MODULE 8392: Module._load REQUEST zlib parent: C:\Users\angel\Desktop\Nutrijournal_ion
ic\nutrijournal\backend\node_modules\destroy\index.js
MODULE 8392: load built-in module zlib
MODULE 8392: Module._load REQUEST encodeurl parent: C:\Users\angel\Desktop\Nutrijourna
l_ionic\nutrijournal\backend\node_modules\send\index.js
MODULE 8392: looking for "encodeurl" in ["C:\\Users\\angel\\Desktop\\Nutrijournal_ioni
c\\nutrijournal\\backend\\node_modules\\send\\node_modules","C:\\Users\\angel\\Desktop
\\Nutrijournal_ionic\\nutrijournal\\backend\\node_modules","C:\\Users\\angel\\Desktop\
\Nutrijournal_ionic\\nutrijournal\\node_modules","C:\\Users\\angel\\Desktop\\Nutrijour
nal_ionic\\node_modules","C:\\Users\\angel\\Desktop\\node_modules","C:\\Users\\angel\\
node_modules","C:\\Users\\node_modules","C:\\node_modules","C:\\Users\\angel\\.node_mo
dules","C:\\Users\\angel\\.node_libraries","C:\\Program Files\\nodejs\\lib\\node"]
MODULE 8392: load "C:\\Users\\angel\\Desktop\\Nutrijournal_ionic\\nutrijournal\\backen
d\\node_modules\\send\\node_modules\\encodeurl\\index.js" for module "C:\\Users\\angel
\\Desktop\\Nutrijournal_ionic\\nutrijournal\\backend\\node_modules\\send\\node_modules
\\encodeurl\\index.js"
MODULE 8392: Module._load REQUEST escape-html parent: C:\Users\angel\Desktop\Nutrijour
nal_ionic\nutrijournal\backend\node_modules\send\index.js
MODULE 8392: looking for "escape-html" in ["C:\\Users\\angel\\Desktop\\Nutrijournal_io
nic\\nutrijournal\\backend\\node_modules\\send\\node_modules","C:\\Users\\angel\\Deskt
op\\Nutrijournal_ionic\\nutrijournal\\backend\\node_modules","C:\\Users\\angel\\Deskto
p\\Nutrijournal_ionic\\nutrijournal\\node_modules","C:\\Users\\angel\\Desktop\\Nutrijo
urnal_ionic\\node_modules","C:\\Users\\angel\\Desktop\\node_modules","C:\\Users\\angel
\\node_modules","C:\\Users\\node_modules","C:\\node_modules","C:\\Users\\angel\\.node_
modules","C:\\Users\\angel\\.node_libraries","C:\\Program Files\\nodejs\\lib\\node"]
MODULE 8392: Module._load REQUEST etag parent: C:\Users\angel\Desktop\Nutrijournal_ion
ic\nutrijournal\backend\node_modules\send\index.js
MODULE 8392: looking for "etag" in ["C:\\Users\\angel\\Desktop\\Nutrijournal_ionic\\nu
trijournal\\backend\\node_modules\\send\\node_modules","C:\\Users\\angel\\Desktop\\Nut
rijournal_ionic\\nutrijournal\\backend\\node_modules","C:\\Users\\angel\\Desktop\\Nutr
ijournal_ionic\\nutrijournal\\node_modules","C:\\Users\\angel\\Desktop\\Nutrijournal_i
onic\\node_modules","C:\\Users\\angel\\Desktop\\node_modules","C:\\Users\\angel\\node_
modules","C:\\Users\\node_modules","C:\\node_modules","C:\\Users\\angel\\.node_modules
","C:\\Users\\angel\\.node_libraries","C:\\Program Files\\nodejs\\lib\\node"]
MODULE 8392: load "C:\\Users\\angel\\Desktop\\Nutrijournal_ionic\\nutrijournal\\backen
d\\node_modules\\etag\\index.js" for module "C:\\Users\\angel\\Desktop\\Nutrijournal_i
onic\\nutrijournal\\backend\\node_modules\\etag\\index.js"
MODULE 8392: Module._load REQUEST crypto parent: C:\Users\angel\Desktop\Nutrijournal_i
onic\nutrijournal\backend\node_modules\etag\index.js
MODULE 8392: load built-in module crypto
MODULE 8392: Module._load REQUEST fs parent: C:\Users\angel\Desktop\Nutrijournal_ionic
\nutrijournal\backend\node_modules\etag\index.js
MODULE 8392: load built-in module fs
MODULE 8392: Module._load REQUEST fresh parent: C:\Users\angel\Desktop\Nutrijournal_io
nic\nutrijournal\backend\node_modules\send\index.js
MODULE 8392: looking for "fresh" in ["C:\\Users\\angel\\Desktop\\Nutrijournal_ionic\\n
utrijournal\\backend\\node_modules\\send\\node_modules","C:\\Users\\angel\\Desktop\\Nu
trijournal_ionic\\nutrijournal\\backend\\node_modules","C:\\Users\\angel\\Desktop\\Nut
rijournal_ionic\\nutrijournal\\node_modules","C:\\Users\\angel\\Desktop\\Nutrijournal_
ionic\\node_modules","C:\\Users\\angel\\Desktop\\node_modules","C:\\Users\\angel\\node
_modules","C:\\Users\\node_modules","C:\\node_modules","C:\\Users\\angel\\.node_module
s","C:\\Users\\angel\\.node_libraries","C:\\Program Files\\nodejs\\lib\\node"]
MODULE 8392: load "C:\\Users\\angel\\Desktop\\Nutrijournal_ionic\\nutrijournal\\backen
d\\node_modules\\fresh\\index.js" for module "C:\\Users\\angel\\Desktop\\Nutrijournal_
ionic\\nutrijournal\\backend\\node_modules\\fresh\\index.js"
MODULE 8392: Module._load REQUEST fs parent: C:\Users\angel\Desktop\Nutrijournal_ionic
\nutrijournal\backend\node_modules\send\index.js
MODULE 8392: load built-in module fs
MODULE 8392: Module._load REQUEST mime parent: C:\Users\angel\Desktop\Nutrijournal_ion
ic\nutrijournal\backend\node_modules\send\index.js
MODULE 8392: looking for "mime" in ["C:\\Users\\angel\\Desktop\\Nutrijournal_ionic\\nu
trijournal\\backend\\node_modules\\send\\node_modules","C:\\Users\\angel\\Desktop\\Nut
rijournal_ionic\\nutrijournal\\backend\\node_modules","C:\\Users\\angel\\Desktop\\Nutr
ijournal_ionic\\nutrijournal\\node_modules","C:\\Users\\angel\\Desktop\\Nutrijournal_i
onic\\node_modules","C:\\Users\\angel\\Desktop\\node_modules","C:\\Users\\angel\\node_
modules","C:\\Users\\node_modules","C:\\node_modules","C:\\Users\\angel\\.node_modules
","C:\\Users\\angel\\.node_libraries","C:\\Program Files\\nodejs\\lib\\node"]
MODULE 8392: load "C:\\Users\\angel\\Desktop\\Nutrijournal_ionic\\nutrijournal\\backen
d\\node_modules\\mime\\mime.js" for module "C:\\Users\\angel\\Desktop\\Nutrijournal_io
nic\\nutrijournal\\backend\\node_modules\\mime\\mime.js"
MODULE 8392: Module._load REQUEST path parent: C:\Users\angel\Desktop\Nutrijournal_ion
ic\nutrijournal\backend\node_modules\mime\mime.js
MODULE 8392: load built-in module path
MODULE 8392: Module._load REQUEST fs parent: C:\Users\angel\Desktop\Nutrijournal_ionic
\nutrijournal\backend\node_modules\mime\mime.js
MODULE 8392: load built-in module fs
MODULE 8392: Module._load REQUEST ./types.json parent: C:\Users\angel\Desktop\Nutrijou
rnal_ionic\nutrijournal\backend\node_modules\mime\mime.js
MODULE 8392: RELATIVE: requested: ./types.json from parent.id C:\Users\angel\Desktop\N
utrijournal_ionic\nutrijournal\backend\node_modules\mime\mime.js
MODULE 8392: looking for ["C:\\Users\\angel\\Desktop\\Nutrijournal_ionic\\nutrijournal
\\backend\\node_modules\\mime"]
MODULE 8392: load "C:\\Users\\angel\\Desktop\\Nutrijournal_ionic\\nutrijournal\\backen
d\\node_modules\\mime\\types.json" for module "C:\\Users\\angel\\Desktop\\Nutrijournal
_ionic\\nutrijournal\\backend\\node_modules\\mime\\types.json"
MODULE 8392: Module._load REQUEST ms parent: C:\Users\angel\Desktop\Nutrijournal_ionic
\nutrijournal\backend\node_modules\send\index.js
MODULE 8392: looking for "ms" in ["C:\\Users\\angel\\Desktop\\Nutrijournal_ionic\\nutr
ijournal\\backend\\node_modules\\send\\node_modules","C:\\Users\\angel\\Desktop\\Nutri
journal_ionic\\nutrijournal\\backend\\node_modules","C:\\Users\\angel\\Desktop\\Nutrij
ournal_ionic\\nutrijournal\\node_modules","C:\\Users\\angel\\Desktop\\Nutrijournal_ion
ic\\node_modules","C:\\Users\\angel\\Desktop\\node_modules","C:\\Users\\angel\\node_mo
dules","C:\\Users\\node_modules","C:\\node_modules","C:\\Users\\angel\\.node_modules",
"C:\\Users\\angel\\.node_libraries","C:\\Program Files\\nodejs\\lib\\node"]
MODULE 8392: load "C:\\Users\\angel\\Desktop\\Nutrijournal_ionic\\nutrijournal\\backen
d\\node_modules\\send\\node_modules\\ms\\index.js" for module "C:\\Users\\angel\\Deskt
op\\Nutrijournal_ionic\\nutrijournal\\backend\\node_modules\\send\\node_modules\\ms\\i
ndex.js"
MODULE 8392: Module._load REQUEST on-finished parent: C:\Users\angel\Desktop\Nutrijour
nal_ionic\nutrijournal\backend\node_modules\send\index.js
MODULE 8392: looking for "on-finished" in ["C:\\Users\\angel\\Desktop\\Nutrijournal_io
nic\\nutrijournal\\backend\\node_modules\\send\\node_modules","C:\\Users\\angel\\Deskt
op\\Nutrijournal_ionic\\nutrijournal\\backend\\node_modules","C:\\Users\\angel\\Deskto
p\\Nutrijournal_ionic\\nutrijournal\\node_modules","C:\\Users\\angel\\Desktop\\Nutrijo
urnal_ionic\\node_modules","C:\\Users\\angel\\Desktop\\node_modules","C:\\Users\\angel
\\node_modules","C:\\Users\\node_modules","C:\\node_modules","C:\\Users\\angel\\.node_
modules","C:\\Users\\angel\\.node_libraries","C:\\Program Files\\nodejs\\lib\\node"]
MODULE 8392: Module._load REQUEST range-parser parent: C:\Users\angel\Desktop\Nutrijou
rnal_ionic\nutrijournal\backend\node_modules\send\index.js
MODULE 8392: looking for "range-parser" in ["C:\\Users\\angel\\Desktop\\Nutrijournal_i
onic\\nutrijournal\\backend\\node_modules\\send\\node_modules","C:\\Users\\angel\\Desk
top\\Nutrijournal_ionic\\nutrijournal\\backend\\node_modules","C:\\Users\\angel\\Deskt
op\\Nutrijournal_ionic\\nutrijournal\\node_modules","C:\\Users\\angel\\Desktop\\Nutrij
ournal_ionic\\node_modules","C:\\Users\\angel\\Desktop\\node_modules","C:\\Users\\ange
l\\node_modules","C:\\Users\\node_modules","C:\\node_modules","C:\\Users\\angel\\.node
_modules","C:\\Users\\angel\\.node_libraries","C:\\Program Files\\nodejs\\lib\\node"]
MODULE 8392: load "C:\\Users\\angel\\Desktop\\Nutrijournal_ionic\\nutrijournal\\backen
d\\node_modules\\range-parser\\index.js" for module "C:\\Users\\angel\\Desktop\\Nutrij
ournal_ionic\\nutrijournal\\backend\\node_modules\\range-parser\\index.js"
MODULE 8392: Module._load REQUEST path parent: C:\Users\angel\Desktop\Nutrijournal_ion
ic\nutrijournal\backend\node_modules\send\index.js
MODULE 8392: load built-in module path
MODULE 8392: Module._load REQUEST statuses parent: C:\Users\angel\Desktop\Nutrijournal
_ionic\nutrijournal\backend\node_modules\send\index.js
MODULE 8392: looking for "statuses" in ["C:\\Users\\angel\\Desktop\\Nutrijournal_ionic
\\nutrijournal\\backend\\node_modules\\send\\node_modules","C:\\Users\\angel\\Desktop\
\Nutrijournal_ionic\\nutrijournal\\backend\\node_modules","C:\\Users\\angel\\Desktop\\
Nutrijournal_ionic\\nutrijournal\\node_modules","C:\\Users\\angel\\Desktop\\Nutrijourn
al_ionic\\node_modules","C:\\Users\\angel\\Desktop\\node_modules","C:\\Users\\angel\\n
ode_modules","C:\\Users\\node_modules","C:\\node_modules","C:\\Users\\angel\\.node_mod
ules","C:\\Users\\angel\\.node_libraries","C:\\Program Files\\nodejs\\lib\\node"]
MODULE 8392: Module._load REQUEST stream parent: C:\Users\angel\Desktop\Nutrijournal_i
onic\nutrijournal\backend\node_modules\send\index.js
MODULE 8392: load built-in module stream
MODULE 8392: Module._load REQUEST util parent: C:\Users\angel\Desktop\Nutrijournal_ion
ic\nutrijournal\backend\node_modules\send\index.js
MODULE 8392: load built-in module util
MODULE 8392: Module._load REQUEST etag parent: C:\Users\angel\Desktop\Nutrijournal_ion
ic\nutrijournal\backend\node_modules\express\lib\utils.js
MODULE 8392: looking for "etag" in ["C:\\Users\\angel\\Desktop\\Nutrijournal_ionic\\nu
trijournal\\backend\\node_modules\\express\\lib\\node_modules","C:\\Users\\angel\\Desk
top\\Nutrijournal_ionic\\nutrijournal\\backend\\node_modules\\express\\node_modules","
C:\\Users\\angel\\Desktop\\Nutrijournal_ionic\\nutrijournal\\backend\\node_modules","C
:\\Users\\angel\\Desktop\\Nutrijournal_ionic\\nutrijournal\\node_modules","C:\\Users\\
angel\\Desktop\\Nutrijournal_ionic\\node_modules","C:\\Users\\angel\\Desktop\\node_mod
ules","C:\\Users\\angel\\node_modules","C:\\Users\\node_modules","C:\\node_modules","C
:\\Users\\angel\\.node_modules","C:\\Users\\angel\\.node_libraries","C:\\Program 
Files\\nodejs\\lib\\node"]
MODULE 8392: Module._load REQUEST proxy-addr parent: C:\Users\angel\Desktop\Nutrijourn
al_ionic\nutrijournal\backend\node_modules\express\lib\utils.js
MODULE 8392: looking for "proxy-addr" in ["C:\\Users\\angel\\Desktop\\Nutrijournal_ion
ic\\nutrijournal\\backend\\node_modules\\express\\lib\\node_modules","C:\\Users\\angel
\\Desktop\\Nutrijournal_ionic\\nutrijournal\\backend\\node_modules\\express\\node_modu
les","C:\\Users\\angel\\Desktop\\Nutrijournal_ionic\\nutrijournal\\backend\\node_modul
es","C:\\Users\\angel\\Desktop\\Nutrijournal_ionic\\nutrijournal\\node_modules","C:\\U
sers\\angel\\Desktop\\Nutrijournal_ionic\\node_modules","C:\\Users\\angel\\Desktop\\no
de_modules","C:\\Users\\angel\\node_modules","C:\\Users\\node_modules","C:\\node_modul
es","C:\\Users\\angel\\.node_modules","C:\\Users\\angel\\.node_libraries","C:\\Program
 Files\\nodejs\\lib\\node"]
MODULE 8392: load "C:\\Users\\angel\\Desktop\\Nutrijournal_ionic\\nutrijournal\\backen
d\\node_modules\\proxy-addr\\index.js" for module "C:\\Users\\angel\\Desktop\\Nutrijou
rnal_ionic\\nutrijournal\\backend\\node_modules\\proxy-addr\\index.js"
MODULE 8392: Module._load REQUEST forwarded parent: C:\Users\angel\Desktop\Nutrijourna
l_ionic\nutrijournal\backend\node_modules\proxy-addr\index.js
MODULE 8392: looking for "forwarded" in ["C:\\Users\\angel\\Desktop\\Nutrijournal_ioni
c\\nutrijournal\\backend\\node_modules\\proxy-addr\\node_modules","C:\\Users\\angel\\D
esktop\\Nutrijournal_ionic\\nutrijournal\\backend\\node_modules","C:\\Users\\angel\\De
sktop\\Nutrijournal_ionic\\nutrijournal\\node_modules","C:\\Users\\angel\\Desktop\\Nut
rijournal_ionic\\node_modules","C:\\Users\\angel\\Desktop\\node_modules","C:\\Users\\a
ngel\\node_modules","C:\\Users\\node_modules","C:\\node_modules","C:\\Users\\angel\\.n
ode_modules","C:\\Users\\angel\\.node_libraries","C:\\Program 
Files\\nodejs\\lib\\node"]
MODULE 8392: load "C:\\Users\\angel\\Desktop\\Nutrijournal_ionic\\nutrijournal\\backen
d\\node_modules\\forwarded\\index.js" for module "C:\\Users\\angel\\Desktop\\Nutrijour
nal_ionic\\nutrijournal\\backend\\node_modules\\forwarded\\index.js"
MODULE 8392: Module._load REQUEST ipaddr.js parent: C:\Users\angel\Desktop\Nutrijourna
l_ionic\nutrijournal\backend\node_modules\proxy-addr\index.js
MODULE 8392: looking for "ipaddr.js" in ["C:\\Users\\angel\\Desktop\\Nutrijournal_ioni
c\\nutrijournal\\backend\\node_modules\\proxy-addr\\node_modules","C:\\Users\\angel\\D
esktop\\Nutrijournal_ionic\\nutrijournal\\backend\\node_modules","C:\\Users\\angel\\De
sktop\\Nutrijournal_ionic\\nutrijournal\\node_modules","C:\\Users\\angel\\Desktop\\Nut
rijournal_ionic\\node_modules","C:\\Users\\angel\\Desktop\\node_modules","C:\\Users\\a
ngel\\node_modules","C:\\Users\\node_modules","C:\\node_modules","C:\\Users\\angel\\.n
ode_modules","C:\\Users\\angel\\.node_libraries","C:\\Program 
Files\\nodejs\\lib\\node"]
MODULE 8392: load "C:\\Users\\angel\\Desktop\\Nutrijournal_ionic\\nutrijournal\\backen
d\\node_modules\\ipaddr.js\\lib\\ipaddr.js" for module "C:\\Users\\angel\\Desktop\\Nut
rijournal_ionic\\nutrijournal\\backend\\node_modules\\ipaddr.js\\lib\\ipaddr.js"
MODULE 8392: Module._load REQUEST qs parent: C:\Users\angel\Desktop\Nutrijournal_ionic
\nutrijournal\backend\node_modules\express\lib\utils.js
MODULE 8392: looking for "qs" in ["C:\\Users\\angel\\Desktop\\Nutrijournal_ionic\\nutr
ijournal\\backend\\node_modules\\express\\lib\\node_modules","C:\\Users\\angel\\Deskto
p\\Nutrijournal_ionic\\nutrijournal\\backend\\node_modules\\express\\node_modules","C:
\\Users\\angel\\Desktop\\Nutrijournal_ionic\\nutrijournal\\backend\\node_modules","C:\
\Users\\angel\\Desktop\\Nutrijournal_ionic\\nutrijournal\\node_modules","C:\\Users\\an
gel\\Desktop\\Nutrijournal_ionic\\node_modules","C:\\Users\\angel\\Desktop\\node_modul
es","C:\\Users\\angel\\node_modules","C:\\Users\\node_modules","C:\\node_modules","C:\
\Users\\angel\\.node_modules","C:\\Users\\angel\\.node_libraries","C:\\Program 
Files\\nodejs\\lib\\node"]
MODULE 8392: Module._load REQUEST querystring parent: C:\Users\angel\Desktop\Nutrijour
nal_ionic\nutrijournal\backend\node_modules\express\lib\utils.js
MODULE 8392: load built-in module querystring
MODULE 8392: Module._load REQUEST ./utils parent: C:\Users\angel\Desktop\Nutrijournal_
ionic\nutrijournal\backend\node_modules\express\lib\application.js
MODULE 8392: Module._load REQUEST ./utils parent: C:\Users\angel\Desktop\Nutrijournal_
ionic\nutrijournal\backend\node_modules\express\lib\application.js
MODULE 8392: Module._load REQUEST depd parent: C:\Users\angel\Desktop\Nutrijournal_ion
ic\nutrijournal\backend\node_modules\express\lib\application.js
MODULE 8392: looking for "depd" in ["C:\\Users\\angel\\Desktop\\Nutrijournal_ionic\\nu
trijournal\\backend\\node_modules\\express\\lib\\node_modules","C:\\Users\\angel\\Desk
top\\Nutrijournal_ionic\\nutrijournal\\backend\\node_modules\\express\\node_modules","
C:\\Users\\angel\\Desktop\\Nutrijournal_ionic\\nutrijournal\\backend\\node_modules","C
:\\Users\\angel\\Desktop\\Nutrijournal_ionic\\nutrijournal\\node_modules","C:\\Users\\
angel\\Desktop\\Nutrijournal_ionic\\node_modules","C:\\Users\\angel\\Desktop\\node_mod
ules","C:\\Users\\angel\\node_modules","C:\\Users\\node_modules","C:\\node_modules","C
:\\Users\\angel\\.node_modules","C:\\Users\\angel\\.node_libraries","C:\\Program 
Files\\nodejs\\lib\\node"]
MODULE 8392: Module._load REQUEST array-flatten parent: C:\Users\angel\Desktop\Nutrijo
urnal_ionic\nutrijournal\backend\node_modules\express\lib\application.js
MODULE 8392: looking for "array-flatten" in ["C:\\Users\\angel\\Desktop\\Nutrijournal_
ionic\\nutrijournal\\backend\\node_modules\\express\\lib\\node_modules","C:\\Users\\an
gel\\Desktop\\Nutrijournal_ionic\\nutrijournal\\backend\\node_modules\\express\\node_m
odules","C:\\Users\\angel\\Desktop\\Nutrijournal_ionic\\nutrijournal\\backend\\node_mo
dules","C:\\Users\\angel\\Desktop\\Nutrijournal_ionic\\nutrijournal\\node_modules","C:
\\Users\\angel\\Desktop\\Nutrijournal_ionic\\node_modules","C:\\Users\\angel\\Desktop\
\node_modules","C:\\Users\\angel\\node_modules","C:\\Users\\node_modules","C:\\node_mo
dules","C:\\Users\\angel\\.node_modules","C:\\Users\\angel\\.node_libraries","C:\\Prog
ram Files\\nodejs\\lib\\node"]
MODULE 8392: Module._load REQUEST utils-merge parent: C:\Users\angel\Desktop\Nutrijour
nal_ionic\nutrijournal\backend\node_modules\express\lib\application.js
MODULE 8392: looking for "utils-merge" in ["C:\\Users\\angel\\Desktop\\Nutrijournal_io
nic\\nutrijournal\\backend\\node_modules\\express\\lib\\node_modules","C:\\Users\\ange
l\\Desktop\\Nutrijournal_ionic\\nutrijournal\\backend\\node_modules\\express\\node_mod
ules","C:\\Users\\angel\\Desktop\\Nutrijournal_ionic\\nutrijournal\\backend\\node_modu
les","C:\\Users\\angel\\Desktop\\Nutrijournal_ionic\\nutrijournal\\node_modules","C:\\
Users\\angel\\Desktop\\Nutrijournal_ionic\\node_modules","C:\\Users\\angel\\Desktop\\n
ode_modules","C:\\Users\\angel\\node_modules","C:\\Users\\node_modules","C:\\node_modu
les","C:\\Users\\angel\\.node_modules","C:\\Users\\angel\\.node_libraries","C:\\Progra
m Files\\nodejs\\lib\\node"]
MODULE 8392: Module._load REQUEST path parent: C:\Users\angel\Desktop\Nutrijournal_ion
ic\nutrijournal\backend\node_modules\express\lib\application.js
MODULE 8392: load built-in module path
MODULE 8392: Module._load REQUEST setprototypeof parent: C:\Users\angel\Desktop\Nutrij
ournal_ionic\nutrijournal\backend\node_modules\express\lib\application.js
MODULE 8392: looking for "setprototypeof" in ["C:\\Users\\angel\\Desktop\\Nutrijournal
_ionic\\nutrijournal\\backend\\node_modules\\express\\lib\\node_modules","C:\\Users\\a
ngel\\Desktop\\Nutrijournal_ionic\\nutrijournal\\backend\\node_modules\\express\\node_
modules","C:\\Users\\angel\\Desktop\\Nutrijournal_ionic\\nutrijournal\\backend\\node_m
odules","C:\\Users\\angel\\Desktop\\Nutrijournal_ionic\\nutrijournal\\node_modules","C
:\\Users\\angel\\Desktop\\Nutrijournal_ionic\\node_modules","C:\\Users\\angel\\Desktop
\\node_modules","C:\\Users\\angel\\node_modules","C:\\Users\\node_modules","C:\\node_m
odules","C:\\Users\\angel\\.node_modules","C:\\Users\\angel\\.node_libraries","C:\\Pro
gram Files\\nodejs\\lib\\node"]
MODULE 8392: Module._load REQUEST ./router/route parent: C:\Users\angel\Desktop\Nutrij
ournal_ionic\nutrijournal\backend\node_modules\express\lib\express.js
MODULE 8392: RELATIVE: requested: ./router/route from parent.id C:\Users\angel\Desktop
\Nutrijournal_ionic\nutrijournal\backend\node_modules\express\lib\express.js
MODULE 8392: looking for ["C:\\Users\\angel\\Desktop\\Nutrijournal_ionic\\nutrijournal
\\backend\\node_modules\\express\\lib"]
MODULE 8392: Module._load REQUEST ./router parent: C:\Users\angel\Desktop\Nutrijournal
_ionic\nutrijournal\backend\node_modules\express\lib\express.js
MODULE 8392: Module._load REQUEST ./request parent: C:\Users\angel\Desktop\Nutrijourna
l_ionic\nutrijournal\backend\node_modules\express\lib\express.js
MODULE 8392: RELATIVE: requested: ./request from parent.id C:\Users\angel\Desktop\Nutr
ijournal_ionic\nutrijournal\backend\node_modules\express\lib\express.js
MODULE 8392: looking for ["C:\\Users\\angel\\Desktop\\Nutrijournal_ionic\\nutrijournal
\\backend\\node_modules\\express\\lib"]
MODULE 8392: load "C:\\Users\\angel\\Desktop\\Nutrijournal_ionic\\nutrijournal\\backen
d\\node_modules\\express\\lib\\request.js" for module "C:\\Users\\angel\\Desktop\\Nutr
ijournal_ionic\\nutrijournal\\backend\\node_modules\\express\\lib\\request.js"
MODULE 8392: Module._load REQUEST accepts parent: C:\Users\angel\Desktop\Nutrijournal_
ionic\nutrijournal\backend\node_modules\express\lib\request.js
MODULE 8392: looking for "accepts" in ["C:\\Users\\angel\\Desktop\\Nutrijournal_ionic\
\nutrijournal\\backend\\node_modules\\express\\lib\\node_modules","C:\\Users\\angel\\D
esktop\\Nutrijournal_ionic\\nutrijournal\\backend\\node_modules\\express\\node_modules
","C:\\Users\\angel\\Desktop\\Nutrijournal_ionic\\nutrijournal\\backend\\node_modules"
,"C:\\Users\\angel\\Desktop\\Nutrijournal_ionic\\nutrijournal\\node_modules","C:\\User
s\\angel\\Desktop\\Nutrijournal_ionic\\node_modules","C:\\Users\\angel\\Desktop\\node_
modules","C:\\Users\\angel\\node_modules","C:\\Users\\node_modules","C:\\node_modules"
,"C:\\Users\\angel\\.node_modules","C:\\Users\\angel\\.node_libraries","C:\\Program 
Files\\nodejs\\lib\\node"]
MODULE 8392: load "C:\\Users\\angel\\Desktop\\Nutrijournal_ionic\\nutrijournal\\backen
d\\node_modules\\accepts\\index.js" for module "C:\\Users\\angel\\Desktop\\Nutrijourna
l_ionic\\nutrijournal\\backend\\node_modules\\accepts\\index.js"
MODULE 8392: Module._load REQUEST negotiator parent: C:\Users\angel\Desktop\Nutrijourn
al_ionic\nutrijournal\backend\node_modules\accepts\index.js
MODULE 8392: looking for "negotiator" in ["C:\\Users\\angel\\Desktop\\Nutrijournal_ion
ic\\nutrijournal\\backend\\node_modules\\accepts\\node_modules","C:\\Users\\angel\\Des
ktop\\Nutrijournal_ionic\\nutrijournal\\backend\\node_modules","C:\\Users\\angel\\Desk
top\\Nutrijournal_ionic\\nutrijournal\\node_modules","C:\\Users\\angel\\Desktop\\Nutri
journal_ionic\\node_modules","C:\\Users\\angel\\Desktop\\node_modules","C:\\Users\\ang
el\\node_modules","C:\\Users\\node_modules","C:\\node_modules","C:\\Users\\angel\\.nod
e_modules","C:\\Users\\angel\\.node_libraries","C:\\Program Files\\nodejs\\lib\\node"]
MODULE 8392: load "C:\\Users\\angel\\Desktop\\Nutrijournal_ionic\\nutrijournal\\backen
d\\node_modules\\negotiator\\index.js" for module "C:\\Users\\angel\\Desktop\\Nutrijou
rnal_ionic\\nutrijournal\\backend\\node_modules\\negotiator\\index.js"
MODULE 8392: Module._load REQUEST ./lib/charset parent: C:\Users\angel\Desktop\Nutrijo
urnal_ionic\nutrijournal\backend\node_modules\negotiator\index.js
MODULE 8392: RELATIVE: requested: ./lib/charset from parent.id C:\Users\angel\Desktop\
Nutrijournal_ionic\nutrijournal\backend\node_modules\negotiator\index.js
MODULE 8392: looking for ["C:\\Users\\angel\\Desktop\\Nutrijournal_ionic\\nutrijournal
\\backend\\node_modules\\negotiator"]
MODULE 8392: load "C:\\Users\\angel\\Desktop\\Nutrijournal_ionic\\nutrijournal\\backen
d\\node_modules\\negotiator\\lib\\charset.js" for module "C:\\Users\\angel\\Desktop\\N
utrijournal_ionic\\nutrijournal\\backend\\node_modules\\negotiator\\lib\\charset.js"
MODULE 8392: Module._load REQUEST ./lib/encoding parent: C:\Users\angel\Desktop\Nutrij
ournal_ionic\nutrijournal\backend\node_modules\negotiator\index.js
MODULE 8392: RELATIVE: requested: ./lib/encoding from parent.id C:\Users\angel\Desktop
\Nutrijournal_ionic\nutrijournal\backend\node_modules\negotiator\index.js
MODULE 8392: looking for ["C:\\Users\\angel\\Desktop\\Nutrijournal_ionic\\nutrijournal
\\backend\\node_modules\\negotiator"]
MODULE 8392: load "C:\\Users\\angel\\Desktop\\Nutrijournal_ionic\\nutrijournal\\backen
d\\node_modules\\negotiator\\lib\\encoding.js" for module "C:\\Users\\angel\\Desktop\\
Nutrijournal_ionic\\nutrijournal\\backend\\node_modules\\negotiator\\lib\\encoding.js"
MODULE 8392: Module._load REQUEST ./lib/language parent: C:\Users\angel\Desktop\Nutrij
ournal_ionic\nutrijournal\backend\node_modules\negotiator\index.js
MODULE 8392: RELATIVE: requested: ./lib/language from parent.id C:\Users\angel\Desktop
\Nutrijournal_ionic\nutrijournal\backend\node_modules\negotiator\index.js
MODULE 8392: looking for ["C:\\Users\\angel\\Desktop\\Nutrijournal_ionic\\nutrijournal
\\backend\\node_modules\\negotiator"]
MODULE 8392: load "C:\\Users\\angel\\Desktop\\Nutrijournal_ionic\\nutrijournal\\backen
d\\node_modules\\negotiator\\lib\\language.js" for module "C:\\Users\\angel\\Desktop\\
Nutrijournal_ionic\\nutrijournal\\backend\\node_modules\\negotiator\\lib\\language.js"
MODULE 8392: Module._load REQUEST ./lib/mediaType parent: C:\Users\angel\Desktop\Nutri
journal_ionic\nutrijournal\backend\node_modules\negotiator\index.js
MODULE 8392: RELATIVE: requested: ./lib/mediaType from parent.id C:\Users\angel\Deskto
p\Nutrijournal_ionic\nutrijournal\backend\node_modules\negotiator\index.js
MODULE 8392: looking for ["C:\\Users\\angel\\Desktop\\Nutrijournal_ionic\\nutrijournal
\\backend\\node_modules\\negotiator"]
MODULE 8392: load "C:\\Users\\angel\\Desktop\\Nutrijournal_ionic\\nutrijournal\\backen
d\\node_modules\\negotiator\\lib\\mediaType.js" for module "C:\\Users\\angel\\Desktop\
\Nutrijournal_ionic\\nutrijournal\\backend\\node_modules\\negotiator\\lib\\mediaType.j
s"
MODULE 8392: Module._load REQUEST mime-types parent: C:\Users\angel\Desktop\Nutrijourn
al_ionic\nutrijournal\backend\node_modules\accepts\index.js
MODULE 8392: looking for "mime-types" in ["C:\\Users\\angel\\Desktop\\Nutrijournal_ion
ic\\nutrijournal\\backend\\node_modules\\accepts\\node_modules","C:\\Users\\angel\\Des
ktop\\Nutrijournal_ionic\\nutrijournal\\backend\\node_modules","C:\\Users\\angel\\Desk
top\\Nutrijournal_ionic\\nutrijournal\\node_modules","C:\\Users\\angel\\Desktop\\Nutri
journal_ionic\\node_modules","C:\\Users\\angel\\Desktop\\node_modules","C:\\Users\\ang
el\\node_modules","C:\\Users\\node_modules","C:\\node_modules","C:\\Users\\angel\\.nod
e_modules","C:\\Users\\angel\\.node_libraries","C:\\Program Files\\nodejs\\lib\\node"]
MODULE 8392: load "C:\\Users\\angel\\Desktop\\Nutrijournal_ionic\\nutrijournal\\backen
d\\node_modules\\mime-types\\index.js" for module "C:\\Users\\angel\\Desktop\\Nutrijou
rnal_ionic\\nutrijournal\\backend\\node_modules\\mime-types\\index.js"
MODULE 8392: Module._load REQUEST mime-db parent: C:\Users\angel\Desktop\Nutrijournal_
ionic\nutrijournal\backend\node_modules\mime-types\index.js
MODULE 8392: looking for "mime-db" in ["C:\\Users\\angel\\Desktop\\Nutrijournal_ionic\
\nutrijournal\\backend\\node_modules\\mime-types\\node_modules","C:\\Users\\angel\\Des
ktop\\Nutrijournal_ionic\\nutrijournal\\backend\\node_modules","C:\\Users\\angel\\Desk
top\\Nutrijournal_ionic\\nutrijournal\\node_modules","C:\\Users\\angel\\Desktop\\Nutri
journal_ionic\\node_modules","C:\\Users\\angel\\Desktop\\node_modules","C:\\Users\\ang
el\\node_modules","C:\\Users\\node_modules","C:\\node_modules","C:\\Users\\angel\\.nod
e_modules","C:\\Users\\angel\\.node_libraries","C:\\Program Files\\nodejs\\lib\\node"]
MODULE 8392: load "C:\\Users\\angel\\Desktop\\Nutrijournal_ionic\\nutrijournal\\backen
d\\node_modules\\mime-db\\index.js" for module "C:\\Users\\angel\\Desktop\\Nutrijourna
l_ionic\\nutrijournal\\backend\\node_modules\\mime-db\\index.js"
MODULE 8392: Module._load REQUEST ./db.json parent: C:\Users\angel\Desktop\Nutrijourna
l_ionic\nutrijournal\backend\node_modules\mime-db\index.js
MODULE 8392: RELATIVE: requested: ./db.json from parent.id C:\Users\angel\Desktop\Nutr
ijournal_ionic\nutrijournal\backend\node_modules\mime-db\index.js
MODULE 8392: looking for ["C:\\Users\\angel\\Desktop\\Nutrijournal_ionic\\nutrijournal
\\backend\\node_modules\\mime-db"]
MODULE 8392: load "C:\\Users\\angel\\Desktop\\Nutrijournal_ionic\\nutrijournal\\backen
d\\node_modules\\mime-db\\db.json" for module "C:\\Users\\angel\\Desktop\\Nutrijournal
_ionic\\nutrijournal\\backend\\node_modules\\mime-db\\db.json"
MODULE 8392: Module._load REQUEST path parent: C:\Users\angel\Desktop\Nutrijournal_ion
ic\nutrijournal\backend\node_modules\mime-types\index.js
MODULE 8392: load built-in module path
MODULE 8392: Module._load REQUEST depd parent: C:\Users\angel\Desktop\Nutrijournal_ion
ic\nutrijournal\backend\node_modules\express\lib\request.js
MODULE 8392: looking for "depd" in ["C:\\Users\\angel\\Desktop\\Nutrijournal_ionic\\nu
trijournal\\backend\\node_modules\\express\\lib\\node_modules","C:\\Users\\angel\\Desk
top\\Nutrijournal_ionic\\nutrijournal\\backend\\node_modules\\express\\node_modules","
C:\\Users\\angel\\Desktop\\Nutrijournal_ionic\\nutrijournal\\backend\\node_modules","C
:\\Users\\angel\\Desktop\\Nutrijournal_ionic\\nutrijournal\\node_modules","C:\\Users\\
angel\\Desktop\\Nutrijournal_ionic\\node_modules","C:\\Users\\angel\\Desktop\\node_mod
ules","C:\\Users\\angel\\node_modules","C:\\Users\\node_modules","C:\\node_modules","C
:\\Users\\angel\\.node_modules","C:\\Users\\angel\\.node_libraries","C:\\Program 
Files\\nodejs\\lib\\node"]
MODULE 8392: Module._load REQUEST net parent: C:\Users\angel\Desktop\Nutrijournal_ioni
c\nutrijournal\backend\node_modules\express\lib\request.js
MODULE 8392: load built-in module net
MODULE 8392: Module._load REQUEST type-is parent: C:\Users\angel\Desktop\Nutrijournal_
ionic\nutrijournal\backend\node_modules\express\lib\request.js
MODULE 8392: looking for "type-is" in ["C:\\Users\\angel\\Desktop\\Nutrijournal_ionic\
\nutrijournal\\backend\\node_modules\\express\\lib\\node_modules","C:\\Users\\angel\\D
esktop\\Nutrijournal_ionic\\nutrijournal\\backend\\node_modules\\express\\node_modules
","C:\\Users\\angel\\Desktop\\Nutrijournal_ionic\\nutrijournal\\backend\\node_modules"
,"C:\\Users\\angel\\Desktop\\Nutrijournal_ionic\\nutrijournal\\node_modules","C:\\User
s\\angel\\Desktop\\Nutrijournal_ionic\\node_modules","C:\\Users\\angel\\Desktop\\node_
modules","C:\\Users\\angel\\node_modules","C:\\Users\\node_modules","C:\\node_modules"
,"C:\\Users\\angel\\.node_modules","C:\\Users\\angel\\.node_libraries","C:\\Program 
Files\\nodejs\\lib\\node"]
MODULE 8392: load "C:\\Users\\angel\\Desktop\\Nutrijournal_ionic\\nutrijournal\\backen
d\\node_modules\\type-is\\index.js" for module "C:\\Users\\angel\\Desktop\\Nutrijourna
l_ionic\\nutrijournal\\backend\\node_modules\\type-is\\index.js"
MODULE 8392: Module._load REQUEST media-typer parent: C:\Users\angel\Desktop\Nutrijour
nal_ionic\nutrijournal\backend\node_modules\type-is\index.js
MODULE 8392: looking for "media-typer" in ["C:\\Users\\angel\\Desktop\\Nutrijournal_io
nic\\nutrijournal\\backend\\node_modules\\type-is\\node_modules","C:\\Users\\angel\\De
sktop\\Nutrijournal_ionic\\nutrijournal\\backend\\node_modules","C:\\Users\\angel\\Des
ktop\\Nutrijournal_ionic\\nutrijournal\\node_modules","C:\\Users\\angel\\Desktop\\Nutr
ijournal_ionic\\node_modules","C:\\Users\\angel\\Desktop\\node_modules","C:\\Users\\an
gel\\node_modules","C:\\Users\\node_modules","C:\\node_modules","C:\\Users\\angel\\.no
de_modules","C:\\Users\\angel\\.node_libraries","C:\\Program 
Files\\nodejs\\lib\\node"]
MODULE 8392: load "C:\\Users\\angel\\Desktop\\Nutrijournal_ionic\\nutrijournal\\backen
d\\node_modules\\media-typer\\index.js" for module "C:\\Users\\angel\\Desktop\\Nutrijo
urnal_ionic\\nutrijournal\\backend\\node_modules\\media-typer\\index.js"
MODULE 8392: Module._load REQUEST mime-types parent: C:\Users\angel\Desktop\Nutrijourn
al_ionic\nutrijournal\backend\node_modules\type-is\index.js
MODULE 8392: looking for "mime-types" in ["C:\\Users\\angel\\Desktop\\Nutrijournal_ion
ic\\nutrijournal\\backend\\node_modules\\type-is\\node_modules","C:\\Users\\angel\\Des
ktop\\Nutrijournal_ionic\\nutrijournal\\backend\\node_modules","C:\\Users\\angel\\Desk
top\\Nutrijournal_ionic\\nutrijournal\\node_modules","C:\\Users\\angel\\Desktop\\Nutri
journal_ionic\\node_modules","C:\\Users\\angel\\Desktop\\node_modules","C:\\Users\\ang
el\\node_modules","C:\\Users\\node_modules","C:\\node_modules","C:\\Users\\angel\\.nod
e_modules","C:\\Users\\angel\\.node_libraries","C:\\Program Files\\nodejs\\lib\\node"]
MODULE 8392: Module._load REQUEST http parent: C:\Users\angel\Desktop\Nutrijournal_ion
ic\nutrijournal\backend\node_modules\express\lib\request.js
MODULE 8392: load built-in module http
MODULE 8392: Module._load REQUEST fresh parent: C:\Users\angel\Desktop\Nutrijournal_io
nic\nutrijournal\backend\node_modules\express\lib\request.js
MODULE 8392: looking for "fresh" in ["C:\\Users\\angel\\Desktop\\Nutrijournal_ionic\\n
utrijournal\\backend\\node_modules\\express\\lib\\node_modules","C:\\Users\\angel\\Des
ktop\\Nutrijournal_ionic\\nutrijournal\\backend\\node_modules\\express\\node_modules",
"C:\\Users\\angel\\Desktop\\Nutrijournal_ionic\\nutrijournal\\backend\\node_modules","
C:\\Users\\angel\\Desktop\\Nutrijournal_ionic\\nutrijournal\\node_modules","C:\\Users\
\angel\\Desktop\\Nutrijournal_ionic\\node_modules","C:\\Users\\angel\\Desktop\\node_mo
dules","C:\\Users\\angel\\node_modules","C:\\Users\\node_modules","C:\\node_modules","
C:\\Users\\angel\\.node_modules","C:\\Users\\angel\\.node_libraries","C:\\Program 
Files\\nodejs\\lib\\node"]
MODULE 8392: Module._load REQUEST range-parser parent: C:\Users\angel\Desktop\Nutrijou
rnal_ionic\nutrijournal\backend\node_modules\express\lib\request.js
MODULE 8392: looking for "range-parser" in ["C:\\Users\\angel\\Desktop\\Nutrijournal_i
onic\\nutrijournal\\backend\\node_modules\\express\\lib\\node_modules","C:\\Users\\ang
el\\Desktop\\Nutrijournal_ionic\\nutrijournal\\backend\\node_modules\\express\\node_mo
dules","C:\\Users\\angel\\Desktop\\Nutrijournal_ionic\\nutrijournal\\backend\\node_mod
ules","C:\\Users\\angel\\Desktop\\Nutrijournal_ionic\\nutrijournal\\node_modules","C:\
\Users\\angel\\Desktop\\Nutrijournal_ionic\\node_modules","C:\\Users\\angel\\Desktop\\
node_modules","C:\\Users\\angel\\node_modules","C:\\Users\\node_modules","C:\\node_mod
ules","C:\\Users\\angel\\.node_modules","C:\\Users\\angel\\.node_libraries","C:\\Progr
am Files\\nodejs\\lib\\node"]
MODULE 8392: Module._load REQUEST parseurl parent: C:\Users\angel\Desktop\Nutrijournal
_ionic\nutrijournal\backend\node_modules\express\lib\request.js
MODULE 8392: looking for "parseurl" in ["C:\\Users\\angel\\Desktop\\Nutrijournal_ionic
\\nutrijournal\\backend\\node_modules\\express\\lib\\node_modules","C:\\Users\\angel\\
Desktop\\Nutrijournal_ionic\\nutrijournal\\backend\\node_modules\\express\\node_module
s","C:\\Users\\angel\\Desktop\\Nutrijournal_ionic\\nutrijournal\\backend\\node_modules
","C:\\Users\\angel\\Desktop\\Nutrijournal_ionic\\nutrijournal\\node_modules","C:\\Use
rs\\angel\\Desktop\\Nutrijournal_ionic\\node_modules","C:\\Users\\angel\\Desktop\\node
_modules","C:\\Users\\angel\\node_modules","C:\\Users\\node_modules","C:\\node_modules
","C:\\Users\\angel\\.node_modules","C:\\Users\\angel\\.node_libraries","C:\\Program 
Files\\nodejs\\lib\\node"]
MODULE 8392: Module._load REQUEST proxy-addr parent: C:\Users\angel\Desktop\Nutrijourn
al_ionic\nutrijournal\backend\node_modules\express\lib\request.js
MODULE 8392: Module._load REQUEST ./response parent: C:\Users\angel\Desktop\Nutrijourn
al_ionic\nutrijournal\backend\node_modules\express\lib\express.js
MODULE 8392: RELATIVE: requested: ./response from parent.id C:\Users\angel\Desktop\Nut
rijournal_ionic\nutrijournal\backend\node_modules\express\lib\express.js
MODULE 8392: looking for ["C:\\Users\\angel\\Desktop\\Nutrijournal_ionic\\nutrijournal
\\backend\\node_modules\\express\\lib"]
MODULE 8392: load "C:\\Users\\angel\\Desktop\\Nutrijournal_ionic\\nutrijournal\\backen
d\\node_modules\\express\\lib\\response.js" for module "C:\\Users\\angel\\Desktop\\Nut
rijournal_ionic\\nutrijournal\\backend\\node_modules\\express\\lib\\response.js"
MODULE 8392: Module._load REQUEST safe-buffer parent: C:\Users\angel\Desktop\Nutrijour
nal_ionic\nutrijournal\backend\node_modules\express\lib\response.js
MODULE 8392: Module._load REQUEST content-disposition parent: C:\Users\angel\Desktop\N
utrijournal_ionic\nutrijournal\backend\node_modules\express\lib\response.js
MODULE 8392: Module._load REQUEST http-errors parent: C:\Users\angel\Desktop\Nutrijour
nal_ionic\nutrijournal\backend\node_modules\express\lib\response.js
MODULE 8392: looking for "http-errors" in ["C:\\Users\\angel\\Desktop\\Nutrijournal_io
nic\\nutrijournal\\backend\\node_modules\\express\\lib\\node_modules","C:\\Users\\ange
l\\Desktop\\Nutrijournal_ionic\\nutrijournal\\backend\\node_modules\\express\\node_mod
ules","C:\\Users\\angel\\Desktop\\Nutrijournal_ionic\\nutrijournal\\backend\\node_modu
les","C:\\Users\\angel\\Desktop\\Nutrijournal_ionic\\nutrijournal\\node_modules","C:\\
Users\\angel\\Desktop\\Nutrijournal_ionic\\node_modules","C:\\Users\\angel\\Desktop\\n
ode_modules","C:\\Users\\angel\\node_modules","C:\\Users\\node_modules","C:\\node_modu
les","C:\\Users\\angel\\.node_modules","C:\\Users\\angel\\.node_libraries","C:\\Progra
m Files\\nodejs\\lib\\node"]
MODULE 8392: Module._load REQUEST depd parent: C:\Users\angel\Desktop\Nutrijournal_ion
ic\nutrijournal\backend\node_modules\express\lib\response.js
MODULE 8392: looking for "depd" in ["C:\\Users\\angel\\Desktop\\Nutrijournal_ionic\\nu
trijournal\\backend\\node_modules\\express\\lib\\node_modules","C:\\Users\\angel\\Desk
top\\Nutrijournal_ionic\\nutrijournal\\backend\\node_modules\\express\\node_modules","
C:\\Users\\angel\\Desktop\\Nutrijournal_ionic\\nutrijournal\\backend\\node_modules","C
:\\Users\\angel\\Desktop\\Nutrijournal_ionic\\nutrijournal\\node_modules","C:\\Users\\
angel\\Desktop\\Nutrijournal_ionic\\node_modules","C:\\Users\\angel\\Desktop\\node_mod
ules","C:\\Users\\angel\\node_modules","C:\\Users\\node_modules","C:\\node_modules","C
:\\Users\\angel\\.node_modules","C:\\Users\\angel\\.node_libraries","C:\\Program 
Files\\nodejs\\lib\\node"]
MODULE 8392: Module._load REQUEST encodeurl parent: C:\Users\angel\Desktop\Nutrijourna
l_ionic\nutrijournal\backend\node_modules\express\lib\response.js
MODULE 8392: looking for "encodeurl" in ["C:\\Users\\angel\\Desktop\\Nutrijournal_ioni
c\\nutrijournal\\backend\\node_modules\\express\\lib\\node_modules","C:\\Users\\angel\
\Desktop\\Nutrijournal_ionic\\nutrijournal\\backend\\node_modules\\express\\node_modul
es","C:\\Users\\angel\\Desktop\\Nutrijournal_ionic\\nutrijournal\\backend\\node_module
s","C:\\Users\\angel\\Desktop\\Nutrijournal_ionic\\nutrijournal\\node_modules","C:\\Us
ers\\angel\\Desktop\\Nutrijournal_ionic\\node_modules","C:\\Users\\angel\\Desktop\\nod
e_modules","C:\\Users\\angel\\node_modules","C:\\Users\\node_modules","C:\\node_module
s","C:\\Users\\angel\\.node_modules","C:\\Users\\angel\\.node_libraries","C:\\Program 
Files\\nodejs\\lib\\node"]
MODULE 8392: Module._load REQUEST escape-html parent: C:\Users\angel\Desktop\Nutrijour
nal_ionic\nutrijournal\backend\node_modules\express\lib\response.js
MODULE 8392: looking for "escape-html" in ["C:\\Users\\angel\\Desktop\\Nutrijournal_io
nic\\nutrijournal\\backend\\node_modules\\express\\lib\\node_modules","C:\\Users\\ange
l\\Desktop\\Nutrijournal_ionic\\nutrijournal\\backend\\node_modules\\express\\node_mod
ules","C:\\Users\\angel\\Desktop\\Nutrijournal_ionic\\nutrijournal\\backend\\node_modu
les","C:\\Users\\angel\\Desktop\\Nutrijournal_ionic\\nutrijournal\\node_modules","C:\\
Users\\angel\\Desktop\\Nutrijournal_ionic\\node_modules","C:\\Users\\angel\\Desktop\\n
ode_modules","C:\\Users\\angel\\node_modules","C:\\Users\\node_modules","C:\\node_modu
les","C:\\Users\\angel\\.node_modules","C:\\Users\\angel\\.node_libraries","C:\\Progra
m Files\\nodejs\\lib\\node"]
MODULE 8392: Module._load REQUEST http parent: C:\Users\angel\Desktop\Nutrijournal_ion
ic\nutrijournal\backend\node_modules\express\lib\response.js
MODULE 8392: load built-in module http
MODULE 8392: Module._load REQUEST ./utils parent: C:\Users\angel\Desktop\Nutrijournal_
ionic\nutrijournal\backend\node_modules\express\lib\response.js
MODULE 8392: Module._load REQUEST on-finished parent: C:\Users\angel\Desktop\Nutrijour
nal_ionic\nutrijournal\backend\node_modules\express\lib\response.js
MODULE 8392: looking for "on-finished" in ["C:\\Users\\angel\\Desktop\\Nutrijournal_io
nic\\nutrijournal\\backend\\node_modules\\express\\lib\\node_modules","C:\\Users\\ange
l\\Desktop\\Nutrijournal_ionic\\nutrijournal\\backend\\node_modules\\express\\node_mod
ules","C:\\Users\\angel\\Desktop\\Nutrijournal_ionic\\nutrijournal\\backend\\node_modu
les","C:\\Users\\angel\\Desktop\\Nutrijournal_ionic\\nutrijournal\\node_modules","C:\\
Users\\angel\\Desktop\\Nutrijournal_ionic\\node_modules","C:\\Users\\angel\\Desktop\\n
ode_modules","C:\\Users\\angel\\node_modules","C:\\Users\\node_modules","C:\\node_modu
les","C:\\Users\\angel\\.node_modules","C:\\Users\\angel\\.node_libraries","C:\\Progra
m Files\\nodejs\\lib\\node"]
MODULE 8392: Module._load REQUEST path parent: C:\Users\angel\Desktop\Nutrijournal_ion
ic\nutrijournal\backend\node_modules\express\lib\response.js
MODULE 8392: load built-in module path
MODULE 8392: Module._load REQUEST statuses parent: C:\Users\angel\Desktop\Nutrijournal
_ionic\nutrijournal\backend\node_modules\express\lib\response.js
MODULE 8392: looking for "statuses" in ["C:\\Users\\angel\\Desktop\\Nutrijournal_ionic
\\nutrijournal\\backend\\node_modules\\express\\lib\\node_modules","C:\\Users\\angel\\
Desktop\\Nutrijournal_ionic\\nutrijournal\\backend\\node_modules\\express\\node_module
s","C:\\Users\\angel\\Desktop\\Nutrijournal_ionic\\nutrijournal\\backend\\node_modules
","C:\\Users\\angel\\Desktop\\Nutrijournal_ionic\\nutrijournal\\node_modules","C:\\Use
rs\\angel\\Desktop\\Nutrijournal_ionic\\node_modules","C:\\Users\\angel\\Desktop\\node
_modules","C:\\Users\\angel\\node_modules","C:\\Users\\node_modules","C:\\node_modules
","C:\\Users\\angel\\.node_modules","C:\\Users\\angel\\.node_libraries","C:\\Program 
Files\\nodejs\\lib\\node"]
MODULE 8392: Module._load REQUEST utils-merge parent: C:\Users\angel\Desktop\Nutrijour
nal_ionic\nutrijournal\backend\node_modules\express\lib\response.js
MODULE 8392: looking for "utils-merge" in ["C:\\Users\\angel\\Desktop\\Nutrijournal_io
nic\\nutrijournal\\backend\\node_modules\\express\\lib\\node_modules","C:\\Users\\ange
l\\Desktop\\Nutrijournal_ionic\\nutrijournal\\backend\\node_modules\\express\\node_mod
ules","C:\\Users\\angel\\Desktop\\Nutrijournal_ionic\\nutrijournal\\backend\\node_modu
les","C:\\Users\\angel\\Desktop\\Nutrijournal_ionic\\nutrijournal\\node_modules","C:\\
Users\\angel\\Desktop\\Nutrijournal_ionic\\node_modules","C:\\Users\\angel\\Desktop\\n
ode_modules","C:\\Users\\angel\\node_modules","C:\\Users\\node_modules","C:\\node_modu
les","C:\\Users\\angel\\.node_modules","C:\\Users\\angel\\.node_libraries","C:\\Progra
m Files\\nodejs\\lib\\node"]
MODULE 8392: Module._load REQUEST cookie-signature parent: C:\Users\angel\Desktop\Nutr
ijournal_ionic\nutrijournal\backend\node_modules\express\lib\response.js
MODULE 8392: looking for "cookie-signature" in ["C:\\Users\\angel\\Desktop\\Nutrijourn
al_ionic\\nutrijournal\\backend\\node_modules\\express\\lib\\node_modules","C:\\Users\
\angel\\Desktop\\Nutrijournal_ionic\\nutrijournal\\backend\\node_modules\\express\\nod
e_modules","C:\\Users\\angel\\Desktop\\Nutrijournal_ionic\\nutrijournal\\backend\\node
_modules","C:\\Users\\angel\\Desktop\\Nutrijournal_ionic\\nutrijournal\\node_modules",
"C:\\Users\\angel\\Desktop\\Nutrijournal_ionic\\node_modules","C:\\Users\\angel\\Deskt
op\\node_modules","C:\\Users\\angel\\node_modules","C:\\Users\\node_modules","C:\\node
_modules","C:\\Users\\angel\\.node_modules","C:\\Users\\angel\\.node_libraries","C:\\P
rogram Files\\nodejs\\lib\\node"]
MODULE 8392: load "C:\\Users\\angel\\Desktop\\Nutrijournal_ionic\\nutrijournal\\backen
d\\node_modules\\cookie-signature\\index.js" for module "C:\\Users\\angel\\Desktop\\Nu
trijournal_ionic\\nutrijournal\\backend\\node_modules\\cookie-signature\\index.js"
MODULE 8392: Module._load REQUEST crypto parent: C:\Users\angel\Desktop\Nutrijournal_i
onic\nutrijournal\backend\node_modules\cookie-signature\index.js
MODULE 8392: load built-in module crypto
MODULE 8392: Module._load REQUEST ./utils parent: C:\Users\angel\Desktop\Nutrijournal_
ionic\nutrijournal\backend\node_modules\express\lib\response.js
MODULE 8392: Module._load REQUEST ./utils parent: C:\Users\angel\Desktop\Nutrijournal_
ionic\nutrijournal\backend\node_modules\express\lib\response.js
MODULE 8392: Module._load REQUEST ./utils parent: C:\Users\angel\Desktop\Nutrijournal_
ionic\nutrijournal\backend\node_modules\express\lib\response.js
MODULE 8392: Module._load REQUEST cookie parent: C:\Users\angel\Desktop\Nutrijournal_i
onic\nutrijournal\backend\node_modules\express\lib\response.js
MODULE 8392: looking for "cookie" in ["C:\\Users\\angel\\Desktop\\Nutrijournal_ionic\\
nutrijournal\\backend\\node_modules\\express\\lib\\node_modules","C:\\Users\\angel\\De
sktop\\Nutrijournal_ionic\\nutrijournal\\backend\\node_modules\\express\\node_modules"
,"C:\\Users\\angel\\Desktop\\Nutrijournal_ionic\\nutrijournal\\backend\\node_modules",
"C:\\Users\\angel\\Desktop\\Nutrijournal_ionic\\nutrijournal\\node_modules","C:\\Users
\\angel\\Desktop\\Nutrijournal_ionic\\node_modules","C:\\Users\\angel\\Desktop\\node_m
odules","C:\\Users\\angel\\node_modules","C:\\Users\\node_modules","C:\\node_modules",
"C:\\Users\\angel\\.node_modules","C:\\Users\\angel\\.node_libraries","C:\\Program 
Files\\nodejs\\lib\\node"]
MODULE 8392: load "C:\\Users\\angel\\Desktop\\Nutrijournal_ionic\\nutrijournal\\backen
d\\node_modules\\cookie\\index.js" for module "C:\\Users\\angel\\Desktop\\Nutrijournal
_ionic\\nutrijournal\\backend\\node_modules\\cookie\\index.js"
MODULE 8392: Module._load REQUEST send parent: C:\Users\angel\Desktop\Nutrijournal_ion
ic\nutrijournal\backend\node_modules\express\lib\response.js
MODULE 8392: Module._load REQUEST vary parent: C:\Users\angel\Desktop\Nutrijournal_ion
ic\nutrijournal\backend\node_modules\express\lib\response.js
MODULE 8392: looking for "vary" in ["C:\\Users\\angel\\Desktop\\Nutrijournal_ionic\\nu
trijournal\\backend\\node_modules\\express\\lib\\node_modules","C:\\Users\\angel\\Desk
top\\Nutrijournal_ionic\\nutrijournal\\backend\\node_modules\\express\\node_modules","
C:\\Users\\angel\\Desktop\\Nutrijournal_ionic\\nutrijournal\\backend\\node_modules","C
:\\Users\\angel\\Desktop\\Nutrijournal_ionic\\nutrijournal\\node_modules","C:\\Users\\
angel\\Desktop\\Nutrijournal_ionic\\node_modules","C:\\Users\\angel\\Desktop\\node_mod
ules","C:\\Users\\angel\\node_modules","C:\\Users\\node_modules","C:\\node_modules","C
:\\Users\\angel\\.node_modules","C:\\Users\\angel\\.node_libraries","C:\\Program 
Files\\nodejs\\lib\\node"]
MODULE 8392: load "C:\\Users\\angel\\Desktop\\Nutrijournal_ionic\\nutrijournal\\backen
d\\node_modules\\vary\\index.js" for module "C:\\Users\\angel\\Desktop\\Nutrijournal_i
onic\\nutrijournal\\backend\\node_modules\\vary\\index.js"
MODULE 8392: Module._load REQUEST ./lib/types/json parent: C:\Users\angel\Desktop\Nutr
ijournal_ionic\nutrijournal\backend\node_modules\body-parser\index.js
MODULE 8392: RELATIVE: requested: ./lib/types/json from parent.id C:\Users\angel\Deskt
op\Nutrijournal_ionic\nutrijournal\backend\node_modules\body-parser\index.js
MODULE 8392: looking for ["C:\\Users\\angel\\Desktop\\Nutrijournal_ionic\\nutrijournal
\\backend\\node_modules\\body-parser"]
MODULE 8392: load "C:\\Users\\angel\\Desktop\\Nutrijournal_ionic\\nutrijournal\\backen
d\\node_modules\\body-parser\\lib\\types\\json.js" for module "C:\\Users\\angel\\Deskt
op\\Nutrijournal_ionic\\nutrijournal\\backend\\node_modules\\body-parser\\lib\\types\\
json.js"
MODULE 8392: Module._load REQUEST bytes parent: C:\Users\angel\Desktop\Nutrijournal_io
nic\nutrijournal\backend\node_modules\body-parser\lib\types\json.js
MODULE 8392: looking for "bytes" in ["C:\\Users\\angel\\Desktop\\Nutrijournal_ionic\\n
utrijournal\\backend\\node_modules\\body-parser\\lib\\types\\node_modules","C:\\Users\
\angel\\Desktop\\Nutrijournal_ionic\\nutrijournal\\backend\\node_modules\\body-parser\
\lib\\node_modules","C:\\Users\\angel\\Desktop\\Nutrijournal_ionic\\nutrijournal\\back
end\\node_modules\\body-parser\\node_modules","C:\\Users\\angel\\Desktop\\Nutrijournal
_ionic\\nutrijournal\\backend\\node_modules","C:\\Users\\angel\\Desktop\\Nutrijournal_
ionic\\nutrijournal\\node_modules","C:\\Users\\angel\\Desktop\\Nutrijournal_ionic\\nod
e_modules","C:\\Users\\angel\\Desktop\\node_modules","C:\\Users\\angel\\node_modules",
"C:\\Users\\node_modules","C:\\node_modules","C:\\Users\\angel\\.node_modules","C:\\Us
ers\\angel\\.node_libraries","C:\\Program Files\\nodejs\\lib\\node"]
MODULE 8392: load "C:\\Users\\angel\\Desktop\\Nutrijournal_ionic\\nutrijournal\\backen
d\\node_modules\\bytes\\index.js" for module "C:\\Users\\angel\\Desktop\\Nutrijournal_
ionic\\nutrijournal\\backend\\node_modules\\bytes\\index.js"
MODULE 8392: Module._load REQUEST content-type parent: C:\Users\angel\Desktop\Nutrijou
rnal_ionic\nutrijournal\backend\node_modules\body-parser\lib\types\json.js
MODULE 8392: looking for "content-type" in ["C:\\Users\\angel\\Desktop\\Nutrijournal_i
onic\\nutrijournal\\backend\\node_modules\\body-parser\\lib\\types\\node_modules","C:\
\Users\\angel\\Desktop\\Nutrijournal_ionic\\nutrijournal\\backend\\node_modules\\body-
parser\\lib\\node_modules","C:\\Users\\angel\\Desktop\\Nutrijournal_ionic\\nutrijourna
l\\backend\\node_modules\\body-parser\\node_modules","C:\\Users\\angel\\Desktop\\Nutri
journal_ionic\\nutrijournal\\backend\\node_modules","C:\\Users\\angel\\Desktop\\Nutrij
ournal_ionic\\nutrijournal\\node_modules","C:\\Users\\angel\\Desktop\\Nutrijournal_ion
ic\\node_modules","C:\\Users\\angel\\Desktop\\node_modules","C:\\Users\\angel\\node_mo
dules","C:\\Users\\node_modules","C:\\node_modules","C:\\Users\\angel\\.node_modules",
"C:\\Users\\angel\\.node_libraries","C:\\Program Files\\nodejs\\lib\\node"]
MODULE 8392: Module._load REQUEST http-errors parent: C:\Users\angel\Desktop\Nutrijour
nal_ionic\nutrijournal\backend\node_modules\body-parser\lib\types\json.js
MODULE 8392: looking for "http-errors" in ["C:\\Users\\angel\\Desktop\\Nutrijournal_io
nic\\nutrijournal\\backend\\node_modules\\body-parser\\lib\\types\\node_modules","C:\\
Users\\angel\\Desktop\\Nutrijournal_ionic\\nutrijournal\\backend\\node_modules\\body-p
arser\\lib\\node_modules","C:\\Users\\angel\\Desktop\\Nutrijournal_ionic\\nutrijournal
\\backend\\node_modules\\body-parser\\node_modules","C:\\Users\\angel\\Desktop\\Nutrij
ournal_ionic\\nutrijournal\\backend\\node_modules","C:\\Users\\angel\\Desktop\\Nutrijo
urnal_ionic\\nutrijournal\\node_modules","C:\\Users\\angel\\Desktop\\Nutrijournal_ioni
c\\node_modules","C:\\Users\\angel\\Desktop\\node_modules","C:\\Users\\angel\\node_mod
ules","C:\\Users\\node_modules","C:\\node_modules","C:\\Users\\angel\\.node_modules","
C:\\Users\\angel\\.node_libraries","C:\\Program Files\\nodejs\\lib\\node"]
MODULE 8392: Module._load REQUEST debug parent: C:\Users\angel\Desktop\Nutrijournal_io
nic\nutrijournal\backend\node_modules\body-parser\lib\types\json.js
MODULE 8392: looking for "debug" in ["C:\\Users\\angel\\Desktop\\Nutrijournal_ionic\\n
utrijournal\\backend\\node_modules\\body-parser\\lib\\types\\node_modules","C:\\Users\
\angel\\Desktop\\Nutrijournal_ionic\\nutrijournal\\backend\\node_modules\\body-parser\
\lib\\node_modules","C:\\Users\\angel\\Desktop\\Nutrijournal_ionic\\nutrijournal\\back
end\\node_modules\\body-parser\\node_modules","C:\\Users\\angel\\Desktop\\Nutrijournal
_ionic\\nutrijournal\\backend\\node_modules","C:\\Users\\angel\\Desktop\\Nutrijournal_
ionic\\nutrijournal\\node_modules","C:\\Users\\angel\\Desktop\\Nutrijournal_ionic\\nod
e_modules","C:\\Users\\angel\\Desktop\\node_modules","C:\\Users\\angel\\node_modules",
"C:\\Users\\node_modules","C:\\node_modules","C:\\Users\\angel\\.node_modules","C:\\Us
ers\\angel\\.node_libraries","C:\\Program Files\\nodejs\\lib\\node"]
MODULE 8392: Module._load REQUEST ../read parent: C:\Users\angel\Desktop\Nutrijournal_
ionic\nutrijournal\backend\node_modules\body-parser\lib\types\json.js
MODULE 8392: RELATIVE: requested: ../read from parent.id C:\Users\angel\Desktop\Nutrij
ournal_ionic\nutrijournal\backend\node_modules\body-parser\lib\types\json.js
MODULE 8392: looking for ["C:\\Users\\angel\\Desktop\\Nutrijournal_ionic\\nutrijournal
\\backend\\node_modules\\body-parser\\lib\\types"]
MODULE 8392: load "C:\\Users\\angel\\Desktop\\Nutrijournal_ionic\\nutrijournal\\backen
d\\node_modules\\body-parser\\lib\\read.js" for module "C:\\Users\\angel\\Desktop\\Nut
rijournal_ionic\\nutrijournal\\backend\\node_modules\\body-parser\\lib\\read.js"
MODULE 8392: Module._load REQUEST http-errors parent: C:\Users\angel\Desktop\Nutrijour
nal_ionic\nutrijournal\backend\node_modules\body-parser\lib\read.js
MODULE 8392: looking for "http-errors" in ["C:\\Users\\angel\\Desktop\\Nutrijournal_io
nic\\nutrijournal\\backend\\node_modules\\body-parser\\lib\\node_modules","C:\\Users\\
angel\\Desktop\\Nutrijournal_ionic\\nutrijournal\\backend\\node_modules\\body-parser\\
node_modules","C:\\Users\\angel\\Desktop\\Nutrijournal_ionic\\nutrijournal\\backend\\n
ode_modules","C:\\Users\\angel\\Desktop\\Nutrijournal_ionic\\nutrijournal\\node_module
s","C:\\Users\\angel\\Desktop\\Nutrijournal_ionic\\node_modules","C:\\Users\\angel\\De
sktop\\node_modules","C:\\Users\\angel\\node_modules","C:\\Users\\node_modules","C:\\n
ode_modules","C:\\Users\\angel\\.node_modules","C:\\Users\\angel\\.node_libraries","C:
\\Program Files\\nodejs\\lib\\node"]
MODULE 8392: Module._load REQUEST destroy parent: C:\Users\angel\Desktop\Nutrijournal_
ionic\nutrijournal\backend\node_modules\body-parser\lib\read.js
MODULE 8392: looking for "destroy" in ["C:\\Users\\angel\\Desktop\\Nutrijournal_ionic\
\nutrijournal\\backend\\node_modules\\body-parser\\lib\\node_modules","C:\\Users\\ange
l\\Desktop\\Nutrijournal_ionic\\nutrijournal\\backend\\node_modules\\body-parser\\node
_modules","C:\\Users\\angel\\Desktop\\Nutrijournal_ionic\\nutrijournal\\backend\\node_
modules","C:\\Users\\angel\\Desktop\\Nutrijournal_ionic\\nutrijournal\\node_modules","
C:\\Users\\angel\\Desktop\\Nutrijournal_ionic\\node_modules","C:\\Users\\angel\\Deskto
p\\node_modules","C:\\Users\\angel\\node_modules","C:\\Users\\node_modules","C:\\node_
modules","C:\\Users\\angel\\.node_modules","C:\\Users\\angel\\.node_libraries","C:\\Pr
ogram Files\\nodejs\\lib\\node"]
MODULE 8392: Module._load REQUEST raw-body parent: C:\Users\angel\Desktop\Nutrijournal
_ionic\nutrijournal\backend\node_modules\body-parser\lib\read.js
MODULE 8392: looking for "raw-body" in ["C:\\Users\\angel\\Desktop\\Nutrijournal_ionic
\\nutrijournal\\backend\\node_modules\\body-parser\\lib\\node_modules","C:\\Users\\ang
el\\Desktop\\Nutrijournal_ionic\\nutrijournal\\backend\\node_modules\\body-parser\\nod
e_modules","C:\\Users\\angel\\Desktop\\Nutrijournal_ionic\\nutrijournal\\backend\\node
_modules","C:\\Users\\angel\\Desktop\\Nutrijournal_ionic\\nutrijournal\\node_modules",
"C:\\Users\\angel\\Desktop\\Nutrijournal_ionic\\node_modules","C:\\Users\\angel\\Deskt
op\\node_modules","C:\\Users\\angel\\node_modules","C:\\Users\\node_modules","C:\\node
_modules","C:\\Users\\angel\\.node_modules","C:\\Users\\angel\\.node_libraries","C:\\P
rogram Files\\nodejs\\lib\\node"]
MODULE 8392: load "C:\\Users\\angel\\Desktop\\Nutrijournal_ionic\\nutrijournal\\backen
d\\node_modules\\raw-body\\index.js" for module "C:\\Users\\angel\\Desktop\\Nutrijourn
al_ionic\\nutrijournal\\backend\\node_modules\\raw-body\\index.js"
MODULE 8392: Module._load REQUEST async_hooks parent: C:\Users\angel\Desktop\Nutrijour
nal_ionic\nutrijournal\backend\node_modules\raw-body\index.js
MODULE 8392: load built-in module async_hooks
MODULE 8392: Module._load REQUEST bytes parent: C:\Users\angel\Desktop\Nutrijournal_io
nic\nutrijournal\backend\node_modules\raw-body\index.js
MODULE 8392: looking for "bytes" in ["C:\\Users\\angel\\Desktop\\Nutrijournal_ionic\\n
utrijournal\\backend\\node_modules\\raw-body\\node_modules","C:\\Users\\angel\\Desktop
\\Nutrijournal_ionic\\nutrijournal\\backend\\node_modules","C:\\Users\\angel\\Desktop\
\Nutrijournal_ionic\\nutrijournal\\node_modules","C:\\Users\\angel\\Desktop\\Nutrijour
nal_ionic\\node_modules","C:\\Users\\angel\\Desktop\\node_modules","C:\\Users\\angel\\
node_modules","C:\\Users\\node_modules","C:\\node_modules","C:\\Users\\angel\\.node_mo
dules","C:\\Users\\angel\\.node_libraries","C:\\Program Files\\nodejs\\lib\\node"]
MODULE 8392: Module._load REQUEST http-errors parent: C:\Users\angel\Desktop\Nutrijour
nal_ionic\nutrijournal\backend\node_modules\raw-body\index.js
MODULE 8392: looking for "http-errors" in ["C:\\Users\\angel\\Desktop\\Nutrijournal_io
nic\\nutrijournal\\backend\\node_modules\\raw-body\\node_modules","C:\\Users\\angel\\D
esktop\\Nutrijournal_ionic\\nutrijournal\\backend\\node_modules","C:\\Users\\angel\\De
sktop\\Nutrijournal_ionic\\nutrijournal\\node_modules","C:\\Users\\angel\\Desktop\\Nut
rijournal_ionic\\node_modules","C:\\Users\\angel\\Desktop\\node_modules","C:\\Users\\a
ngel\\node_modules","C:\\Users\\node_modules","C:\\node_modules","C:\\Users\\angel\\.n
ode_modules","C:\\Users\\angel\\.node_libraries","C:\\Program 
Files\\nodejs\\lib\\node"]
MODULE 8392: Module._load REQUEST iconv-lite parent: C:\Users\angel\Desktop\Nutrijourn
al_ionic\nutrijournal\backend\node_modules\raw-body\index.js
MODULE 8392: looking for "iconv-lite" in ["C:\\Users\\angel\\Desktop\\Nutrijournal_ion
ic\\nutrijournal\\backend\\node_modules\\raw-body\\node_modules","C:\\Users\\angel\\De
sktop\\Nutrijournal_ionic\\nutrijournal\\backend\\node_modules","C:\\Users\\angel\\Des
ktop\\Nutrijournal_ionic\\nutrijournal\\node_modules","C:\\Users\\angel\\Desktop\\Nutr
ijournal_ionic\\node_modules","C:\\Users\\angel\\Desktop\\node_modules","C:\\Users\\an
gel\\node_modules","C:\\Users\\node_modules","C:\\node_modules","C:\\Users\\angel\\.no
de_modules","C:\\Users\\angel\\.node_libraries","C:\\Program 
Files\\nodejs\\lib\\node"]
MODULE 8392: load "C:\\Users\\angel\\Desktop\\Nutrijournal_ionic\\nutrijournal\\backen
d\\node_modules\\iconv-lite\\lib\\index.js" for module "C:\\Users\\angel\\Desktop\\Nut
rijournal_ionic\\nutrijournal\\backend\\node_modules\\iconv-lite\\lib\\index.js"
MODULE 8392: Module._load REQUEST safer-buffer parent: C:\Users\angel\Desktop\Nutrijou
rnal_ionic\nutrijournal\backend\node_modules\iconv-lite\lib\index.js
MODULE 8392: looking for "safer-buffer" in ["C:\\Users\\angel\\Desktop\\Nutrijournal_i
onic\\nutrijournal\\backend\\node_modules\\iconv-lite\\lib\\node_modules","C:\\Users\\
angel\\Desktop\\Nutrijournal_ionic\\nutrijournal\\backend\\node_modules\\iconv-lite\\n
ode_modules","C:\\Users\\angel\\Desktop\\Nutrijournal_ionic\\nutrijournal\\backend\\no
de_modules","C:\\Users\\angel\\Desktop\\Nutrijournal_ionic\\nutrijournal\\node_modules
","C:\\Users\\angel\\Desktop\\Nutrijournal_ionic\\node_modules","C:\\Users\\angel\\Des
ktop\\node_modules","C:\\Users\\angel\\node_modules","C:\\Users\\node_modules","C:\\no
de_modules","C:\\Users\\angel\\.node_modules","C:\\Users\\angel\\.node_libraries","C:\
\Program Files\\nodejs\\lib\\node"]
MODULE 8392: load "C:\\Users\\angel\\Desktop\\Nutrijournal_ionic\\nutrijournal\\backen
d\\node_modules\\safer-buffer\\safer.js" for module "C:\\Users\\angel\\Desktop\\Nutrij
ournal_ionic\\nutrijournal\\backend\\node_modules\\safer-buffer\\safer.js"
MODULE 8392: Module._load REQUEST buffer parent: C:\Users\angel\Desktop\Nutrijournal_i
onic\nutrijournal\backend\node_modules\safer-buffer\safer.js
MODULE 8392: load built-in module buffer
MODULE 8392: Module._load REQUEST ./bom-handling parent: C:\Users\angel\Desktop\Nutrij
ournal_ionic\nutrijournal\backend\node_modules\iconv-lite\lib\index.js
MODULE 8392: RELATIVE: requested: ./bom-handling from parent.id C:\Users\angel\Desktop
\Nutrijournal_ionic\nutrijournal\backend\node_modules\iconv-lite\lib\index.js
MODULE 8392: looking for ["C:\\Users\\angel\\Desktop\\Nutrijournal_ionic\\nutrijournal
\\backend\\node_modules\\iconv-lite\\lib"]
MODULE 8392: load "C:\\Users\\angel\\Desktop\\Nutrijournal_ionic\\nutrijournal\\backen
d\\node_modules\\iconv-lite\\lib\\bom-handling.js" for module "C:\\Users\\angel\\Deskt
op\\Nutrijournal_ionic\\nutrijournal\\backend\\node_modules\\iconv-lite\\lib\\bom-hand
ling.js"
MODULE 8392: Module._load REQUEST ./streams parent: C:\Users\angel\Desktop\Nutrijourna
l_ionic\nutrijournal\backend\node_modules\iconv-lite\lib\index.js
MODULE 8392: RELATIVE: requested: ./streams from parent.id C:\Users\angel\Desktop\Nutr
ijournal_ionic\nutrijournal\backend\node_modules\iconv-lite\lib\index.js
MODULE 8392: looking for ["C:\\Users\\angel\\Desktop\\Nutrijournal_ionic\\nutrijournal
\\backend\\node_modules\\iconv-lite\\lib"]
MODULE 8392: load "C:\\Users\\angel\\Desktop\\Nutrijournal_ionic\\nutrijournal\\backen
d\\node_modules\\iconv-lite\\lib\\streams.js" for module "C:\\Users\\angel\\Desktop\\N
utrijournal_ionic\\nutrijournal\\backend\\node_modules\\iconv-lite\\lib\\streams.js"
MODULE 8392: Module._load REQUEST buffer parent: C:\Users\angel\Desktop\Nutrijournal_i
onic\nutrijournal\backend\node_modules\iconv-lite\lib\streams.js
MODULE 8392: load built-in module buffer
MODULE 8392: Module._load REQUEST stream parent: C:\Users\angel\Desktop\Nutrijournal_i
onic\nutrijournal\backend\node_modules\iconv-lite\lib\streams.js
MODULE 8392: load built-in module stream
MODULE 8392: Module._load REQUEST ./extend-node parent: C:\Users\angel\Desktop\Nutrijo
urnal_ionic\nutrijournal\backend\node_modules\iconv-lite\lib\index.js
MODULE 8392: RELATIVE: requested: ./extend-node from parent.id C:\Users\angel\Desktop\
Nutrijournal_ionic\nutrijournal\backend\node_modules\iconv-lite\lib\index.js
MODULE 8392: looking for ["C:\\Users\\angel\\Desktop\\Nutrijournal_ionic\\nutrijournal
\\backend\\node_modules\\iconv-lite\\lib"]
MODULE 8392: load "C:\\Users\\angel\\Desktop\\Nutrijournal_ionic\\nutrijournal\\backen
d\\node_modules\\iconv-lite\\lib\\extend-node.js" for module "C:\\Users\\angel\\Deskto
p\\Nutrijournal_ionic\\nutrijournal\\backend\\node_modules\\iconv-lite\\lib\\extend-no
de.js"
MODULE 8392: Module._load REQUEST buffer parent: C:\Users\angel\Desktop\Nutrijournal_i
onic\nutrijournal\backend\node_modules\iconv-lite\lib\extend-node.js
MODULE 8392: load built-in module buffer
MODULE 8392: Module._load REQUEST unpipe parent: C:\Users\angel\Desktop\Nutrijournal_i
onic\nutrijournal\backend\node_modules\raw-body\index.js
MODULE 8392: looking for "unpipe" in ["C:\\Users\\angel\\Desktop\\Nutrijournal_ionic\\
nutrijournal\\backend\\node_modules\\raw-body\\node_modules","C:\\Users\\angel\\Deskto
p\\Nutrijournal_ionic\\nutrijournal\\backend\\node_modules","C:\\Users\\angel\\Desktop
\\Nutrijournal_ionic\\nutrijournal\\node_modules","C:\\Users\\angel\\Desktop\\Nutrijou
rnal_ionic\\node_modules","C:\\Users\\angel\\Desktop\\node_modules","C:\\Users\\angel\
\node_modules","C:\\Users\\node_modules","C:\\node_modules","C:\\Users\\angel\\.node_m
odules","C:\\Users\\angel\\.node_libraries","C:\\Program Files\\nodejs\\lib\\node"]
MODULE 8392: Module._load REQUEST iconv-lite parent: C:\Users\angel\Desktop\Nutrijourn
al_ionic\nutrijournal\backend\node_modules\body-parser\lib\read.js
MODULE 8392: looking for "iconv-lite" in ["C:\\Users\\angel\\Desktop\\Nutrijournal_ion
ic\\nutrijournal\\backend\\node_modules\\body-parser\\lib\\node_modules","C:\\Users\\a
ngel\\Desktop\\Nutrijournal_ionic\\nutrijournal\\backend\\node_modules\\body-parser\\n
ode_modules","C:\\Users\\angel\\Desktop\\Nutrijournal_ionic\\nutrijournal\\backend\\no
de_modules","C:\\Users\\angel\\Desktop\\Nutrijournal_ionic\\nutrijournal\\node_modules
","C:\\Users\\angel\\Desktop\\Nutrijournal_ionic\\node_modules","C:\\Users\\angel\\Des
ktop\\node_modules","C:\\Users\\angel\\node_modules","C:\\Users\\node_modules","C:\\no
de_modules","C:\\Users\\angel\\.node_modules","C:\\Users\\angel\\.node_libraries","C:\
\Program Files\\nodejs\\lib\\node"]
MODULE 8392: Module._load REQUEST on-finished parent: C:\Users\angel\Desktop\Nutrijour
nal_ionic\nutrijournal\backend\node_modules\body-parser\lib\read.js
MODULE 8392: looking for "on-finished" in ["C:\\Users\\angel\\Desktop\\Nutrijournal_io
nic\\nutrijournal\\backend\\node_modules\\body-parser\\lib\\node_modules","C:\\Users\\
angel\\Desktop\\Nutrijournal_ionic\\nutrijournal\\backend\\node_modules\\body-parser\\
node_modules","C:\\Users\\angel\\Desktop\\Nutrijournal_ionic\\nutrijournal\\backend\\n
ode_modules","C:\\Users\\angel\\Desktop\\Nutrijournal_ionic\\nutrijournal\\node_module
s","C:\\Users\\angel\\Desktop\\Nutrijournal_ionic\\node_modules","C:\\Users\\angel\\De
sktop\\node_modules","C:\\Users\\angel\\node_modules","C:\\Users\\node_modules","C:\\n
ode_modules","C:\\Users\\angel\\.node_modules","C:\\Users\\angel\\.node_libraries","C:
\\Program Files\\nodejs\\lib\\node"]
MODULE 8392: Module._load REQUEST unpipe parent: C:\Users\angel\Desktop\Nutrijournal_i
onic\nutrijournal\backend\node_modules\body-parser\lib\read.js
MODULE 8392: looking for "unpipe" in ["C:\\Users\\angel\\Desktop\\Nutrijournal_ionic\\
nutrijournal\\backend\\node_modules\\body-parser\\lib\\node_modules","C:\\Users\\angel
\\Desktop\\Nutrijournal_ionic\\nutrijournal\\backend\\node_modules\\body-parser\\node_
modules","C:\\Users\\angel\\Desktop\\Nutrijournal_ionic\\nutrijournal\\backend\\node_m
odules","C:\\Users\\angel\\Desktop\\Nutrijournal_ionic\\nutrijournal\\node_modules","C
:\\Users\\angel\\Desktop\\Nutrijournal_ionic\\node_modules","C:\\Users\\angel\\Desktop
\\node_modules","C:\\Users\\angel\\node_modules","C:\\Users\\node_modules","C:\\node_m
odules","C:\\Users\\angel\\.node_modules","C:\\Users\\angel\\.node_libraries","C:\\Pro
gram Files\\nodejs\\lib\\node"]
MODULE 8392: Module._load REQUEST zlib parent: C:\Users\angel\Desktop\Nutrijournal_ion
ic\nutrijournal\backend\node_modules\body-parser\lib\read.js
MODULE 8392: load built-in module zlib
MODULE 8392: Module._load REQUEST type-is parent: C:\Users\angel\Desktop\Nutrijournal_
ionic\nutrijournal\backend\node_modules\body-parser\lib\types\json.js
MODULE 8392: looking for "type-is" in ["C:\\Users\\angel\\Desktop\\Nutrijournal_ionic\
\nutrijournal\\backend\\node_modules\\body-parser\\lib\\types\\node_modules","C:\\User
s\\angel\\Desktop\\Nutrijournal_ionic\\nutrijournal\\backend\\node_modules\\body-parse
r\\lib\\node_modules","C:\\Users\\angel\\Desktop\\Nutrijournal_ionic\\nutrijournal\\ba
ckend\\node_modules\\body-parser\\node_modules","C:\\Users\\angel\\Desktop\\Nutrijourn
al_ionic\\nutrijournal\\backend\\node_modules","C:\\Users\\angel\\Desktop\\Nutrijourna
l_ionic\\nutrijournal\\node_modules","C:\\Users\\angel\\Desktop\\Nutrijournal_ionic\\n
ode_modules","C:\\Users\\angel\\Desktop\\node_modules","C:\\Users\\angel\\node_modules
","C:\\Users\\node_modules","C:\\node_modules","C:\\Users\\angel\\.node_modules","C:\\
Users\\angel\\.node_libraries","C:\\Program Files\\nodejs\\lib\\node"]
MODULE 8392: Module._load REQUEST ./middleware/query parent: C:\Users\angel\Desktop\Nu
trijournal_ionic\nutrijournal\backend\node_modules\express\lib\express.js
MODULE 8392: Module._load REQUEST ./lib/types/raw parent: C:\Users\angel\Desktop\Nutri
journal_ionic\nutrijournal\backend\node_modules\body-parser\index.js
MODULE 8392: RELATIVE: requested: ./lib/types/raw from parent.id C:\Users\angel\Deskto
p\Nutrijournal_ionic\nutrijournal\backend\node_modules\body-parser\index.js
MODULE 8392: looking for ["C:\\Users\\angel\\Desktop\\Nutrijournal_ionic\\nutrijournal
\\backend\\node_modules\\body-parser"]
MODULE 8392: load "C:\\Users\\angel\\Desktop\\Nutrijournal_ionic\\nutrijournal\\backen
d\\node_modules\\body-parser\\lib\\types\\raw.js" for module "C:\\Users\\angel\\Deskto
p\\Nutrijournal_ionic\\nutrijournal\\backend\\node_modules\\body-parser\\lib\\types\\r
aw.js"
MODULE 8392: Module._load REQUEST bytes parent: C:\Users\angel\Desktop\Nutrijournal_io
nic\nutrijournal\backend\node_modules\body-parser\lib\types\raw.js
MODULE 8392: Module._load REQUEST debug parent: C:\Users\angel\Desktop\Nutrijournal_io
nic\nutrijournal\backend\node_modules\body-parser\lib\types\raw.js
MODULE 8392: looking for "debug" in ["C:\\Users\\angel\\Desktop\\Nutrijournal_ionic\\n
utrijournal\\backend\\node_modules\\body-parser\\lib\\types\\node_modules","C:\\Users\
\angel\\Desktop\\Nutrijournal_ionic\\nutrijournal\\backend\\node_modules\\body-parser\
\lib\\node_modules","C:\\Users\\angel\\Desktop\\Nutrijournal_ionic\\nutrijournal\\back
end\\node_modules\\body-parser\\node_modules","C:\\Users\\angel\\Desktop\\Nutrijournal
_ionic\\nutrijournal\\backend\\node_modules","C:\\Users\\angel\\Desktop\\Nutrijournal_
ionic\\nutrijournal\\node_modules","C:\\Users\\angel\\Desktop\\Nutrijournal_ionic\\nod
e_modules","C:\\Users\\angel\\Desktop\\node_modules","C:\\Users\\angel\\node_modules",
"C:\\Users\\node_modules","C:\\node_modules","C:\\Users\\angel\\.node_modules","C:\\Us
ers\\angel\\.node_libraries","C:\\Program Files\\nodejs\\lib\\node"]
MODULE 8392: Module._load REQUEST ../read parent: C:\Users\angel\Desktop\Nutrijournal_
ionic\nutrijournal\backend\node_modules\body-parser\lib\types\raw.js
MODULE 8392: Module._load REQUEST type-is parent: C:\Users\angel\Desktop\Nutrijournal_
ionic\nutrijournal\backend\node_modules\body-parser\lib\types\raw.js
MODULE 8392: looking for "type-is" in ["C:\\Users\\angel\\Desktop\\Nutrijournal_ionic\
\nutrijournal\\backend\\node_modules\\body-parser\\lib\\types\\node_modules","C:\\User
s\\angel\\Desktop\\Nutrijournal_ionic\\nutrijournal\\backend\\node_modules\\body-parse
r\\lib\\node_modules","C:\\Users\\angel\\Desktop\\Nutrijournal_ionic\\nutrijournal\\ba
ckend\\node_modules\\body-parser\\node_modules","C:\\Users\\angel\\Desktop\\Nutrijourn
al_ionic\\nutrijournal\\backend\\node_modules","C:\\Users\\angel\\Desktop\\Nutrijourna
l_ionic\\nutrijournal\\node_modules","C:\\Users\\angel\\Desktop\\Nutrijournal_ionic\\n
ode_modules","C:\\Users\\angel\\Desktop\\node_modules","C:\\Users\\angel\\node_modules
","C:\\Users\\node_modules","C:\\node_modules","C:\\Users\\angel\\.node_modules","C:\\
Users\\angel\\.node_libraries","C:\\Program Files\\nodejs\\lib\\node"]
MODULE 8392: Module._load REQUEST serve-static parent: C:\Users\angel\Desktop\Nutrijou
rnal_ionic\nutrijournal\backend\node_modules\express\lib\express.js
MODULE 8392: looking for "serve-static" in ["C:\\Users\\angel\\Desktop\\Nutrijournal_i
onic\\nutrijournal\\backend\\node_modules\\express\\lib\\node_modules","C:\\Users\\ang
el\\Desktop\\Nutrijournal_ionic\\nutrijournal\\backend\\node_modules\\express\\node_mo
dules","C:\\Users\\angel\\Desktop\\Nutrijournal_ionic\\nutrijournal\\backend\\node_mod
ules","C:\\Users\\angel\\Desktop\\Nutrijournal_ionic\\nutrijournal\\node_modules","C:\
\Users\\angel\\Desktop\\Nutrijournal_ionic\\node_modules","C:\\Users\\angel\\Desktop\\
node_modules","C:\\Users\\angel\\node_modules","C:\\Users\\node_modules","C:\\node_mod
ules","C:\\Users\\angel\\.node_modules","C:\\Users\\angel\\.node_libraries","C:\\Progr
am Files\\nodejs\\lib\\node"]
MODULE 8392: load "C:\\Users\\angel\\Desktop\\Nutrijournal_ionic\\nutrijournal\\backen
d\\node_modules\\serve-static\\index.js" for module "C:\\Users\\angel\\Desktop\\Nutrij
ournal_ionic\\nutrijournal\\backend\\node_modules\\serve-static\\index.js"
MODULE 8392: Module._load REQUEST encodeurl parent: C:\Users\angel\Desktop\Nutrijourna
l_ionic\nutrijournal\backend\node_modules\serve-static\index.js
MODULE 8392: looking for "encodeurl" in ["C:\\Users\\angel\\Desktop\\Nutrijournal_ioni
c\\nutrijournal\\backend\\node_modules\\serve-static\\node_modules","C:\\Users\\angel\
\Desktop\\Nutrijournal_ionic\\nutrijournal\\backend\\node_modules","C:\\Users\\angel\\
Desktop\\Nutrijournal_ionic\\nutrijournal\\node_modules","C:\\Users\\angel\\Desktop\\N
utrijournal_ionic\\node_modules","C:\\Users\\angel\\Desktop\\node_modules","C:\\Users\
\angel\\node_modules","C:\\Users\\node_modules","C:\\node_modules","C:\\Users\\angel\\
.node_modules","C:\\Users\\angel\\.node_libraries","C:\\Program 
Files\\nodejs\\lib\\node"]
MODULE 8392: Module._load REQUEST escape-html parent: C:\Users\angel\Desktop\Nutrijour
nal_ionic\nutrijournal\backend\node_modules\serve-static\index.js
MODULE 8392: looking for "escape-html" in ["C:\\Users\\angel\\Desktop\\Nutrijournal_io
nic\\nutrijournal\\backend\\node_modules\\serve-static\\node_modules","C:\\Users\\ange
l\\Desktop\\Nutrijournal_ionic\\nutrijournal\\backend\\node_modules","C:\\Users\\angel
\\Desktop\\Nutrijournal_ionic\\nutrijournal\\node_modules","C:\\Users\\angel\\Desktop\
\Nutrijournal_ionic\\node_modules","C:\\Users\\angel\\Desktop\\node_modules","C:\\User
s\\angel\\node_modules","C:\\Users\\node_modules","C:\\node_modules","C:\\Users\\angel
\\.node_modules","C:\\Users\\angel\\.node_libraries","C:\\Program 
Files\\nodejs\\lib\\node"]
MODULE 8392: Module._load REQUEST parseurl parent: C:\Users\angel\Desktop\Nutrijournal
_ionic\nutrijournal\backend\node_modules\serve-static\index.js
MODULE 8392: looking for "parseurl" in ["C:\\Users\\angel\\Desktop\\Nutrijournal_ionic
\\nutrijournal\\backend\\node_modules\\serve-static\\node_modules","C:\\Users\\angel\\
Desktop\\Nutrijournal_ionic\\nutrijournal\\backend\\node_modules","C:\\Users\\angel\\D
esktop\\Nutrijournal_ionic\\nutrijournal\\node_modules","C:\\Users\\angel\\Desktop\\Nu
trijournal_ionic\\node_modules","C:\\Users\\angel\\Desktop\\node_modules","C:\\Users\\
angel\\node_modules","C:\\Users\\node_modules","C:\\node_modules","C:\\Users\\angel\\.
node_modules","C:\\Users\\angel\\.node_libraries","C:\\Program 
Files\\nodejs\\lib\\node"]
MODULE 8392: Module._load REQUEST path parent: C:\Users\angel\Desktop\Nutrijournal_ion
ic\nutrijournal\backend\node_modules\serve-static\index.js
MODULE 8392: load built-in module path
MODULE 8392: Module._load REQUEST send parent: C:\Users\angel\Desktop\Nutrijournal_ion
ic\nutrijournal\backend\node_modules\serve-static\index.js
MODULE 8392: looking for "send" in ["C:\\Users\\angel\\Desktop\\Nutrijournal_ionic\\nu
trijournal\\backend\\node_modules\\serve-static\\node_modules","C:\\Users\\angel\\Desk
top\\Nutrijournal_ionic\\nutrijournal\\backend\\node_modules","C:\\Users\\angel\\Deskt
op\\Nutrijournal_ionic\\nutrijournal\\node_modules","C:\\Users\\angel\\Desktop\\Nutrij
ournal_ionic\\node_modules","C:\\Users\\angel\\Desktop\\node_modules","C:\\Users\\ange
l\\node_modules","C:\\Users\\node_modules","C:\\node_modules","C:\\Users\\angel\\.node
_modules","C:\\Users\\angel\\.node_libraries","C:\\Program Files\\nodejs\\lib\\node"]
MODULE 8392: Module._load REQUEST url parent: C:\Users\angel\Desktop\Nutrijournal_ioni
c\nutrijournal\backend\node_modules\serve-static\index.js
MODULE 8392: load built-in module url
MODULE 8392: Module._load REQUEST ./lib/types/text parent: C:\Users\angel\Desktop\Nutr
ijournal_ionic\nutrijournal\backend\node_modules\body-parser\index.js
MODULE 8392: RELATIVE: requested: ./lib/types/text from parent.id C:\Users\angel\Deskt
op\Nutrijournal_ionic\nutrijournal\backend\node_modules\body-parser\index.js
MODULE 8392: looking for ["C:\\Users\\angel\\Desktop\\Nutrijournal_ionic\\nutrijournal
\\backend\\node_modules\\body-parser"]
MODULE 8392: load "C:\\Users\\angel\\Desktop\\Nutrijournal_ionic\\nutrijournal\\backen
d\\node_modules\\body-parser\\lib\\types\\text.js" for module "C:\\Users\\angel\\Deskt
op\\Nutrijournal_ionic\\nutrijournal\\backend\\node_modules\\body-parser\\lib\\types\\
text.js"
MODULE 8392: Module._load REQUEST bytes parent: C:\Users\angel\Desktop\Nutrijournal_io
nic\nutrijournal\backend\node_modules\body-parser\lib\types\text.js
MODULE 8392: Module._load REQUEST content-type parent: C:\Users\angel\Desktop\Nutrijou
rnal_ionic\nutrijournal\backend\node_modules\body-parser\lib\types\text.js
MODULE 8392: looking for "content-type" in ["C:\\Users\\angel\\Desktop\\Nutrijournal_i
onic\\nutrijournal\\backend\\node_modules\\body-parser\\lib\\types\\node_modules","C:\
\Users\\angel\\Desktop\\Nutrijournal_ionic\\nutrijournal\\backend\\node_modules\\body-
parser\\lib\\node_modules","C:\\Users\\angel\\Desktop\\Nutrijournal_ionic\\nutrijourna
l\\backend\\node_modules\\body-parser\\node_modules","C:\\Users\\angel\\Desktop\\Nutri
journal_ionic\\nutrijournal\\backend\\node_modules","C:\\Users\\angel\\Desktop\\Nutrij
ournal_ionic\\nutrijournal\\node_modules","C:\\Users\\angel\\Desktop\\Nutrijournal_ion
ic\\node_modules","C:\\Users\\angel\\Desktop\\node_modules","C:\\Users\\angel\\node_mo
dules","C:\\Users\\node_modules","C:\\node_modules","C:\\Users\\angel\\.node_modules",
"C:\\Users\\angel\\.node_libraries","C:\\Program Files\\nodejs\\lib\\node"]
MODULE 8392: Module._load REQUEST debug parent: C:\Users\angel\Desktop\Nutrijournal_io
nic\nutrijournal\backend\node_modules\body-parser\lib\types\text.js
MODULE 8392: looking for "debug" in ["C:\\Users\\angel\\Desktop\\Nutrijournal_ionic\\n
utrijournal\\backend\\node_modules\\body-parser\\lib\\types\\node_modules","C:\\Users\
\angel\\Desktop\\Nutrijournal_ionic\\nutrijournal\\backend\\node_modules\\body-parser\
\lib\\node_modules","C:\\Users\\angel\\Desktop\\Nutrijournal_ionic\\nutrijournal\\back
end\\node_modules\\body-parser\\node_modules","C:\\Users\\angel\\Desktop\\Nutrijournal
_ionic\\nutrijournal\\backend\\node_modules","C:\\Users\\angel\\Desktop\\Nutrijournal_
ionic\\nutrijournal\\node_modules","C:\\Users\\angel\\Desktop\\Nutrijournal_ionic\\nod
e_modules","C:\\Users\\angel\\Desktop\\node_modules","C:\\Users\\angel\\node_modules",
"C:\\Users\\node_modules","C:\\node_modules","C:\\Users\\angel\\.node_modules","C:\\Us
ers\\angel\\.node_libraries","C:\\Program Files\\nodejs\\lib\\node"]
MODULE 8392: Module._load REQUEST ../read parent: C:\Users\angel\Desktop\Nutrijournal_
ionic\nutrijournal\backend\node_modules\body-parser\lib\types\text.js
MODULE 8392: Module._load REQUEST type-is parent: C:\Users\angel\Desktop\Nutrijournal_
ionic\nutrijournal\backend\node_modules\body-parser\lib\types\text.js
MODULE 8392: looking for "type-is" in ["C:\\Users\\angel\\Desktop\\Nutrijournal_ionic\
\nutrijournal\\backend\\node_modules\\body-parser\\lib\\types\\node_modules","C:\\User
s\\angel\\Desktop\\Nutrijournal_ionic\\nutrijournal\\backend\\node_modules\\body-parse
r\\lib\\node_modules","C:\\Users\\angel\\Desktop\\Nutrijournal_ionic\\nutrijournal\\ba
ckend\\node_modules\\body-parser\\node_modules","C:\\Users\\angel\\Desktop\\Nutrijourn
al_ionic\\nutrijournal\\backend\\node_modules","C:\\Users\\angel\\Desktop\\Nutrijourna
l_ionic\\nutrijournal\\node_modules","C:\\Users\\angel\\Desktop\\Nutrijournal_ionic\\n
ode_modules","C:\\Users\\angel\\Desktop\\node_modules","C:\\Users\\angel\\node_modules
","C:\\Users\\node_modules","C:\\node_modules","C:\\Users\\angel\\.node_modules","C:\\
Users\\angel\\.node_libraries","C:\\Program Files\\nodejs\\lib\\node"]
MODULE 8392: Module._load REQUEST ./lib/types/urlencoded parent: C:\Users\angel\Deskto
p\Nutrijournal_ionic\nutrijournal\backend\node_modules\body-parser\index.js
MODULE 8392: RELATIVE: requested: ./lib/types/urlencoded from parent.id C:\Users\angel
\Desktop\Nutrijournal_ionic\nutrijournal\backend\node_modules\body-parser\index.js
MODULE 8392: looking for ["C:\\Users\\angel\\Desktop\\Nutrijournal_ionic\\nutrijournal
\\backend\\node_modules\\body-parser"]
MODULE 8392: load "C:\\Users\\angel\\Desktop\\Nutrijournal_ionic\\nutrijournal\\backen
d\\node_modules\\body-parser\\lib\\types\\urlencoded.js" for module "C:\\Users\\angel\
\Desktop\\Nutrijournal_ionic\\nutrijournal\\backend\\node_modules\\body-parser\\lib\\t
ypes\\urlencoded.js"
MODULE 8392: Module._load REQUEST bytes parent: C:\Users\angel\Desktop\Nutrijournal_io
nic\nutrijournal\backend\node_modules\body-parser\lib\types\urlencoded.js
MODULE 8392: Module._load REQUEST content-type parent: C:\Users\angel\Desktop\Nutrijou
rnal_ionic\nutrijournal\backend\node_modules\body-parser\lib\types\urlencoded.js
MODULE 8392: looking for "content-type" in ["C:\\Users\\angel\\Desktop\\Nutrijournal_i
onic\\nutrijournal\\backend\\node_modules\\body-parser\\lib\\types\\node_modules","C:\
\Users\\angel\\Desktop\\Nutrijournal_ionic\\nutrijournal\\backend\\node_modules\\body-
parser\\lib\\node_modules","C:\\Users\\angel\\Desktop\\Nutrijournal_ionic\\nutrijourna
l\\backend\\node_modules\\body-parser\\node_modules","C:\\Users\\angel\\Desktop\\Nutri
journal_ionic\\nutrijournal\\backend\\node_modules","C:\\Users\\angel\\Desktop\\Nutrij
ournal_ionic\\nutrijournal\\node_modules","C:\\Users\\angel\\Desktop\\Nutrijournal_ion
ic\\node_modules","C:\\Users\\angel\\Desktop\\node_modules","C:\\Users\\angel\\node_mo
dules","C:\\Users\\node_modules","C:\\node_modules","C:\\Users\\angel\\.node_modules",
"C:\\Users\\angel\\.node_libraries","C:\\Program Files\\nodejs\\lib\\node"]
MODULE 8392: Module._load REQUEST http-errors parent: C:\Users\angel\Desktop\Nutrijour
nal_ionic\nutrijournal\backend\node_modules\body-parser\lib\types\urlencoded.js
MODULE 8392: looking for "http-errors" in ["C:\\Users\\angel\\Desktop\\Nutrijournal_io
nic\\nutrijournal\\backend\\node_modules\\body-parser\\lib\\types\\node_modules","C:\\
Users\\angel\\Desktop\\Nutrijournal_ionic\\nutrijournal\\backend\\node_modules\\body-p
arser\\lib\\node_modules","C:\\Users\\angel\\Desktop\\Nutrijournal_ionic\\nutrijournal
\\backend\\node_modules\\body-parser\\node_modules","C:\\Users\\angel\\Desktop\\Nutrij
ournal_ionic\\nutrijournal\\backend\\node_modules","C:\\Users\\angel\\Desktop\\Nutrijo
urnal_ionic\\nutrijournal\\node_modules","C:\\Users\\angel\\Desktop\\Nutrijournal_ioni
c\\node_modules","C:\\Users\\angel\\Desktop\\node_modules","C:\\Users\\angel\\node_mod
ules","C:\\Users\\node_modules","C:\\node_modules","C:\\Users\\angel\\.node_modules","
C:\\Users\\angel\\.node_libraries","C:\\Program Files\\nodejs\\lib\\node"]
MODULE 8392: Module._load REQUEST debug parent: C:\Users\angel\Desktop\Nutrijournal_io
nic\nutrijournal\backend\node_modules\body-parser\lib\types\urlencoded.js
MODULE 8392: looking for "debug" in ["C:\\Users\\angel\\Desktop\\Nutrijournal_ionic\\n
utrijournal\\backend\\node_modules\\body-parser\\lib\\types\\node_modules","C:\\Users\
\angel\\Desktop\\Nutrijournal_ionic\\nutrijournal\\backend\\node_modules\\body-parser\
\lib\\node_modules","C:\\Users\\angel\\Desktop\\Nutrijournal_ionic\\nutrijournal\\back
end\\node_modules\\body-parser\\node_modules","C:\\Users\\angel\\Desktop\\Nutrijournal
_ionic\\nutrijournal\\backend\\node_modules","C:\\Users\\angel\\Desktop\\Nutrijournal_
ionic\\nutrijournal\\node_modules","C:\\Users\\angel\\Desktop\\Nutrijournal_ionic\\nod
e_modules","C:\\Users\\angel\\Desktop\\node_modules","C:\\Users\\angel\\node_modules",
"C:\\Users\\node_modules","C:\\node_modules","C:\\Users\\angel\\.node_modules","C:\\Us
ers\\angel\\.node_libraries","C:\\Program Files\\nodejs\\lib\\node"]
MODULE 8392: Module._load REQUEST depd parent: C:\Users\angel\Desktop\Nutrijournal_ion
ic\nutrijournal\backend\node_modules\body-parser\lib\types\urlencoded.js
MODULE 8392: looking for "depd" in ["C:\\Users\\angel\\Desktop\\Nutrijournal_ionic\\nu
trijournal\\backend\\node_modules\\body-parser\\lib\\types\\node_modules","C:\\Users\\
angel\\Desktop\\Nutrijournal_ionic\\nutrijournal\\backend\\node_modules\\body-parser\\
lib\\node_modules","C:\\Users\\angel\\Desktop\\Nutrijournal_ionic\\nutrijournal\\backe
nd\\node_modules\\body-parser\\node_modules","C:\\Users\\angel\\Desktop\\Nutrijournal_
ionic\\nutrijournal\\backend\\node_modules","C:\\Users\\angel\\Desktop\\Nutrijournal_i
onic\\nutrijournal\\node_modules","C:\\Users\\angel\\Desktop\\Nutrijournal_ionic\\node
_modules","C:\\Users\\angel\\Desktop\\node_modules","C:\\Users\\angel\\node_modules","
C:\\Users\\node_modules","C:\\node_modules","C:\\Users\\angel\\.node_modules","C:\\Use
rs\\angel\\.node_libraries","C:\\Program Files\\nodejs\\lib\\node"]
MODULE 8392: Module._load REQUEST ../read parent: C:\Users\angel\Desktop\Nutrijournal_
ionic\nutrijournal\backend\node_modules\body-parser\lib\types\urlencoded.js
MODULE 8392: Module._load REQUEST type-is parent: C:\Users\angel\Desktop\Nutrijournal_
ionic\nutrijournal\backend\node_modules\body-parser\lib\types\urlencoded.js
MODULE 8392: looking for "type-is" in ["C:\\Users\\angel\\Desktop\\Nutrijournal_ionic\
\nutrijournal\\backend\\node_modules\\body-parser\\lib\\types\\node_modules","C:\\User
s\\angel\\Desktop\\Nutrijournal_ionic\\nutrijournal\\backend\\node_modules\\body-parse
r\\lib\\node_modules","C:\\Users\\angel\\Desktop\\Nutrijournal_ionic\\nutrijournal\\ba
ckend\\node_modules\\body-parser\\node_modules","C:\\Users\\angel\\Desktop\\Nutrijourn
al_ionic\\nutrijournal\\backend\\node_modules","C:\\Users\\angel\\Desktop\\Nutrijourna
l_ionic\\nutrijournal\\node_modules","C:\\Users\\angel\\Desktop\\Nutrijournal_ionic\\n
ode_modules","C:\\Users\\angel\\Desktop\\node_modules","C:\\Users\\angel\\node_modules
","C:\\Users\\node_modules","C:\\node_modules","C:\\Users\\angel\\.node_modules","C:\\
Users\\angel\\.node_libraries","C:\\Program Files\\nodejs\\lib\\node"]
MODULE 8392: Module._load REQUEST cors parent: .
MODULE 8392: looking for "cors" in ["C:\\Users\\angel\\Desktop\\Nutrijournal_ionic\\nu
trijournal\\backend\\src\\node_modules","C:\\Users\\angel\\Desktop\\Nutrijournal_ionic
\\nutrijournal\\backend\\node_modules","C:\\Users\\angel\\Desktop\\Nutrijournal_ionic\
\nutrijournal\\node_modules","C:\\Users\\angel\\Desktop\\Nutrijournal_ionic\\node_modu
les","C:\\Users\\angel\\Desktop\\node_modules","C:\\Users\\angel\\node_modules","C:\\U
sers\\node_modules","C:\\node_modules","C:\\Users\\angel\\.node_modules","C:\\Users\\a
ngel\\.node_libraries","C:\\Program Files\\nodejs\\lib\\node"]
MODULE 8392: load "C:\\Users\\angel\\Desktop\\Nutrijournal_ionic\\nutrijournal\\backen
d\\node_modules\\cors\\lib\\index.js" for module "C:\\Users\\angel\\Desktop\\Nutrijour
nal_ionic\\nutrijournal\\backend\\node_modules\\cors\\lib\\index.js"
MODULE 8392: Module._load REQUEST object-assign parent: C:\Users\angel\Desktop\Nutrijo
urnal_ionic\nutrijournal\backend\node_modules\cors\lib\index.js
MODULE 8392: looking for "object-assign" in ["C:\\Users\\angel\\Desktop\\Nutrijournal_
ionic\\nutrijournal\\backend\\node_modules\\cors\\lib\\node_modules","C:\\Users\\angel
\\Desktop\\Nutrijournal_ionic\\nutrijournal\\backend\\node_modules\\cors\\node_modules
","C:\\Users\\angel\\Desktop\\Nutrijournal_ionic\\nutrijournal\\backend\\node_modules"
,"C:\\Users\\angel\\Desktop\\Nutrijournal_ionic\\nutrijournal\\node_modules","C:\\User
s\\angel\\Desktop\\Nutrijournal_ionic\\node_modules","C:\\Users\\angel\\Desktop\\node_
modules","C:\\Users\\angel\\node_modules","C:\\Users\\node_modules","C:\\node_modules"
,"C:\\Users\\angel\\.node_modules","C:\\Users\\angel\\.node_libraries","C:\\Program 
Files\\nodejs\\lib\\node"]
MODULE 8392: load "C:\\Users\\angel\\Desktop\\Nutrijournal_ionic\\nutrijournal\\backen
d\\node_modules\\object-assign\\index.js" for module "C:\\Users\\angel\\Desktop\\Nutri
journal_ionic\\nutrijournal\\backend\\node_modules\\object-assign\\index.js"
MODULE 8392: Module._load REQUEST vary parent: C:\Users\angel\Desktop\Nutrijournal_ion
ic\nutrijournal\backend\node_modules\cors\lib\index.js
MODULE 8392: looking for "vary" in ["C:\\Users\\angel\\Desktop\\Nutrijournal_ionic\\nu
trijournal\\backend\\node_modules\\cors\\lib\\node_modules","C:\\Users\\angel\\Desktop
\\Nutrijournal_ionic\\nutrijournal\\backend\\node_modules\\cors\\node_modules","C:\\Us
ers\\angel\\Desktop\\Nutrijournal_ionic\\nutrijournal\\backend\\node_modules","C:\\Use
rs\\angel\\Desktop\\Nutrijournal_ionic\\nutrijournal\\node_modules","C:\\Users\\angel\
\Desktop\\Nutrijournal_ionic\\node_modules","C:\\Users\\angel\\Desktop\\node_modules",
"C:\\Users\\angel\\node_modules","C:\\Users\\node_modules","C:\\node_modules","C:\\Use
rs\\angel\\.node_modules","C:\\Users\\angel\\.node_libraries","C:\\Program 
Files\\nodejs\\lib\\node"]
MODULE 8392: Module._load REQUEST helmet parent: .
MODULE 8392: looking for "helmet" in ["C:\\Users\\angel\\Desktop\\Nutrijournal_ionic\\
nutrijournal\\backend\\src\\node_modules","C:\\Users\\angel\\Desktop\\Nutrijournal_ion
ic\\nutrijournal\\backend\\node_modules","C:\\Users\\angel\\Desktop\\Nutrijournal_ioni
c\\nutrijournal\\node_modules","C:\\Users\\angel\\Desktop\\Nutrijournal_ionic\\node_mo
dules","C:\\Users\\angel\\Desktop\\node_modules","C:\\Users\\angel\\node_modules","C:\
\Users\\node_modules","C:\\node_modules","C:\\Users\\angel\\.node_modules","C:\\Users\
\angel\\.node_libraries","C:\\Program Files\\nodejs\\lib\\node"]
MODULE 8392: load "C:\\Users\\angel\\Desktop\\Nutrijournal_ionic\\nutrijournal\\backen
d\\node_modules\\helmet\\index.cjs" for module "C:\\Users\\angel\\Desktop\\Nutrijourna
l_ionic\\nutrijournal\\backend\\node_modules\\helmet\\index.cjs"
MODULE 8392: Module._load REQUEST path parent: .
MODULE 8392: load built-in module path
MODULE 8392: Module._load REQUEST fs parent: .
MODULE 8392: load built-in module fs
MODULE 8392: Module._load REQUEST ./middleware/logging parent: .
MODULE 8392: RELATIVE: requested: ./middleware/logging from parent.id .
MODULE 8392: looking for 
["C:\\Users\\angel\\Desktop\\Nutrijournal_ionic\\nutrijournal\\backend\\src"]
MODULE 8392: load "C:\\Users\\angel\\Desktop\\Nutrijournal_ionic\\nutrijournal\\backen
d\\src\\middleware\\logging.js" for module "C:\\Users\\angel\\Desktop\\Nutrijournal_io
nic\\nutrijournal\\backend\\src\\middleware\\logging.js"
MODULE 8392: Module._load REQUEST fs parent: C:\Users\angel\Desktop\Nutrijournal_ionic
\nutrijournal\backend\src\middleware\logging.js
MODULE 8392: load built-in module fs
MODULE 8392: Module._load REQUEST path parent: C:\Users\angel\Desktop\Nutrijournal_ion
ic\nutrijournal\backend\src\middleware\logging.js
MODULE 8392: load built-in module path
MODULE 8392: Module._load REQUEST ./config/environment parent: .
MODULE 8392: RELATIVE: requested: ./config/environment from parent.id .
MODULE 8392: looking for 
["C:\\Users\\angel\\Desktop\\Nutrijournal_ionic\\nutrijournal\\backend\\src"]
MODULE 8392: load "C:\\Users\\angel\\Desktop\\Nutrijournal_ionic\\nutrijournal\\backen
d\\src\\config\\environment.js" for module "C:\\Users\\angel\\Desktop\\Nutrijournal_io
nic\\nutrijournal\\backend\\src\\config\\environment.js"
MODULE 8392: Module._load REQUEST dotenv parent: C:\Users\angel\Desktop\Nutrijournal_i
onic\nutrijournal\backend\src\config\environment.js
MODULE 8392: looking for "dotenv" in ["C:\\Users\\angel\\Desktop\\Nutrijournal_ionic\\
nutrijournal\\backend\\src\\config\\node_modules","C:\\Users\\angel\\Desktop\\Nutrijou
rnal_ionic\\nutrijournal\\backend\\src\\node_modules","C:\\Users\\angel\\Desktop\\Nutr
ijournal_ionic\\nutrijournal\\backend\\node_modules","C:\\Users\\angel\\Desktop\\Nutri
journal_ionic\\nutrijournal\\node_modules","C:\\Users\\angel\\Desktop\\Nutrijournal_io
nic\\node_modules","C:\\Users\\angel\\Desktop\\node_modules","C:\\Users\\angel\\node_m
odules","C:\\Users\\node_modules","C:\\node_modules","C:\\Users\\angel\\.node_modules"
,"C:\\Users\\angel\\.node_libraries","C:\\Program Files\\nodejs\\lib\\node"]
MODULE 8392: Module._load REQUEST ./config/database parent: .
MODULE 8392: RELATIVE: requested: ./config/database from parent.id .
MODULE 8392: looking for 
["C:\\Users\\angel\\Desktop\\Nutrijournal_ionic\\nutrijournal\\backend\\src"]
MODULE 8392: load "C:\\Users\\angel\\Desktop\\Nutrijournal_ionic\\nutrijournal\\backen
d\\src\\config\\database.js" for module "C:\\Users\\angel\\Desktop\\Nutrijournal_ionic
\\nutrijournal\\backend\\src\\config\\database.js"
MODULE 8392: Module._load REQUEST sqlite3 parent: 
C:\Users\angel\Desktop\Nutrijournal_ionic\nutrijournal\backend\src\config\database.js
MODULE 8392: looking for "sqlite3" in ["C:\\Users\\angel\\Desktop\\Nutrijournal_ionic\
\nutrijournal\\backend\\src\\config\\node_modules","C:\\Users\\angel\\Desktop\\Nutrijo
urnal_ionic\\nutrijournal\\backend\\src\\node_modules","C:\\Users\\angel\\Desktop\\Nut
rijournal_ionic\\nutrijournal\\backend\\node_modules","C:\\Users\\angel\\Desktop\\Nutr
ijournal_ionic\\nutrijournal\\node_modules","C:\\Users\\angel\\Desktop\\Nutrijournal_i
onic\\node_modules","C:\\Users\\angel\\Desktop\\node_modules","C:\\Users\\angel\\node_
modules","C:\\Users\\node_modules","C:\\node_modules","C:\\Users\\angel\\.node_modules
","C:\\Users\\angel\\.node_libraries","C:\\Program Files\\nodejs\\lib\\node"]
MODULE 8392: load "C:\\Users\\angel\\Desktop\\Nutrijournal_ionic\\nutrijournal\\backen
d\\node_modules\\sqlite3\\lib\\sqlite3.js" for module "C:\\Users\\angel\\Desktop\\Nutr
ijournal_ionic\\nutrijournal\\backend\\node_modules\\sqlite3\\lib\\sqlite3.js"
MODULE 8392: Module._load REQUEST path parent: C:\Users\angel\Desktop\Nutrijournal_ion
ic\nutrijournal\backend\node_modules\sqlite3\lib\sqlite3.js
MODULE 8392: load built-in module path
MODULE 8392: Module._load REQUEST ./sqlite3-binding.js parent: C:\Users\angel\Desktop\
Nutrijournal_ionic\nutrijournal\backend\node_modules\sqlite3\lib\sqlite3.js
MODULE 8392: RELATIVE: requested: ./sqlite3-binding.js from parent.id C:\Users\angel\D
esktop\Nutrijournal_ionic\nutrijournal\backend\node_modules\sqlite3\lib\sqlite3.js
MODULE 8392: looking for ["C:\\Users\\angel\\Desktop\\Nutrijournal_ionic\\nutrijournal
\\backend\\node_modules\\sqlite3\\lib"]
MODULE 8392: load "C:\\Users\\angel\\Desktop\\Nutrijournal_ionic\\nutrijournal\\backen
d\\node_modules\\sqlite3\\lib\\sqlite3-binding.js" for module "C:\\Users\\angel\\Deskt
op\\Nutrijournal_ionic\\nutrijournal\\backend\\node_modules\\sqlite3\\lib\\sqlite3-bin
ding.js"
MODULE 8392: Module._load REQUEST bindings parent: C:\Users\angel\Desktop\Nutrijournal
_ionic\nutrijournal\backend\node_modules\sqlite3\lib\sqlite3-binding.js
MODULE 8392: looking for "bindings" in ["C:\\Users\\angel\\Desktop\\Nutrijournal_ionic
\\nutrijournal\\backend\\node_modules\\sqlite3\\lib\\node_modules","C:\\Users\\angel\\
Desktop\\Nutrijournal_ionic\\nutrijournal\\backend\\node_modules\\sqlite3\\node_module
s","C:\\Users\\angel\\Desktop\\Nutrijournal_ionic\\nutrijournal\\backend\\node_modules
","C:\\Users\\angel\\Desktop\\Nutrijournal_ionic\\nutrijournal\\node_modules","C:\\Use
rs\\angel\\Desktop\\Nutrijournal_ionic\\node_modules","C:\\Users\\angel\\Desktop\\node
_modules","C:\\Users\\angel\\node_modules","C:\\Users\\node_modules","C:\\node_modules
","C:\\Users\\angel\\.node_modules","C:\\Users\\angel\\.node_libraries","C:\\Program 
Files\\nodejs\\lib\\node"]
MODULE 8392: load "C:\\Users\\angel\\Desktop\\Nutrijournal_ionic\\nutrijournal\\backen
d\\node_modules\\bindings\\bindings.js" for module "C:\\Users\\angel\\Desktop\\Nutrijo
urnal_ionic\\nutrijournal\\backend\\node_modules\\bindings\\bindings.js"
MODULE 8392: Module._load REQUEST fs parent: C:\Users\angel\Desktop\Nutrijournal_ionic
\nutrijournal\backend\node_modules\bindings\bindings.js
MODULE 8392: load built-in module fs
MODULE 8392: Module._load REQUEST path parent: C:\Users\angel\Desktop\Nutrijournal_ion
ic\nutrijournal\backend\node_modules\bindings\bindings.js
MODULE 8392: load built-in module path
MODULE 8392: Module._load REQUEST file-uri-to-path parent: C:\Users\angel\Desktop\Nutr
ijournal_ionic\nutrijournal\backend\node_modules\bindings\bindings.js
MODULE 8392: looking for "file-uri-to-path" in ["C:\\Users\\angel\\Desktop\\Nutrijourn
al_ionic\\nutrijournal\\backend\\node_modules\\bindings\\node_modules","C:\\Users\\ang
el\\Desktop\\Nutrijournal_ionic\\nutrijournal\\backend\\node_modules","C:\\Users\\ange
l\\Desktop\\Nutrijournal_ionic\\nutrijournal\\node_modules","C:\\Users\\angel\\Desktop
\\Nutrijournal_ionic\\node_modules","C:\\Users\\angel\\Desktop\\node_modules","C:\\Use
rs\\angel\\node_modules","C:\\Users\\node_modules","C:\\node_modules","C:\\Users\\ange
l\\.node_modules","C:\\Users\\angel\\.node_libraries","C:\\Program 
Files\\nodejs\\lib\\node"]
MODULE 8392: load "C:\\Users\\angel\\Desktop\\Nutrijournal_ionic\\nutrijournal\\backen
d\\node_modules\\file-uri-to-path\\index.js" for module "C:\\Users\\angel\\Desktop\\Nu
trijournal_ionic\\nutrijournal\\backend\\node_modules\\file-uri-to-path\\index.js"
MODULE 8392: Module._load REQUEST path parent: C:\Users\angel\Desktop\Nutrijournal_ion
ic\nutrijournal\backend\node_modules\file-uri-to-path\index.js
MODULE 8392: load built-in module path
MODULE 8392: Module._load REQUEST C:\Users\angel\Desktop\Nutrijournal_ionic\nutrijourn
al\backend\node_modules\sqlite3\build\node_sqlite3.node parent: C:\Users\angel\Desktop
\Nutrijournal_ionic\nutrijournal\backend\node_modules\bindings\bindings.js
MODULE 8392: looking for "C:\\Users\\angel\\Desktop\\Nutrijournal_ionic\\nutrijournal\
\backend\\node_modules\\sqlite3\\build\\node_sqlite3.node" in ["C:\\Users\\angel\\Desk
top\\Nutrijournal_ionic\\nutrijournal\\backend\\node_modules\\bindings\\node_modules",
"C:\\Users\\angel\\Desktop\\Nutrijournal_ionic\\nutrijournal\\backend\\node_modules","
C:\\Users\\angel\\Desktop\\Nutrijournal_ionic\\nutrijournal\\node_modules","C:\\Users\
\angel\\Desktop\\Nutrijournal_ionic\\node_modules","C:\\Users\\angel\\Desktop\\node_mo
dules","C:\\Users\\angel\\node_modules","C:\\Users\\node_modules","C:\\node_modules","
C:\\Users\\angel\\.node_modules","C:\\Users\\angel\\.node_libraries","C:\\Program 
Files\\nodejs\\lib\\node"]
MODULE 8392: Module._load REQUEST C:\Users\angel\Desktop\Nutrijournal_ionic\nutrijourn
al\backend\node_modules\sqlite3\build\Debug\node_sqlite3.node parent: C:\Users\angel\D
esktop\Nutrijournal_ionic\nutrijournal\backend\node_modules\bindings\bindings.js
MODULE 8392: looking for "C:\\Users\\angel\\Desktop\\Nutrijournal_ionic\\nutrijournal\
\backend\\node_modules\\sqlite3\\build\\Debug\\node_sqlite3.node" in ["C:\\Users\\ange
l\\Desktop\\Nutrijournal_ionic\\nutrijournal\\backend\\node_modules\\bindings\\node_mo
dules","C:\\Users\\angel\\Desktop\\Nutrijournal_ionic\\nutrijournal\\backend\\node_mod
ules","C:\\Users\\angel\\Desktop\\Nutrijournal_ionic\\nutrijournal\\node_modules","C:\
\Users\\angel\\Desktop\\Nutrijournal_ionic\\node_modules","C:\\Users\\angel\\Desktop\\
node_modules","C:\\Users\\angel\\node_modules","C:\\Users\\node_modules","C:\\node_mod
ules","C:\\Users\\angel\\.node_modules","C:\\Users\\angel\\.node_libraries","C:\\Progr
am Files\\nodejs\\lib\\node"]
MODULE 8392: Module._load REQUEST C:\Users\angel\Desktop\Nutrijournal_ionic\nutrijourn
al\backend\node_modules\sqlite3\build\Release\node_sqlite3.node parent: C:\Users\angel
\Desktop\Nutrijournal_ionic\nutrijournal\backend\node_modules\bindings\bindings.js
MODULE 8392: looking for "C:\\Users\\angel\\Desktop\\Nutrijournal_ionic\\nutrijournal\
\backend\\node_modules\\sqlite3\\build\\Release\\node_sqlite3.node" in ["C:\\Users\\an
gel\\Desktop\\Nutrijournal_ionic\\nutrijournal\\backend\\node_modules\\bindings\\node_
modules","C:\\Users\\angel\\Desktop\\Nutrijournal_ionic\\nutrijournal\\backend\\node_m
odules","C:\\Users\\angel\\Desktop\\Nutrijournal_ionic\\nutrijournal\\node_modules","C
:\\Users\\angel\\Desktop\\Nutrijournal_ionic\\node_modules","C:\\Users\\angel\\Desktop
\\node_modules","C:\\Users\\angel\\node_modules","C:\\Users\\node_modules","C:\\node_m
odules","C:\\Users\\angel\\.node_modules","C:\\Users\\angel\\.node_libraries","C:\\Pro
gram Files\\nodejs\\lib\\node"]
MODULE 8392: load "C:\\Users\\angel\\Desktop\\Nutrijournal_ionic\\nutrijournal\\backen
d\\node_modules\\sqlite3\\build\\Release\\node_sqlite3.node" for module "C:\\Users\\an
gel\\Desktop\\Nutrijournal_ionic\\nutrijournal\\backend\\node_modules\\sqlite3\\build\
\Release\\node_sqlite3.node"
MODULE 8392: Module._load REQUEST events parent: C:\Users\angel\Desktop\Nutrijournal_i
onic\nutrijournal\backend\node_modules\sqlite3\lib\sqlite3.js
MODULE 8392: load built-in module events
MODULE 8392: Module._load REQUEST ./trace parent: C:\Users\angel\Desktop\Nutrijournal_
ionic\nutrijournal\backend\node_modules\sqlite3\lib\sqlite3.js
MODULE 8392: RELATIVE: requested: ./trace from parent.id C:\Users\angel\Desktop\Nutrij
ournal_ionic\nutrijournal\backend\node_modules\sqlite3\lib\sqlite3.js
MODULE 8392: looking for ["C:\\Users\\angel\\Desktop\\Nutrijournal_ionic\\nutrijournal
\\backend\\node_modules\\sqlite3\\lib"]
MODULE 8392: load "C:\\Users\\angel\\Desktop\\Nutrijournal_ionic\\nutrijournal\\backen
d\\node_modules\\sqlite3\\lib\\trace.js" for module "C:\\Users\\angel\\Desktop\\Nutrij
ournal_ionic\\nutrijournal\\backend\\node_modules\\sqlite3\\lib\\trace.js"
MODULE 8392: Module._load REQUEST util parent: C:\Users\angel\Desktop\Nutrijournal_ion
ic\nutrijournal\backend\node_modules\sqlite3\lib\trace.js
MODULE 8392: load built-in module util
MODULE 8392: Module._load REQUEST path parent: 
C:\Users\angel\Desktop\Nutrijournal_ionic\nutrijournal\backend\src\config\database.js
MODULE 8392: load built-in module path
MODULE 8392: Module._load REQUEST fs parent: 
C:\Users\angel\Desktop\Nutrijournal_ionic\nutrijournal\backend\src\config\database.js
MODULE 8392: load built-in module fs
MODULE 8392: Module._load REQUEST ./environment parent: 
C:\Users\angel\Desktop\Nutrijournal_ionic\nutrijournal\backend\src\config\database.js
MODULE 8392: RELATIVE: requested: ./environment from parent.id 
C:\Users\angel\Desktop\Nutrijournal_ionic\nutrijournal\backend\src\config\database.js
MODULE 8392: looking for 
["C:\\Users\\angel\\Desktop\\Nutrijournal_ionic\\nutrijournal\\backend\\src\\config"]
MODULE 8392: Module._load REQUEST ./config/email parent: .
MODULE 8392: RELATIVE: requested: ./config/email from parent.id .
MODULE 8392: looking for 
["C:\\Users\\angel\\Desktop\\Nutrijournal_ionic\\nutrijournal\\backend\\src"]
MODULE 8392: load "C:\\Users\\angel\\Desktop\\Nutrijournal_ionic\\nutrijournal\\backen
d\\src\\config\\email.js" for module "C:\\Users\\angel\\Desktop\\Nutrijournal_ionic\\n
utrijournal\\backend\\src\\config\\email.js"
MODULE 8392: Module._load REQUEST nodemailer parent: 
C:\Users\angel\Desktop\Nutrijournal_ionic\nutrijournal\backend\src\config\email.js
MODULE 8392: looking for "nodemailer" in ["C:\\Users\\angel\\Desktop\\Nutrijournal_ion
ic\\nutrijournal\\backend\\src\\config\\node_modules","C:\\Users\\angel\\Desktop\\Nutr
ijournal_ionic\\nutrijournal\\backend\\src\\node_modules","C:\\Users\\angel\\Desktop\\
Nutrijournal_ionic\\nutrijournal\\backend\\node_modules","C:\\Users\\angel\\Desktop\\N
utrijournal_ionic\\nutrijournal\\node_modules","C:\\Users\\angel\\Desktop\\Nutrijourna
l_ionic\\node_modules","C:\\Users\\angel\\Desktop\\node_modules","C:\\Users\\angel\\no
de_modules","C:\\Users\\node_modules","C:\\node_modules","C:\\Users\\angel\\.node_modu
les","C:\\Users\\angel\\.node_libraries","C:\\Program Files\\nodejs\\lib\\node"]
MODULE 8392: load "C:\\Users\\angel\\Desktop\\Nutrijournal_ionic\\nutrijournal\\backen
d\\node_modules\\nodemailer\\lib\\nodemailer.js" for module "C:\\Users\\angel\\Desktop
\\Nutrijournal_ionic\\nutrijournal\\backend\\node_modules\\nodemailer\\lib\\nodemailer
.js"
MODULE 8392: Module._load REQUEST ./mailer parent: C:\Users\angel\Desktop\Nutrijournal
_ionic\nutrijournal\backend\node_modules\nodemailer\lib\nodemailer.js
MODULE 8392: RELATIVE: requested: ./mailer from parent.id C:\Users\angel\Desktop\Nutri
journal_ionic\nutrijournal\backend\node_modules\nodemailer\lib\nodemailer.js
MODULE 8392: looking for ["C:\\Users\\angel\\Desktop\\Nutrijournal_ionic\\nutrijournal
\\backend\\node_modules\\nodemailer\\lib"]
MODULE 8392: load "C:\\Users\\angel\\Desktop\\Nutrijournal_ionic\\nutrijournal\\backen
d\\node_modules\\nodemailer\\lib\\mailer\\index.js" for module "C:\\Users\\angel\\Desk
top\\Nutrijournal_ionic\\nutrijournal\\backend\\node_modules\\nodemailer\\lib\\mailer\
\index.js"
MODULE 8392: Module._load REQUEST events parent: C:\Users\angel\Desktop\Nutrijournal_i
onic\nutrijournal\backend\node_modules\nodemailer\lib\mailer\index.js
MODULE 8392: load built-in module events
MODULE 8392: Module._load REQUEST ../shared parent: C:\Users\angel\Desktop\Nutrijourna
l_ionic\nutrijournal\backend\node_modules\nodemailer\lib\mailer\index.js
MODULE 8392: RELATIVE: requested: ../shared from parent.id C:\Users\angel\Desktop\Nutr
ijournal_ionic\nutrijournal\backend\node_modules\nodemailer\lib\mailer\index.js
MODULE 8392: looking for ["C:\\Users\\angel\\Desktop\\Nutrijournal_ionic\\nutrijournal
\\backend\\node_modules\\nodemailer\\lib\\mailer"]
MODULE 8392: load "C:\\Users\\angel\\Desktop\\Nutrijournal_ionic\\nutrijournal\\backen
d\\node_modules\\nodemailer\\lib\\shared\\index.js" for module "C:\\Users\\angel\\Desk
top\\Nutrijournal_ionic\\nutrijournal\\backend\\node_modules\\nodemailer\\lib\\shared\
\index.js"
MODULE 8392: Module._load REQUEST url parent: C:\Users\angel\Desktop\Nutrijournal_ioni
c\nutrijournal\backend\node_modules\nodemailer\lib\shared\index.js
MODULE 8392: load built-in module url
MODULE 8392: Module._load REQUEST util parent: C:\Users\angel\Desktop\Nutrijournal_ion
ic\nutrijournal\backend\node_modules\nodemailer\lib\shared\index.js
MODULE 8392: load built-in module util
MODULE 8392: Module._load REQUEST fs parent: C:\Users\angel\Desktop\Nutrijournal_ionic
\nutrijournal\backend\node_modules\nodemailer\lib\shared\index.js
MODULE 8392: load built-in module fs
MODULE 8392: Module._load REQUEST ../fetch parent: C:\Users\angel\Desktop\Nutrijournal
_ionic\nutrijournal\backend\node_modules\nodemailer\lib\shared\index.js
MODULE 8392: RELATIVE: requested: ../fetch from parent.id C:\Users\angel\Desktop\Nutri
journal_ionic\nutrijournal\backend\node_modules\nodemailer\lib\shared\index.js
MODULE 8392: looking for ["C:\\Users\\angel\\Desktop\\Nutrijournal_ionic\\nutrijournal
\\backend\\node_modules\\nodemailer\\lib\\shared"]
MODULE 8392: load "C:\\Users\\angel\\Desktop\\Nutrijournal_ionic\\nutrijournal\\backen
d\\node_modules\\nodemailer\\lib\\fetch\\index.js" for module "C:\\Users\\angel\\Deskt
op\\Nutrijournal_ionic\\nutrijournal\\backend\\node_modules\\nodemailer\\lib\\fetch\\i
ndex.js"
MODULE 8392: Module._load REQUEST http parent: C:\Users\angel\Desktop\Nutrijournal_ion
ic\nutrijournal\backend\node_modules\nodemailer\lib\fetch\index.js
MODULE 8392: load built-in module http
MODULE 8392: Module._load REQUEST https parent: C:\Users\angel\Desktop\Nutrijournal_io
nic\nutrijournal\backend\node_modules\nodemailer\lib\fetch\index.js
MODULE 8392: load built-in module https
MODULE 8392: Module._load REQUEST url parent: C:\Users\angel\Desktop\Nutrijournal_ioni
c\nutrijournal\backend\node_modules\nodemailer\lib\fetch\index.js
MODULE 8392: load built-in module url
MODULE 8392: Module._load REQUEST zlib parent: C:\Users\angel\Desktop\Nutrijournal_ion
ic\nutrijournal\backend\node_modules\nodemailer\lib\fetch\index.js
MODULE 8392: load built-in module zlib
MODULE 8392: Module._load REQUEST stream parent: C:\Users\angel\Desktop\Nutrijournal_i
onic\nutrijournal\backend\node_modules\nodemailer\lib\fetch\index.js
MODULE 8392: load built-in module stream
MODULE 8392: Module._load REQUEST ./cookies parent: C:\Users\angel\Desktop\Nutrijourna
l_ionic\nutrijournal\backend\node_modules\nodemailer\lib\fetch\index.js
MODULE 8392: RELATIVE: requested: ./cookies from parent.id C:\Users\angel\Desktop\Nutr
ijournal_ionic\nutrijournal\backend\node_modules\nodemailer\lib\fetch\index.js
MODULE 8392: looking for ["C:\\Users\\angel\\Desktop\\Nutrijournal_ionic\\nutrijournal
\\backend\\node_modules\\nodemailer\\lib\\fetch"]
MODULE 8392: load "C:\\Users\\angel\\Desktop\\Nutrijournal_ionic\\nutrijournal\\backen
d\\node_modules\\nodemailer\\lib\\fetch\\cookies.js" for module "C:\\Users\\angel\\Des
ktop\\Nutrijournal_ionic\\nutrijournal\\backend\\node_modules\\nodemailer\\lib\\fetch\
\cookies.js"
MODULE 8392: Module._load REQUEST url parent: C:\Users\angel\Desktop\Nutrijournal_ioni
c\nutrijournal\backend\node_modules\nodemailer\lib\fetch\cookies.js
MODULE 8392: load built-in module url
MODULE 8392: Module._load REQUEST ../../package.json parent: C:\Users\angel\Desktop\Nu
trijournal_ionic\nutrijournal\backend\node_modules\nodemailer\lib\fetch\index.js
MODULE 8392: RELATIVE: requested: ../../package.json from parent.id C:\Users\angel\Des
ktop\Nutrijournal_ionic\nutrijournal\backend\node_modules\nodemailer\lib\fetch\index.j
s
MODULE 8392: looking for ["C:\\Users\\angel\\Desktop\\Nutrijournal_ionic\\nutrijournal
\\backend\\node_modules\\nodemailer\\lib\\fetch"]
MODULE 8392: load "C:\\Users\\angel\\Desktop\\Nutrijournal_ionic\\nutrijournal\\backen
d\\node_modules\\nodemailer\\package.json" for module "C:\\Users\\angel\\Desktop\\Nutr
ijournal_ionic\\nutrijournal\\backend\\node_modules\\nodemailer\\package.json"
MODULE 8392: Module._load REQUEST net parent: C:\Users\angel\Desktop\Nutrijournal_ioni
c\nutrijournal\backend\node_modules\nodemailer\lib\fetch\index.js
MODULE 8392: load built-in module net
MODULE 8392: Module._load REQUEST dns parent: C:\Users\angel\Desktop\Nutrijournal_ioni
c\nutrijournal\backend\node_modules\nodemailer\lib\shared\index.js
MODULE 8392: load built-in module dns
MODULE 8392: Module._load REQUEST net parent: C:\Users\angel\Desktop\Nutrijournal_ioni
c\nutrijournal\backend\node_modules\nodemailer\lib\shared\index.js
MODULE 8392: load built-in module net
MODULE 8392: Module._load REQUEST os parent: C:\Users\angel\Desktop\Nutrijournal_ionic
\nutrijournal\backend\node_modules\nodemailer\lib\shared\index.js
MODULE 8392: load built-in module os
MODULE 8392: Module._load REQUEST ../mime-funcs/mime-types parent: C:\Users\angel\Desk
top\Nutrijournal_ionic\nutrijournal\backend\node_modules\nodemailer\lib\mailer\index.j
s
MODULE 8392: RELATIVE: requested: ../mime-funcs/mime-types from parent.id C:\Users\ang
el\Desktop\Nutrijournal_ionic\nutrijournal\backend\node_modules\nodemailer\lib\mailer\
index.js
MODULE 8392: looking for ["C:\\Users\\angel\\Desktop\\Nutrijournal_ionic\\nutrijournal
\\backend\\node_modules\\nodemailer\\lib\\mailer"]
MODULE 8392: load "C:\\Users\\angel\\Desktop\\Nutrijournal_ionic\\nutrijournal\\backen
d\\node_modules\\nodemailer\\lib\\mime-funcs\\mime-types.js" for module "C:\\Users\\an
gel\\Desktop\\Nutrijournal_ionic\\nutrijournal\\backend\\node_modules\\nodemailer\\lib
\\mime-funcs\\mime-types.js"
MODULE 8392: Module._load REQUEST path parent: C:\Users\angel\Desktop\Nutrijournal_ion
ic\nutrijournal\backend\node_modules\nodemailer\lib\mime-funcs\mime-types.js
MODULE 8392: load built-in module path
MODULE 8392: Module._load REQUEST ../mail-composer parent: C:\Users\angel\Desktop\Nutr
ijournal_ionic\nutrijournal\backend\node_modules\nodemailer\lib\mailer\index.js
MODULE 8392: RELATIVE: requested: ../mail-composer from parent.id C:\Users\angel\Deskt
op\Nutrijournal_ionic\nutrijournal\backend\node_modules\nodemailer\lib\mailer\index.js
MODULE 8392: looking for ["C:\\Users\\angel\\Desktop\\Nutrijournal_ionic\\nutrijournal
\\backend\\node_modules\\nodemailer\\lib\\mailer"]
MODULE 8392: load "C:\\Users\\angel\\Desktop\\Nutrijournal_ionic\\nutrijournal\\backen
d\\node_modules\\nodemailer\\lib\\mail-composer\\index.js" for module "C:\\Users\\ange
l\\Desktop\\Nutrijournal_ionic\\nutrijournal\\backend\\node_modules\\nodemailer\\lib\\
mail-composer\\index.js"
MODULE 8392: Module._load REQUEST ../mime-node parent: C:\Users\angel\Desktop\Nutrijou
rnal_ionic\nutrijournal\backend\node_modules\nodemailer\lib\mail-composer\index.js
MODULE 8392: RELATIVE: requested: ../mime-node from parent.id C:\Users\angel\Desktop\N
utrijournal_ionic\nutrijournal\backend\node_modules\nodemailer\lib\mail-composer\index
.js
MODULE 8392: looking for ["C:\\Users\\angel\\Desktop\\Nutrijournal_ionic\\nutrijournal
\\backend\\node_modules\\nodemailer\\lib\\mail-composer"]
MODULE 8392: load "C:\\Users\\angel\\Desktop\\Nutrijournal_ionic\\nutrijournal\\backen
d\\node_modules\\nodemailer\\lib\\mime-node\\index.js" for module "C:\\Users\\angel\\D
esktop\\Nutrijournal_ionic\\nutrijournal\\backend\\node_modules\\nodemailer\\lib\\mime
-node\\index.js"
MODULE 8392: Module._load REQUEST crypto parent: C:\Users\angel\Desktop\Nutrijournal_i
onic\nutrijournal\backend\node_modules\nodemailer\lib\mime-node\index.js
MODULE 8392: load built-in module crypto
MODULE 8392: Module._load REQUEST fs parent: C:\Users\angel\Desktop\Nutrijournal_ionic
\nutrijournal\backend\node_modules\nodemailer\lib\mime-node\index.js
MODULE 8392: load built-in module fs
MODULE 8392: Module._load REQUEST ../punycode parent: C:\Users\angel\Desktop\Nutrijour
nal_ionic\nutrijournal\backend\node_modules\nodemailer\lib\mime-node\index.js
MODULE 8392: RELATIVE: requested: ../punycode from parent.id C:\Users\angel\Desktop\Nu
trijournal_ionic\nutrijournal\backend\node_modules\nodemailer\lib\mime-node\index.js
MODULE 8392: looking for ["C:\\Users\\angel\\Desktop\\Nutrijournal_ionic\\nutrijournal
\\backend\\node_modules\\nodemailer\\lib\\mime-node"]
MODULE 8392: load "C:\\Users\\angel\\Desktop\\Nutrijournal_ionic\\nutrijournal\\backen
d\\node_modules\\nodemailer\\lib\\punycode\\index.js" for module "C:\\Users\\angel\\De
sktop\\Nutrijournal_ionic\\nutrijournal\\backend\\node_modules\\nodemailer\\lib\\punyc
ode\\index.js"
MODULE 8392: Module._load REQUEST stream parent: C:\Users\angel\Desktop\Nutrijournal_i
onic\nutrijournal\backend\node_modules\nodemailer\lib\mime-node\index.js
MODULE 8392: load built-in module stream
MODULE 8392: Module._load REQUEST ../shared parent: C:\Users\angel\Desktop\Nutrijourna
l_ionic\nutrijournal\backend\node_modules\nodemailer\lib\mime-node\index.js
MODULE 8392: RELATIVE: requested: ../shared from parent.id C:\Users\angel\Desktop\Nutr
ijournal_ionic\nutrijournal\backend\node_modules\nodemailer\lib\mime-node\index.js
MODULE 8392: looking for ["C:\\Users\\angel\\Desktop\\Nutrijournal_ionic\\nutrijournal
\\backend\\node_modules\\nodemailer\\lib\\mime-node"]
MODULE 8392: Module._load REQUEST ../mime-funcs parent: C:\Users\angel\Desktop\Nutrijo
urnal_ionic\nutrijournal\backend\node_modules\nodemailer\lib\mime-node\index.js
MODULE 8392: RELATIVE: requested: ../mime-funcs from parent.id C:\Users\angel\Desktop\
Nutrijournal_ionic\nutrijournal\backend\node_modules\nodemailer\lib\mime-node\index.js
MODULE 8392: looking for ["C:\\Users\\angel\\Desktop\\Nutrijournal_ionic\\nutrijournal
\\backend\\node_modules\\nodemailer\\lib\\mime-node"]
MODULE 8392: load "C:\\Users\\angel\\Desktop\\Nutrijournal_ionic\\nutrijournal\\backen
d\\node_modules\\nodemailer\\lib\\mime-funcs\\index.js" for module "C:\\Users\\angel\\
Desktop\\Nutrijournal_ionic\\nutrijournal\\backend\\node_modules\\nodemailer\\lib\\mim
e-funcs\\index.js"
MODULE 8392: Module._load REQUEST ../base64 parent: C:\Users\angel\Desktop\Nutrijourna
l_ionic\nutrijournal\backend\node_modules\nodemailer\lib\mime-funcs\index.js
MODULE 8392: RELATIVE: requested: ../base64 from parent.id C:\Users\angel\Desktop\Nutr
ijournal_ionic\nutrijournal\backend\node_modules\nodemailer\lib\mime-funcs\index.js
MODULE 8392: looking for ["C:\\Users\\angel\\Desktop\\Nutrijournal_ionic\\nutrijournal
\\backend\\node_modules\\nodemailer\\lib\\mime-funcs"]
MODULE 8392: load "C:\\Users\\angel\\Desktop\\Nutrijournal_ionic\\nutrijournal\\backen
d\\node_modules\\nodemailer\\lib\\base64\\index.js" for module "C:\\Users\\angel\\Desk
top\\Nutrijournal_ionic\\nutrijournal\\backend\\node_modules\\nodemailer\\lib\\base64\
\index.js"
MODULE 8392: Module._load REQUEST stream parent: C:\Users\angel\Desktop\Nutrijournal_i
onic\nutrijournal\backend\node_modules\nodemailer\lib\base64\index.js
MODULE 8392: load built-in module stream
MODULE 8392: Module._load REQUEST ../qp parent: C:\Users\angel\Desktop\Nutrijournal_io
nic\nutrijournal\backend\node_modules\nodemailer\lib\mime-funcs\index.js
MODULE 8392: RELATIVE: requested: ../qp from parent.id C:\Users\angel\Desktop\Nutrijou
rnal_ionic\nutrijournal\backend\node_modules\nodemailer\lib\mime-funcs\index.js
MODULE 8392: looking for ["C:\\Users\\angel\\Desktop\\Nutrijournal_ionic\\nutrijournal
\\backend\\node_modules\\nodemailer\\lib\\mime-funcs"]
MODULE 8392: load "C:\\Users\\angel\\Desktop\\Nutrijournal_ionic\\nutrijournal\\backen
d\\node_modules\\nodemailer\\lib\\qp\\index.js" for module "C:\\Users\\angel\\Desktop\
\Nutrijournal_ionic\\nutrijournal\\backend\\node_modules\\nodemailer\\lib\\qp\\index.j
s"
MODULE 8392: Module._load REQUEST stream parent: C:\Users\angel\Desktop\Nutrijournal_i
onic\nutrijournal\backend\node_modules\nodemailer\lib\qp\index.js
MODULE 8392: load built-in module stream
MODULE 8392: Module._load REQUEST ./mime-types parent: C:\Users\angel\Desktop\Nutrijou
rnal_ionic\nutrijournal\backend\node_modules\nodemailer\lib\mime-funcs\index.js
MODULE 8392: RELATIVE: requested: ./mime-types from parent.id C:\Users\angel\Desktop\N
utrijournal_ionic\nutrijournal\backend\node_modules\nodemailer\lib\mime-funcs\index.js
MODULE 8392: looking for ["C:\\Users\\angel\\Desktop\\Nutrijournal_ionic\\nutrijournal
\\backend\\node_modules\\nodemailer\\lib\\mime-funcs"]
MODULE 8392: Module._load REQUEST ../qp parent: C:\Users\angel\Desktop\Nutrijournal_io
nic\nutrijournal\backend\node_modules\nodemailer\lib\mime-node\index.js
MODULE 8392: RELATIVE: requested: ../qp from parent.id C:\Users\angel\Desktop\Nutrijou
rnal_ionic\nutrijournal\backend\node_modules\nodemailer\lib\mime-node\index.js
MODULE 8392: looking for ["C:\\Users\\angel\\Desktop\\Nutrijournal_ionic\\nutrijournal
\\backend\\node_modules\\nodemailer\\lib\\mime-node"]
MODULE 8392: Module._load REQUEST ../base64 parent: C:\Users\angel\Desktop\Nutrijourna
l_ionic\nutrijournal\backend\node_modules\nodemailer\lib\mime-node\index.js
MODULE 8392: RELATIVE: requested: ../base64 from parent.id C:\Users\angel\Desktop\Nutr
ijournal_ionic\nutrijournal\backend\node_modules\nodemailer\lib\mime-node\index.js
MODULE 8392: looking for ["C:\\Users\\angel\\Desktop\\Nutrijournal_ionic\\nutrijournal
\\backend\\node_modules\\nodemailer\\lib\\mime-node"]
MODULE 8392: Module._load REQUEST ../addressparser parent: C:\Users\angel\Desktop\Nutr
ijournal_ionic\nutrijournal\backend\node_modules\nodemailer\lib\mime-node\index.js
MODULE 8392: RELATIVE: requested: ../addressparser from parent.id C:\Users\angel\Deskt
op\Nutrijournal_ionic\nutrijournal\backend\node_modules\nodemailer\lib\mime-node\index
.js
MODULE 8392: looking for ["C:\\Users\\angel\\Desktop\\Nutrijournal_ionic\\nutrijournal
\\backend\\node_modules\\nodemailer\\lib\\mime-node"]
MODULE 8392: load "C:\\Users\\angel\\Desktop\\Nutrijournal_ionic\\nutrijournal\\backen
d\\node_modules\\nodemailer\\lib\\addressparser\\index.js" for module "C:\\Users\\ange
l\\Desktop\\Nutrijournal_ionic\\nutrijournal\\backend\\node_modules\\nodemailer\\lib\\
addressparser\\index.js"
MODULE 8392: Module._load REQUEST ../fetch parent: C:\Users\angel\Desktop\Nutrijournal
_ionic\nutrijournal\backend\node_modules\nodemailer\lib\mime-node\index.js
MODULE 8392: RELATIVE: requested: ../fetch from parent.id C:\Users\angel\Desktop\Nutri
journal_ionic\nutrijournal\backend\node_modules\nodemailer\lib\mime-node\index.js
MODULE 8392: looking for ["C:\\Users\\angel\\Desktop\\Nutrijournal_ionic\\nutrijournal
\\backend\\node_modules\\nodemailer\\lib\\mime-node"]
MODULE 8392: Module._load REQUEST ./last-newline parent: C:\Users\angel\Desktop\Nutrij
ournal_ionic\nutrijournal\backend\node_modules\nodemailer\lib\mime-node\index.js
MODULE 8392: RELATIVE: requested: ./last-newline from parent.id C:\Users\angel\Desktop
\Nutrijournal_ionic\nutrijournal\backend\node_modules\nodemailer\lib\mime-node\index.j
s
MODULE 8392: looking for ["C:\\Users\\angel\\Desktop\\Nutrijournal_ionic\\nutrijournal
\\backend\\node_modules\\nodemailer\\lib\\mime-node"]
MODULE 8392: load "C:\\Users\\angel\\Desktop\\Nutrijournal_ionic\\nutrijournal\\backen
d\\node_modules\\nodemailer\\lib\\mime-node\\last-newline.js" for module "C:\\Users\\a
ngel\\Desktop\\Nutrijournal_ionic\\nutrijournal\\backend\\node_modules\\nodemailer\\li
b\\mime-node\\last-newline.js"
MODULE 8392: Module._load REQUEST stream parent: C:\Users\angel\Desktop\Nutrijournal_i
onic\nutrijournal\backend\node_modules\nodemailer\lib\mime-node\last-newline.js
MODULE 8392: load built-in module stream
MODULE 8392: Module._load REQUEST ./le-windows parent: C:\Users\angel\Desktop\Nutrijou
rnal_ionic\nutrijournal\backend\node_modules\nodemailer\lib\mime-node\index.js
MODULE 8392: RELATIVE: requested: ./le-windows from parent.id C:\Users\angel\Desktop\N
utrijournal_ionic\nutrijournal\backend\node_modules\nodemailer\lib\mime-node\index.js
MODULE 8392: looking for ["C:\\Users\\angel\\Desktop\\Nutrijournal_ionic\\nutrijournal
\\backend\\node_modules\\nodemailer\\lib\\mime-node"]
MODULE 8392: load "C:\\Users\\angel\\Desktop\\Nutrijournal_ionic\\nutrijournal\\backen
d\\node_modules\\nodemailer\\lib\\mime-node\\le-windows.js" for module "C:\\Users\\ang
el\\Desktop\\Nutrijournal_ionic\\nutrijournal\\backend\\node_modules\\nodemailer\\lib\
\mime-node\\le-windows.js"
MODULE 8392: Module._load REQUEST stream parent: C:\Users\angel\Desktop\Nutrijournal_i
onic\nutrijournal\backend\node_modules\nodemailer\lib\mime-node\le-windows.js
MODULE 8392: load built-in module stream
MODULE 8392: Module._load REQUEST ./le-unix parent: C:\Users\angel\Desktop\Nutrijourna
l_ionic\nutrijournal\backend\node_modules\nodemailer\lib\mime-node\index.js
MODULE 8392: RELATIVE: requested: ./le-unix from parent.id C:\Users\angel\Desktop\Nutr
ijournal_ionic\nutrijournal\backend\node_modules\nodemailer\lib\mime-node\index.js
MODULE 8392: looking for ["C:\\Users\\angel\\Desktop\\Nutrijournal_ionic\\nutrijournal
\\backend\\node_modules\\nodemailer\\lib\\mime-node"]
MODULE 8392: load "C:\\Users\\angel\\Desktop\\Nutrijournal_ionic\\nutrijournal\\backen
d\\node_modules\\nodemailer\\lib\\mime-node\\le-unix.js" for module "C:\\Users\\angel\
\Desktop\\Nutrijournal_ionic\\nutrijournal\\backend\\node_modules\\nodemailer\\lib\\mi
me-node\\le-unix.js"
MODULE 8392: Module._load REQUEST stream parent: C:\Users\angel\Desktop\Nutrijournal_i
onic\nutrijournal\backend\node_modules\nodemailer\lib\mime-node\le-unix.js
MODULE 8392: load built-in module stream
MODULE 8392: Module._load REQUEST ../mime-funcs parent: C:\Users\angel\Desktop\Nutrijo
urnal_ionic\nutrijournal\backend\node_modules\nodemailer\lib\mail-composer\index.js
MODULE 8392: RELATIVE: requested: ../mime-funcs from parent.id C:\Users\angel\Desktop\
Nutrijournal_ionic\nutrijournal\backend\node_modules\nodemailer\lib\mail-composer\inde
x.js
MODULE 8392: looking for ["C:\\Users\\angel\\Desktop\\Nutrijournal_ionic\\nutrijournal
\\backend\\node_modules\\nodemailer\\lib\\mail-composer"]
MODULE 8392: Module._load REQUEST ../shared parent: C:\Users\angel\Desktop\Nutrijourna
l_ionic\nutrijournal\backend\node_modules\nodemailer\lib\mail-composer\index.js
MODULE 8392: RELATIVE: requested: ../shared from parent.id C:\Users\angel\Desktop\Nutr
ijournal_ionic\nutrijournal\backend\node_modules\nodemailer\lib\mail-composer\index.js
MODULE 8392: looking for ["C:\\Users\\angel\\Desktop\\Nutrijournal_ionic\\nutrijournal
\\backend\\node_modules\\nodemailer\\lib\\mail-composer"]
MODULE 8392: Module._load REQUEST ../dkim parent: C:\Users\angel\Desktop\Nutrijournal_
ionic\nutrijournal\backend\node_modules\nodemailer\lib\mailer\index.js
MODULE 8392: RELATIVE: requested: ../dkim from parent.id C:\Users\angel\Desktop\Nutrij
ournal_ionic\nutrijournal\backend\node_modules\nodemailer\lib\mailer\index.js
MODULE 8392: looking for ["C:\\Users\\angel\\Desktop\\Nutrijournal_ionic\\nutrijournal
\\backend\\node_modules\\nodemailer\\lib\\mailer"]
MODULE 8392: load "C:\\Users\\angel\\Desktop\\Nutrijournal_ionic\\nutrijournal\\backen
d\\node_modules\\nodemailer\\lib\\dkim\\index.js" for module "C:\\Users\\angel\\Deskto
p\\Nutrijournal_ionic\\nutrijournal\\backend\\node_modules\\nodemailer\\lib\\dkim\\ind
ex.js"
MODULE 8392: Module._load REQUEST ./message-parser parent: C:\Users\angel\Desktop\Nutr
ijournal_ionic\nutrijournal\backend\node_modules\nodemailer\lib\dkim\index.js
MODULE 8392: RELATIVE: requested: ./message-parser from parent.id C:\Users\angel\Deskt
op\Nutrijournal_ionic\nutrijournal\backend\node_modules\nodemailer\lib\dkim\index.js
MODULE 8392: looking for ["C:\\Users\\angel\\Desktop\\Nutrijournal_ionic\\nutrijournal
\\backend\\node_modules\\nodemailer\\lib\\dkim"]
MODULE 8392: load "C:\\Users\\angel\\Desktop\\Nutrijournal_ionic\\nutrijournal\\backen
d\\node_modules\\nodemailer\\lib\\dkim\\message-parser.js" for module "C:\\Users\\ange
l\\Desktop\\Nutrijournal_ionic\\nutrijournal\\backend\\node_modules\\nodemailer\\lib\\
dkim\\message-parser.js"
MODULE 8392: Module._load REQUEST stream parent: C:\Users\angel\Desktop\Nutrijournal_i
onic\nutrijournal\backend\node_modules\nodemailer\lib\dkim\message-parser.js
MODULE 8392: load built-in module stream
MODULE 8392: Module._load REQUEST ./relaxed-body parent: C:\Users\angel\Desktop\Nutrij
ournal_ionic\nutrijournal\backend\node_modules\nodemailer\lib\dkim\index.js
MODULE 8392: RELATIVE: requested: ./relaxed-body from parent.id C:\Users\angel\Desktop
\Nutrijournal_ionic\nutrijournal\backend\node_modules\nodemailer\lib\dkim\index.js
MODULE 8392: looking for ["C:\\Users\\angel\\Desktop\\Nutrijournal_ionic\\nutrijournal
\\backend\\node_modules\\nodemailer\\lib\\dkim"]
MODULE 8392: load "C:\\Users\\angel\\Desktop\\Nutrijournal_ionic\\nutrijournal\\backen
d\\node_modules\\nodemailer\\lib\\dkim\\relaxed-body.js" for module "C:\\Users\\angel\
\Desktop\\Nutrijournal_ionic\\nutrijournal\\backend\\node_modules\\nodemailer\\lib\\dk
im\\relaxed-body.js"
MODULE 8392: Module._load REQUEST stream parent: C:\Users\angel\Desktop\Nutrijournal_i
onic\nutrijournal\backend\node_modules\nodemailer\lib\dkim\relaxed-body.js
MODULE 8392: load built-in module stream
MODULE 8392: Module._load REQUEST crypto parent: C:\Users\angel\Desktop\Nutrijournal_i
onic\nutrijournal\backend\node_modules\nodemailer\lib\dkim\relaxed-body.js
MODULE 8392: load built-in module crypto
MODULE 8392: Module._load REQUEST ./sign parent: C:\Users\angel\Desktop\Nutrijournal_i
onic\nutrijournal\backend\node_modules\nodemailer\lib\dkim\index.js
MODULE 8392: RELATIVE: requested: ./sign from parent.id C:\Users\angel\Desktop\Nutrijo
urnal_ionic\nutrijournal\backend\node_modules\nodemailer\lib\dkim\index.js
MODULE 8392: looking for ["C:\\Users\\angel\\Desktop\\Nutrijournal_ionic\\nutrijournal
\\backend\\node_modules\\nodemailer\\lib\\dkim"]
MODULE 8392: load "C:\\Users\\angel\\Desktop\\Nutrijournal_ionic\\nutrijournal\\backen
d\\node_modules\\nodemailer\\lib\\dkim\\sign.js" for module "C:\\Users\\angel\\Desktop
\\Nutrijournal_ionic\\nutrijournal\\backend\\node_modules\\nodemailer\\lib\\dkim\\sign
.js"
MODULE 8392: Module._load REQUEST ../punycode parent: C:\Users\angel\Desktop\Nutrijour
nal_ionic\nutrijournal\backend\node_modules\nodemailer\lib\dkim\sign.js
MODULE 8392: RELATIVE: requested: ../punycode from parent.id C:\Users\angel\Desktop\Nu
trijournal_ionic\nutrijournal\backend\node_modules\nodemailer\lib\dkim\sign.js
MODULE 8392: looking for ["C:\\Users\\angel\\Desktop\\Nutrijournal_ionic\\nutrijournal
\\backend\\node_modules\\nodemailer\\lib\\dkim"]
MODULE 8392: Module._load REQUEST ../mime-funcs parent: C:\Users\angel\Desktop\Nutrijo
urnal_ionic\nutrijournal\backend\node_modules\nodemailer\lib\dkim\sign.js
MODULE 8392: RELATIVE: requested: ../mime-funcs from parent.id C:\Users\angel\Desktop\
Nutrijournal_ionic\nutrijournal\backend\node_modules\nodemailer\lib\dkim\sign.js
MODULE 8392: looking for ["C:\\Users\\angel\\Desktop\\Nutrijournal_ionic\\nutrijournal
\\backend\\node_modules\\nodemailer\\lib\\dkim"]
MODULE 8392: Module._load REQUEST crypto parent: C:\Users\angel\Desktop\Nutrijournal_i
onic\nutrijournal\backend\node_modules\nodemailer\lib\dkim\sign.js
MODULE 8392: load built-in module crypto
MODULE 8392: Module._load REQUEST stream parent: C:\Users\angel\Desktop\Nutrijournal_i
onic\nutrijournal\backend\node_modules\nodemailer\lib\dkim\index.js
MODULE 8392: load built-in module stream
MODULE 8392: Module._load REQUEST fs parent: C:\Users\angel\Desktop\Nutrijournal_ionic
\nutrijournal\backend\node_modules\nodemailer\lib\dkim\index.js
MODULE 8392: load built-in module fs
MODULE 8392: Module._load REQUEST path parent: C:\Users\angel\Desktop\Nutrijournal_ion
ic\nutrijournal\backend\node_modules\nodemailer\lib\dkim\index.js
MODULE 8392: load built-in module path
MODULE 8392: Module._load REQUEST crypto parent: C:\Users\angel\Desktop\Nutrijournal_i
onic\nutrijournal\backend\node_modules\nodemailer\lib\dkim\index.js
MODULE 8392: load built-in module crypto
MODULE 8392: Module._load REQUEST ../smtp-connection/http-proxy-client parent: C:\User
s\angel\Desktop\Nutrijournal_ionic\nutrijournal\backend\node_modules\nodemailer\lib\ma
iler\index.js
MODULE 8392: RELATIVE: requested: ../smtp-connection/http-proxy-client from parent.id 
C:\Users\angel\Desktop\Nutrijournal_ionic\nutrijournal\backend\node_modules\nodemailer
\lib\mailer\index.js
MODULE 8392: looking for ["C:\\Users\\angel\\Desktop\\Nutrijournal_ionic\\nutrijournal
\\backend\\node_modules\\nodemailer\\lib\\mailer"]
MODULE 8392: load "C:\\Users\\angel\\Desktop\\Nutrijournal_ionic\\nutrijournal\\backen
d\\node_modules\\nodemailer\\lib\\smtp-connection\\http-proxy-client.js" for module "C
:\\Users\\angel\\Desktop\\Nutrijournal_ionic\\nutrijournal\\backend\\node_modules\\nod
emailer\\lib\\smtp-connection\\http-proxy-client.js"
MODULE 8392: Module._load REQUEST net parent: C:\Users\angel\Desktop\Nutrijournal_ioni
c\nutrijournal\backend\node_modules\nodemailer\lib\smtp-connection\http-proxy-client.j
s
MODULE 8392: load built-in module net
MODULE 8392: Module._load REQUEST tls parent: C:\Users\angel\Desktop\Nutrijournal_ioni
c\nutrijournal\backend\node_modules\nodemailer\lib\smtp-connection\http-proxy-client.j
s
MODULE 8392: load built-in module tls
MODULE 8392: Module._load REQUEST url parent: C:\Users\angel\Desktop\Nutrijournal_ioni
c\nutrijournal\backend\node_modules\nodemailer\lib\smtp-connection\http-proxy-client.j
s
MODULE 8392: load built-in module url
MODULE 8392: Module._load REQUEST util parent: C:\Users\angel\Desktop\Nutrijournal_ion
ic\nutrijournal\backend\node_modules\nodemailer\lib\mailer\index.js
MODULE 8392: load built-in module util
MODULE 8392: Module._load REQUEST url parent: C:\Users\angel\Desktop\Nutrijournal_ioni
c\nutrijournal\backend\node_modules\nodemailer\lib\mailer\index.js
MODULE 8392: load built-in module url
MODULE 8392: Module._load REQUEST ../../package.json parent: C:\Users\angel\Desktop\Nu
trijournal_ionic\nutrijournal\backend\node_modules\nodemailer\lib\mailer\index.js
MODULE 8392: RELATIVE: requested: ../../package.json from parent.id C:\Users\angel\Des
ktop\Nutrijournal_ionic\nutrijournal\backend\node_modules\nodemailer\lib\mailer\index.
js
MODULE 8392: looking for ["C:\\Users\\angel\\Desktop\\Nutrijournal_ionic\\nutrijournal
\\backend\\node_modules\\nodemailer\\lib\\mailer"]
MODULE 8392: Module._load REQUEST ./mail-message parent: C:\Users\angel\Desktop\Nutrij
ournal_ionic\nutrijournal\backend\node_modules\nodemailer\lib\mailer\index.js
MODULE 8392: RELATIVE: requested: ./mail-message from parent.id C:\Users\angel\Desktop
\Nutrijournal_ionic\nutrijournal\backend\node_modules\nodemailer\lib\mailer\index.js
MODULE 8392: looking for ["C:\\Users\\angel\\Desktop\\Nutrijournal_ionic\\nutrijournal
\\backend\\node_modules\\nodemailer\\lib\\mailer"]
MODULE 8392: load "C:\\Users\\angel\\Desktop\\Nutrijournal_ionic\\nutrijournal\\backen
d\\node_modules\\nodemailer\\lib\\mailer\\mail-message.js" for module "C:\\Users\\ange
l\\Desktop\\Nutrijournal_ionic\\nutrijournal\\backend\\node_modules\\nodemailer\\lib\\
mailer\\mail-message.js"
MODULE 8392: Module._load REQUEST ../shared parent: C:\Users\angel\Desktop\Nutrijourna
l_ionic\nutrijournal\backend\node_modules\nodemailer\lib\mailer\mail-message.js
MODULE 8392: Module._load REQUEST ../mime-node parent: C:\Users\angel\Desktop\Nutrijou
rnal_ionic\nutrijournal\backend\node_modules\nodemailer\lib\mailer\mail-message.js
MODULE 8392: RELATIVE: requested: ../mime-node from parent.id C:\Users\angel\Desktop\N
utrijournal_ionic\nutrijournal\backend\node_modules\nodemailer\lib\mailer\mail-message
.js
MODULE 8392: looking for ["C:\\Users\\angel\\Desktop\\Nutrijournal_ionic\\nutrijournal
\\backend\\node_modules\\nodemailer\\lib\\mailer"]
MODULE 8392: Module._load REQUEST ../mime-funcs parent: C:\Users\angel\Desktop\Nutrijo
urnal_ionic\nutrijournal\backend\node_modules\nodemailer\lib\mailer\mail-message.js
MODULE 8392: RELATIVE: requested: ../mime-funcs from parent.id C:\Users\angel\Desktop\
Nutrijournal_ionic\nutrijournal\backend\node_modules\nodemailer\lib\mailer\mail-messag
e.js
MODULE 8392: looking for ["C:\\Users\\angel\\Desktop\\Nutrijournal_ionic\\nutrijournal
\\backend\\node_modules\\nodemailer\\lib\\mailer"]
MODULE 8392: Module._load REQUEST net parent: C:\Users\angel\Desktop\Nutrijournal_ioni
c\nutrijournal\backend\node_modules\nodemailer\lib\mailer\index.js
MODULE 8392: load built-in module net
MODULE 8392: Module._load REQUEST dns parent: C:\Users\angel\Desktop\Nutrijournal_ioni
c\nutrijournal\backend\node_modules\nodemailer\lib\mailer\index.js
MODULE 8392: load built-in module dns
MODULE 8392: Module._load REQUEST crypto parent: C:\Users\angel\Desktop\Nutrijournal_i
onic\nutrijournal\backend\node_modules\nodemailer\lib\mailer\index.js
MODULE 8392: load built-in module crypto
MODULE 8392: Module._load REQUEST ./shared parent: C:\Users\angel\Desktop\Nutrijournal
_ionic\nutrijournal\backend\node_modules\nodemailer\lib\nodemailer.js
MODULE 8392: RELATIVE: requested: ./shared from parent.id C:\Users\angel\Desktop\Nutri
journal_ionic\nutrijournal\backend\node_modules\nodemailer\lib\nodemailer.js
MODULE 8392: looking for ["C:\\Users\\angel\\Desktop\\Nutrijournal_ionic\\nutrijournal
\\backend\\node_modules\\nodemailer\\lib"]
MODULE 8392: Module._load REQUEST ./smtp-pool parent: C:\Users\angel\Desktop\Nutrijour
nal_ionic\nutrijournal\backend\node_modules\nodemailer\lib\nodemailer.js
MODULE 8392: RELATIVE: requested: ./smtp-pool from parent.id C:\Users\angel\Desktop\Nu
trijournal_ionic\nutrijournal\backend\node_modules\nodemailer\lib\nodemailer.js
MODULE 8392: looking for ["C:\\Users\\angel\\Desktop\\Nutrijournal_ionic\\nutrijournal
\\backend\\node_modules\\nodemailer\\lib"]
MODULE 8392: load "C:\\Users\\angel\\Desktop\\Nutrijournal_ionic\\nutrijournal\\backen
d\\node_modules\\nodemailer\\lib\\smtp-pool\\index.js" for module "C:\\Users\\angel\\D
esktop\\Nutrijournal_ionic\\nutrijournal\\backend\\node_modules\\nodemailer\\lib\\smtp
-pool\\index.js"
MODULE 8392: Module._load REQUEST events parent: C:\Users\angel\Desktop\Nutrijournal_i
onic\nutrijournal\backend\node_modules\nodemailer\lib\smtp-pool\index.js
MODULE 8392: load built-in module events
MODULE 8392: Module._load REQUEST ./pool-resource parent: C:\Users\angel\Desktop\Nutri
journal_ionic\nutrijournal\backend\node_modules\nodemailer\lib\smtp-pool\index.js
MODULE 8392: RELATIVE: requested: ./pool-resource from parent.id C:\Users\angel\Deskto
p\Nutrijournal_ionic\nutrijournal\backend\node_modules\nodemailer\lib\smtp-pool\index.
js
MODULE 8392: looking for ["C:\\Users\\angel\\Desktop\\Nutrijournal_ionic\\nutrijournal
\\backend\\node_modules\\nodemailer\\lib\\smtp-pool"]
MODULE 8392: load "C:\\Users\\angel\\Desktop\\Nutrijournal_ionic\\nutrijournal\\backen
d\\node_modules\\nodemailer\\lib\\smtp-pool\\pool-resource.js" for module "C:\\Users\\
angel\\Desktop\\Nutrijournal_ionic\\nutrijournal\\backend\\node_modules\\nodemailer\\l
ib\\smtp-pool\\pool-resource.js"
MODULE 8392: Module._load REQUEST ../smtp-connection parent: C:\Users\angel\Desktop\Nu
trijournal_ionic\nutrijournal\backend\node_modules\nodemailer\lib\smtp-pool\pool-resou
rce.js
MODULE 8392: RELATIVE: requested: ../smtp-connection from parent.id C:\Users\angel\Des
ktop\Nutrijournal_ionic\nutrijournal\backend\node_modules\nodemailer\lib\smtp-pool\poo
l-resource.js
MODULE 8392: looking for ["C:\\Users\\angel\\Desktop\\Nutrijournal_ionic\\nutrijournal
\\backend\\node_modules\\nodemailer\\lib\\smtp-pool"]
MODULE 8392: load "C:\\Users\\angel\\Desktop\\Nutrijournal_ionic\\nutrijournal\\backen
d\\node_modules\\nodemailer\\lib\\smtp-connection\\index.js" for module "C:\\Users\\an
gel\\Desktop\\Nutrijournal_ionic\\nutrijournal\\backend\\node_modules\\nodemailer\\lib
\\smtp-connection\\index.js"
MODULE 8392: Module._load REQUEST ../../package.json parent: C:\Users\angel\Desktop\Nu
trijournal_ionic\nutrijournal\backend\node_modules\nodemailer\lib\smtp-connection\inde
x.js
MODULE 8392: RELATIVE: requested: ../../package.json from parent.id C:\Users\angel\Des
ktop\Nutrijournal_ionic\nutrijournal\backend\node_modules\nodemailer\lib\smtp-connecti
on\index.js
MODULE 8392: looking for ["C:\\Users\\angel\\Desktop\\Nutrijournal_ionic\\nutrijournal
\\backend\\node_modules\\nodemailer\\lib\\smtp-connection"]
MODULE 8392: Module._load REQUEST events parent: C:\Users\angel\Desktop\Nutrijournal_i
onic\nutrijournal\backend\node_modules\nodemailer\lib\smtp-connection\index.js
MODULE 8392: load built-in module events
MODULE 8392: Module._load REQUEST net parent: C:\Users\angel\Desktop\Nutrijournal_ioni
c\nutrijournal\backend\node_modules\nodemailer\lib\smtp-connection\index.js
MODULE 8392: load built-in module net
MODULE 8392: Module._load REQUEST tls parent: C:\Users\angel\Desktop\Nutrijournal_ioni
c\nutrijournal\backend\node_modules\nodemailer\lib\smtp-connection\index.js
MODULE 8392: load built-in module tls
MODULE 8392: Module._load REQUEST os parent: C:\Users\angel\Desktop\Nutrijournal_ionic
\nutrijournal\backend\node_modules\nodemailer\lib\smtp-connection\index.js
MODULE 8392: load built-in module os
MODULE 8392: Module._load REQUEST crypto parent: C:\Users\angel\Desktop\Nutrijournal_i
onic\nutrijournal\backend\node_modules\nodemailer\lib\smtp-connection\index.js
MODULE 8392: load built-in module crypto
MODULE 8392: Module._load REQUEST ./data-stream parent: C:\Users\angel\Desktop\Nutrijo
urnal_ionic\nutrijournal\backend\node_modules\nodemailer\lib\smtp-connection\index.js
MODULE 8392: RELATIVE: requested: ./data-stream from parent.id C:\Users\angel\Desktop\
Nutrijournal_ionic\nutrijournal\backend\node_modules\nodemailer\lib\smtp-connection\in
dex.js
MODULE 8392: looking for ["C:\\Users\\angel\\Desktop\\Nutrijournal_ionic\\nutrijournal
\\backend\\node_modules\\nodemailer\\lib\\smtp-connection"]
MODULE 8392: load "C:\\Users\\angel\\Desktop\\Nutrijournal_ionic\\nutrijournal\\backen
d\\node_modules\\nodemailer\\lib\\smtp-connection\\data-stream.js" for module "C:\\Use
rs\\angel\\Desktop\\Nutrijournal_ionic\\nutrijournal\\backend\\node_modules\\nodemaile
r\\lib\\smtp-connection\\data-stream.js"
MODULE 8392: Module._load REQUEST stream parent: C:\Users\angel\Desktop\Nutrijournal_i
onic\nutrijournal\backend\node_modules\nodemailer\lib\smtp-connection\data-stream.js
MODULE 8392: load built-in module stream
MODULE 8392: Module._load REQUEST stream parent: C:\Users\angel\Desktop\Nutrijournal_i
onic\nutrijournal\backend\node_modules\nodemailer\lib\smtp-connection\index.js
MODULE 8392: load built-in module stream
MODULE 8392: Module._load REQUEST ../shared parent: C:\Users\angel\Desktop\Nutrijourna
l_ionic\nutrijournal\backend\node_modules\nodemailer\lib\smtp-connection\index.js
MODULE 8392: RELATIVE: requested: ../shared from parent.id C:\Users\angel\Desktop\Nutr
ijournal_ionic\nutrijournal\backend\node_modules\nodemailer\lib\smtp-connection\index.
js
MODULE 8392: looking for ["C:\\Users\\angel\\Desktop\\Nutrijournal_ionic\\nutrijournal
\\backend\\node_modules\\nodemailer\\lib\\smtp-connection"]
MODULE 8392: Module._load REQUEST ../shared parent: C:\Users\angel\Desktop\Nutrijourna
l_ionic\nutrijournal\backend\node_modules\nodemailer\lib\smtp-pool\pool-resource.js
MODULE 8392: RELATIVE: requested: ../shared from parent.id C:\Users\angel\Desktop\Nutr
ijournal_ionic\nutrijournal\backend\node_modules\nodemailer\lib\smtp-pool\pool-resourc
e.js
MODULE 8392: looking for ["C:\\Users\\angel\\Desktop\\Nutrijournal_ionic\\nutrijournal
\\backend\\node_modules\\nodemailer\\lib\\smtp-pool"]
MODULE 8392: Module._load REQUEST ../xoauth2 parent: C:\Users\angel\Desktop\Nutrijourn
al_ionic\nutrijournal\backend\node_modules\nodemailer\lib\smtp-pool\pool-resource.js
MODULE 8392: RELATIVE: requested: ../xoauth2 from parent.id C:\Users\angel\Desktop\Nut
rijournal_ionic\nutrijournal\backend\node_modules\nodemailer\lib\smtp-pool\pool-resour
ce.js
MODULE 8392: looking for ["C:\\Users\\angel\\Desktop\\Nutrijournal_ionic\\nutrijournal
\\backend\\node_modules\\nodemailer\\lib\\smtp-pool"]
MODULE 8392: load "C:\\Users\\angel\\Desktop\\Nutrijournal_ionic\\nutrijournal\\backen
d\\node_modules\\nodemailer\\lib\\xoauth2\\index.js" for module "C:\\Users\\angel\\Des
ktop\\Nutrijournal_ionic\\nutrijournal\\backend\\node_modules\\nodemailer\\lib\\xoauth
2\\index.js"
MODULE 8392: Module._load REQUEST stream parent: C:\Users\angel\Desktop\Nutrijournal_i
onic\nutrijournal\backend\node_modules\nodemailer\lib\xoauth2\index.js
MODULE 8392: load built-in module stream
MODULE 8392: Module._load REQUEST ../fetch parent: C:\Users\angel\Desktop\Nutrijournal
_ionic\nutrijournal\backend\node_modules\nodemailer\lib\xoauth2\index.js
MODULE 8392: RELATIVE: requested: ../fetch from parent.id C:\Users\angel\Desktop\Nutri
journal_ionic\nutrijournal\backend\node_modules\nodemailer\lib\xoauth2\index.js
MODULE 8392: looking for ["C:\\Users\\angel\\Desktop\\Nutrijournal_ionic\\nutrijournal
\\backend\\node_modules\\nodemailer\\lib\\xoauth2"]
MODULE 8392: Module._load REQUEST crypto parent: C:\Users\angel\Desktop\Nutrijournal_i
onic\nutrijournal\backend\node_modules\nodemailer\lib\xoauth2\index.js
MODULE 8392: load built-in module crypto
MODULE 8392: Module._load REQUEST ../shared parent: C:\Users\angel\Desktop\Nutrijourna
l_ionic\nutrijournal\backend\node_modules\nodemailer\lib\xoauth2\index.js
MODULE 8392: RELATIVE: requested: ../shared from parent.id C:\Users\angel\Desktop\Nutr
ijournal_ionic\nutrijournal\backend\node_modules\nodemailer\lib\xoauth2\index.js
MODULE 8392: looking for ["C:\\Users\\angel\\Desktop\\Nutrijournal_ionic\\nutrijournal
\\backend\\node_modules\\nodemailer\\lib\\xoauth2"]
MODULE 8392: Module._load REQUEST events parent: C:\Users\angel\Desktop\Nutrijournal_i
onic\nutrijournal\backend\node_modules\nodemailer\lib\smtp-pool\pool-resource.js
MODULE 8392: load built-in module events
MODULE 8392: Module._load REQUEST ../smtp-connection parent: C:\Users\angel\Desktop\Nu
trijournal_ionic\nutrijournal\backend\node_modules\nodemailer\lib\smtp-pool\index.js
MODULE 8392: Module._load REQUEST ../well-known parent: C:\Users\angel\Desktop\Nutrijo
urnal_ionic\nutrijournal\backend\node_modules\nodemailer\lib\smtp-pool\index.js
MODULE 8392: RELATIVE: requested: ../well-known from parent.id C:\Users\angel\Desktop\
Nutrijournal_ionic\nutrijournal\backend\node_modules\nodemailer\lib\smtp-pool\index.js
MODULE 8392: looking for ["C:\\Users\\angel\\Desktop\\Nutrijournal_ionic\\nutrijournal
\\backend\\node_modules\\nodemailer\\lib\\smtp-pool"]
MODULE 8392: load "C:\\Users\\angel\\Desktop\\Nutrijournal_ionic\\nutrijournal\\backen
d\\node_modules\\nodemailer\\lib\\well-known\\index.js" for module "C:\\Users\\angel\\
Desktop\\Nutrijournal_ionic\\nutrijournal\\backend\\node_modules\\nodemailer\\lib\\wel
l-known\\index.js"
MODULE 8392: Module._load REQUEST ./services.json parent: C:\Users\angel\Desktop\Nutri
journal_ionic\nutrijournal\backend\node_modules\nodemailer\lib\well-known\index.js
MODULE 8392: RELATIVE: requested: ./services.json from parent.id C:\Users\angel\Deskto
p\Nutrijournal_ionic\nutrijournal\backend\node_modules\nodemailer\lib\well-known\index
.js
MODULE 8392: looking for ["C:\\Users\\angel\\Desktop\\Nutrijournal_ionic\\nutrijournal
\\backend\\node_modules\\nodemailer\\lib\\well-known"]
MODULE 8392: load "C:\\Users\\angel\\Desktop\\Nutrijournal_ionic\\nutrijournal\\backen
d\\node_modules\\nodemailer\\lib\\well-known\\services.json" for module "C:\\Users\\an
gel\\Desktop\\Nutrijournal_ionic\\nutrijournal\\backend\\node_modules\\nodemailer\\lib
\\well-known\\services.json"
MODULE 8392: Module._load REQUEST ../shared parent: C:\Users\angel\Desktop\Nutrijourna
l_ionic\nutrijournal\backend\node_modules\nodemailer\lib\smtp-pool\index.js
MODULE 8392: RELATIVE: requested: ../shared from parent.id C:\Users\angel\Desktop\Nutr
ijournal_ionic\nutrijournal\backend\node_modules\nodemailer\lib\smtp-pool\index.js
MODULE 8392: looking for ["C:\\Users\\angel\\Desktop\\Nutrijournal_ionic\\nutrijournal
\\backend\\node_modules\\nodemailer\\lib\\smtp-pool"]
MODULE 8392: Module._load REQUEST ../../package.json parent: C:\Users\angel\Desktop\Nu
trijournal_ionic\nutrijournal\backend\node_modules\nodemailer\lib\smtp-pool\index.js
MODULE 8392: RELATIVE: requested: ../../package.json from parent.id C:\Users\angel\Des
ktop\Nutrijournal_ionic\nutrijournal\backend\node_modules\nodemailer\lib\smtp-pool\ind
ex.js
MODULE 8392: looking for ["C:\\Users\\angel\\Desktop\\Nutrijournal_ionic\\nutrijournal
\\backend\\node_modules\\nodemailer\\lib\\smtp-pool"]
MODULE 8392: Module._load REQUEST ./smtp-transport parent: C:\Users\angel\Desktop\Nutr
ijournal_ionic\nutrijournal\backend\node_modules\nodemailer\lib\nodemailer.js
MODULE 8392: RELATIVE: requested: ./smtp-transport from parent.id C:\Users\angel\Deskt
op\Nutrijournal_ionic\nutrijournal\backend\node_modules\nodemailer\lib\nodemailer.js
MODULE 8392: looking for ["C:\\Users\\angel\\Desktop\\Nutrijournal_ionic\\nutrijournal
\\backend\\node_modules\\nodemailer\\lib"]
MODULE 8392: load "C:\\Users\\angel\\Desktop\\Nutrijournal_ionic\\nutrijournal\\backen
d\\node_modules\\nodemailer\\lib\\smtp-transport\\index.js" for module "C:\\Users\\ang
el\\Desktop\\Nutrijournal_ionic\\nutrijournal\\backend\\node_modules\\nodemailer\\lib\
\smtp-transport\\index.js"
MODULE 8392: Module._load REQUEST events parent: C:\Users\angel\Desktop\Nutrijournal_i
onic\nutrijournal\backend\node_modules\nodemailer\lib\smtp-transport\index.js
MODULE 8392: load built-in module events
MODULE 8392: Module._load REQUEST ../smtp-connection parent: C:\Users\angel\Desktop\Nu
trijournal_ionic\nutrijournal\backend\node_modules\nodemailer\lib\smtp-transport\index
.js
MODULE 8392: RELATIVE: requested: ../smtp-connection from parent.id C:\Users\angel\Des
ktop\Nutrijournal_ionic\nutrijournal\backend\node_modules\nodemailer\lib\smtp-transpor
t\index.js
MODULE 8392: looking for ["C:\\Users\\angel\\Desktop\\Nutrijournal_ionic\\nutrijournal
\\backend\\node_modules\\nodemailer\\lib\\smtp-transport"]
MODULE 8392: Module._load REQUEST ../well-known parent: C:\Users\angel\Desktop\Nutrijo
urnal_ionic\nutrijournal\backend\node_modules\nodemailer\lib\smtp-transport\index.js
MODULE 8392: RELATIVE: requested: ../well-known from parent.id C:\Users\angel\Desktop\
Nutrijournal_ionic\nutrijournal\backend\node_modules\nodemailer\lib\smtp-transport\ind
ex.js
MODULE 8392: looking for ["C:\\Users\\angel\\Desktop\\Nutrijournal_ionic\\nutrijournal
\\backend\\node_modules\\nodemailer\\lib\\smtp-transport"]
MODULE 8392: Module._load REQUEST ../shared parent: C:\Users\angel\Desktop\Nutrijourna
l_ionic\nutrijournal\backend\node_modules\nodemailer\lib\smtp-transport\index.js
MODULE 8392: RELATIVE: requested: ../shared from parent.id C:\Users\angel\Desktop\Nutr
ijournal_ionic\nutrijournal\backend\node_modules\nodemailer\lib\smtp-transport\index.j
s
MODULE 8392: looking for ["C:\\Users\\angel\\Desktop\\Nutrijournal_ionic\\nutrijournal
\\backend\\node_modules\\nodemailer\\lib\\smtp-transport"]
MODULE 8392: Module._load REQUEST ../xoauth2 parent: C:\Users\angel\Desktop\Nutrijourn
al_ionic\nutrijournal\backend\node_modules\nodemailer\lib\smtp-transport\index.js
MODULE 8392: RELATIVE: requested: ../xoauth2 from parent.id C:\Users\angel\Desktop\Nut
rijournal_ionic\nutrijournal\backend\node_modules\nodemailer\lib\smtp-transport\index.
js
MODULE 8392: looking for ["C:\\Users\\angel\\Desktop\\Nutrijournal_ionic\\nutrijournal
\\backend\\node_modules\\nodemailer\\lib\\smtp-transport"]
MODULE 8392: Module._load REQUEST ../../package.json parent: C:\Users\angel\Desktop\Nu
trijournal_ionic\nutrijournal\backend\node_modules\nodemailer\lib\smtp-transport\index
.js
MODULE 8392: RELATIVE: requested: ../../package.json from parent.id C:\Users\angel\Des
ktop\Nutrijournal_ionic\nutrijournal\backend\node_modules\nodemailer\lib\smtp-transpor
t\index.js
MODULE 8392: looking for ["C:\\Users\\angel\\Desktop\\Nutrijournal_ionic\\nutrijournal
\\backend\\node_modules\\nodemailer\\lib\\smtp-transport"]
MODULE 8392: Module._load REQUEST ./sendmail-transport parent: C:\Users\angel\Desktop\
Nutrijournal_ionic\nutrijournal\backend\node_modules\nodemailer\lib\nodemailer.js
MODULE 8392: RELATIVE: requested: ./sendmail-transport from parent.id C:\Users\angel\D
esktop\Nutrijournal_ionic\nutrijournal\backend\node_modules\nodemailer\lib\nodemailer.
js
MODULE 8392: looking for ["C:\\Users\\angel\\Desktop\\Nutrijournal_ionic\\nutrijournal
\\backend\\node_modules\\nodemailer\\lib"]
MODULE 8392: load "C:\\Users\\angel\\Desktop\\Nutrijournal_ionic\\nutrijournal\\backen
d\\node_modules\\nodemailer\\lib\\sendmail-transport\\index.js" for module "C:\\Users\
\angel\\Desktop\\Nutrijournal_ionic\\nutrijournal\\backend\\node_modules\\nodemailer\\
lib\\sendmail-transport\\index.js"
MODULE 8392: Module._load REQUEST child_process parent: C:\Users\angel\Desktop\Nutrijo
urnal_ionic\nutrijournal\backend\node_modules\nodemailer\lib\sendmail-transport\index.
js
MODULE 8392: load built-in module child_process
MODULE 8392: Module._load REQUEST ../../package.json parent: C:\Users\angel\Desktop\Nu
trijournal_ionic\nutrijournal\backend\node_modules\nodemailer\lib\sendmail-transport\i
ndex.js
MODULE 8392: RELATIVE: requested: ../../package.json from parent.id C:\Users\angel\Des
ktop\Nutrijournal_ionic\nutrijournal\backend\node_modules\nodemailer\lib\sendmail-tran
sport\index.js
MODULE 8392: looking for ["C:\\Users\\angel\\Desktop\\Nutrijournal_ionic\\nutrijournal
\\backend\\node_modules\\nodemailer\\lib\\sendmail-transport"]
MODULE 8392: Module._load REQUEST ../shared parent: C:\Users\angel\Desktop\Nutrijourna
l_ionic\nutrijournal\backend\node_modules\nodemailer\lib\sendmail-transport\index.js
MODULE 8392: RELATIVE: requested: ../shared from parent.id C:\Users\angel\Desktop\Nutr
ijournal_ionic\nutrijournal\backend\node_modules\nodemailer\lib\sendmail-transport\ind
ex.js
MODULE 8392: looking for ["C:\\Users\\angel\\Desktop\\Nutrijournal_ionic\\nutrijournal
\\backend\\node_modules\\nodemailer\\lib\\sendmail-transport"]
MODULE 8392: Module._load REQUEST ./stream-transport parent: C:\Users\angel\Desktop\Nu
trijournal_ionic\nutrijournal\backend\node_modules\nodemailer\lib\nodemailer.js
MODULE 8392: RELATIVE: requested: ./stream-transport from parent.id C:\Users\angel\Des
ktop\Nutrijournal_ionic\nutrijournal\backend\node_modules\nodemailer\lib\nodemailer.js
MODULE 8392: looking for ["C:\\Users\\angel\\Desktop\\Nutrijournal_ionic\\nutrijournal
\\backend\\node_modules\\nodemailer\\lib"]
MODULE 8392: load "C:\\Users\\angel\\Desktop\\Nutrijournal_ionic\\nutrijournal\\backen
d\\node_modules\\nodemailer\\lib\\stream-transport\\index.js" for module "C:\\Users\\a
ngel\\Desktop\\Nutrijournal_ionic\\nutrijournal\\backend\\node_modules\\nodemailer\\li
b\\stream-transport\\index.js"
MODULE 8392: Module._load REQUEST ../../package.json parent: C:\Users\angel\Desktop\Nu
trijournal_ionic\nutrijournal\backend\node_modules\nodemailer\lib\stream-transport\ind
ex.js
MODULE 8392: RELATIVE: requested: ../../package.json from parent.id C:\Users\angel\Des
ktop\Nutrijournal_ionic\nutrijournal\backend\node_modules\nodemailer\lib\stream-transp
ort\index.js
MODULE 8392: looking for ["C:\\Users\\angel\\Desktop\\Nutrijournal_ionic\\nutrijournal
\\backend\\node_modules\\nodemailer\\lib\\stream-transport"]
MODULE 8392: Module._load REQUEST ../shared parent: C:\Users\angel\Desktop\Nutrijourna
l_ionic\nutrijournal\backend\node_modules\nodemailer\lib\stream-transport\index.js
MODULE 8392: RELATIVE: requested: ../shared from parent.id C:\Users\angel\Desktop\Nutr
ijournal_ionic\nutrijournal\backend\node_modules\nodemailer\lib\stream-transport\index
.js
MODULE 8392: looking for ["C:\\Users\\angel\\Desktop\\Nutrijournal_ionic\\nutrijournal
\\backend\\node_modules\\nodemailer\\lib\\stream-transport"]
MODULE 8392: Module._load REQUEST ./json-transport parent: C:\Users\angel\Desktop\Nutr
ijournal_ionic\nutrijournal\backend\node_modules\nodemailer\lib\nodemailer.js
MODULE 8392: RELATIVE: requested: ./json-transport from parent.id C:\Users\angel\Deskt
op\Nutrijournal_ionic\nutrijournal\backend\node_modules\nodemailer\lib\nodemailer.js
MODULE 8392: looking for ["C:\\Users\\angel\\Desktop\\Nutrijournal_ionic\\nutrijournal
\\backend\\node_modules\\nodemailer\\lib"]
MODULE 8392: load "C:\\Users\\angel\\Desktop\\Nutrijournal_ionic\\nutrijournal\\backen
d\\node_modules\\nodemailer\\lib\\json-transport\\index.js" for module "C:\\Users\\ang
el\\Desktop\\Nutrijournal_ionic\\nutrijournal\\backend\\node_modules\\nodemailer\\lib\
\json-transport\\index.js"
MODULE 8392: Module._load REQUEST ../../package.json parent: C:\Users\angel\Desktop\Nu
trijournal_ionic\nutrijournal\backend\node_modules\nodemailer\lib\json-transport\index
.js
MODULE 8392: RELATIVE: requested: ../../package.json from parent.id C:\Users\angel\Des
ktop\Nutrijournal_ionic\nutrijournal\backend\node_modules\nodemailer\lib\json-transpor
t\index.js
MODULE 8392: looking for ["C:\\Users\\angel\\Desktop\\Nutrijournal_ionic\\nutrijournal
\\backend\\node_modules\\nodemailer\\lib\\json-transport"]
MODULE 8392: Module._load REQUEST ../shared parent: C:\Users\angel\Desktop\Nutrijourna
l_ionic\nutrijournal\backend\node_modules\nodemailer\lib\json-transport\index.js
MODULE 8392: RELATIVE: requested: ../shared from parent.id C:\Users\angel\Desktop\Nutr
ijournal_ionic\nutrijournal\backend\node_modules\nodemailer\lib\json-transport\index.j
s
MODULE 8392: looking for ["C:\\Users\\angel\\Desktop\\Nutrijournal_ionic\\nutrijournal
\\backend\\node_modules\\nodemailer\\lib\\json-transport"]
MODULE 8392: Module._load REQUEST ./ses-transport parent: C:\Users\angel\Desktop\Nutri
journal_ionic\nutrijournal\backend\node_modules\nodemailer\lib\nodemailer.js
MODULE 8392: RELATIVE: requested: ./ses-transport from parent.id C:\Users\angel\Deskto
p\Nutrijournal_ionic\nutrijournal\backend\node_modules\nodemailer\lib\nodemailer.js
MODULE 8392: looking for ["C:\\Users\\angel\\Desktop\\Nutrijournal_ionic\\nutrijournal
\\backend\\node_modules\\nodemailer\\lib"]
MODULE 8392: load "C:\\Users\\angel\\Desktop\\Nutrijournal_ionic\\nutrijournal\\backen
d\\node_modules\\nodemailer\\lib\\ses-transport\\index.js" for module "C:\\Users\\ange
l\\Desktop\\Nutrijournal_ionic\\nutrijournal\\backend\\node_modules\\nodemailer\\lib\\
ses-transport\\index.js"
MODULE 8392: Module._load REQUEST events parent: C:\Users\angel\Desktop\Nutrijournal_i
onic\nutrijournal\backend\node_modules\nodemailer\lib\ses-transport\index.js
MODULE 8392: load built-in module events
MODULE 8392: Module._load REQUEST ../../package.json parent: C:\Users\angel\Desktop\Nu
trijournal_ionic\nutrijournal\backend\node_modules\nodemailer\lib\ses-transport\index.
js
MODULE 8392: RELATIVE: requested: ../../package.json from parent.id C:\Users\angel\Des
ktop\Nutrijournal_ionic\nutrijournal\backend\node_modules\nodemailer\lib\ses-transport
\index.js
MODULE 8392: looking for ["C:\\Users\\angel\\Desktop\\Nutrijournal_ionic\\nutrijournal
\\backend\\node_modules\\nodemailer\\lib\\ses-transport"]
MODULE 8392: Module._load REQUEST ../shared parent: C:\Users\angel\Desktop\Nutrijourna
l_ionic\nutrijournal\backend\node_modules\nodemailer\lib\ses-transport\index.js
MODULE 8392: RELATIVE: requested: ../shared from parent.id C:\Users\angel\Desktop\Nutr
ijournal_ionic\nutrijournal\backend\node_modules\nodemailer\lib\ses-transport\index.js
MODULE 8392: looking for ["C:\\Users\\angel\\Desktop\\Nutrijournal_ionic\\nutrijournal
\\backend\\node_modules\\nodemailer\\lib\\ses-transport"]
MODULE 8392: Module._load REQUEST ../mime-node/le-windows parent: C:\Users\angel\Deskt
op\Nutrijournal_ionic\nutrijournal\backend\node_modules\nodemailer\lib\ses-transport\i
ndex.js
MODULE 8392: RELATIVE: requested: ../mime-node/le-windows from parent.id C:\Users\ange
l\Desktop\Nutrijournal_ionic\nutrijournal\backend\node_modules\nodemailer\lib\ses-tran
sport\index.js
MODULE 8392: looking for ["C:\\Users\\angel\\Desktop\\Nutrijournal_ionic\\nutrijournal
\\backend\\node_modules\\nodemailer\\lib\\ses-transport"]
MODULE 8392: Module._load REQUEST ./fetch parent: C:\Users\angel\Desktop\Nutrijournal_
ionic\nutrijournal\backend\node_modules\nodemailer\lib\nodemailer.js
MODULE 8392: RELATIVE: requested: ./fetch from parent.id C:\Users\angel\Desktop\Nutrij
ournal_ionic\nutrijournal\backend\node_modules\nodemailer\lib\nodemailer.js
MODULE 8392: looking for ["C:\\Users\\angel\\Desktop\\Nutrijournal_ionic\\nutrijournal
\\backend\\node_modules\\nodemailer\\lib"]
MODULE 8392: Module._load REQUEST ../package.json parent: C:\Users\angel\Desktop\Nutri
journal_ionic\nutrijournal\backend\node_modules\nodemailer\lib\nodemailer.js
MODULE 8392: RELATIVE: requested: ../package.json from parent.id C:\Users\angel\Deskto
p\Nutrijournal_ionic\nutrijournal\backend\node_modules\nodemailer\lib\nodemailer.js
MODULE 8392: looking for ["C:\\Users\\angel\\Desktop\\Nutrijournal_ionic\\nutrijournal
\\backend\\node_modules\\nodemailer\\lib"]
MODULE 8392: Module._load REQUEST ./environment parent: 
C:\Users\angel\Desktop\Nutrijournal_ionic\nutrijournal\backend\src\config\email.js
MODULE 8392: RELATIVE: requested: ./environment from parent.id 
C:\Users\angel\Desktop\Nutrijournal_ionic\nutrijournal\backend\src\config\email.js
MODULE 8392: looking for 
["C:\\Users\\angel\\Desktop\\Nutrijournal_ionic\\nutrijournal\\backend\\src\\config"]
MODULE 8392: Module._load REQUEST ./middleware/logging parent: .
MODULE 8392: Module._load REQUEST ./middleware/securityMiddleware parent: .
MODULE 8392: RELATIVE: requested: ./middleware/securityMiddleware from parent.id .
MODULE 8392: looking for 
["C:\\Users\\angel\\Desktop\\Nutrijournal_ionic\\nutrijournal\\backend\\src"]
MODULE 8392: load "C:\\Users\\angel\\Desktop\\Nutrijournal_ionic\\nutrijournal\\backen
d\\src\\middleware\\securityMiddleware.js" for module "C:\\Users\\angel\\Desktop\\Nutr
ijournal_ionic\\nutrijournal\\backend\\src\\middleware\\securityMiddleware.js"
MODULE 8392: Module._load REQUEST helmet parent: C:\Users\angel\Desktop\Nutrijournal_i
onic\nutrijournal\backend\src\middleware\securityMiddleware.js
MODULE 8392: looking for "helmet" in ["C:\\Users\\angel\\Desktop\\Nutrijournal_ionic\\
nutrijournal\\backend\\src\\middleware\\node_modules","C:\\Users\\angel\\Desktop\\Nutr
ijournal_ionic\\nutrijournal\\backend\\src\\node_modules","C:\\Users\\angel\\Desktop\\
Nutrijournal_ionic\\nutrijournal\\backend\\node_modules","C:\\Users\\angel\\Desktop\\N
utrijournal_ionic\\nutrijournal\\node_modules","C:\\Users\\angel\\Desktop\\Nutrijourna
l_ionic\\node_modules","C:\\Users\\angel\\Desktop\\node_modules","C:\\Users\\angel\\no
de_modules","C:\\Users\\node_modules","C:\\node_modules","C:\\Users\\angel\\.node_modu
les","C:\\Users\\angel\\.node_libraries","C:\\Program Files\\nodejs\\lib\\node"]
MODULE 8392: Module._load REQUEST express-rate-limit parent: C:\Users\angel\Desktop\Nu
trijournal_ionic\nutrijournal\backend\src\middleware\securityMiddleware.js
MODULE 8392: looking for "express-rate-limit" in ["C:\\Users\\angel\\Desktop\\Nutrijou
rnal_ionic\\nutrijournal\\backend\\src\\middleware\\node_modules","C:\\Users\\angel\\D
esktop\\Nutrijournal_ionic\\nutrijournal\\backend\\src\\node_modules","C:\\Users\\ange
l\\Desktop\\Nutrijournal_ionic\\nutrijournal\\backend\\node_modules","C:\\Users\\angel
\\Desktop\\Nutrijournal_ionic\\nutrijournal\\node_modules","C:\\Users\\angel\\Desktop\
\Nutrijournal_ionic\\node_modules","C:\\Users\\angel\\Desktop\\node_modules","C:\\User
s\\angel\\node_modules","C:\\Users\\node_modules","C:\\node_modules","C:\\Users\\angel
\\.node_modules","C:\\Users\\angel\\.node_libraries","C:\\Program 
Files\\nodejs\\lib\\node"]
MODULE 8392: load "C:\\Users\\angel\\Desktop\\Nutrijournal_ionic\\nutrijournal\\backen
d\\node_modules\\express-rate-limit\\dist\\index.cjs" for module "C:\\Users\\angel\\De
sktop\\Nutrijournal_ionic\\nutrijournal\\backend\\node_modules\\express-rate-limit\\di
st\\index.cjs"
MODULE 8392: Module._load REQUEST node:buffer parent: C:\Users\angel\Desktop\Nutrijour
nal_ionic\nutrijournal\backend\node_modules\express-rate-limit\dist\index.cjs
MODULE 8392: load built-in module node:buffer
MODULE 8392: Module._load REQUEST node:crypto parent: C:\Users\angel\Desktop\Nutrijour
nal_ionic\nutrijournal\backend\node_modules\express-rate-limit\dist\index.cjs
MODULE 8392: load built-in module node:crypto
MODULE 8392: Module._load REQUEST node:net parent: C:\Users\angel\Desktop\Nutrijournal
_ionic\nutrijournal\backend\node_modules\express-rate-limit\dist\index.cjs
MODULE 8392: load built-in module node:net
MODULE 8392: Module._load REQUEST ./middleware/auth parent: .
MODULE 8392: RELATIVE: requested: ./middleware/auth from parent.id .
MODULE 8392: looking for 
["C:\\Users\\angel\\Desktop\\Nutrijournal_ionic\\nutrijournal\\backend\\src"]
MODULE 8392: load "C:\\Users\\angel\\Desktop\\Nutrijournal_ionic\\nutrijournal\\backen
d\\src\\middleware\\auth.js" for module "C:\\Users\\angel\\Desktop\\Nutrijournal_ionic
\\nutrijournal\\backend\\src\\middleware\\auth.js"
MODULE 8392: Module._load REQUEST ../config/auth parent: 
C:\Users\angel\Desktop\Nutrijournal_ionic\nutrijournal\backend\src\middleware\auth.js
MODULE 8392: RELATIVE: requested: ../config/auth from parent.id 
C:\Users\angel\Desktop\Nutrijournal_ionic\nutrijournal\backend\src\middleware\auth.js
MODULE 8392: looking for ["C:\\Users\\angel\\Desktop\\Nutrijournal_ionic\\nutrijournal
\\backend\\src\\middleware"]
MODULE 8392: load "C:\\Users\\angel\\Desktop\\Nutrijournal_ionic\\nutrijournal\\backen
d\\src\\config\\auth.js" for module "C:\\Users\\angel\\Desktop\\Nutrijournal_ionic\\nu
trijournal\\backend\\src\\config\\auth.js"
MODULE 8392: Module._load REQUEST jsonwebtoken parent: 
C:\Users\angel\Desktop\Nutrijournal_ionic\nutrijournal\backend\src\config\auth.js
MODULE 8392: looking for "jsonwebtoken" in ["C:\\Users\\angel\\Desktop\\Nutrijournal_i
onic\\nutrijournal\\backend\\src\\config\\node_modules","C:\\Users\\angel\\Desktop\\Nu
trijournal_ionic\\nutrijournal\\backend\\src\\node_modules","C:\\Users\\angel\\Desktop
\\Nutrijournal_ionic\\nutrijournal\\backend\\node_modules","C:\\Users\\angel\\Desktop\
\Nutrijournal_ionic\\nutrijournal\\node_modules","C:\\Users\\angel\\Desktop\\Nutrijour
nal_ionic\\node_modules","C:\\Users\\angel\\Desktop\\node_modules","C:\\Users\\angel\\
node_modules","C:\\Users\\node_modules","C:\\node_modules","C:\\Users\\angel\\.node_mo
dules","C:\\Users\\angel\\.node_libraries","C:\\Program Files\\nodejs\\lib\\node"]
MODULE 8392: load "C:\\Users\\angel\\Desktop\\Nutrijournal_ionic\\nutrijournal\\backen
d\\node_modules\\jsonwebtoken\\index.js" for module "C:\\Users\\angel\\Desktop\\Nutrij
ournal_ionic\\nutrijournal\\backend\\node_modules\\jsonwebtoken\\index.js"
MODULE 8392: Module._load REQUEST ./decode parent: C:\Users\angel\Desktop\Nutrijournal
_ionic\nutrijournal\backend\node_modules\jsonwebtoken\index.js
MODULE 8392: RELATIVE: requested: ./decode from parent.id C:\Users\angel\Desktop\Nutri
journal_ionic\nutrijournal\backend\node_modules\jsonwebtoken\index.js
MODULE 8392: looking for ["C:\\Users\\angel\\Desktop\\Nutrijournal_ionic\\nutrijournal
\\backend\\node_modules\\jsonwebtoken"]
MODULE 8392: load "C:\\Users\\angel\\Desktop\\Nutrijournal_ionic\\nutrijournal\\backen
d\\node_modules\\jsonwebtoken\\decode.js" for module "C:\\Users\\angel\\Desktop\\Nutri
journal_ionic\\nutrijournal\\backend\\node_modules\\jsonwebtoken\\decode.js"
MODULE 8392: Module._load REQUEST jws parent: C:\Users\angel\Desktop\Nutrijournal_ioni
c\nutrijournal\backend\node_modules\jsonwebtoken\decode.js
MODULE 8392: looking for "jws" in ["C:\\Users\\angel\\Desktop\\Nutrijournal_ionic\\nut
rijournal\\backend\\node_modules\\jsonwebtoken\\node_modules","C:\\Users\\angel\\Deskt
op\\Nutrijournal_ionic\\nutrijournal\\backend\\node_modules","C:\\Users\\angel\\Deskto
p\\Nutrijournal_ionic\\nutrijournal\\node_modules","C:\\Users\\angel\\Desktop\\Nutrijo
urnal_ionic\\node_modules","C:\\Users\\angel\\Desktop\\node_modules","C:\\Users\\angel
\\node_modules","C:\\Users\\node_modules","C:\\node_modules","C:\\Users\\angel\\.node_
modules","C:\\Users\\angel\\.node_libraries","C:\\Program Files\\nodejs\\lib\\node"]
MODULE 8392: load "C:\\Users\\angel\\Desktop\\Nutrijournal_ionic\\nutrijournal\\backen
d\\node_modules\\jws\\index.js" for module "C:\\Users\\angel\\Desktop\\Nutrijournal_io
nic\\nutrijournal\\backend\\node_modules\\jws\\index.js"
MODULE 8392: Module._load REQUEST ./lib/sign-stream parent: C:\Users\angel\Desktop\Nut
rijournal_ionic\nutrijournal\backend\node_modules\jws\index.js
MODULE 8392: RELATIVE: requested: ./lib/sign-stream from parent.id C:\Users\angel\Desk
top\Nutrijournal_ionic\nutrijournal\backend\node_modules\jws\index.js
MODULE 8392: looking for ["C:\\Users\\angel\\Desktop\\Nutrijournal_ionic\\nutrijournal
\\backend\\node_modules\\jws"]
MODULE 8392: load "C:\\Users\\angel\\Desktop\\Nutrijournal_ionic\\nutrijournal\\backen
d\\node_modules\\jws\\lib\\sign-stream.js" for module "C:\\Users\\angel\\Desktop\\Nutr
ijournal_ionic\\nutrijournal\\backend\\node_modules\\jws\\lib\\sign-stream.js"
MODULE 8392: Module._load REQUEST safe-buffer parent: C:\Users\angel\Desktop\Nutrijour
nal_ionic\nutrijournal\backend\node_modules\jws\lib\sign-stream.js
MODULE 8392: looking for "safe-buffer" in ["C:\\Users\\angel\\Desktop\\Nutrijournal_io
nic\\nutrijournal\\backend\\node_modules\\jws\\lib\\node_modules","C:\\Users\\angel\\D
esktop\\Nutrijournal_ionic\\nutrijournal\\backend\\node_modules\\jws\\node_modules","C
:\\Users\\angel\\Desktop\\Nutrijournal_ionic\\nutrijournal\\backend\\node_modules","C:
\\Users\\angel\\Desktop\\Nutrijournal_ionic\\nutrijournal\\node_modules","C:\\Users\\a
ngel\\Desktop\\Nutrijournal_ionic\\node_modules","C:\\Users\\angel\\Desktop\\node_modu
les","C:\\Users\\angel\\node_modules","C:\\Users\\node_modules","C:\\node_modules","C:
\\Users\\angel\\.node_modules","C:\\Users\\angel\\.node_libraries","C:\\Program 
Files\\nodejs\\lib\\node"]
MODULE 8392: Module._load REQUEST ./data-stream parent: C:\Users\angel\Desktop\Nutrijo
urnal_ionic\nutrijournal\backend\node_modules\jws\lib\sign-stream.js
MODULE 8392: RELATIVE: requested: ./data-stream from parent.id C:\Users\angel\Desktop\
Nutrijournal_ionic\nutrijournal\backend\node_modules\jws\lib\sign-stream.js
MODULE 8392: looking for ["C:\\Users\\angel\\Desktop\\Nutrijournal_ionic\\nutrijournal
\\backend\\node_modules\\jws\\lib"]
MODULE 8392: load "C:\\Users\\angel\\Desktop\\Nutrijournal_ionic\\nutrijournal\\backen
d\\node_modules\\jws\\lib\\data-stream.js" for module "C:\\Users\\angel\\Desktop\\Nutr
ijournal_ionic\\nutrijournal\\backend\\node_modules\\jws\\lib\\data-stream.js"
MODULE 8392: Module._load REQUEST safe-buffer parent: C:\Users\angel\Desktop\Nutrijour
nal_ionic\nutrijournal\backend\node_modules\jws\lib\data-stream.js
MODULE 8392: looking for "safe-buffer" in ["C:\\Users\\angel\\Desktop\\Nutrijournal_io
nic\\nutrijournal\\backend\\node_modules\\jws\\lib\\node_modules","C:\\Users\\angel\\D
esktop\\Nutrijournal_ionic\\nutrijournal\\backend\\node_modules\\jws\\node_modules","C
:\\Users\\angel\\Desktop\\Nutrijournal_ionic\\nutrijournal\\backend\\node_modules","C:
\\Users\\angel\\Desktop\\Nutrijournal_ionic\\nutrijournal\\node_modules","C:\\Users\\a
ngel\\Desktop\\Nutrijournal_ionic\\node_modules","C:\\Users\\angel\\Desktop\\node_modu
les","C:\\Users\\angel\\node_modules","C:\\Users\\node_modules","C:\\node_modules","C:
\\Users\\angel\\.node_modules","C:\\Users\\angel\\.node_libraries","C:\\Program 
Files\\nodejs\\lib\\node"]
MODULE 8392: Module._load REQUEST stream parent: C:\Users\angel\Desktop\Nutrijournal_i
onic\nutrijournal\backend\node_modules\jws\lib\data-stream.js
MODULE 8392: load built-in module stream
MODULE 8392: Module._load REQUEST util parent: C:\Users\angel\Desktop\Nutrijournal_ion
ic\nutrijournal\backend\node_modules\jws\lib\data-stream.js
MODULE 8392: load built-in module util
MODULE 8392: Module._load REQUEST jwa parent: C:\Users\angel\Desktop\Nutrijournal_ioni
c\nutrijournal\backend\node_modules\jws\lib\sign-stream.js
MODULE 8392: looking for "jwa" in ["C:\\Users\\angel\\Desktop\\Nutrijournal_ionic\\nut
rijournal\\backend\\node_modules\\jws\\lib\\node_modules","C:\\Users\\angel\\Desktop\\
Nutrijournal_ionic\\nutrijournal\\backend\\node_modules\\jws\\node_modules","C:\\Users
\\angel\\Desktop\\Nutrijournal_ionic\\nutrijournal\\backend\\node_modules","C:\\Users\
\angel\\Desktop\\Nutrijournal_ionic\\nutrijournal\\node_modules","C:\\Users\\angel\\De
sktop\\Nutrijournal_ionic\\node_modules","C:\\Users\\angel\\Desktop\\node_modules","C:
\\Users\\angel\\node_modules","C:\\Users\\node_modules","C:\\node_modules","C:\\Users\
\angel\\.node_modules","C:\\Users\\angel\\.node_libraries","C:\\Program 
Files\\nodejs\\lib\\node"]
MODULE 8392: load "C:\\Users\\angel\\Desktop\\Nutrijournal_ionic\\nutrijournal\\backen
d\\node_modules\\jwa\\index.js" for module "C:\\Users\\angel\\Desktop\\Nutrijournal_io
nic\\nutrijournal\\backend\\node_modules\\jwa\\index.js"
MODULE 8392: Module._load REQUEST safe-buffer parent: C:\Users\angel\Desktop\Nutrijour
nal_ionic\nutrijournal\backend\node_modules\jwa\index.js
MODULE 8392: looking for "safe-buffer" in ["C:\\Users\\angel\\Desktop\\Nutrijournal_io
nic\\nutrijournal\\backend\\node_modules\\jwa\\node_modules","C:\\Users\\angel\\Deskto
p\\Nutrijournal_ionic\\nutrijournal\\backend\\node_modules","C:\\Users\\angel\\Desktop
\\Nutrijournal_ionic\\nutrijournal\\node_modules","C:\\Users\\angel\\Desktop\\Nutrijou
rnal_ionic\\node_modules","C:\\Users\\angel\\Desktop\\node_modules","C:\\Users\\angel\
\node_modules","C:\\Users\\node_modules","C:\\node_modules","C:\\Users\\angel\\.node_m
odules","C:\\Users\\angel\\.node_libraries","C:\\Program Files\\nodejs\\lib\\node"]
MODULE 8392: Module._load REQUEST crypto parent: C:\Users\angel\Desktop\Nutrijournal_i
onic\nutrijournal\backend\node_modules\jwa\index.js
MODULE 8392: load built-in module crypto
MODULE 8392: Module._load REQUEST ecdsa-sig-formatter parent: C:\Users\angel\Desktop\N
utrijournal_ionic\nutrijournal\backend\node_modules\jwa\index.js
MODULE 8392: looking for "ecdsa-sig-formatter" in ["C:\\Users\\angel\\Desktop\\Nutrijo
urnal_ionic\\nutrijournal\\backend\\node_modules\\jwa\\node_modules","C:\\Users\\angel
\\Desktop\\Nutrijournal_ionic\\nutrijournal\\backend\\node_modules","C:\\Users\\angel\
\Desktop\\Nutrijournal_ionic\\nutrijournal\\node_modules","C:\\Users\\angel\\Desktop\\
Nutrijournal_ionic\\node_modules","C:\\Users\\angel\\Desktop\\node_modules","C:\\Users
\\angel\\node_modules","C:\\Users\\node_modules","C:\\node_modules","C:\\Users\\angel\
\.node_modules","C:\\Users\\angel\\.node_libraries","C:\\Program 
Files\\nodejs\\lib\\node"]
MODULE 8392: load "C:\\Users\\angel\\Desktop\\Nutrijournal_ionic\\nutrijournal\\backen
d\\node_modules\\ecdsa-sig-formatter\\src\\ecdsa-sig-formatter.js" for module "C:\\Use
rs\\angel\\Desktop\\Nutrijournal_ionic\\nutrijournal\\backend\\node_modules\\ecdsa-sig
-formatter\\src\\ecdsa-sig-formatter.js"
MODULE 8392: Module._load REQUEST safe-buffer parent: C:\Users\angel\Desktop\Nutrijour
nal_ionic\nutrijournal\backend\node_modules\ecdsa-sig-formatter\src\ecdsa-sig-formatte
r.js
MODULE 8392: looking for "safe-buffer" in ["C:\\Users\\angel\\Desktop\\Nutrijournal_io
nic\\nutrijournal\\backend\\node_modules\\ecdsa-sig-formatter\\src\\node_modules","C:\
\Users\\angel\\Desktop\\Nutrijournal_ionic\\nutrijournal\\backend\\node_modules\\ecdsa
-sig-formatter\\node_modules","C:\\Users\\angel\\Desktop\\Nutrijournal_ionic\\nutrijou
rnal\\backend\\node_modules","C:\\Users\\angel\\Desktop\\Nutrijournal_ionic\\nutrijour
nal\\node_modules","C:\\Users\\angel\\Desktop\\Nutrijournal_ionic\\node_modules","C:\\
Users\\angel\\Desktop\\node_modules","C:\\Users\\angel\\node_modules","C:\\Users\\node
_modules","C:\\node_modules","C:\\Users\\angel\\.node_modules","C:\\Users\\angel\\.nod
e_libraries","C:\\Program Files\\nodejs\\lib\\node"]
MODULE 8392: Module._load REQUEST ./param-bytes-for-alg parent: C:\Users\angel\Desktop
\Nutrijournal_ionic\nutrijournal\backend\node_modules\ecdsa-sig-formatter\src\ecdsa-si
g-formatter.js
MODULE 8392: RELATIVE: requested: ./param-bytes-for-alg from parent.id C:\Users\angel\
Desktop\Nutrijournal_ionic\nutrijournal\backend\node_modules\ecdsa-sig-formatter\src\e
cdsa-sig-formatter.js
MODULE 8392: looking for ["C:\\Users\\angel\\Desktop\\Nutrijournal_ionic\\nutrijournal
\\backend\\node_modules\\ecdsa-sig-formatter\\src"]
MODULE 8392: load "C:\\Users\\angel\\Desktop\\Nutrijournal_ionic\\nutrijournal\\backen
d\\node_modules\\ecdsa-sig-formatter\\src\\param-bytes-for-alg.js" for module "C:\\Use
rs\\angel\\Desktop\\Nutrijournal_ionic\\nutrijournal\\backend\\node_modules\\ecdsa-sig
-formatter\\src\\param-bytes-for-alg.js"
MODULE 8392: Module._load REQUEST util parent: C:\Users\angel\Desktop\Nutrijournal_ion
ic\nutrijournal\backend\node_modules\jwa\index.js
MODULE 8392: load built-in module util
MODULE 8392: Module._load REQUEST stream parent: C:\Users\angel\Desktop\Nutrijournal_i
onic\nutrijournal\backend\node_modules\jws\lib\sign-stream.js
MODULE 8392: load built-in module stream
MODULE 8392: Module._load REQUEST ./tostring parent: C:\Users\angel\Desktop\Nutrijourn
al_ionic\nutrijournal\backend\node_modules\jws\lib\sign-stream.js
MODULE 8392: RELATIVE: requested: ./tostring from parent.id C:\Users\angel\Desktop\Nut
rijournal_ionic\nutrijournal\backend\node_modules\jws\lib\sign-stream.js
MODULE 8392: looking for ["C:\\Users\\angel\\Desktop\\Nutrijournal_ionic\\nutrijournal
\\backend\\node_modules\\jws\\lib"]
MODULE 8392: load "C:\\Users\\angel\\Desktop\\Nutrijournal_ionic\\nutrijournal\\backen
d\\node_modules\\jws\\lib\\tostring.js" for module "C:\\Users\\angel\\Desktop\\Nutrijo
urnal_ionic\\nutrijournal\\backend\\node_modules\\jws\\lib\\tostring.js"
MODULE 8392: Module._load REQUEST buffer parent: C:\Users\angel\Desktop\Nutrijournal_i
onic\nutrijournal\backend\node_modules\jws\lib\tostring.js
MODULE 8392: load built-in module buffer
MODULE 8392: Module._load REQUEST util parent: C:\Users\angel\Desktop\Nutrijournal_ion
ic\nutrijournal\backend\node_modules\jws\lib\sign-stream.js
MODULE 8392: load built-in module util
MODULE 8392: Module._load REQUEST ./lib/verify-stream parent: C:\Users\angel\Desktop\N
utrijournal_ionic\nutrijournal\backend\node_modules\jws\index.js
MODULE 8392: RELATIVE: requested: ./lib/verify-stream from parent.id C:\Users\angel\De
sktop\Nutrijournal_ionic\nutrijournal\backend\node_modules\jws\index.js
MODULE 8392: looking for ["C:\\Users\\angel\\Desktop\\Nutrijournal_ionic\\nutrijournal
\\backend\\node_modules\\jws"]
MODULE 8392: load "C:\\Users\\angel\\Desktop\\Nutrijournal_ionic\\nutrijournal\\backen
d\\node_modules\\jws\\lib\\verify-stream.js" for module "C:\\Users\\angel\\Desktop\\Nu
trijournal_ionic\\nutrijournal\\backend\\node_modules\\jws\\lib\\verify-stream.js"
MODULE 8392: Module._load REQUEST safe-buffer parent: C:\Users\angel\Desktop\Nutrijour
nal_ionic\nutrijournal\backend\node_modules\jws\lib\verify-stream.js
MODULE 8392: looking for "safe-buffer" in ["C:\\Users\\angel\\Desktop\\Nutrijournal_io
nic\\nutrijournal\\backend\\node_modules\\jws\\lib\\node_modules","C:\\Users\\angel\\D
esktop\\Nutrijournal_ionic\\nutrijournal\\backend\\node_modules\\jws\\node_modules","C
:\\Users\\angel\\Desktop\\Nutrijournal_ionic\\nutrijournal\\backend\\node_modules","C:
\\Users\\angel\\Desktop\\Nutrijournal_ionic\\nutrijournal\\node_modules","C:\\Users\\a
ngel\\Desktop\\Nutrijournal_ionic\\node_modules","C:\\Users\\angel\\Desktop\\node_modu
les","C:\\Users\\angel\\node_modules","C:\\Users\\node_modules","C:\\node_modules","C:
\\Users\\angel\\.node_modules","C:\\Users\\angel\\.node_libraries","C:\\Program 
Files\\nodejs\\lib\\node"]
MODULE 8392: Module._load REQUEST ./data-stream parent: C:\Users\angel\Desktop\Nutrijo
urnal_ionic\nutrijournal\backend\node_modules\jws\lib\verify-stream.js
MODULE 8392: Module._load REQUEST jwa parent: C:\Users\angel\Desktop\Nutrijournal_ioni
c\nutrijournal\backend\node_modules\jws\lib\verify-stream.js
MODULE 8392: Module._load REQUEST stream parent: C:\Users\angel\Desktop\Nutrijournal_i
onic\nutrijournal\backend\node_modules\jws\lib\verify-stream.js
MODULE 8392: load built-in module stream
MODULE 8392: Module._load REQUEST ./tostring parent: C:\Users\angel\Desktop\Nutrijourn
al_ionic\nutrijournal\backend\node_modules\jws\lib\verify-stream.js
MODULE 8392: Module._load REQUEST util parent: C:\Users\angel\Desktop\Nutrijournal_ion
ic\nutrijournal\backend\node_modules\jws\lib\verify-stream.js
MODULE 8392: load built-in module util
MODULE 8392: Module._load REQUEST ./verify parent: C:\Users\angel\Desktop\Nutrijournal
_ionic\nutrijournal\backend\node_modules\jsonwebtoken\index.js
MODULE 8392: RELATIVE: requested: ./verify from parent.id C:\Users\angel\Desktop\Nutri
journal_ionic\nutrijournal\backend\node_modules\jsonwebtoken\index.js
MODULE 8392: looking for ["C:\\Users\\angel\\Desktop\\Nutrijournal_ionic\\nutrijournal
\\backend\\node_modules\\jsonwebtoken"]
MODULE 8392: load "C:\\Users\\angel\\Desktop\\Nutrijournal_ionic\\nutrijournal\\backen
d\\node_modules\\jsonwebtoken\\verify.js" for module "C:\\Users\\angel\\Desktop\\Nutri
journal_ionic\\nutrijournal\\backend\\node_modules\\jsonwebtoken\\verify.js"
MODULE 8392: Module._load REQUEST ./lib/JsonWebTokenError parent: C:\Users\angel\Deskt
op\Nutrijournal_ionic\nutrijournal\backend\node_modules\jsonwebtoken\verify.js
MODULE 8392: RELATIVE: requested: ./lib/JsonWebTokenError from parent.id C:\Users\ange
l\Desktop\Nutrijournal_ionic\nutrijournal\backend\node_modules\jsonwebtoken\verify.js
MODULE 8392: looking for ["C:\\Users\\angel\\Desktop\\Nutrijournal_ionic\\nutrijournal
\\backend\\node_modules\\jsonwebtoken"]
MODULE 8392: load "C:\\Users\\angel\\Desktop\\Nutrijournal_ionic\\nutrijournal\\backen
d\\node_modules\\jsonwebtoken\\lib\\JsonWebTokenError.js" for module "C:\\Users\\angel
\\Desktop\\Nutrijournal_ionic\\nutrijournal\\backend\\node_modules\\jsonwebtoken\\lib\
\JsonWebTokenError.js"
MODULE 8392: Module._load REQUEST ./lib/NotBeforeError parent: C:\Users\angel\Desktop\
Nutrijournal_ionic\nutrijournal\backend\node_modules\jsonwebtoken\verify.js
MODULE 8392: RELATIVE: requested: ./lib/NotBeforeError from parent.id C:\Users\angel\D
esktop\Nutrijournal_ionic\nutrijournal\backend\node_modules\jsonwebtoken\verify.js
MODULE 8392: looking for ["C:\\Users\\angel\\Desktop\\Nutrijournal_ionic\\nutrijournal
\\backend\\node_modules\\jsonwebtoken"]
MODULE 8392: load "C:\\Users\\angel\\Desktop\\Nutrijournal_ionic\\nutrijournal\\backen
d\\node_modules\\jsonwebtoken\\lib\\NotBeforeError.js" for module "C:\\Users\\angel\\D
esktop\\Nutrijournal_ionic\\nutrijournal\\backend\\node_modules\\jsonwebtoken\\lib\\No
tBeforeError.js"
MODULE 8392: Module._load REQUEST ./JsonWebTokenError parent: C:\Users\angel\Desktop\N
utrijournal_ionic\nutrijournal\backend\node_modules\jsonwebtoken\lib\NotBeforeError.js
MODULE 8392: RELATIVE: requested: ./JsonWebTokenError from parent.id C:\Users\angel\De
sktop\Nutrijournal_ionic\nutrijournal\backend\node_modules\jsonwebtoken\lib\NotBeforeE
rror.js
MODULE 8392: looking for ["C:\\Users\\angel\\Desktop\\Nutrijournal_ionic\\nutrijournal
\\backend\\node_modules\\jsonwebtoken\\lib"]
MODULE 8392: Module._load REQUEST ./lib/TokenExpiredError parent: C:\Users\angel\Deskt
op\Nutrijournal_ionic\nutrijournal\backend\node_modules\jsonwebtoken\verify.js
MODULE 8392: RELATIVE: requested: ./lib/TokenExpiredError from parent.id C:\Users\ange
l\Desktop\Nutrijournal_ionic\nutrijournal\backend\node_modules\jsonwebtoken\verify.js
MODULE 8392: looking for ["C:\\Users\\angel\\Desktop\\Nutrijournal_ionic\\nutrijournal
\\backend\\node_modules\\jsonwebtoken"]
MODULE 8392: load "C:\\Users\\angel\\Desktop\\Nutrijournal_ionic\\nutrijournal\\backen
d\\node_modules\\jsonwebtoken\\lib\\TokenExpiredError.js" for module "C:\\Users\\angel
\\Desktop\\Nutrijournal_ionic\\nutrijournal\\backend\\node_modules\\jsonwebtoken\\lib\
\TokenExpiredError.js"
MODULE 8392: Module._load REQUEST ./JsonWebTokenError parent: C:\Users\angel\Desktop\N
utrijournal_ionic\nutrijournal\backend\node_modules\jsonwebtoken\lib\TokenExpiredError
.js
MODULE 8392: RELATIVE: requested: ./JsonWebTokenError from parent.id C:\Users\angel\De
sktop\Nutrijournal_ionic\nutrijournal\backend\node_modules\jsonwebtoken\lib\TokenExpir
edError.js
MODULE 8392: looking for ["C:\\Users\\angel\\Desktop\\Nutrijournal_ionic\\nutrijournal
\\backend\\node_modules\\jsonwebtoken\\lib"]
MODULE 8392: Module._load REQUEST ./decode parent: C:\Users\angel\Desktop\Nutrijournal
_ionic\nutrijournal\backend\node_modules\jsonwebtoken\verify.js
MODULE 8392: Module._load REQUEST ./lib/timespan parent: C:\Users\angel\Desktop\Nutrij
ournal_ionic\nutrijournal\backend\node_modules\jsonwebtoken\verify.js
MODULE 8392: RELATIVE: requested: ./lib/timespan from parent.id C:\Users\angel\Desktop
\Nutrijournal_ionic\nutrijournal\backend\node_modules\jsonwebtoken\verify.js
MODULE 8392: looking for ["C:\\Users\\angel\\Desktop\\Nutrijournal_ionic\\nutrijournal
\\backend\\node_modules\\jsonwebtoken"]
MODULE 8392: load "C:\\Users\\angel\\Desktop\\Nutrijournal_ionic\\nutrijournal\\backen
d\\node_modules\\jsonwebtoken\\lib\\timespan.js" for module "C:\\Users\\angel\\Desktop
\\Nutrijournal_ionic\\nutrijournal\\backend\\node_modules\\jsonwebtoken\\lib\\timespan
.js"
MODULE 8392: Module._load REQUEST ms parent: C:\Users\angel\Desktop\Nutrijournal_ionic
\nutrijournal\backend\node_modules\jsonwebtoken\lib\timespan.js
MODULE 8392: looking for "ms" in ["C:\\Users\\angel\\Desktop\\Nutrijournal_ionic\\nutr
ijournal\\backend\\node_modules\\jsonwebtoken\\lib\\node_modules","C:\\Users\\angel\\D
esktop\\Nutrijournal_ionic\\nutrijournal\\backend\\node_modules\\jsonwebtoken\\node_mo
dules","C:\\Users\\angel\\Desktop\\Nutrijournal_ionic\\nutrijournal\\backend\\node_mod
ules","C:\\Users\\angel\\Desktop\\Nutrijournal_ionic\\nutrijournal\\node_modules","C:\
\Users\\angel\\Desktop\\Nutrijournal_ionic\\node_modules","C:\\Users\\angel\\Desktop\\
node_modules","C:\\Users\\angel\\node_modules","C:\\Users\\node_modules","C:\\node_mod
ules","C:\\Users\\angel\\.node_modules","C:\\Users\\angel\\.node_libraries","C:\\Progr
am Files\\nodejs\\lib\\node"]
MODULE 8392: load "C:\\Users\\angel\\Desktop\\Nutrijournal_ionic\\nutrijournal\\backen
d\\node_modules\\jsonwebtoken\\node_modules\\ms\\index.js" for module "C:\\Users\\ange
l\\Desktop\\Nutrijournal_ionic\\nutrijournal\\backend\\node_modules\\jsonwebtoken\\nod
e_modules\\ms\\index.js"
MODULE 8392: Module._load REQUEST ./lib/validateAsymmetricKey parent: C:\Users\angel\D
esktop\Nutrijournal_ionic\nutrijournal\backend\node_modules\jsonwebtoken\verify.js
MODULE 8392: RELATIVE: requested: ./lib/validateAsymmetricKey from parent.id C:\Users\
angel\Desktop\Nutrijournal_ionic\nutrijournal\backend\node_modules\jsonwebtoken\verify
.js
MODULE 8392: looking for ["C:\\Users\\angel\\Desktop\\Nutrijournal_ionic\\nutrijournal
\\backend\\node_modules\\jsonwebtoken"]
MODULE 8392: load "C:\\Users\\angel\\Desktop\\Nutrijournal_ionic\\nutrijournal\\backen
d\\node_modules\\jsonwebtoken\\lib\\validateAsymmetricKey.js" for module "C:\\Users\\a
ngel\\Desktop\\Nutrijournal_ionic\\nutrijournal\\backend\\node_modules\\jsonwebtoken\\
lib\\validateAsymmetricKey.js"
MODULE 8392: Module._load REQUEST ./asymmetricKeyDetailsSupported parent: C:\Users\ang
el\Desktop\Nutrijournal_ionic\nutrijournal\backend\node_modules\jsonwebtoken\lib\valid
ateAsymmetricKey.js
MODULE 8392: RELATIVE: requested: ./asymmetricKeyDetailsSupported from parent.id C:\Us
ers\angel\Desktop\Nutrijournal_ionic\nutrijournal\backend\node_modules\jsonwebtoken\li
b\validateAsymmetricKey.js
MODULE 8392: looking for ["C:\\Users\\angel\\Desktop\\Nutrijournal_ionic\\nutrijournal
\\backend\\node_modules\\jsonwebtoken\\lib"]
MODULE 8392: load "C:\\Users\\angel\\Desktop\\Nutrijournal_ionic\\nutrijournal\\backen
d\\node_modules\\jsonwebtoken\\lib\\asymmetricKeyDetailsSupported.js" for module "C:\\
Users\\angel\\Desktop\\Nutrijournal_ionic\\nutrijournal\\backend\\node_modules\\jsonwe
btoken\\lib\\asymmetricKeyDetailsSupported.js"
MODULE 8392: Module._load REQUEST semver parent: C:\Users\angel\Desktop\Nutrijournal_i
onic\nutrijournal\backend\node_modules\jsonwebtoken\lib\asymmetricKeyDetailsSupported.
js
MODULE 8392: looking for "semver" in ["C:\\Users\\angel\\Desktop\\Nutrijournal_ionic\\
nutrijournal\\backend\\node_modules\\jsonwebtoken\\lib\\node_modules","C:\\Users\\ange
l\\Desktop\\Nutrijournal_ionic\\nutrijournal\\backend\\node_modules\\jsonwebtoken\\nod
e_modules","C:\\Users\\angel\\Desktop\\Nutrijournal_ionic\\nutrijournal\\backend\\node
_modules","C:\\Users\\angel\\Desktop\\Nutrijournal_ionic\\nutrijournal\\node_modules",
"C:\\Users\\angel\\Desktop\\Nutrijournal_ionic\\node_modules","C:\\Users\\angel\\Deskt
op\\node_modules","C:\\Users\\angel\\node_modules","C:\\Users\\node_modules","C:\\node
_modules","C:\\Users\\angel\\.node_modules","C:\\Users\\angel\\.node_libraries","C:\\P
rogram Files\\nodejs\\lib\\node"]
MODULE 8392: load "C:\\Users\\angel\\Desktop\\Nutrijournal_ionic\\nutrijournal\\backen
d\\node_modules\\jsonwebtoken\\node_modules\\semver\\index.js" for module "C:\\Users\\
angel\\Desktop\\Nutrijournal_ionic\\nutrijournal\\backend\\node_modules\\jsonwebtoken\
\node_modules\\semver\\index.js"
MODULE 8392: Module._load REQUEST ./internal/re parent: C:\Users\angel\Desktop\Nutrijo
urnal_ionic\nutrijournal\backend\node_modules\jsonwebtoken\node_modules\semver\index.j
s
MODULE 8392: RELATIVE: requested: ./internal/re from parent.id C:\Users\angel\Desktop\
Nutrijournal_ionic\nutrijournal\backend\node_modules\jsonwebtoken\node_modules\semver\
index.js
MODULE 8392: looking for ["C:\\Users\\angel\\Desktop\\Nutrijournal_ionic\\nutrijournal
\\backend\\node_modules\\jsonwebtoken\\node_modules\\semver"]
MODULE 8392: load "C:\\Users\\angel\\Desktop\\Nutrijournal_ionic\\nutrijournal\\backen
d\\node_modules\\jsonwebtoken\\node_modules\\semver\\internal\\re.js" for module "C:\\
Users\\angel\\Desktop\\Nutrijournal_ionic\\nutrijournal\\backend\\node_modules\\jsonwe
btoken\\node_modules\\semver\\internal\\re.js"
MODULE 8392: Module._load REQUEST ./constants parent: C:\Users\angel\Desktop\Nutrijour
nal_ionic\nutrijournal\backend\node_modules\jsonwebtoken\node_modules\semver\internal\
re.js
MODULE 8392: RELATIVE: requested: ./constants from parent.id C:\Users\angel\Desktop\Nu
trijournal_ionic\nutrijournal\backend\node_modules\jsonwebtoken\node_modules\semver\in
ternal\re.js
MODULE 8392: looking for ["C:\\Users\\angel\\Desktop\\Nutrijournal_ionic\\nutrijournal
\\backend\\node_modules\\jsonwebtoken\\node_modules\\semver\\internal"]
MODULE 8392: load "C:\\Users\\angel\\Desktop\\Nutrijournal_ionic\\nutrijournal\\backen
d\\node_modules\\jsonwebtoken\\node_modules\\semver\\internal\\constants.js" for 
module "C:\\Users\\angel\\Desktop\\Nutrijournal_ionic\\nutrijournal\\backend\\node_mod
ules\\jsonwebtoken\\node_modules\\semver\\internal\\constants.js"
MODULE 8392: Module._load REQUEST ./debug parent: C:\Users\angel\Desktop\Nutrijournal_
ionic\nutrijournal\backend\node_modules\jsonwebtoken\node_modules\semver\internal\re.j
s
MODULE 8392: RELATIVE: requested: ./debug from parent.id C:\Users\angel\Desktop\Nutrij
ournal_ionic\nutrijournal\backend\node_modules\jsonwebtoken\node_modules\semver\intern
al\re.js
MODULE 8392: looking for ["C:\\Users\\angel\\Desktop\\Nutrijournal_ionic\\nutrijournal
\\backend\\node_modules\\jsonwebtoken\\node_modules\\semver\\internal"]
MODULE 8392: load "C:\\Users\\angel\\Desktop\\Nutrijournal_ionic\\nutrijournal\\backen
d\\node_modules\\jsonwebtoken\\node_modules\\semver\\internal\\debug.js" for module "C
:\\Users\\angel\\Desktop\\Nutrijournal_ionic\\nutrijournal\\backend\\node_modules\\jso
nwebtoken\\node_modules\\semver\\internal\\debug.js"
MODULE 8392: Module._load REQUEST ./internal/constants parent: C:\Users\angel\Desktop\
Nutrijournal_ionic\nutrijournal\backend\node_modules\jsonwebtoken\node_modules\semver\
index.js
MODULE 8392: RELATIVE: requested: ./internal/constants from parent.id C:\Users\angel\D
esktop\Nutrijournal_ionic\nutrijournal\backend\node_modules\jsonwebtoken\node_modules\
semver\index.js
MODULE 8392: looking for ["C:\\Users\\angel\\Desktop\\Nutrijournal_ionic\\nutrijournal
\\backend\\node_modules\\jsonwebtoken\\node_modules\\semver"]
MODULE 8392: Module._load REQUEST ./classes/semver parent: C:\Users\angel\Desktop\Nutr
ijournal_ionic\nutrijournal\backend\node_modules\jsonwebtoken\node_modules\semver\inde
x.js
MODULE 8392: RELATIVE: requested: ./classes/semver from parent.id C:\Users\angel\Deskt
op\Nutrijournal_ionic\nutrijournal\backend\node_modules\jsonwebtoken\node_modules\semv
er\index.js
MODULE 8392: looking for ["C:\\Users\\angel\\Desktop\\Nutrijournal_ionic\\nutrijournal
\\backend\\node_modules\\jsonwebtoken\\node_modules\\semver"]
MODULE 8392: load "C:\\Users\\angel\\Desktop\\Nutrijournal_ionic\\nutrijournal\\backen
d\\node_modules\\jsonwebtoken\\node_modules\\semver\\classes\\semver.js" for module "C
:\\Users\\angel\\Desktop\\Nutrijournal_ionic\\nutrijournal\\backend\\node_modules\\jso
nwebtoken\\node_modules\\semver\\classes\\semver.js"
MODULE 8392: Module._load REQUEST ../internal/debug parent: C:\Users\angel\Desktop\Nut
rijournal_ionic\nutrijournal\backend\node_modules\jsonwebtoken\node_modules\semver\cla
sses\semver.js
MODULE 8392: RELATIVE: requested: ../internal/debug from parent.id C:\Users\angel\Desk
top\Nutrijournal_ionic\nutrijournal\backend\node_modules\jsonwebtoken\node_modules\sem
ver\classes\semver.js
MODULE 8392: looking for ["C:\\Users\\angel\\Desktop\\Nutrijournal_ionic\\nutrijournal
\\backend\\node_modules\\jsonwebtoken\\node_modules\\semver\\classes"]
MODULE 8392: Module._load REQUEST ../internal/constants parent: C:\Users\angel\Desktop
\Nutrijournal_ionic\nutrijournal\backend\node_modules\jsonwebtoken\node_modules\semver
\classes\semver.js
MODULE 8392: RELATIVE: requested: ../internal/constants from parent.id C:\Users\angel\
Desktop\Nutrijournal_ionic\nutrijournal\backend\node_modules\jsonwebtoken\node_modules
\semver\classes\semver.js
MODULE 8392: looking for ["C:\\Users\\angel\\Desktop\\Nutrijournal_ionic\\nutrijournal
\\backend\\node_modules\\jsonwebtoken\\node_modules\\semver\\classes"]
MODULE 8392: Module._load REQUEST ../internal/re parent: C:\Users\angel\Desktop\Nutrij
ournal_ionic\nutrijournal\backend\node_modules\jsonwebtoken\node_modules\semver\classe
s\semver.js
MODULE 8392: RELATIVE: requested: ../internal/re from parent.id C:\Users\angel\Desktop
\Nutrijournal_ionic\nutrijournal\backend\node_modules\jsonwebtoken\node_modules\semver
\classes\semver.js
MODULE 8392: looking for ["C:\\Users\\angel\\Desktop\\Nutrijournal_ionic\\nutrijournal
\\backend\\node_modules\\jsonwebtoken\\node_modules\\semver\\classes"]
MODULE 8392: Module._load REQUEST ../internal/parse-options parent: C:\Users\angel\Des
ktop\Nutrijournal_ionic\nutrijournal\backend\node_modules\jsonwebtoken\node_modules\se
mver\classes\semver.js
MODULE 8392: RELATIVE: requested: ../internal/parse-options from parent.id C:\Users\an
gel\Desktop\Nutrijournal_ionic\nutrijournal\backend\node_modules\jsonwebtoken\node_mod
ules\semver\classes\semver.js
MODULE 8392: looking for ["C:\\Users\\angel\\Desktop\\Nutrijournal_ionic\\nutrijournal
\\backend\\node_modules\\jsonwebtoken\\node_modules\\semver\\classes"]
MODULE 8392: load "C:\\Users\\angel\\Desktop\\Nutrijournal_ionic\\nutrijournal\\backen
d\\node_modules\\jsonwebtoken\\node_modules\\semver\\internal\\parse-options.js" for 
module "C:\\Users\\angel\\Desktop\\Nutrijournal_ionic\\nutrijournal\\backend\\node_mod
ules\\jsonwebtoken\\node_modules\\semver\\internal\\parse-options.js"
MODULE 8392: Module._load REQUEST ../internal/identifiers parent: C:\Users\angel\Deskt
op\Nutrijournal_ionic\nutrijournal\backend\node_modules\jsonwebtoken\node_modules\semv
er\classes\semver.js
MODULE 8392: RELATIVE: requested: ../internal/identifiers from parent.id C:\Users\ange
l\Desktop\Nutrijournal_ionic\nutrijournal\backend\node_modules\jsonwebtoken\node_modul
es\semver\classes\semver.js
MODULE 8392: looking for ["C:\\Users\\angel\\Desktop\\Nutrijournal_ionic\\nutrijournal
\\backend\\node_modules\\jsonwebtoken\\node_modules\\semver\\classes"]
MODULE 8392: load "C:\\Users\\angel\\Desktop\\Nutrijournal_ionic\\nutrijournal\\backen
d\\node_modules\\jsonwebtoken\\node_modules\\semver\\internal\\identifiers.js" for 
module "C:\\Users\\angel\\Desktop\\Nutrijournal_ionic\\nutrijournal\\backend\\node_mod
ules\\jsonwebtoken\\node_modules\\semver\\internal\\identifiers.js"
MODULE 8392: Module._load REQUEST ./internal/identifiers parent: C:\Users\angel\Deskto
p\Nutrijournal_ionic\nutrijournal\backend\node_modules\jsonwebtoken\node_modules\semve
r\index.js
MODULE 8392: RELATIVE: requested: ./internal/identifiers from parent.id C:\Users\angel
\Desktop\Nutrijournal_ionic\nutrijournal\backend\node_modules\jsonwebtoken\node_module
s\semver\index.js
MODULE 8392: looking for ["C:\\Users\\angel\\Desktop\\Nutrijournal_ionic\\nutrijournal
\\backend\\node_modules\\jsonwebtoken\\node_modules\\semver"]
MODULE 8392: Module._load REQUEST ./functions/parse parent: C:\Users\angel\Desktop\Nut
rijournal_ionic\nutrijournal\backend\node_modules\jsonwebtoken\node_modules\semver\ind
ex.js
MODULE 8392: RELATIVE: requested: ./functions/parse from parent.id C:\Users\angel\Desk
top\Nutrijournal_ionic\nutrijournal\backend\node_modules\jsonwebtoken\node_modules\sem
ver\index.js
MODULE 8392: looking for ["C:\\Users\\angel\\Desktop\\Nutrijournal_ionic\\nutrijournal
\\backend\\node_modules\\jsonwebtoken\\node_modules\\semver"]
MODULE 8392: load "C:\\Users\\angel\\Desktop\\Nutrijournal_ionic\\nutrijournal\\backen
d\\node_modules\\jsonwebtoken\\node_modules\\semver\\functions\\parse.js" for module "
C:\\Users\\angel\\Desktop\\Nutrijournal_ionic\\nutrijournal\\backend\\node_modules\\js
onwebtoken\\node_modules\\semver\\functions\\parse.js"
MODULE 8392: Module._load REQUEST ../classes/semver parent: C:\Users\angel\Desktop\Nut
rijournal_ionic\nutrijournal\backend\node_modules\jsonwebtoken\node_modules\semver\fun
ctions\parse.js
MODULE 8392: RELATIVE: requested: ../classes/semver from parent.id C:\Users\angel\Desk
top\Nutrijournal_ionic\nutrijournal\backend\node_modules\jsonwebtoken\node_modules\sem
ver\functions\parse.js
MODULE 8392: looking for ["C:\\Users\\angel\\Desktop\\Nutrijournal_ionic\\nutrijournal
\\backend\\node_modules\\jsonwebtoken\\node_modules\\semver\\functions"]
MODULE 8392: Module._load REQUEST ./functions/valid parent: C:\Users\angel\Desktop\Nut
rijournal_ionic\nutrijournal\backend\node_modules\jsonwebtoken\node_modules\semver\ind
ex.js
MODULE 8392: RELATIVE: requested: ./functions/valid from parent.id C:\Users\angel\Desk
top\Nutrijournal_ionic\nutrijournal\backend\node_modules\jsonwebtoken\node_modules\sem
ver\index.js
MODULE 8392: looking for ["C:\\Users\\angel\\Desktop\\Nutrijournal_ionic\\nutrijournal
\\backend\\node_modules\\jsonwebtoken\\node_modules\\semver"]
MODULE 8392: load "C:\\Users\\angel\\Desktop\\Nutrijournal_ionic\\nutrijournal\\backen
d\\node_modules\\jsonwebtoken\\node_modules\\semver\\functions\\valid.js" for module "
C:\\Users\\angel\\Desktop\\Nutrijournal_ionic\\nutrijournal\\backend\\node_modules\\js
onwebtoken\\node_modules\\semver\\functions\\valid.js"
MODULE 8392: Module._load REQUEST ./parse parent: C:\Users\angel\Desktop\Nutrijournal_
ionic\nutrijournal\backend\node_modules\jsonwebtoken\node_modules\semver\functions\val
id.js
MODULE 8392: RELATIVE: requested: ./parse from parent.id C:\Users\angel\Desktop\Nutrij
ournal_ionic\nutrijournal\backend\node_modules\jsonwebtoken\node_modules\semver\functi
ons\valid.js
MODULE 8392: looking for ["C:\\Users\\angel\\Desktop\\Nutrijournal_ionic\\nutrijournal
\\backend\\node_modules\\jsonwebtoken\\node_modules\\semver\\functions"]
MODULE 8392: Module._load REQUEST ./functions/clean parent: C:\Users\angel\Desktop\Nut
rijournal_ionic\nutrijournal\backend\node_modules\jsonwebtoken\node_modules\semver\ind
ex.js
MODULE 8392: RELATIVE: requested: ./functions/clean from parent.id C:\Users\angel\Desk
top\Nutrijournal_ionic\nutrijournal\backend\node_modules\jsonwebtoken\node_modules\sem
ver\index.js
MODULE 8392: looking for ["C:\\Users\\angel\\Desktop\\Nutrijournal_ionic\\nutrijournal
\\backend\\node_modules\\jsonwebtoken\\node_modules\\semver"]
MODULE 8392: load "C:\\Users\\angel\\Desktop\\Nutrijournal_ionic\\nutrijournal\\backen
d\\node_modules\\jsonwebtoken\\node_modules\\semver\\functions\\clean.js" for module "
C:\\Users\\angel\\Desktop\\Nutrijournal_ionic\\nutrijournal\\backend\\node_modules\\js
onwebtoken\\node_modules\\semver\\functions\\clean.js"
MODULE 8392: Module._load REQUEST ./parse parent: C:\Users\angel\Desktop\Nutrijournal_
ionic\nutrijournal\backend\node_modules\jsonwebtoken\node_modules\semver\functions\cle
an.js
MODULE 8392: RELATIVE: requested: ./parse from parent.id C:\Users\angel\Desktop\Nutrij
ournal_ionic\nutrijournal\backend\node_modules\jsonwebtoken\node_modules\semver\functi
ons\clean.js
MODULE 8392: looking for ["C:\\Users\\angel\\Desktop\\Nutrijournal_ionic\\nutrijournal
\\backend\\node_modules\\jsonwebtoken\\node_modules\\semver\\functions"]
MODULE 8392: Module._load REQUEST ./functions/inc parent: C:\Users\angel\Desktop\Nutri
journal_ionic\nutrijournal\backend\node_modules\jsonwebtoken\node_modules\semver\index
.js
MODULE 8392: RELATIVE: requested: ./functions/inc from parent.id C:\Users\angel\Deskto
p\Nutrijournal_ionic\nutrijournal\backend\node_modules\jsonwebtoken\node_modules\semve
r\index.js
MODULE 8392: looking for ["C:\\Users\\angel\\Desktop\\Nutrijournal_ionic\\nutrijournal
\\backend\\node_modules\\jsonwebtoken\\node_modules\\semver"]
MODULE 8392: load "C:\\Users\\angel\\Desktop\\Nutrijournal_ionic\\nutrijournal\\backen
d\\node_modules\\jsonwebtoken\\node_modules\\semver\\functions\\inc.js" for module "C:
\\Users\\angel\\Desktop\\Nutrijournal_ionic\\nutrijournal\\backend\\node_modules\\json
webtoken\\node_modules\\semver\\functions\\inc.js"
MODULE 8392: Module._load REQUEST ../classes/semver parent: C:\Users\angel\Desktop\Nut
rijournal_ionic\nutrijournal\backend\node_modules\jsonwebtoken\node_modules\semver\fun
ctions\inc.js
MODULE 8392: RELATIVE: requested: ../classes/semver from parent.id C:\Users\angel\Desk
top\Nutrijournal_ionic\nutrijournal\backend\node_modules\jsonwebtoken\node_modules\sem
ver\functions\inc.js
MODULE 8392: looking for ["C:\\Users\\angel\\Desktop\\Nutrijournal_ionic\\nutrijournal
\\backend\\node_modules\\jsonwebtoken\\node_modules\\semver\\functions"]
MODULE 8392: Module._load REQUEST ./functions/diff parent: C:\Users\angel\Desktop\Nutr
ijournal_ionic\nutrijournal\backend\node_modules\jsonwebtoken\node_modules\semver\inde
x.js
MODULE 8392: RELATIVE: requested: ./functions/diff from parent.id C:\Users\angel\Deskt
op\Nutrijournal_ionic\nutrijournal\backend\node_modules\jsonwebtoken\node_modules\semv
er\index.js
MODULE 8392: looking for ["C:\\Users\\angel\\Desktop\\Nutrijournal_ionic\\nutrijournal
\\backend\\node_modules\\jsonwebtoken\\node_modules\\semver"]
MODULE 8392: load "C:\\Users\\angel\\Desktop\\Nutrijournal_ionic\\nutrijournal\\backen
d\\node_modules\\jsonwebtoken\\node_modules\\semver\\functions\\diff.js" for module "C
:\\Users\\angel\\Desktop\\Nutrijournal_ionic\\nutrijournal\\backend\\node_modules\\jso
nwebtoken\\node_modules\\semver\\functions\\diff.js"
MODULE 8392: Module._load REQUEST ./parse.js parent: C:\Users\angel\Desktop\Nutrijourn
al_ionic\nutrijournal\backend\node_modules\jsonwebtoken\node_modules\semver\functions\
diff.js
MODULE 8392: RELATIVE: requested: ./parse.js from parent.id C:\Users\angel\Desktop\Nut
rijournal_ionic\nutrijournal\backend\node_modules\jsonwebtoken\node_modules\semver\fun
ctions\diff.js
MODULE 8392: looking for ["C:\\Users\\angel\\Desktop\\Nutrijournal_ionic\\nutrijournal
\\backend\\node_modules\\jsonwebtoken\\node_modules\\semver\\functions"]
MODULE 8392: Module._load REQUEST ./functions/major parent: C:\Users\angel\Desktop\Nut
rijournal_ionic\nutrijournal\backend\node_modules\jsonwebtoken\node_modules\semver\ind
ex.js
MODULE 8392: RELATIVE: requested: ./functions/major from parent.id C:\Users\angel\Desk
top\Nutrijournal_ionic\nutrijournal\backend\node_modules\jsonwebtoken\node_modules\sem
ver\index.js
MODULE 8392: looking for ["C:\\Users\\angel\\Desktop\\Nutrijournal_ionic\\nutrijournal
\\backend\\node_modules\\jsonwebtoken\\node_modules\\semver"]
MODULE 8392: load "C:\\Users\\angel\\Desktop\\Nutrijournal_ionic\\nutrijournal\\backen
d\\node_modules\\jsonwebtoken\\node_modules\\semver\\functions\\major.js" for module "
C:\\Users\\angel\\Desktop\\Nutrijournal_ionic\\nutrijournal\\backend\\node_modules\\js
onwebtoken\\node_modules\\semver\\functions\\major.js"
MODULE 8392: Module._load REQUEST ../classes/semver parent: C:\Users\angel\Desktop\Nut
rijournal_ionic\nutrijournal\backend\node_modules\jsonwebtoken\node_modules\semver\fun
ctions\major.js
MODULE 8392: RELATIVE: requested: ../classes/semver from parent.id C:\Users\angel\Desk
top\Nutrijournal_ionic\nutrijournal\backend\node_modules\jsonwebtoken\node_modules\sem
ver\functions\major.js
MODULE 8392: looking for ["C:\\Users\\angel\\Desktop\\Nutrijournal_ionic\\nutrijournal
\\backend\\node_modules\\jsonwebtoken\\node_modules\\semver\\functions"]
MODULE 8392: Module._load REQUEST ./functions/minor parent: C:\Users\angel\Desktop\Nut
rijournal_ionic\nutrijournal\backend\node_modules\jsonwebtoken\node_modules\semver\ind
ex.js
MODULE 8392: RELATIVE: requested: ./functions/minor from parent.id C:\Users\angel\Desk
top\Nutrijournal_ionic\nutrijournal\backend\node_modules\jsonwebtoken\node_modules\sem
ver\index.js
MODULE 8392: looking for ["C:\\Users\\angel\\Desktop\\Nutrijournal_ionic\\nutrijournal
\\backend\\node_modules\\jsonwebtoken\\node_modules\\semver"]
MODULE 8392: load "C:\\Users\\angel\\Desktop\\Nutrijournal_ionic\\nutrijournal\\backen
d\\node_modules\\jsonwebtoken\\node_modules\\semver\\functions\\minor.js" for module "
C:\\Users\\angel\\Desktop\\Nutrijournal_ionic\\nutrijournal\\backend\\node_modules\\js
onwebtoken\\node_modules\\semver\\functions\\minor.js"
MODULE 8392: Module._load REQUEST ../classes/semver parent: C:\Users\angel\Desktop\Nut
rijournal_ionic\nutrijournal\backend\node_modules\jsonwebtoken\node_modules\semver\fun
ctions\minor.js
MODULE 8392: RELATIVE: requested: ../classes/semver from parent.id C:\Users\angel\Desk
top\Nutrijournal_ionic\nutrijournal\backend\node_modules\jsonwebtoken\node_modules\sem
ver\functions\minor.js
MODULE 8392: looking for ["C:\\Users\\angel\\Desktop\\Nutrijournal_ionic\\nutrijournal
\\backend\\node_modules\\jsonwebtoken\\node_modules\\semver\\functions"]
MODULE 8392: Module._load REQUEST ./functions/patch parent: C:\Users\angel\Desktop\Nut
rijournal_ionic\nutrijournal\backend\node_modules\jsonwebtoken\node_modules\semver\ind
ex.js
MODULE 8392: RELATIVE: requested: ./functions/patch from parent.id C:\Users\angel\Desk
top\Nutrijournal_ionic\nutrijournal\backend\node_modules\jsonwebtoken\node_modules\sem
ver\index.js
MODULE 8392: looking for ["C:\\Users\\angel\\Desktop\\Nutrijournal_ionic\\nutrijournal
\\backend\\node_modules\\jsonwebtoken\\node_modules\\semver"]
MODULE 8392: load "C:\\Users\\angel\\Desktop\\Nutrijournal_ionic\\nutrijournal\\backen
d\\node_modules\\jsonwebtoken\\node_modules\\semver\\functions\\patch.js" for module "
C:\\Users\\angel\\Desktop\\Nutrijournal_ionic\\nutrijournal\\backend\\node_modules\\js
onwebtoken\\node_modules\\semver\\functions\\patch.js"
MODULE 8392: Module._load REQUEST ../classes/semver parent: C:\Users\angel\Desktop\Nut
rijournal_ionic\nutrijournal\backend\node_modules\jsonwebtoken\node_modules\semver\fun
ctions\patch.js
MODULE 8392: RELATIVE: requested: ../classes/semver from parent.id C:\Users\angel\Desk
top\Nutrijournal_ionic\nutrijournal\backend\node_modules\jsonwebtoken\node_modules\sem
ver\functions\patch.js
MODULE 8392: looking for ["C:\\Users\\angel\\Desktop\\Nutrijournal_ionic\\nutrijournal
\\backend\\node_modules\\jsonwebtoken\\node_modules\\semver\\functions"]
MODULE 8392: Module._load REQUEST ./functions/prerelease parent: C:\Users\angel\Deskto
p\Nutrijournal_ionic\nutrijournal\backend\node_modules\jsonwebtoken\node_modules\semve
r\index.js
MODULE 8392: RELATIVE: requested: ./functions/prerelease from parent.id C:\Users\angel
\Desktop\Nutrijournal_ionic\nutrijournal\backend\node_modules\jsonwebtoken\node_module
s\semver\index.js
MODULE 8392: looking for ["C:\\Users\\angel\\Desktop\\Nutrijournal_ionic\\nutrijournal
\\backend\\node_modules\\jsonwebtoken\\node_modules\\semver"]
MODULE 8392: load "C:\\Users\\angel\\Desktop\\Nutrijournal_ionic\\nutrijournal\\backen
d\\node_modules\\jsonwebtoken\\node_modules\\semver\\functions\\prerelease.js" for 
module "C:\\Users\\angel\\Desktop\\Nutrijournal_ionic\\nutrijournal\\backend\\node_mod
ules\\jsonwebtoken\\node_modules\\semver\\functions\\prerelease.js"
MODULE 8392: Module._load REQUEST ./parse parent: C:\Users\angel\Desktop\Nutrijournal_
ionic\nutrijournal\backend\node_modules\jsonwebtoken\node_modules\semver\functions\pre
release.js
MODULE 8392: RELATIVE: requested: ./parse from parent.id C:\Users\angel\Desktop\Nutrij
ournal_ionic\nutrijournal\backend\node_modules\jsonwebtoken\node_modules\semver\functi
ons\prerelease.js
MODULE 8392: looking for ["C:\\Users\\angel\\Desktop\\Nutrijournal_ionic\\nutrijournal
\\backend\\node_modules\\jsonwebtoken\\node_modules\\semver\\functions"]
MODULE 8392: Module._load REQUEST ./functions/compare parent: C:\Users\angel\Desktop\N
utrijournal_ionic\nutrijournal\backend\node_modules\jsonwebtoken\node_modules\semver\i
ndex.js
MODULE 8392: RELATIVE: requested: ./functions/compare from parent.id C:\Users\angel\De
sktop\Nutrijournal_ionic\nutrijournal\backend\node_modules\jsonwebtoken\node_modules\s
emver\index.js
MODULE 8392: looking for ["C:\\Users\\angel\\Desktop\\Nutrijournal_ionic\\nutrijournal
\\backend\\node_modules\\jsonwebtoken\\node_modules\\semver"]
MODULE 8392: load "C:\\Users\\angel\\Desktop\\Nutrijournal_ionic\\nutrijournal\\backen
d\\node_modules\\jsonwebtoken\\node_modules\\semver\\functions\\compare.js" for 
module "C:\\Users\\angel\\Desktop\\Nutrijournal_ionic\\nutrijournal\\backend\\node_mod
ules\\jsonwebtoken\\node_modules\\semver\\functions\\compare.js"
MODULE 8392: Module._load REQUEST ../classes/semver parent: C:\Users\angel\Desktop\Nut
rijournal_ionic\nutrijournal\backend\node_modules\jsonwebtoken\node_modules\semver\fun
ctions\compare.js
MODULE 8392: RELATIVE: requested: ../classes/semver from parent.id C:\Users\angel\Desk
top\Nutrijournal_ionic\nutrijournal\backend\node_modules\jsonwebtoken\node_modules\sem
ver\functions\compare.js
MODULE 8392: looking for ["C:\\Users\\angel\\Desktop\\Nutrijournal_ionic\\nutrijournal
\\backend\\node_modules\\jsonwebtoken\\node_modules\\semver\\functions"]
MODULE 8392: Module._load REQUEST ./functions/rcompare parent: C:\Users\angel\Desktop\
Nutrijournal_ionic\nutrijournal\backend\node_modules\jsonwebtoken\node_modules\semver\
index.js
MODULE 8392: RELATIVE: requested: ./functions/rcompare from parent.id C:\Users\angel\D
esktop\Nutrijournal_ionic\nutrijournal\backend\node_modules\jsonwebtoken\node_modules\
semver\index.js
MODULE 8392: looking for ["C:\\Users\\angel\\Desktop\\Nutrijournal_ionic\\nutrijournal
\\backend\\node_modules\\jsonwebtoken\\node_modules\\semver"]
MODULE 8392: load "C:\\Users\\angel\\Desktop\\Nutrijournal_ionic\\nutrijournal\\backen
d\\node_modules\\jsonwebtoken\\node_modules\\semver\\functions\\rcompare.js" for 
module "C:\\Users\\angel\\Desktop\\Nutrijournal_ionic\\nutrijournal\\backend\\node_mod
ules\\jsonwebtoken\\node_modules\\semver\\functions\\rcompare.js"
MODULE 8392: Module._load REQUEST ./compare parent: C:\Users\angel\Desktop\Nutrijourna
l_ionic\nutrijournal\backend\node_modules\jsonwebtoken\node_modules\semver\functions\r
compare.js
MODULE 8392: RELATIVE: requested: ./compare from parent.id C:\Users\angel\Desktop\Nutr
ijournal_ionic\nutrijournal\backend\node_modules\jsonwebtoken\node_modules\semver\func
tions\rcompare.js
MODULE 8392: looking for ["C:\\Users\\angel\\Desktop\\Nutrijournal_ionic\\nutrijournal
\\backend\\node_modules\\jsonwebtoken\\node_modules\\semver\\functions"]
MODULE 8392: Module._load REQUEST ./functions/compare-loose parent: C:\Users\angel\Des
ktop\Nutrijournal_ionic\nutrijournal\backend\node_modules\jsonwebtoken\node_modules\se
mver\index.js
MODULE 8392: RELATIVE: requested: ./functions/compare-loose from parent.id C:\Users\an
gel\Desktop\Nutrijournal_ionic\nutrijournal\backend\node_modules\jsonwebtoken\node_mod
ules\semver\index.js
MODULE 8392: looking for ["C:\\Users\\angel\\Desktop\\Nutrijournal_ionic\\nutrijournal
\\backend\\node_modules\\jsonwebtoken\\node_modules\\semver"]
MODULE 8392: load "C:\\Users\\angel\\Desktop\\Nutrijournal_ionic\\nutrijournal\\backen
d\\node_modules\\jsonwebtoken\\node_modules\\semver\\functions\\compare-loose.js" for 
module "C:\\Users\\angel\\Desktop\\Nutrijournal_ionic\\nutrijournal\\backend\\node_mod
ules\\jsonwebtoken\\node_modules\\semver\\functions\\compare-loose.js"
MODULE 8392: Module._load REQUEST ./compare parent: C:\Users\angel\Desktop\Nutrijourna
l_ionic\nutrijournal\backend\node_modules\jsonwebtoken\node_modules\semver\functions\c
ompare-loose.js
MODULE 8392: RELATIVE: requested: ./compare from parent.id C:\Users\angel\Desktop\Nutr
ijournal_ionic\nutrijournal\backend\node_modules\jsonwebtoken\node_modules\semver\func
tions\compare-loose.js
MODULE 8392: looking for ["C:\\Users\\angel\\Desktop\\Nutrijournal_ionic\\nutrijournal
\\backend\\node_modules\\jsonwebtoken\\node_modules\\semver\\functions"]
MODULE 8392: Module._load REQUEST ./functions/compare-build parent: C:\Users\angel\Des
ktop\Nutrijournal_ionic\nutrijournal\backend\node_modules\jsonwebtoken\node_modules\se
mver\index.js
MODULE 8392: RELATIVE: requested: ./functions/compare-build from parent.id C:\Users\an
gel\Desktop\Nutrijournal_ionic\nutrijournal\backend\node_modules\jsonwebtoken\node_mod
ules\semver\index.js
MODULE 8392: looking for ["C:\\Users\\angel\\Desktop\\Nutrijournal_ionic\\nutrijournal
\\backend\\node_modules\\jsonwebtoken\\node_modules\\semver"]
MODULE 8392: load "C:\\Users\\angel\\Desktop\\Nutrijournal_ionic\\nutrijournal\\backen
d\\node_modules\\jsonwebtoken\\node_modules\\semver\\functions\\compare-build.js" for 
module "C:\\Users\\angel\\Desktop\\Nutrijournal_ionic\\nutrijournal\\backend\\node_mod
ules\\jsonwebtoken\\node_modules\\semver\\functions\\compare-build.js"
MODULE 8392: Module._load REQUEST ../classes/semver parent: C:\Users\angel\Desktop\Nut
rijournal_ionic\nutrijournal\backend\node_modules\jsonwebtoken\node_modules\semver\fun
ctions\compare-build.js
MODULE 8392: RELATIVE: requested: ../classes/semver from parent.id C:\Users\angel\Desk
top\Nutrijournal_ionic\nutrijournal\backend\node_modules\jsonwebtoken\node_modules\sem
ver\functions\compare-build.js
MODULE 8392: looking for ["C:\\Users\\angel\\Desktop\\Nutrijournal_ionic\\nutrijournal
\\backend\\node_modules\\jsonwebtoken\\node_modules\\semver\\functions"]
MODULE 8392: Module._load REQUEST ./functions/sort parent: C:\Users\angel\Desktop\Nutr
ijournal_ionic\nutrijournal\backend\node_modules\jsonwebtoken\node_modules\semver\inde
x.js
MODULE 8392: RELATIVE: requested: ./functions/sort from parent.id C:\Users\angel\Deskt
op\Nutrijournal_ionic\nutrijournal\backend\node_modules\jsonwebtoken\node_modules\semv
er\index.js
MODULE 8392: looking for ["C:\\Users\\angel\\Desktop\\Nutrijournal_ionic\\nutrijournal
\\backend\\node_modules\\jsonwebtoken\\node_modules\\semver"]
MODULE 8392: load "C:\\Users\\angel\\Desktop\\Nutrijournal_ionic\\nutrijournal\\backen
d\\node_modules\\jsonwebtoken\\node_modules\\semver\\functions\\sort.js" for module "C
:\\Users\\angel\\Desktop\\Nutrijournal_ionic\\nutrijournal\\backend\\node_modules\\jso
nwebtoken\\node_modules\\semver\\functions\\sort.js"
MODULE 8392: Module._load REQUEST ./compare-build parent: C:\Users\angel\Desktop\Nutri
journal_ionic\nutrijournal\backend\node_modules\jsonwebtoken\node_modules\semver\funct
ions\sort.js
MODULE 8392: RELATIVE: requested: ./compare-build from parent.id C:\Users\angel\Deskto
p\Nutrijournal_ionic\nutrijournal\backend\node_modules\jsonwebtoken\node_modules\semve
r\functions\sort.js
MODULE 8392: looking for ["C:\\Users\\angel\\Desktop\\Nutrijournal_ionic\\nutrijournal
\\backend\\node_modules\\jsonwebtoken\\node_modules\\semver\\functions"]
MODULE 8392: Module._load REQUEST ./functions/rsort parent: C:\Users\angel\Desktop\Nut
rijournal_ionic\nutrijournal\backend\node_modules\jsonwebtoken\node_modules\semver\ind
ex.js
MODULE 8392: RELATIVE: requested: ./functions/rsort from parent.id C:\Users\angel\Desk
top\Nutrijournal_ionic\nutrijournal\backend\node_modules\jsonwebtoken\node_modules\sem
ver\index.js
MODULE 8392: looking for ["C:\\Users\\angel\\Desktop\\Nutrijournal_ionic\\nutrijournal
\\backend\\node_modules\\jsonwebtoken\\node_modules\\semver"]
MODULE 8392: load "C:\\Users\\angel\\Desktop\\Nutrijournal_ionic\\nutrijournal\\backen
d\\node_modules\\jsonwebtoken\\node_modules\\semver\\functions\\rsort.js" for module "
C:\\Users\\angel\\Desktop\\Nutrijournal_ionic\\nutrijournal\\backend\\node_modules\\js
onwebtoken\\node_modules\\semver\\functions\\rsort.js"
MODULE 8392: Module._load REQUEST ./compare-build parent: C:\Users\angel\Desktop\Nutri
journal_ionic\nutrijournal\backend\node_modules\jsonwebtoken\node_modules\semver\funct
ions\rsort.js
MODULE 8392: RELATIVE: requested: ./compare-build from parent.id C:\Users\angel\Deskto
p\Nutrijournal_ionic\nutrijournal\backend\node_modules\jsonwebtoken\node_modules\semve
r\functions\rsort.js
MODULE 8392: looking for ["C:\\Users\\angel\\Desktop\\Nutrijournal_ionic\\nutrijournal
\\backend\\node_modules\\jsonwebtoken\\node_modules\\semver\\functions"]
MODULE 8392: Module._load REQUEST ./functions/gt parent: C:\Users\angel\Desktop\Nutrij
ournal_ionic\nutrijournal\backend\node_modules\jsonwebtoken\node_modules\semver\index.
js
MODULE 8392: RELATIVE: requested: ./functions/gt from parent.id C:\Users\angel\Desktop
\Nutrijournal_ionic\nutrijournal\backend\node_modules\jsonwebtoken\node_modules\semver
\index.js
MODULE 8392: looking for ["C:\\Users\\angel\\Desktop\\Nutrijournal_ionic\\nutrijournal
\\backend\\node_modules\\jsonwebtoken\\node_modules\\semver"]
MODULE 8392: load "C:\\Users\\angel\\Desktop\\Nutrijournal_ionic\\nutrijournal\\backen
d\\node_modules\\jsonwebtoken\\node_modules\\semver\\functions\\gt.js" for module "C:\
\Users\\angel\\Desktop\\Nutrijournal_ionic\\nutrijournal\\backend\\node_modules\\jsonw
ebtoken\\node_modules\\semver\\functions\\gt.js"
MODULE 8392: Module._load REQUEST ./compare parent: C:\Users\angel\Desktop\Nutrijourna
l_ionic\nutrijournal\backend\node_modules\jsonwebtoken\node_modules\semver\functions\g
t.js
MODULE 8392: RELATIVE: requested: ./compare from parent.id C:\Users\angel\Desktop\Nutr
ijournal_ionic\nutrijournal\backend\node_modules\jsonwebtoken\node_modules\semver\func
tions\gt.js
MODULE 8392: looking for ["C:\\Users\\angel\\Desktop\\Nutrijournal_ionic\\nutrijournal
\\backend\\node_modules\\jsonwebtoken\\node_modules\\semver\\functions"]
MODULE 8392: Module._load REQUEST ./functions/lt parent: C:\Users\angel\Desktop\Nutrij
ournal_ionic\nutrijournal\backend\node_modules\jsonwebtoken\node_modules\semver\index.
js
MODULE 8392: RELATIVE: requested: ./functions/lt from parent.id C:\Users\angel\Desktop
\Nutrijournal_ionic\nutrijournal\backend\node_modules\jsonwebtoken\node_modules\semver
\index.js
MODULE 8392: looking for ["C:\\Users\\angel\\Desktop\\Nutrijournal_ionic\\nutrijournal
\\backend\\node_modules\\jsonwebtoken\\node_modules\\semver"]
MODULE 8392: load "C:\\Users\\angel\\Desktop\\Nutrijournal_ionic\\nutrijournal\\backen
d\\node_modules\\jsonwebtoken\\node_modules\\semver\\functions\\lt.js" for module "C:\
\Users\\angel\\Desktop\\Nutrijournal_ionic\\nutrijournal\\backend\\node_modules\\jsonw
ebtoken\\node_modules\\semver\\functions\\lt.js"
MODULE 8392: Module._load REQUEST ./compare parent: C:\Users\angel\Desktop\Nutrijourna
l_ionic\nutrijournal\backend\node_modules\jsonwebtoken\node_modules\semver\functions\l
t.js
MODULE 8392: RELATIVE: requested: ./compare from parent.id C:\Users\angel\Desktop\Nutr
ijournal_ionic\nutrijournal\backend\node_modules\jsonwebtoken\node_modules\semver\func
tions\lt.js
MODULE 8392: looking for ["C:\\Users\\angel\\Desktop\\Nutrijournal_ionic\\nutrijournal
\\backend\\node_modules\\jsonwebtoken\\node_modules\\semver\\functions"]
MODULE 8392: Module._load REQUEST ./functions/eq parent: C:\Users\angel\Desktop\Nutrij
ournal_ionic\nutrijournal\backend\node_modules\jsonwebtoken\node_modules\semver\index.
js
MODULE 8392: RELATIVE: requested: ./functions/eq from parent.id C:\Users\angel\Desktop
\Nutrijournal_ionic\nutrijournal\backend\node_modules\jsonwebtoken\node_modules\semver
\index.js
MODULE 8392: looking for ["C:\\Users\\angel\\Desktop\\Nutrijournal_ionic\\nutrijournal
\\backend\\node_modules\\jsonwebtoken\\node_modules\\semver"]
MODULE 8392: load "C:\\Users\\angel\\Desktop\\Nutrijournal_ionic\\nutrijournal\\backen
d\\node_modules\\jsonwebtoken\\node_modules\\semver\\functions\\eq.js" for module "C:\
\Users\\angel\\Desktop\\Nutrijournal_ionic\\nutrijournal\\backend\\node_modules\\jsonw
ebtoken\\node_modules\\semver\\functions\\eq.js"
MODULE 8392: Module._load REQUEST ./compare parent: C:\Users\angel\Desktop\Nutrijourna
l_ionic\nutrijournal\backend\node_modules\jsonwebtoken\node_modules\semver\functions\e
q.js
MODULE 8392: RELATIVE: requested: ./compare from parent.id C:\Users\angel\Desktop\Nutr
ijournal_ionic\nutrijournal\backend\node_modules\jsonwebtoken\node_modules\semver\func
tions\eq.js
MODULE 8392: looking for ["C:\\Users\\angel\\Desktop\\Nutrijournal_ionic\\nutrijournal
\\backend\\node_modules\\jsonwebtoken\\node_modules\\semver\\functions"]
MODULE 8392: Module._load REQUEST ./functions/neq parent: C:\Users\angel\Desktop\Nutri
journal_ionic\nutrijournal\backend\node_modules\jsonwebtoken\node_modules\semver\index
.js
MODULE 8392: RELATIVE: requested: ./functions/neq from parent.id C:\Users\angel\Deskto
p\Nutrijournal_ionic\nutrijournal\backend\node_modules\jsonwebtoken\node_modules\semve
r\index.js
MODULE 8392: looking for ["C:\\Users\\angel\\Desktop\\Nutrijournal_ionic\\nutrijournal
\\backend\\node_modules\\jsonwebtoken\\node_modules\\semver"]
MODULE 8392: load "C:\\Users\\angel\\Desktop\\Nutrijournal_ionic\\nutrijournal\\backen
d\\node_modules\\jsonwebtoken\\node_modules\\semver\\functions\\neq.js" for module "C:
\\Users\\angel\\Desktop\\Nutrijournal_ionic\\nutrijournal\\backend\\node_modules\\json
webtoken\\node_modules\\semver\\functions\\neq.js"
MODULE 8392: Module._load REQUEST ./compare parent: C:\Users\angel\Desktop\Nutrijourna
l_ionic\nutrijournal\backend\node_modules\jsonwebtoken\node_modules\semver\functions\n
eq.js
MODULE 8392: RELATIVE: requested: ./compare from parent.id C:\Users\angel\Desktop\Nutr
ijournal_ionic\nutrijournal\backend\node_modules\jsonwebtoken\node_modules\semver\func
tions\neq.js
MODULE 8392: looking for ["C:\\Users\\angel\\Desktop\\Nutrijournal_ionic\\nutrijournal
\\backend\\node_modules\\jsonwebtoken\\node_modules\\semver\\functions"]
MODULE 8392: Module._load REQUEST ./functions/gte parent: C:\Users\angel\Desktop\Nutri
journal_ionic\nutrijournal\backend\node_modules\jsonwebtoken\node_modules\semver\index
.js
MODULE 8392: RELATIVE: requested: ./functions/gte from parent.id C:\Users\angel\Deskto
p\Nutrijournal_ionic\nutrijournal\backend\node_modules\jsonwebtoken\node_modules\semve
r\index.js
MODULE 8392: looking for ["C:\\Users\\angel\\Desktop\\Nutrijournal_ionic\\nutrijournal
\\backend\\node_modules\\jsonwebtoken\\node_modules\\semver"]
MODULE 8392: load "C:\\Users\\angel\\Desktop\\Nutrijournal_ionic\\nutrijournal\\backen
d\\node_modules\\jsonwebtoken\\node_modules\\semver\\functions\\gte.js" for module "C:
\\Users\\angel\\Desktop\\Nutrijournal_ionic\\nutrijournal\\backend\\node_modules\\json
webtoken\\node_modules\\semver\\functions\\gte.js"
MODULE 8392: Module._load REQUEST ./compare parent: C:\Users\angel\Desktop\Nutrijourna
l_ionic\nutrijournal\backend\node_modules\jsonwebtoken\node_modules\semver\functions\g
te.js
MODULE 8392: RELATIVE: requested: ./compare from parent.id C:\Users\angel\Desktop\Nutr
ijournal_ionic\nutrijournal\backend\node_modules\jsonwebtoken\node_modules\semver\func
tions\gte.js
MODULE 8392: looking for ["C:\\Users\\angel\\Desktop\\Nutrijournal_ionic\\nutrijournal
\\backend\\node_modules\\jsonwebtoken\\node_modules\\semver\\functions"]
MODULE 8392: Module._load REQUEST ./functions/lte parent: C:\Users\angel\Desktop\Nutri
journal_ionic\nutrijournal\backend\node_modules\jsonwebtoken\node_modules\semver\index
.js
MODULE 8392: RELATIVE: requested: ./functions/lte from parent.id C:\Users\angel\Deskto
p\Nutrijournal_ionic\nutrijournal\backend\node_modules\jsonwebtoken\node_modules\semve
r\index.js
MODULE 8392: looking for ["C:\\Users\\angel\\Desktop\\Nutrijournal_ionic\\nutrijournal
\\backend\\node_modules\\jsonwebtoken\\node_modules\\semver"]
MODULE 8392: load "C:\\Users\\angel\\Desktop\\Nutrijournal_ionic\\nutrijournal\\backen
d\\node_modules\\jsonwebtoken\\node_modules\\semver\\functions\\lte.js" for module "C:
\\Users\\angel\\Desktop\\Nutrijournal_ionic\\nutrijournal\\backend\\node_modules\\json
webtoken\\node_modules\\semver\\functions\\lte.js"
MODULE 8392: Module._load REQUEST ./compare parent: C:\Users\angel\Desktop\Nutrijourna
l_ionic\nutrijournal\backend\node_modules\jsonwebtoken\node_modules\semver\functions\l
te.js
MODULE 8392: RELATIVE: requested: ./compare from parent.id C:\Users\angel\Desktop\Nutr
ijournal_ionic\nutrijournal\backend\node_modules\jsonwebtoken\node_modules\semver\func
tions\lte.js
MODULE 8392: looking for ["C:\\Users\\angel\\Desktop\\Nutrijournal_ionic\\nutrijournal
\\backend\\node_modules\\jsonwebtoken\\node_modules\\semver\\functions"]
MODULE 8392: Module._load REQUEST ./functions/cmp parent: C:\Users\angel\Desktop\Nutri
journal_ionic\nutrijournal\backend\node_modules\jsonwebtoken\node_modules\semver\index
.js
MODULE 8392: RELATIVE: requested: ./functions/cmp from parent.id C:\Users\angel\Deskto
p\Nutrijournal_ionic\nutrijournal\backend\node_modules\jsonwebtoken\node_modules\semve
r\index.js
MODULE 8392: looking for ["C:\\Users\\angel\\Desktop\\Nutrijournal_ionic\\nutrijournal
\\backend\\node_modules\\jsonwebtoken\\node_modules\\semver"]
MODULE 8392: load "C:\\Users\\angel\\Desktop\\Nutrijournal_ionic\\nutrijournal\\backen
d\\node_modules\\jsonwebtoken\\node_modules\\semver\\functions\\cmp.js" for module "C:
\\Users\\angel\\Desktop\\Nutrijournal_ionic\\nutrijournal\\backend\\node_modules\\json
webtoken\\node_modules\\semver\\functions\\cmp.js"
MODULE 8392: Module._load REQUEST ./eq parent: C:\Users\angel\Desktop\Nutrijournal_ion
ic\nutrijournal\backend\node_modules\jsonwebtoken\node_modules\semver\functions\cmp.js
MODULE 8392: RELATIVE: requested: ./eq from parent.id C:\Users\angel\Desktop\Nutrijour
nal_ionic\nutrijournal\backend\node_modules\jsonwebtoken\node_modules\semver\functions
\cmp.js
MODULE 8392: looking for ["C:\\Users\\angel\\Desktop\\Nutrijournal_ionic\\nutrijournal
\\backend\\node_modules\\jsonwebtoken\\node_modules\\semver\\functions"]
MODULE 8392: Module._load REQUEST ./neq parent: C:\Users\angel\Desktop\Nutrijournal_io
nic\nutrijournal\backend\node_modules\jsonwebtoken\node_modules\semver\functions\cmp.j
s
MODULE 8392: RELATIVE: requested: ./neq from parent.id C:\Users\angel\Desktop\Nutrijou
rnal_ionic\nutrijournal\backend\node_modules\jsonwebtoken\node_modules\semver\function
s\cmp.js
MODULE 8392: looking for ["C:\\Users\\angel\\Desktop\\Nutrijournal_ionic\\nutrijournal
\\backend\\node_modules\\jsonwebtoken\\node_modules\\semver\\functions"]
MODULE 8392: Module._load REQUEST ./gt parent: C:\Users\angel\Desktop\Nutrijournal_ion
ic\nutrijournal\backend\node_modules\jsonwebtoken\node_modules\semver\functions\cmp.js
MODULE 8392: RELATIVE: requested: ./gt from parent.id C:\Users\angel\Desktop\Nutrijour
nal_ionic\nutrijournal\backend\node_modules\jsonwebtoken\node_modules\semver\functions
\cmp.js
MODULE 8392: looking for ["C:\\Users\\angel\\Desktop\\Nutrijournal_ionic\\nutrijournal
\\backend\\node_modules\\jsonwebtoken\\node_modules\\semver\\functions"]
MODULE 8392: Module._load REQUEST ./gte parent: C:\Users\angel\Desktop\Nutrijournal_io
nic\nutrijournal\backend\node_modules\jsonwebtoken\node_modules\semver\functions\cmp.j
s
MODULE 8392: RELATIVE: requested: ./gte from parent.id C:\Users\angel\Desktop\Nutrijou
rnal_ionic\nutrijournal\backend\node_modules\jsonwebtoken\node_modules\semver\function
s\cmp.js
MODULE 8392: looking for ["C:\\Users\\angel\\Desktop\\Nutrijournal_ionic\\nutrijournal
\\backend\\node_modules\\jsonwebtoken\\node_modules\\semver\\functions"]
MODULE 8392: Module._load REQUEST ./lt parent: C:\Users\angel\Desktop\Nutrijournal_ion
ic\nutrijournal\backend\node_modules\jsonwebtoken\node_modules\semver\functions\cmp.js
MODULE 8392: RELATIVE: requested: ./lt from parent.id C:\Users\angel\Desktop\Nutrijour
nal_ionic\nutrijournal\backend\node_modules\jsonwebtoken\node_modules\semver\functions
\cmp.js
MODULE 8392: looking for ["C:\\Users\\angel\\Desktop\\Nutrijournal_ionic\\nutrijournal
\\backend\\node_modules\\jsonwebtoken\\node_modules\\semver\\functions"]
MODULE 8392: Module._load REQUEST ./lte parent: C:\Users\angel\Desktop\Nutrijournal_io
nic\nutrijournal\backend\node_modules\jsonwebtoken\node_modules\semver\functions\cmp.j
s
MODULE 8392: RELATIVE: requested: ./lte from parent.id C:\Users\angel\Desktop\Nutrijou
rnal_ionic\nutrijournal\backend\node_modules\jsonwebtoken\node_modules\semver\function
s\cmp.js
MODULE 8392: looking for ["C:\\Users\\angel\\Desktop\\Nutrijournal_ionic\\nutrijournal
\\backend\\node_modules\\jsonwebtoken\\node_modules\\semver\\functions"]
MODULE 8392: Module._load REQUEST ./functions/coerce parent: C:\Users\angel\Desktop\Nu
trijournal_ionic\nutrijournal\backend\node_modules\jsonwebtoken\node_modules\semver\in
dex.js
MODULE 8392: RELATIVE: requested: ./functions/coerce from parent.id C:\Users\angel\Des
ktop\Nutrijournal_ionic\nutrijournal\backend\node_modules\jsonwebtoken\node_modules\se
mver\index.js
MODULE 8392: looking for ["C:\\Users\\angel\\Desktop\\Nutrijournal_ionic\\nutrijournal
\\backend\\node_modules\\jsonwebtoken\\node_modules\\semver"]
MODULE 8392: load "C:\\Users\\angel\\Desktop\\Nutrijournal_ionic\\nutrijournal\\backen
d\\node_modules\\jsonwebtoken\\node_modules\\semver\\functions\\coerce.js" for module 
"C:\\Users\\angel\\Desktop\\Nutrijournal_ionic\\nutrijournal\\backend\\node_modules\\j
sonwebtoken\\node_modules\\semver\\functions\\coerce.js"
MODULE 8392: Module._load REQUEST ../classes/semver parent: C:\Users\angel\Desktop\Nut
rijournal_ionic\nutrijournal\backend\node_modules\jsonwebtoken\node_modules\semver\fun
ctions\coerce.js
MODULE 8392: RELATIVE: requested: ../classes/semver from parent.id C:\Users\angel\Desk
top\Nutrijournal_ionic\nutrijournal\backend\node_modules\jsonwebtoken\node_modules\sem
ver\functions\coerce.js
MODULE 8392: looking for ["C:\\Users\\angel\\Desktop\\Nutrijournal_ionic\\nutrijournal
\\backend\\node_modules\\jsonwebtoken\\node_modules\\semver\\functions"]
MODULE 8392: Module._load REQUEST ./parse parent: C:\Users\angel\Desktop\Nutrijournal_
ionic\nutrijournal\backend\node_modules\jsonwebtoken\node_modules\semver\functions\coe
rce.js
MODULE 8392: RELATIVE: requested: ./parse from parent.id C:\Users\angel\Desktop\Nutrij
ournal_ionic\nutrijournal\backend\node_modules\jsonwebtoken\node_modules\semver\functi
ons\coerce.js
MODULE 8392: looking for ["C:\\Users\\angel\\Desktop\\Nutrijournal_ionic\\nutrijournal
\\backend\\node_modules\\jsonwebtoken\\node_modules\\semver\\functions"]
MODULE 8392: Module._load REQUEST ../internal/re parent: C:\Users\angel\Desktop\Nutrij
ournal_ionic\nutrijournal\backend\node_modules\jsonwebtoken\node_modules\semver\functi
ons\coerce.js
MODULE 8392: RELATIVE: requested: ../internal/re from parent.id C:\Users\angel\Desktop
\Nutrijournal_ionic\nutrijournal\backend\node_modules\jsonwebtoken\node_modules\semver
\functions\coerce.js
MODULE 8392: looking for ["C:\\Users\\angel\\Desktop\\Nutrijournal_ionic\\nutrijournal
\\backend\\node_modules\\jsonwebtoken\\node_modules\\semver\\functions"]
MODULE 8392: Module._load REQUEST ./classes/comparator parent: C:\Users\angel\Desktop\
Nutrijournal_ionic\nutrijournal\backend\node_modules\jsonwebtoken\node_modules\semver\
index.js
MODULE 8392: RELATIVE: requested: ./classes/comparator from parent.id C:\Users\angel\D
esktop\Nutrijournal_ionic\nutrijournal\backend\node_modules\jsonwebtoken\node_modules\
semver\index.js
MODULE 8392: looking for ["C:\\Users\\angel\\Desktop\\Nutrijournal_ionic\\nutrijournal
\\backend\\node_modules\\jsonwebtoken\\node_modules\\semver"]
MODULE 8392: load "C:\\Users\\angel\\Desktop\\Nutrijournal_ionic\\nutrijournal\\backen
d\\node_modules\\jsonwebtoken\\node_modules\\semver\\classes\\comparator.js" for 
module "C:\\Users\\angel\\Desktop\\Nutrijournal_ionic\\nutrijournal\\backend\\node_mod
ules\\jsonwebtoken\\node_modules\\semver\\classes\\comparator.js"
MODULE 8392: Module._load REQUEST ../internal/parse-options parent: C:\Users\angel\Des
ktop\Nutrijournal_ionic\nutrijournal\backend\node_modules\jsonwebtoken\node_modules\se
mver\classes\comparator.js
MODULE 8392: Module._load REQUEST ../internal/re parent: C:\Users\angel\Desktop\Nutrij
ournal_ionic\nutrijournal\backend\node_modules\jsonwebtoken\node_modules\semver\classe
s\comparator.js
MODULE 8392: RELATIVE: requested: ../internal/re from parent.id C:\Users\angel\Desktop
\Nutrijournal_ionic\nutrijournal\backend\node_modules\jsonwebtoken\node_modules\semver
\classes\comparator.js
MODULE 8392: looking for ["C:\\Users\\angel\\Desktop\\Nutrijournal_ionic\\nutrijournal
\\backend\\node_modules\\jsonwebtoken\\node_modules\\semver\\classes"]
MODULE 8392: Module._load REQUEST ../functions/cmp parent: C:\Users\angel\Desktop\Nutr
ijournal_ionic\nutrijournal\backend\node_modules\jsonwebtoken\node_modules\semver\clas
ses\comparator.js
MODULE 8392: RELATIVE: requested: ../functions/cmp from parent.id C:\Users\angel\Deskt
op\Nutrijournal_ionic\nutrijournal\backend\node_modules\jsonwebtoken\node_modules\semv
er\classes\comparator.js
MODULE 8392: looking for ["C:\\Users\\angel\\Desktop\\Nutrijournal_ionic\\nutrijournal
\\backend\\node_modules\\jsonwebtoken\\node_modules\\semver\\classes"]
MODULE 8392: Module._load REQUEST ../internal/debug parent: C:\Users\angel\Desktop\Nut
rijournal_ionic\nutrijournal\backend\node_modules\jsonwebtoken\node_modules\semver\cla
sses\comparator.js
MODULE 8392: RELATIVE: requested: ../internal/debug from parent.id C:\Users\angel\Desk
top\Nutrijournal_ionic\nutrijournal\backend\node_modules\jsonwebtoken\node_modules\sem
ver\classes\comparator.js
MODULE 8392: looking for ["C:\\Users\\angel\\Desktop\\Nutrijournal_ionic\\nutrijournal
\\backend\\node_modules\\jsonwebtoken\\node_modules\\semver\\classes"]
MODULE 8392: Module._load REQUEST ./semver parent: C:\Users\angel\Desktop\Nutrijournal
_ionic\nutrijournal\backend\node_modules\jsonwebtoken\node_modules\semver\classes\comp
arator.js
MODULE 8392: RELATIVE: requested: ./semver from parent.id C:\Users\angel\Desktop\Nutri
journal_ionic\nutrijournal\backend\node_modules\jsonwebtoken\node_modules\semver\class
es\comparator.js
MODULE 8392: looking for ["C:\\Users\\angel\\Desktop\\Nutrijournal_ionic\\nutrijournal
\\backend\\node_modules\\jsonwebtoken\\node_modules\\semver\\classes"]
MODULE 8392: Module._load REQUEST ./range parent: C:\Users\angel\Desktop\Nutrijournal_
ionic\nutrijournal\backend\node_modules\jsonwebtoken\node_modules\semver\classes\compa
rator.js
MODULE 8392: RELATIVE: requested: ./range from parent.id C:\Users\angel\Desktop\Nutrij
ournal_ionic\nutrijournal\backend\node_modules\jsonwebtoken\node_modules\semver\classe
s\comparator.js
MODULE 8392: looking for ["C:\\Users\\angel\\Desktop\\Nutrijournal_ionic\\nutrijournal
\\backend\\node_modules\\jsonwebtoken\\node_modules\\semver\\classes"]
MODULE 8392: load "C:\\Users\\angel\\Desktop\\Nutrijournal_ionic\\nutrijournal\\backen
d\\node_modules\\jsonwebtoken\\node_modules\\semver\\classes\\range.js" for module "C:
\\Users\\angel\\Desktop\\Nutrijournal_ionic\\nutrijournal\\backend\\node_modules\\json
webtoken\\node_modules\\semver\\classes\\range.js"
MODULE 8392: Module._load REQUEST ../internal/lrucache parent: C:\Users\angel\Desktop\
Nutrijournal_ionic\nutrijournal\backend\node_modules\jsonwebtoken\node_modules\semver\
classes\range.js
MODULE 8392: RELATIVE: requested: ../internal/lrucache from parent.id C:\Users\angel\D
esktop\Nutrijournal_ionic\nutrijournal\backend\node_modules\jsonwebtoken\node_modules\
semver\classes\range.js
MODULE 8392: looking for ["C:\\Users\\angel\\Desktop\\Nutrijournal_ionic\\nutrijournal
\\backend\\node_modules\\jsonwebtoken\\node_modules\\semver\\classes"]
MODULE 8392: load "C:\\Users\\angel\\Desktop\\Nutrijournal_ionic\\nutrijournal\\backen
d\\node_modules\\jsonwebtoken\\node_modules\\semver\\internal\\lrucache.js" for 
module "C:\\Users\\angel\\Desktop\\Nutrijournal_ionic\\nutrijournal\\backend\\node_mod
ules\\jsonwebtoken\\node_modules\\semver\\internal\\lrucache.js"
MODULE 8392: Module._load REQUEST ../internal/parse-options parent: C:\Users\angel\Des
ktop\Nutrijournal_ionic\nutrijournal\backend\node_modules\jsonwebtoken\node_modules\se
mver\classes\range.js
MODULE 8392: Module._load REQUEST ./comparator parent: C:\Users\angel\Desktop\Nutrijou
rnal_ionic\nutrijournal\backend\node_modules\jsonwebtoken\node_modules\semver\classes\
range.js
MODULE 8392: RELATIVE: requested: ./comparator from parent.id C:\Users\angel\Desktop\N
utrijournal_ionic\nutrijournal\backend\node_modules\jsonwebtoken\node_modules\semver\c
lasses\range.js
MODULE 8392: looking for ["C:\\Users\\angel\\Desktop\\Nutrijournal_ionic\\nutrijournal
\\backend\\node_modules\\jsonwebtoken\\node_modules\\semver\\classes"]
MODULE 8392: Module._load REQUEST ../internal/debug parent: C:\Users\angel\Desktop\Nut
rijournal_ionic\nutrijournal\backend\node_modules\jsonwebtoken\node_modules\semver\cla
sses\range.js
MODULE 8392: RELATIVE: requested: ../internal/debug from parent.id C:\Users\angel\Desk
top\Nutrijournal_ionic\nutrijournal\backend\node_modules\jsonwebtoken\node_modules\sem
ver\classes\range.js
MODULE 8392: looking for ["C:\\Users\\angel\\Desktop\\Nutrijournal_ionic\\nutrijournal
\\backend\\node_modules\\jsonwebtoken\\node_modules\\semver\\classes"]
MODULE 8392: Module._load REQUEST ./semver parent: C:\Users\angel\Desktop\Nutrijournal
_ionic\nutrijournal\backend\node_modules\jsonwebtoken\node_modules\semver\classes\rang
e.js
MODULE 8392: RELATIVE: requested: ./semver from parent.id C:\Users\angel\Desktop\Nutri
journal_ionic\nutrijournal\backend\node_modules\jsonwebtoken\node_modules\semver\class
es\range.js
MODULE 8392: looking for ["C:\\Users\\angel\\Desktop\\Nutrijournal_ionic\\nutrijournal
\\backend\\node_modules\\jsonwebtoken\\node_modules\\semver\\classes"]
MODULE 8392: Module._load REQUEST ../internal/re parent: C:\Users\angel\Desktop\Nutrij
ournal_ionic\nutrijournal\backend\node_modules\jsonwebtoken\node_modules\semver\classe
s\range.js
MODULE 8392: RELATIVE: requested: ../internal/re from parent.id C:\Users\angel\Desktop
\Nutrijournal_ionic\nutrijournal\backend\node_modules\jsonwebtoken\node_modules\semver
\classes\range.js
MODULE 8392: looking for ["C:\\Users\\angel\\Desktop\\Nutrijournal_ionic\\nutrijournal
\\backend\\node_modules\\jsonwebtoken\\node_modules\\semver\\classes"]
MODULE 8392: Module._load REQUEST ../internal/constants parent: C:\Users\angel\Desktop
\Nutrijournal_ionic\nutrijournal\backend\node_modules\jsonwebtoken\node_modules\semver
\classes\range.js
MODULE 8392: RELATIVE: requested: ../internal/constants from parent.id C:\Users\angel\
Desktop\Nutrijournal_ionic\nutrijournal\backend\node_modules\jsonwebtoken\node_modules
\semver\classes\range.js
MODULE 8392: looking for ["C:\\Users\\angel\\Desktop\\Nutrijournal_ionic\\nutrijournal
\\backend\\node_modules\\jsonwebtoken\\node_modules\\semver\\classes"]
MODULE 8392: Module._load REQUEST ./classes/range parent: C:\Users\angel\Desktop\Nutri
journal_ionic\nutrijournal\backend\node_modules\jsonwebtoken\node_modules\semver\index
.js
MODULE 8392: RELATIVE: requested: ./classes/range from parent.id C:\Users\angel\Deskto
p\Nutrijournal_ionic\nutrijournal\backend\node_modules\jsonwebtoken\node_modules\semve
r\index.js
MODULE 8392: looking for ["C:\\Users\\angel\\Desktop\\Nutrijournal_ionic\\nutrijournal
\\backend\\node_modules\\jsonwebtoken\\node_modules\\semver"]
MODULE 8392: Module._load REQUEST ./functions/satisfies parent: C:\Users\angel\Desktop
\Nutrijournal_ionic\nutrijournal\backend\node_modules\jsonwebtoken\node_modules\semver
\index.js
MODULE 8392: RELATIVE: requested: ./functions/satisfies from parent.id C:\Users\angel\
Desktop\Nutrijournal_ionic\nutrijournal\backend\node_modules\jsonwebtoken\node_modules
\semver\index.js
MODULE 8392: looking for ["C:\\Users\\angel\\Desktop\\Nutrijournal_ionic\\nutrijournal
\\backend\\node_modules\\jsonwebtoken\\node_modules\\semver"]
MODULE 8392: load "C:\\Users\\angel\\Desktop\\Nutrijournal_ionic\\nutrijournal\\backen
d\\node_modules\\jsonwebtoken\\node_modules\\semver\\functions\\satisfies.js" for 
module "C:\\Users\\angel\\Desktop\\Nutrijournal_ionic\\nutrijournal\\backend\\node_mod
ules\\jsonwebtoken\\node_modules\\semver\\functions\\satisfies.js"
MODULE 8392: Module._load REQUEST ../classes/range parent: C:\Users\angel\Desktop\Nutr
ijournal_ionic\nutrijournal\backend\node_modules\jsonwebtoken\node_modules\semver\func
tions\satisfies.js
MODULE 8392: RELATIVE: requested: ../classes/range from parent.id C:\Users\angel\Deskt
op\Nutrijournal_ionic\nutrijournal\backend\node_modules\jsonwebtoken\node_modules\semv
er\functions\satisfies.js
MODULE 8392: looking for ["C:\\Users\\angel\\Desktop\\Nutrijournal_ionic\\nutrijournal
\\backend\\node_modules\\jsonwebtoken\\node_modules\\semver\\functions"]
MODULE 8392: Module._load REQUEST ./ranges/to-comparators parent: C:\Users\angel\Deskt
op\Nutrijournal_ionic\nutrijournal\backend\node_modules\jsonwebtoken\node_modules\semv
er\index.js
MODULE 8392: RELATIVE: requested: ./ranges/to-comparators from parent.id C:\Users\ange
l\Desktop\Nutrijournal_ionic\nutrijournal\backend\node_modules\jsonwebtoken\node_modul
es\semver\index.js
MODULE 8392: looking for ["C:\\Users\\angel\\Desktop\\Nutrijournal_ionic\\nutrijournal
\\backend\\node_modules\\jsonwebtoken\\node_modules\\semver"]
MODULE 8392: load "C:\\Users\\angel\\Desktop\\Nutrijournal_ionic\\nutrijournal\\backen
d\\node_modules\\jsonwebtoken\\node_modules\\semver\\ranges\\to-comparators.js" for 
module "C:\\Users\\angel\\Desktop\\Nutrijournal_ionic\\nutrijournal\\backend\\node_mod
ules\\jsonwebtoken\\node_modules\\semver\\ranges\\to-comparators.js"
MODULE 8392: Module._load REQUEST ../classes/range parent: C:\Users\angel\Desktop\Nutr
ijournal_ionic\nutrijournal\backend\node_modules\jsonwebtoken\node_modules\semver\rang
es\to-comparators.js
MODULE 8392: RELATIVE: requested: ../classes/range from parent.id C:\Users\angel\Deskt
op\Nutrijournal_ionic\nutrijournal\backend\node_modules\jsonwebtoken\node_modules\semv
er\ranges\to-comparators.js
MODULE 8392: looking for ["C:\\Users\\angel\\Desktop\\Nutrijournal_ionic\\nutrijournal
\\backend\\node_modules\\jsonwebtoken\\node_modules\\semver\\ranges"]
MODULE 8392: Module._load REQUEST ./ranges/max-satisfying parent: C:\Users\angel\Deskt
op\Nutrijournal_ionic\nutrijournal\backend\node_modules\jsonwebtoken\node_modules\semv
er\index.js
MODULE 8392: RELATIVE: requested: ./ranges/max-satisfying from parent.id C:\Users\ange
l\Desktop\Nutrijournal_ionic\nutrijournal\backend\node_modules\jsonwebtoken\node_modul
es\semver\index.js
MODULE 8392: looking for ["C:\\Users\\angel\\Desktop\\Nutrijournal_ionic\\nutrijournal
\\backend\\node_modules\\jsonwebtoken\\node_modules\\semver"]
MODULE 8392: load "C:\\Users\\angel\\Desktop\\Nutrijournal_ionic\\nutrijournal\\backen
d\\node_modules\\jsonwebtoken\\node_modules\\semver\\ranges\\max-satisfying.js" for 
module "C:\\Users\\angel\\Desktop\\Nutrijournal_ionic\\nutrijournal\\backend\\node_mod
ules\\jsonwebtoken\\node_modules\\semver\\ranges\\max-satisfying.js"
MODULE 8392: Module._load REQUEST ../classes/semver parent: C:\Users\angel\Desktop\Nut
rijournal_ionic\nutrijournal\backend\node_modules\jsonwebtoken\node_modules\semver\ran
ges\max-satisfying.js
MODULE 8392: RELATIVE: requested: ../classes/semver from parent.id C:\Users\angel\Desk
top\Nutrijournal_ionic\nutrijournal\backend\node_modules\jsonwebtoken\node_modules\sem
ver\ranges\max-satisfying.js
MODULE 8392: looking for ["C:\\Users\\angel\\Desktop\\Nutrijournal_ionic\\nutrijournal
\\backend\\node_modules\\jsonwebtoken\\node_modules\\semver\\ranges"]
MODULE 8392: Module._load REQUEST ../classes/range parent: C:\Users\angel\Desktop\Nutr
ijournal_ionic\nutrijournal\backend\node_modules\jsonwebtoken\node_modules\semver\rang
es\max-satisfying.js
MODULE 8392: RELATIVE: requested: ../classes/range from parent.id C:\Users\angel\Deskt
op\Nutrijournal_ionic\nutrijournal\backend\node_modules\jsonwebtoken\node_modules\semv
er\ranges\max-satisfying.js
MODULE 8392: looking for ["C:\\Users\\angel\\Desktop\\Nutrijournal_ionic\\nutrijournal
\\backend\\node_modules\\jsonwebtoken\\node_modules\\semver\\ranges"]
MODULE 8392: Module._load REQUEST ./ranges/min-satisfying parent: C:\Users\angel\Deskt
op\Nutrijournal_ionic\nutrijournal\backend\node_modules\jsonwebtoken\node_modules\semv
er\index.js
MODULE 8392: RELATIVE: requested: ./ranges/min-satisfying from parent.id C:\Users\ange
l\Desktop\Nutrijournal_ionic\nutrijournal\backend\node_modules\jsonwebtoken\node_modul
es\semver\index.js
MODULE 8392: looking for ["C:\\Users\\angel\\Desktop\\Nutrijournal_ionic\\nutrijournal
\\backend\\node_modules\\jsonwebtoken\\node_modules\\semver"]
MODULE 8392: load "C:\\Users\\angel\\Desktop\\Nutrijournal_ionic\\nutrijournal\\backen
d\\node_modules\\jsonwebtoken\\node_modules\\semver\\ranges\\min-satisfying.js" for 
module "C:\\Users\\angel\\Desktop\\Nutrijournal_ionic\\nutrijournal\\backend\\node_mod
ules\\jsonwebtoken\\node_modules\\semver\\ranges\\min-satisfying.js"
MODULE 8392: Module._load REQUEST ../classes/semver parent: C:\Users\angel\Desktop\Nut
rijournal_ionic\nutrijournal\backend\node_modules\jsonwebtoken\node_modules\semver\ran
ges\min-satisfying.js
MODULE 8392: RELATIVE: requested: ../classes/semver from parent.id C:\Users\angel\Desk
top\Nutrijournal_ionic\nutrijournal\backend\node_modules\jsonwebtoken\node_modules\sem
ver\ranges\min-satisfying.js
MODULE 8392: looking for ["C:\\Users\\angel\\Desktop\\Nutrijournal_ionic\\nutrijournal
\\backend\\node_modules\\jsonwebtoken\\node_modules\\semver\\ranges"]
MODULE 8392: Module._load REQUEST ../classes/range parent: C:\Users\angel\Desktop\Nutr
ijournal_ionic\nutrijournal\backend\node_modules\jsonwebtoken\node_modules\semver\rang
es\min-satisfying.js
MODULE 8392: RELATIVE: requested: ../classes/range from parent.id C:\Users\angel\Deskt
op\Nutrijournal_ionic\nutrijournal\backend\node_modules\jsonwebtoken\node_modules\semv
er\ranges\min-satisfying.js
MODULE 8392: looking for ["C:\\Users\\angel\\Desktop\\Nutrijournal_ionic\\nutrijournal
\\backend\\node_modules\\jsonwebtoken\\node_modules\\semver\\ranges"]
MODULE 8392: Module._load REQUEST ./ranges/min-version parent: C:\Users\angel\Desktop\
Nutrijournal_ionic\nutrijournal\backend\node_modules\jsonwebtoken\node_modules\semver\
index.js
MODULE 8392: RELATIVE: requested: ./ranges/min-version from parent.id C:\Users\angel\D
esktop\Nutrijournal_ionic\nutrijournal\backend\node_modules\jsonwebtoken\node_modules\
semver\index.js
MODULE 8392: looking for ["C:\\Users\\angel\\Desktop\\Nutrijournal_ionic\\nutrijournal
\\backend\\node_modules\\jsonwebtoken\\node_modules\\semver"]
MODULE 8392: load "C:\\Users\\angel\\Desktop\\Nutrijournal_ionic\\nutrijournal\\backen
d\\node_modules\\jsonwebtoken\\node_modules\\semver\\ranges\\min-version.js" for 
module "C:\\Users\\angel\\Desktop\\Nutrijournal_ionic\\nutrijournal\\backend\\node_mod
ules\\jsonwebtoken\\node_modules\\semver\\ranges\\min-version.js"
MODULE 8392: Module._load REQUEST ../classes/semver parent: C:\Users\angel\Desktop\Nut
rijournal_ionic\nutrijournal\backend\node_modules\jsonwebtoken\node_modules\semver\ran
ges\min-version.js
MODULE 8392: RELATIVE: requested: ../classes/semver from parent.id C:\Users\angel\Desk
top\Nutrijournal_ionic\nutrijournal\backend\node_modules\jsonwebtoken\node_modules\sem
ver\ranges\min-version.js
MODULE 8392: looking for ["C:\\Users\\angel\\Desktop\\Nutrijournal_ionic\\nutrijournal
\\backend\\node_modules\\jsonwebtoken\\node_modules\\semver\\ranges"]
MODULE 8392: Module._load REQUEST ../classes/range parent: C:\Users\angel\Desktop\Nutr
ijournal_ionic\nutrijournal\backend\node_modules\jsonwebtoken\node_modules\semver\rang
es\min-version.js
MODULE 8392: RELATIVE: requested: ../classes/range from parent.id C:\Users\angel\Deskt
op\Nutrijournal_ionic\nutrijournal\backend\node_modules\jsonwebtoken\node_modules\semv
er\ranges\min-version.js
MODULE 8392: looking for ["C:\\Users\\angel\\Desktop\\Nutrijournal_ionic\\nutrijournal
\\backend\\node_modules\\jsonwebtoken\\node_modules\\semver\\ranges"]
MODULE 8392: Module._load REQUEST ../functions/gt parent: C:\Users\angel\Desktop\Nutri
journal_ionic\nutrijournal\backend\node_modules\jsonwebtoken\node_modules\semver\range
s\min-version.js
MODULE 8392: RELATIVE: requested: ../functions/gt from parent.id C:\Users\angel\Deskto
p\Nutrijournal_ionic\nutrijournal\backend\node_modules\jsonwebtoken\node_modules\semve
r\ranges\min-version.js
MODULE 8392: looking for ["C:\\Users\\angel\\Desktop\\Nutrijournal_ionic\\nutrijournal
\\backend\\node_modules\\jsonwebtoken\\node_modules\\semver\\ranges"]
MODULE 8392: Module._load REQUEST ./ranges/valid parent: C:\Users\angel\Desktop\Nutrij
ournal_ionic\nutrijournal\backend\node_modules\jsonwebtoken\node_modules\semver\index.
js
MODULE 8392: RELATIVE: requested: ./ranges/valid from parent.id C:\Users\angel\Desktop
\Nutrijournal_ionic\nutrijournal\backend\node_modules\jsonwebtoken\node_modules\semver
\index.js
MODULE 8392: looking for ["C:\\Users\\angel\\Desktop\\Nutrijournal_ionic\\nutrijournal
\\backend\\node_modules\\jsonwebtoken\\node_modules\\semver"]
MODULE 8392: load "C:\\Users\\angel\\Desktop\\Nutrijournal_ionic\\nutrijournal\\backen
d\\node_modules\\jsonwebtoken\\node_modules\\semver\\ranges\\valid.js" for module "C:\
\Users\\angel\\Desktop\\Nutrijournal_ionic\\nutrijournal\\backend\\node_modules\\jsonw
ebtoken\\node_modules\\semver\\ranges\\valid.js"
MODULE 8392: Module._load REQUEST ../classes/range parent: C:\Users\angel\Desktop\Nutr
ijournal_ionic\nutrijournal\backend\node_modules\jsonwebtoken\node_modules\semver\rang
es\valid.js
MODULE 8392: RELATIVE: requested: ../classes/range from parent.id C:\Users\angel\Deskt
op\Nutrijournal_ionic\nutrijournal\backend\node_modules\jsonwebtoken\node_modules\semv
er\ranges\valid.js
MODULE 8392: looking for ["C:\\Users\\angel\\Desktop\\Nutrijournal_ionic\\nutrijournal
\\backend\\node_modules\\jsonwebtoken\\node_modules\\semver\\ranges"]
MODULE 8392: Module._load REQUEST ./ranges/outside parent: C:\Users\angel\Desktop\Nutr
ijournal_ionic\nutrijournal\backend\node_modules\jsonwebtoken\node_modules\semver\inde
x.js
MODULE 8392: RELATIVE: requested: ./ranges/outside from parent.id C:\Users\angel\Deskt
op\Nutrijournal_ionic\nutrijournal\backend\node_modules\jsonwebtoken\node_modules\semv
er\index.js
MODULE 8392: looking for ["C:\\Users\\angel\\Desktop\\Nutrijournal_ionic\\nutrijournal
\\backend\\node_modules\\jsonwebtoken\\node_modules\\semver"]
MODULE 8392: load "C:\\Users\\angel\\Desktop\\Nutrijournal_ionic\\nutrijournal\\backen
d\\node_modules\\jsonwebtoken\\node_modules\\semver\\ranges\\outside.js" for module "C
:\\Users\\angel\\Desktop\\Nutrijournal_ionic\\nutrijournal\\backend\\node_modules\\jso
nwebtoken\\node_modules\\semver\\ranges\\outside.js"
MODULE 8392: Module._load REQUEST ../classes/semver parent: C:\Users\angel\Desktop\Nut
rijournal_ionic\nutrijournal\backend\node_modules\jsonwebtoken\node_modules\semver\ran
ges\outside.js
MODULE 8392: RELATIVE: requested: ../classes/semver from parent.id C:\Users\angel\Desk
top\Nutrijournal_ionic\nutrijournal\backend\node_modules\jsonwebtoken\node_modules\sem
ver\ranges\outside.js
MODULE 8392: looking for ["C:\\Users\\angel\\Desktop\\Nutrijournal_ionic\\nutrijournal
\\backend\\node_modules\\jsonwebtoken\\node_modules\\semver\\ranges"]
MODULE 8392: Module._load REQUEST ../classes/comparator parent: C:\Users\angel\Desktop
\Nutrijournal_ionic\nutrijournal\backend\node_modules\jsonwebtoken\node_modules\semver
\ranges\outside.js
MODULE 8392: RELATIVE: requested: ../classes/comparator from parent.id C:\Users\angel\
Desktop\Nutrijournal_ionic\nutrijournal\backend\node_modules\jsonwebtoken\node_modules
\semver\ranges\outside.js
MODULE 8392: looking for ["C:\\Users\\angel\\Desktop\\Nutrijournal_ionic\\nutrijournal
\\backend\\node_modules\\jsonwebtoken\\node_modules\\semver\\ranges"]
MODULE 8392: Module._load REQUEST ../classes/range parent: C:\Users\angel\Desktop\Nutr
ijournal_ionic\nutrijournal\backend\node_modules\jsonwebtoken\node_modules\semver\rang
es\outside.js
MODULE 8392: RELATIVE: requested: ../classes/range from parent.id C:\Users\angel\Deskt
op\Nutrijournal_ionic\nutrijournal\backend\node_modules\jsonwebtoken\node_modules\semv
er\ranges\outside.js
MODULE 8392: looking for ["C:\\Users\\angel\\Desktop\\Nutrijournal_ionic\\nutrijournal
\\backend\\node_modules\\jsonwebtoken\\node_modules\\semver\\ranges"]
MODULE 8392: Module._load REQUEST ../functions/satisfies parent: C:\Users\angel\Deskto
p\Nutrijournal_ionic\nutrijournal\backend\node_modules\jsonwebtoken\node_modules\semve
r\ranges\outside.js
MODULE 8392: RELATIVE: requested: ../functions/satisfies from parent.id C:\Users\angel
\Desktop\Nutrijournal_ionic\nutrijournal\backend\node_modules\jsonwebtoken\node_module
s\semver\ranges\outside.js
MODULE 8392: looking for ["C:\\Users\\angel\\Desktop\\Nutrijournal_ionic\\nutrijournal
\\backend\\node_modules\\jsonwebtoken\\node_modules\\semver\\ranges"]
MODULE 8392: Module._load REQUEST ../functions/gt parent: C:\Users\angel\Desktop\Nutri
journal_ionic\nutrijournal\backend\node_modules\jsonwebtoken\node_modules\semver\range
s\outside.js
MODULE 8392: RELATIVE: requested: ../functions/gt from parent.id C:\Users\angel\Deskto
p\Nutrijournal_ionic\nutrijournal\backend\node_modules\jsonwebtoken\node_modules\semve
r\ranges\outside.js
MODULE 8392: looking for ["C:\\Users\\angel\\Desktop\\Nutrijournal_ionic\\nutrijournal
\\backend\\node_modules\\jsonwebtoken\\node_modules\\semver\\ranges"]
MODULE 8392: Module._load REQUEST ../functions/lt parent: C:\Users\angel\Desktop\Nutri
journal_ionic\nutrijournal\backend\node_modules\jsonwebtoken\node_modules\semver\range
s\outside.js
MODULE 8392: RELATIVE: requested: ../functions/lt from parent.id C:\Users\angel\Deskto
p\Nutrijournal_ionic\nutrijournal\backend\node_modules\jsonwebtoken\node_modules\semve
r\ranges\outside.js
MODULE 8392: looking for ["C:\\Users\\angel\\Desktop\\Nutrijournal_ionic\\nutrijournal
\\backend\\node_modules\\jsonwebtoken\\node_modules\\semver\\ranges"]
MODULE 8392: Module._load REQUEST ../functions/lte parent: C:\Users\angel\Desktop\Nutr
ijournal_ionic\nutrijournal\backend\node_modules\jsonwebtoken\node_modules\semver\rang
es\outside.js
MODULE 8392: RELATIVE: requested: ../functions/lte from parent.id C:\Users\angel\Deskt
op\Nutrijournal_ionic\nutrijournal\backend\node_modules\jsonwebtoken\node_modules\semv
er\ranges\outside.js
MODULE 8392: looking for ["C:\\Users\\angel\\Desktop\\Nutrijournal_ionic\\nutrijournal
\\backend\\node_modules\\jsonwebtoken\\node_modules\\semver\\ranges"]
MODULE 8392: Module._load REQUEST ../functions/gte parent: C:\Users\angel\Desktop\Nutr
ijournal_ionic\nutrijournal\backend\node_modules\jsonwebtoken\node_modules\semver\rang
es\outside.js
MODULE 8392: RELATIVE: requested: ../functions/gte from parent.id C:\Users\angel\Deskt
op\Nutrijournal_ionic\nutrijournal\backend\node_modules\jsonwebtoken\node_modules\semv
er\ranges\outside.js
MODULE 8392: looking for ["C:\\Users\\angel\\Desktop\\Nutrijournal_ionic\\nutrijournal
\\backend\\node_modules\\jsonwebtoken\\node_modules\\semver\\ranges"]
MODULE 8392: Module._load REQUEST ./ranges/gtr parent: C:\Users\angel\Desktop\Nutrijou
rnal_ionic\nutrijournal\backend\node_modules\jsonwebtoken\node_modules\semver\index.js
MODULE 8392: RELATIVE: requested: ./ranges/gtr from parent.id C:\Users\angel\Desktop\N
utrijournal_ionic\nutrijournal\backend\node_modules\jsonwebtoken\node_modules\semver\i
ndex.js
MODULE 8392: looking for ["C:\\Users\\angel\\Desktop\\Nutrijournal_ionic\\nutrijournal
\\backend\\node_modules\\jsonwebtoken\\node_modules\\semver"]
MODULE 8392: load "C:\\Users\\angel\\Desktop\\Nutrijournal_ionic\\nutrijournal\\backen
d\\node_modules\\jsonwebtoken\\node_modules\\semver\\ranges\\gtr.js" for module "C:\\U
sers\\angel\\Desktop\\Nutrijournal_ionic\\nutrijournal\\backend\\node_modules\\jsonweb
token\\node_modules\\semver\\ranges\\gtr.js"
MODULE 8392: Module._load REQUEST ./outside parent: C:\Users\angel\Desktop\Nutrijourna
l_ionic\nutrijournal\backend\node_modules\jsonwebtoken\node_modules\semver\ranges\gtr.
js
MODULE 8392: RELATIVE: requested: ./outside from parent.id C:\Users\angel\Desktop\Nutr
ijournal_ionic\nutrijournal\backend\node_modules\jsonwebtoken\node_modules\semver\rang
es\gtr.js
MODULE 8392: looking for ["C:\\Users\\angel\\Desktop\\Nutrijournal_ionic\\nutrijournal
\\backend\\node_modules\\jsonwebtoken\\node_modules\\semver\\ranges"]
MODULE 8392: Module._load REQUEST ./ranges/ltr parent: C:\Users\angel\Desktop\Nutrijou
rnal_ionic\nutrijournal\backend\node_modules\jsonwebtoken\node_modules\semver\index.js
MODULE 8392: RELATIVE: requested: ./ranges/ltr from parent.id C:\Users\angel\Desktop\N
utrijournal_ionic\nutrijournal\backend\node_modules\jsonwebtoken\node_modules\semver\i
ndex.js
MODULE 8392: looking for ["C:\\Users\\angel\\Desktop\\Nutrijournal_ionic\\nutrijournal
\\backend\\node_modules\\jsonwebtoken\\node_modules\\semver"]
MODULE 8392: load "C:\\Users\\angel\\Desktop\\Nutrijournal_ionic\\nutrijournal\\backen
d\\node_modules\\jsonwebtoken\\node_modules\\semver\\ranges\\ltr.js" for module "C:\\U
sers\\angel\\Desktop\\Nutrijournal_ionic\\nutrijournal\\backend\\node_modules\\jsonweb
token\\node_modules\\semver\\ranges\\ltr.js"
MODULE 8392: Module._load REQUEST ./outside parent: C:\Users\angel\Desktop\Nutrijourna
l_ionic\nutrijournal\backend\node_modules\jsonwebtoken\node_modules\semver\ranges\ltr.
js
MODULE 8392: RELATIVE: requested: ./outside from parent.id C:\Users\angel\Desktop\Nutr
ijournal_ionic\nutrijournal\backend\node_modules\jsonwebtoken\node_modules\semver\rang
es\ltr.js
MODULE 8392: looking for ["C:\\Users\\angel\\Desktop\\Nutrijournal_ionic\\nutrijournal
\\backend\\node_modules\\jsonwebtoken\\node_modules\\semver\\ranges"]
MODULE 8392: Module._load REQUEST ./ranges/intersects parent: C:\Users\angel\Desktop\N
utrijournal_ionic\nutrijournal\backend\node_modules\jsonwebtoken\node_modules\semver\i
ndex.js
MODULE 8392: RELATIVE: requested: ./ranges/intersects from parent.id C:\Users\angel\De
sktop\Nutrijournal_ionic\nutrijournal\backend\node_modules\jsonwebtoken\node_modules\s
emver\index.js
MODULE 8392: looking for ["C:\\Users\\angel\\Desktop\\Nutrijournal_ionic\\nutrijournal
\\backend\\node_modules\\jsonwebtoken\\node_modules\\semver"]
MODULE 8392: load "C:\\Users\\angel\\Desktop\\Nutrijournal_ionic\\nutrijournal\\backen
d\\node_modules\\jsonwebtoken\\node_modules\\semver\\ranges\\intersects.js" for 
module "C:\\Users\\angel\\Desktop\\Nutrijournal_ionic\\nutrijournal\\backend\\node_mod
ules\\jsonwebtoken\\node_modules\\semver\\ranges\\intersects.js"
MODULE 8392: Module._load REQUEST ../classes/range parent: C:\Users\angel\Desktop\Nutr
ijournal_ionic\nutrijournal\backend\node_modules\jsonwebtoken\node_modules\semver\rang
es\intersects.js
MODULE 8392: RELATIVE: requested: ../classes/range from parent.id C:\Users\angel\Deskt
op\Nutrijournal_ionic\nutrijournal\backend\node_modules\jsonwebtoken\node_modules\semv
er\ranges\intersects.js
MODULE 8392: looking for ["C:\\Users\\angel\\Desktop\\Nutrijournal_ionic\\nutrijournal
\\backend\\node_modules\\jsonwebtoken\\node_modules\\semver\\ranges"]
MODULE 8392: Module._load REQUEST ./ranges/simplify parent: C:\Users\angel\Desktop\Nut
rijournal_ionic\nutrijournal\backend\node_modules\jsonwebtoken\node_modules\semver\ind
ex.js
MODULE 8392: RELATIVE: requested: ./ranges/simplify from parent.id C:\Users\angel\Desk
top\Nutrijournal_ionic\nutrijournal\backend\node_modules\jsonwebtoken\node_modules\sem
ver\index.js
MODULE 8392: looking for ["C:\\Users\\angel\\Desktop\\Nutrijournal_ionic\\nutrijournal
\\backend\\node_modules\\jsonwebtoken\\node_modules\\semver"]
MODULE 8392: load "C:\\Users\\angel\\Desktop\\Nutrijournal_ionic\\nutrijournal\\backen
d\\node_modules\\jsonwebtoken\\node_modules\\semver\\ranges\\simplify.js" for module "
C:\\Users\\angel\\Desktop\\Nutrijournal_ionic\\nutrijournal\\backend\\node_modules\\js
onwebtoken\\node_modules\\semver\\ranges\\simplify.js"
MODULE 8392: Module._load REQUEST ../functions/satisfies.js parent: C:\Users\angel\Des
ktop\Nutrijournal_ionic\nutrijournal\backend\node_modules\jsonwebtoken\node_modules\se
mver\ranges\simplify.js
MODULE 8392: RELATIVE: requested: ../functions/satisfies.js from parent.id C:\Users\an
gel\Desktop\Nutrijournal_ionic\nutrijournal\backend\node_modules\jsonwebtoken\node_mod
ules\semver\ranges\simplify.js
MODULE 8392: looking for ["C:\\Users\\angel\\Desktop\\Nutrijournal_ionic\\nutrijournal
\\backend\\node_modules\\jsonwebtoken\\node_modules\\semver\\ranges"]
MODULE 8392: Module._load REQUEST ../functions/compare.js parent: C:\Users\angel\Deskt
op\Nutrijournal_ionic\nutrijournal\backend\node_modules\jsonwebtoken\node_modules\semv
er\ranges\simplify.js
MODULE 8392: RELATIVE: requested: ../functions/compare.js from parent.id C:\Users\ange
l\Desktop\Nutrijournal_ionic\nutrijournal\backend\node_modules\jsonwebtoken\node_modul
es\semver\ranges\simplify.js
MODULE 8392: looking for ["C:\\Users\\angel\\Desktop\\Nutrijournal_ionic\\nutrijournal
\\backend\\node_modules\\jsonwebtoken\\node_modules\\semver\\ranges"]
MODULE 8392: Module._load REQUEST ./ranges/subset parent: C:\Users\angel\Desktop\Nutri
journal_ionic\nutrijournal\backend\node_modules\jsonwebtoken\node_modules\semver\index
.js
MODULE 8392: RELATIVE: requested: ./ranges/subset from parent.id C:\Users\angel\Deskto
p\Nutrijournal_ionic\nutrijournal\backend\node_modules\jsonwebtoken\node_modules\semve
r\index.js
MODULE 8392: looking for ["C:\\Users\\angel\\Desktop\\Nutrijournal_ionic\\nutrijournal
\\backend\\node_modules\\jsonwebtoken\\node_modules\\semver"]
MODULE 8392: load "C:\\Users\\angel\\Desktop\\Nutrijournal_ionic\\nutrijournal\\backen
d\\node_modules\\jsonwebtoken\\node_modules\\semver\\ranges\\subset.js" for module "C:
\\Users\\angel\\Desktop\\Nutrijournal_ionic\\nutrijournal\\backend\\node_modules\\json
webtoken\\node_modules\\semver\\ranges\\subset.js"
MODULE 8392: Module._load REQUEST ../classes/range.js parent: C:\Users\angel\Desktop\N
utrijournal_ionic\nutrijournal\backend\node_modules\jsonwebtoken\node_modules\semver\r
anges\subset.js
MODULE 8392: RELATIVE: requested: ../classes/range.js from parent.id C:\Users\angel\De
sktop\Nutrijournal_ionic\nutrijournal\backend\node_modules\jsonwebtoken\node_modules\s
emver\ranges\subset.js
MODULE 8392: looking for ["C:\\Users\\angel\\Desktop\\Nutrijournal_ionic\\nutrijournal
\\backend\\node_modules\\jsonwebtoken\\node_modules\\semver\\ranges"]
MODULE 8392: Module._load REQUEST ../classes/comparator.js parent: C:\Users\angel\Desk
top\Nutrijournal_ionic\nutrijournal\backend\node_modules\jsonwebtoken\node_modules\sem
ver\ranges\subset.js
MODULE 8392: RELATIVE: requested: ../classes/comparator.js from parent.id C:\Users\ang
el\Desktop\Nutrijournal_ionic\nutrijournal\backend\node_modules\jsonwebtoken\node_modu
les\semver\ranges\subset.js
MODULE 8392: looking for ["C:\\Users\\angel\\Desktop\\Nutrijournal_ionic\\nutrijournal
\\backend\\node_modules\\jsonwebtoken\\node_modules\\semver\\ranges"]
MODULE 8392: Module._load REQUEST ../functions/satisfies.js parent: C:\Users\angel\Des
ktop\Nutrijournal_ionic\nutrijournal\backend\node_modules\jsonwebtoken\node_modules\se
mver\ranges\subset.js
MODULE 8392: RELATIVE: requested: ../functions/satisfies.js from parent.id C:\Users\an
gel\Desktop\Nutrijournal_ionic\nutrijournal\backend\node_modules\jsonwebtoken\node_mod
ules\semver\ranges\subset.js
MODULE 8392: looking for ["C:\\Users\\angel\\Desktop\\Nutrijournal_ionic\\nutrijournal
\\backend\\node_modules\\jsonwebtoken\\node_modules\\semver\\ranges"]
MODULE 8392: Module._load REQUEST ../functions/compare.js parent: C:\Users\angel\Deskt
op\Nutrijournal_ionic\nutrijournal\backend\node_modules\jsonwebtoken\node_modules\semv
er\ranges\subset.js
MODULE 8392: RELATIVE: requested: ../functions/compare.js from parent.id C:\Users\ange
l\Desktop\Nutrijournal_ionic\nutrijournal\backend\node_modules\jsonwebtoken\node_modul
es\semver\ranges\subset.js
MODULE 8392: looking for ["C:\\Users\\angel\\Desktop\\Nutrijournal_ionic\\nutrijournal
\\backend\\node_modules\\jsonwebtoken\\node_modules\\semver\\ranges"]
MODULE 8392: Module._load REQUEST ./rsaPssKeyDetailsSupported parent: C:\Users\angel\D
esktop\Nutrijournal_ionic\nutrijournal\backend\node_modules\jsonwebtoken\lib\validateA
symmetricKey.js
MODULE 8392: RELATIVE: requested: ./rsaPssKeyDetailsSupported from parent.id C:\Users\
angel\Desktop\Nutrijournal_ionic\nutrijournal\backend\node_modules\jsonwebtoken\lib\va
lidateAsymmetricKey.js
MODULE 8392: looking for ["C:\\Users\\angel\\Desktop\\Nutrijournal_ionic\\nutrijournal
\\backend\\node_modules\\jsonwebtoken\\lib"]
MODULE 8392: load "C:\\Users\\angel\\Desktop\\Nutrijournal_ionic\\nutrijournal\\backen
d\\node_modules\\jsonwebtoken\\lib\\rsaPssKeyDetailsSupported.js" for module "C:\\User
s\\angel\\Desktop\\Nutrijournal_ionic\\nutrijournal\\backend\\node_modules\\jsonwebtok
en\\lib\\rsaPssKeyDetailsSupported.js"
MODULE 8392: Module._load REQUEST semver parent: C:\Users\angel\Desktop\Nutrijournal_i
onic\nutrijournal\backend\node_modules\jsonwebtoken\lib\rsaPssKeyDetailsSupported.js
MODULE 8392: Module._load REQUEST ./lib/psSupported parent: C:\Users\angel\Desktop\Nut
rijournal_ionic\nutrijournal\backend\node_modules\jsonwebtoken\verify.js
MODULE 8392: RELATIVE: requested: ./lib/psSupported from parent.id C:\Users\angel\Desk
top\Nutrijournal_ionic\nutrijournal\backend\node_modules\jsonwebtoken\verify.js
MODULE 8392: looking for ["C:\\Users\\angel\\Desktop\\Nutrijournal_ionic\\nutrijournal
\\backend\\node_modules\\jsonwebtoken"]
MODULE 8392: load "C:\\Users\\angel\\Desktop\\Nutrijournal_ionic\\nutrijournal\\backen
d\\node_modules\\jsonwebtoken\\lib\\psSupported.js" for module "C:\\Users\\angel\\Desk
top\\Nutrijournal_ionic\\nutrijournal\\backend\\node_modules\\jsonwebtoken\\lib\\psSup
ported.js"
MODULE 8392: Module._load REQUEST semver parent: C:\Users\angel\Desktop\Nutrijournal_i
onic\nutrijournal\backend\node_modules\jsonwebtoken\lib\psSupported.js
MODULE 8392: Module._load REQUEST jws parent: C:\Users\angel\Desktop\Nutrijournal_ioni
c\nutrijournal\backend\node_modules\jsonwebtoken\verify.js
MODULE 8392: Module._load REQUEST crypto parent: C:\Users\angel\Desktop\Nutrijournal_i
onic\nutrijournal\backend\node_modules\jsonwebtoken\verify.js
MODULE 8392: load built-in module crypto
MODULE 8392: Module._load REQUEST ./sign parent: C:\Users\angel\Desktop\Nutrijournal_i
onic\nutrijournal\backend\node_modules\jsonwebtoken\index.js
MODULE 8392: RELATIVE: requested: ./sign from parent.id C:\Users\angel\Desktop\Nutrijo
urnal_ionic\nutrijournal\backend\node_modules\jsonwebtoken\index.js
MODULE 8392: looking for ["C:\\Users\\angel\\Desktop\\Nutrijournal_ionic\\nutrijournal
\\backend\\node_modules\\jsonwebtoken"]
MODULE 8392: load "C:\\Users\\angel\\Desktop\\Nutrijournal_ionic\\nutrijournal\\backen
d\\node_modules\\jsonwebtoken\\sign.js" for module "C:\\Users\\angel\\Desktop\\Nutrijo
urnal_ionic\\nutrijournal\\backend\\node_modules\\jsonwebtoken\\sign.js"
MODULE 8392: Module._load REQUEST ./lib/timespan parent: C:\Users\angel\Desktop\Nutrij
ournal_ionic\nutrijournal\backend\node_modules\jsonwebtoken\sign.js
MODULE 8392: Module._load REQUEST ./lib/psSupported parent: C:\Users\angel\Desktop\Nut
rijournal_ionic\nutrijournal\backend\node_modules\jsonwebtoken\sign.js
MODULE 8392: Module._load REQUEST ./lib/validateAsymmetricKey parent: C:\Users\angel\D
esktop\Nutrijournal_ionic\nutrijournal\backend\node_modules\jsonwebtoken\sign.js
MODULE 8392: Module._load REQUEST jws parent: C:\Users\angel\Desktop\Nutrijournal_ioni
c\nutrijournal\backend\node_modules\jsonwebtoken\sign.js
MODULE 8392: Module._load REQUEST lodash.includes parent: C:\Users\angel\Desktop\Nutri
journal_ionic\nutrijournal\backend\node_modules\jsonwebtoken\sign.js
MODULE 8392: looking for "lodash.includes" in ["C:\\Users\\angel\\Desktop\\Nutrijourna
l_ionic\\nutrijournal\\backend\\node_modules\\jsonwebtoken\\node_modules","C:\\Users\\
angel\\Desktop\\Nutrijournal_ionic\\nutrijournal\\backend\\node_modules","C:\\Users\\a
ngel\\Desktop\\Nutrijournal_ionic\\nutrijournal\\node_modules","C:\\Users\\angel\\Desk
top\\Nutrijournal_ionic\\node_modules","C:\\Users\\angel\\Desktop\\node_modules","C:\\
Users\\angel\\node_modules","C:\\Users\\node_modules","C:\\node_modules","C:\\Users\\a
ngel\\.node_modules","C:\\Users\\angel\\.node_libraries","C:\\Program 
Files\\nodejs\\lib\\node"]
MODULE 8392: load "C:\\Users\\angel\\Desktop\\Nutrijournal_ionic\\nutrijournal\\backen
d\\node_modules\\lodash.includes\\index.js" for module "C:\\Users\\angel\\Desktop\\Nut
rijournal_ionic\\nutrijournal\\backend\\node_modules\\lodash.includes\\index.js"
MODULE 8392: Module._load REQUEST lodash.isboolean parent: C:\Users\angel\Desktop\Nutr
ijournal_ionic\nutrijournal\backend\node_modules\jsonwebtoken\sign.js
MODULE 8392: looking for "lodash.isboolean" in ["C:\\Users\\angel\\Desktop\\Nutrijourn
al_ionic\\nutrijournal\\backend\\node_modules\\jsonwebtoken\\node_modules","C:\\Users\
\angel\\Desktop\\Nutrijournal_ionic\\nutrijournal\\backend\\node_modules","C:\\Users\\
angel\\Desktop\\Nutrijournal_ionic\\nutrijournal\\node_modules","C:\\Users\\angel\\Des
ktop\\Nutrijournal_ionic\\node_modules","C:\\Users\\angel\\Desktop\\node_modules","C:\
\Users\\angel\\node_modules","C:\\Users\\node_modules","C:\\node_modules","C:\\Users\\
angel\\.node_modules","C:\\Users\\angel\\.node_libraries","C:\\Program 
Files\\nodejs\\lib\\node"]
MODULE 8392: load "C:\\Users\\angel\\Desktop\\Nutrijournal_ionic\\nutrijournal\\backen
d\\node_modules\\lodash.isboolean\\index.js" for module "C:\\Users\\angel\\Desktop\\Nu
trijournal_ionic\\nutrijournal\\backend\\node_modules\\lodash.isboolean\\index.js"
MODULE 8392: Module._load REQUEST lodash.isinteger parent: C:\Users\angel\Desktop\Nutr
ijournal_ionic\nutrijournal\backend\node_modules\jsonwebtoken\sign.js
MODULE 8392: looking for "lodash.isinteger" in ["C:\\Users\\angel\\Desktop\\Nutrijourn
al_ionic\\nutrijournal\\backend\\node_modules\\jsonwebtoken\\node_modules","C:\\Users\
\angel\\Desktop\\Nutrijournal_ionic\\nutrijournal\\backend\\node_modules","C:\\Users\\
angel\\Desktop\\Nutrijournal_ionic\\nutrijournal\\node_modules","C:\\Users\\angel\\Des
ktop\\Nutrijournal_ionic\\node_modules","C:\\Users\\angel\\Desktop\\node_modules","C:\
\Users\\angel\\node_modules","C:\\Users\\node_modules","C:\\node_modules","C:\\Users\\
angel\\.node_modules","C:\\Users\\angel\\.node_libraries","C:\\Program 
Files\\nodejs\\lib\\node"]
MODULE 8392: load "C:\\Users\\angel\\Desktop\\Nutrijournal_ionic\\nutrijournal\\backen
d\\node_modules\\lodash.isinteger\\index.js" for module "C:\\Users\\angel\\Desktop\\Nu
trijournal_ionic\\nutrijournal\\backend\\node_modules\\lodash.isinteger\\index.js"
MODULE 8392: Module._load REQUEST lodash.isnumber parent: C:\Users\angel\Desktop\Nutri
journal_ionic\nutrijournal\backend\node_modules\jsonwebtoken\sign.js
MODULE 8392: looking for "lodash.isnumber" in ["C:\\Users\\angel\\Desktop\\Nutrijourna
l_ionic\\nutrijournal\\backend\\node_modules\\jsonwebtoken\\node_modules","C:\\Users\\
angel\\Desktop\\Nutrijournal_ionic\\nutrijournal\\backend\\node_modules","C:\\Users\\a
ngel\\Desktop\\Nutrijournal_ionic\\nutrijournal\\node_modules","C:\\Users\\angel\\Desk
top\\Nutrijournal_ionic\\node_modules","C:\\Users\\angel\\Desktop\\node_modules","C:\\
Users\\angel\\node_modules","C:\\Users\\node_modules","C:\\node_modules","C:\\Users\\a
ngel\\.node_modules","C:\\Users\\angel\\.node_libraries","C:\\Program 
Files\\nodejs\\lib\\node"]
MODULE 8392: load "C:\\Users\\angel\\Desktop\\Nutrijournal_ionic\\nutrijournal\\backen
d\\node_modules\\lodash.isnumber\\index.js" for module "C:\\Users\\angel\\Desktop\\Nut
rijournal_ionic\\nutrijournal\\backend\\node_modules\\lodash.isnumber\\index.js"
MODULE 8392: Module._load REQUEST lodash.isplainobject parent: C:\Users\angel\Desktop\
Nutrijournal_ionic\nutrijournal\backend\node_modules\jsonwebtoken\sign.js
MODULE 8392: looking for "lodash.isplainobject" in ["C:\\Users\\angel\\Desktop\\Nutrij
ournal_ionic\\nutrijournal\\backend\\node_modules\\jsonwebtoken\\node_modules","C:\\Us
ers\\angel\\Desktop\\Nutrijournal_ionic\\nutrijournal\\backend\\node_modules","C:\\Use
rs\\angel\\Desktop\\Nutrijournal_ionic\\nutrijournal\\node_modules","C:\\Users\\angel\
\Desktop\\Nutrijournal_ionic\\node_modules","C:\\Users\\angel\\Desktop\\node_modules",
"C:\\Users\\angel\\node_modules","C:\\Users\\node_modules","C:\\node_modules","C:\\Use
rs\\angel\\.node_modules","C:\\Users\\angel\\.node_libraries","C:\\Program 
Files\\nodejs\\lib\\node"]
MODULE 8392: load "C:\\Users\\angel\\Desktop\\Nutrijournal_ionic\\nutrijournal\\backen
d\\node_modules\\lodash.isplainobject\\index.js" for module "C:\\Users\\angel\\Desktop
\\Nutrijournal_ionic\\nutrijournal\\backend\\node_modules\\lodash.isplainobject\\index
.js"
MODULE 8392: Module._load REQUEST lodash.isstring parent: C:\Users\angel\Desktop\Nutri
journal_ionic\nutrijournal\backend\node_modules\jsonwebtoken\sign.js
MODULE 8392: looking for "lodash.isstring" in ["C:\\Users\\angel\\Desktop\\Nutrijourna
l_ionic\\nutrijournal\\backend\\node_modules\\jsonwebtoken\\node_modules","C:\\Users\\
angel\\Desktop\\Nutrijournal_ionic\\nutrijournal\\backend\\node_modules","C:\\Users\\a
ngel\\Desktop\\Nutrijournal_ionic\\nutrijournal\\node_modules","C:\\Users\\angel\\Desk
top\\Nutrijournal_ionic\\node_modules","C:\\Users\\angel\\Desktop\\node_modules","C:\\
Users\\angel\\node_modules","C:\\Users\\node_modules","C:\\node_modules","C:\\Users\\a
ngel\\.node_modules","C:\\Users\\angel\\.node_libraries","C:\\Program 
Files\\nodejs\\lib\\node"]
MODULE 8392: load "C:\\Users\\angel\\Desktop\\Nutrijournal_ionic\\nutrijournal\\backen
d\\node_modules\\lodash.isstring\\index.js" for module "C:\\Users\\angel\\Desktop\\Nut
rijournal_ionic\\nutrijournal\\backend\\node_modules\\lodash.isstring\\index.js"
MODULE 8392: Module._load REQUEST lodash.once parent: C:\Users\angel\Desktop\Nutrijour
nal_ionic\nutrijournal\backend\node_modules\jsonwebtoken\sign.js
MODULE 8392: looking for "lodash.once" in ["C:\\Users\\angel\\Desktop\\Nutrijournal_io
nic\\nutrijournal\\backend\\node_modules\\jsonwebtoken\\node_modules","C:\\Users\\ange
l\\Desktop\\Nutrijournal_ionic\\nutrijournal\\backend\\node_modules","C:\\Users\\angel
\\Desktop\\Nutrijournal_ionic\\nutrijournal\\node_modules","C:\\Users\\angel\\Desktop\
\Nutrijournal_ionic\\node_modules","C:\\Users\\angel\\Desktop\\node_modules","C:\\User
s\\angel\\node_modules","C:\\Users\\node_modules","C:\\node_modules","C:\\Users\\angel
\\.node_modules","C:\\Users\\angel\\.node_libraries","C:\\Program 
Files\\nodejs\\lib\\node"]
MODULE 8392: load "C:\\Users\\angel\\Desktop\\Nutrijournal_ionic\\nutrijournal\\backen
d\\node_modules\\lodash.once\\index.js" for module "C:\\Users\\angel\\Desktop\\Nutrijo
urnal_ionic\\nutrijournal\\backend\\node_modules\\lodash.once\\index.js"
MODULE 8392: Module._load REQUEST crypto parent: C:\Users\angel\Desktop\Nutrijournal_i
onic\nutrijournal\backend\node_modules\jsonwebtoken\sign.js
MODULE 8392: load built-in module crypto
MODULE 8392: Module._load REQUEST ./lib/JsonWebTokenError parent: C:\Users\angel\Deskt
op\Nutrijournal_ionic\nutrijournal\backend\node_modules\jsonwebtoken\index.js
MODULE 8392: Module._load REQUEST ./lib/NotBeforeError parent: C:\Users\angel\Desktop\
Nutrijournal_ionic\nutrijournal\backend\node_modules\jsonwebtoken\index.js
MODULE 8392: Module._load REQUEST ./lib/TokenExpiredError parent: C:\Users\angel\Deskt
op\Nutrijournal_ionic\nutrijournal\backend\node_modules\jsonwebtoken\index.js
MODULE 8392: Module._load REQUEST ./environment parent: 
C:\Users\angel\Desktop\Nutrijournal_ionic\nutrijournal\backend\src\config\auth.js
MODULE 8392: RELATIVE: requested: ./environment from parent.id 
C:\Users\angel\Desktop\Nutrijournal_ionic\nutrijournal\backend\src\config\auth.js
MODULE 8392: looking for 
["C:\\Users\\angel\\Desktop\\Nutrijournal_ionic\\nutrijournal\\backend\\src\\config"]
MODULE 8392: Module._load REQUEST ../models/User parent: 
C:\Users\angel\Desktop\Nutrijournal_ionic\nutrijournal\backend\src\middleware\auth.js
MODULE 8392: RELATIVE: requested: ../models/User from parent.id 
C:\Users\angel\Desktop\Nutrijournal_ionic\nutrijournal\backend\src\middleware\auth.js
MODULE 8392: looking for ["C:\\Users\\angel\\Desktop\\Nutrijournal_ionic\\nutrijournal
\\backend\\src\\middleware"]
MODULE 8392: load "C:\\Users\\angel\\Desktop\\Nutrijournal_ionic\\nutrijournal\\backen
d\\src\\models\\User.js" for module "C:\\Users\\angel\\Desktop\\Nutrijournal_ionic\\nu
trijournal\\backend\\src\\models\\User.js"
MODULE 8392: Module._load REQUEST bcryptjs parent: 
C:\Users\angel\Desktop\Nutrijournal_ionic\nutrijournal\backend\src\models\User.js
MODULE 8392: looking for "bcryptjs" in ["C:\\Users\\angel\\Desktop\\Nutrijournal_ionic
\\nutrijournal\\backend\\src\\models\\node_modules","C:\\Users\\angel\\Desktop\\Nutrij
ournal_ionic\\nutrijournal\\backend\\src\\node_modules","C:\\Users\\angel\\Desktop\\Nu
trijournal_ionic\\nutrijournal\\backend\\node_modules","C:\\Users\\angel\\Desktop\\Nut
rijournal_ionic\\nutrijournal\\node_modules","C:\\Users\\angel\\Desktop\\Nutrijournal_
ionic\\node_modules","C:\\Users\\angel\\Desktop\\node_modules","C:\\Users\\angel\\node
_modules","C:\\Users\\node_modules","C:\\node_modules","C:\\Users\\angel\\.node_module
s","C:\\Users\\angel\\.node_libraries","C:\\Program Files\\nodejs\\lib\\node"]
MODULE 8392: load "C:\\Users\\angel\\Desktop\\Nutrijournal_ionic\\nutrijournal\\backen
d\\node_modules\\bcryptjs\\index.js" for module "C:\\Users\\angel\\Desktop\\Nutrijourn
al_ionic\\nutrijournal\\backend\\node_modules\\bcryptjs\\index.js"
MODULE 8392: Module._load REQUEST ./dist/bcrypt.js parent: C:\Users\angel\Desktop\Nutr
ijournal_ionic\nutrijournal\backend\node_modules\bcryptjs\index.js
MODULE 8392: RELATIVE: requested: ./dist/bcrypt.js from parent.id C:\Users\angel\Deskt
op\Nutrijournal_ionic\nutrijournal\backend\node_modules\bcryptjs\index.js
MODULE 8392: looking for ["C:\\Users\\angel\\Desktop\\Nutrijournal_ionic\\nutrijournal
\\backend\\node_modules\\bcryptjs"]
MODULE 8392: load "C:\\Users\\angel\\Desktop\\Nutrijournal_ionic\\nutrijournal\\backen
d\\node_modules\\bcryptjs\\dist\\bcrypt.js" for module "C:\\Users\\angel\\Desktop\\Nut
rijournal_ionic\\nutrijournal\\backend\\node_modules\\bcryptjs\\dist\\bcrypt.js"
MODULE 8392: Module._load REQUEST crypto parent: C:\Users\angel\Desktop\Nutrijournal_i
onic\nutrijournal\backend\node_modules\bcryptjs\dist\bcrypt.js
MODULE 8392: load built-in module crypto
MODULE 8392: Module._load REQUEST ../config/auth parent: 
C:\Users\angel\Desktop\Nutrijournal_ionic\nutrijournal\backend\src\models\User.js
MODULE 8392: RELATIVE: requested: ../config/auth from parent.id 
C:\Users\angel\Desktop\Nutrijournal_ionic\nutrijournal\backend\src\models\User.js
MODULE 8392: looking for 
["C:\\Users\\angel\\Desktop\\Nutrijournal_ionic\\nutrijournal\\backend\\src\\models"]
MODULE 8392: Module._load REQUEST ./middleware/errorHandler parent: .
MODULE 8392: RELATIVE: requested: ./middleware/errorHandler from parent.id .
MODULE 8392: looking for 
["C:\\Users\\angel\\Desktop\\Nutrijournal_ionic\\nutrijournal\\backend\\src"]
MODULE 8392: load "C:\\Users\\angel\\Desktop\\Nutrijournal_ionic\\nutrijournal\\backen
d\\src\\middleware\\errorHandler.js" for module "C:\\Users\\angel\\Desktop\\Nutrijourn
al_ionic\\nutrijournal\\backend\\src\\middleware\\errorHandler.js"
MODULE 8392: Module._load REQUEST ./logging parent: C:\Users\angel\Desktop\Nutrijourna
l_ionic\nutrijournal\backend\src\middleware\errorHandler.js
MODULE 8392: RELATIVE: requested: ./logging from parent.id C:\Users\angel\Desktop\Nutr
ijournal_ionic\nutrijournal\backend\src\middleware\errorHandler.js
MODULE 8392: looking for ["C:\\Users\\angel\\Desktop\\Nutrijournal_ionic\\nutrijournal
\\backend\\src\\middleware"]
MODULE 8392: Module._load REQUEST ../config/environment parent: C:\Users\angel\Desktop
\Nutrijournal_ionic\nutrijournal\backend\src\middleware\errorHandler.js
MODULE 8392: RELATIVE: requested: ../config/environment from parent.id C:\Users\angel\
Desktop\Nutrijournal_ionic\nutrijournal\backend\src\middleware\errorHandler.js
MODULE 8392: looking for ["C:\\Users\\angel\\Desktop\\Nutrijournal_ionic\\nutrijournal
\\backend\\src\\middleware"]
MODULE 8392: Module._load REQUEST ./routes/auth parent: .
MODULE 8392: RELATIVE: requested: ./routes/auth from parent.id .
MODULE 8392: looking for 
["C:\\Users\\angel\\Desktop\\Nutrijournal_ionic\\nutrijournal\\backend\\src"]
MODULE 8392: load "C:\\Users\\angel\\Desktop\\Nutrijournal_ionic\\nutrijournal\\backen
d\\src\\routes\\auth.js" for module "C:\\Users\\angel\\Desktop\\Nutrijournal_ionic\\nu
trijournal\\backend\\src\\routes\\auth.js"
MODULE 8392: Module._load REQUEST express parent: 
C:\Users\angel\Desktop\Nutrijournal_ionic\nutrijournal\backend\src\routes\auth.js
MODULE 8392: looking for "express" in ["C:\\Users\\angel\\Desktop\\Nutrijournal_ionic\
\nutrijournal\\backend\\src\\routes\\node_modules","C:\\Users\\angel\\Desktop\\Nutrijo
urnal_ionic\\nutrijournal\\backend\\src\\node_modules","C:\\Users\\angel\\Desktop\\Nut
rijournal_ionic\\nutrijournal\\backend\\node_modules","C:\\Users\\angel\\Desktop\\Nutr
ijournal_ionic\\nutrijournal\\node_modules","C:\\Users\\angel\\Desktop\\Nutrijournal_i
onic\\node_modules","C:\\Users\\angel\\Desktop\\node_modules","C:\\Users\\angel\\node_
modules","C:\\Users\\node_modules","C:\\node_modules","C:\\Users\\angel\\.node_modules
","C:\\Users\\angel\\.node_libraries","C:\\Program Files\\nodejs\\lib\\node"]
MODULE 8392: Module._load REQUEST ../controllers/authController parent: 
C:\Users\angel\Desktop\Nutrijournal_ionic\nutrijournal\backend\src\routes\auth.js
MODULE 8392: RELATIVE: requested: ../controllers/authController from parent.id 
C:\Users\angel\Desktop\Nutrijournal_ionic\nutrijournal\backend\src\routes\auth.js
MODULE 8392: looking for 
["C:\\Users\\angel\\Desktop\\Nutrijournal_ionic\\nutrijournal\\backend\\src\\routes"]
MODULE 8392: load "C:\\Users\\angel\\Desktop\\Nutrijournal_ionic\\nutrijournal\\backen
d\\src\\controllers\\authController.js" for module "C:\\Users\\angel\\Desktop\\Nutrijo
urnal_ionic\\nutrijournal\\backend\\src\\controllers\\authController.js"
MODULE 8392: Module._load REQUEST bcryptjs parent: C:\Users\angel\Desktop\Nutrijournal
_ionic\nutrijournal\backend\src\controllers\authController.js
MODULE 8392: looking for "bcryptjs" in ["C:\\Users\\angel\\Desktop\\Nutrijournal_ionic
\\nutrijournal\\backend\\src\\controllers\\node_modules","C:\\Users\\angel\\Desktop\\N
utrijournal_ionic\\nutrijournal\\backend\\src\\node_modules","C:\\Users\\angel\\Deskto
p\\Nutrijournal_ionic\\nutrijournal\\backend\\node_modules","C:\\Users\\angel\\Desktop
\\Nutrijournal_ionic\\nutrijournal\\node_modules","C:\\Users\\angel\\Desktop\\Nutrijou
rnal_ionic\\node_modules","C:\\Users\\angel\\Desktop\\node_modules","C:\\Users\\angel\
\node_modules","C:\\Users\\node_modules","C:\\node_modules","C:\\Users\\angel\\.node_m
odules","C:\\Users\\angel\\.node_libraries","C:\\Program Files\\nodejs\\lib\\node"]
MODULE 8392: Module._load REQUEST ../models/User parent: C:\Users\angel\Desktop\Nutrij
ournal_ionic\nutrijournal\backend\src\controllers\authController.js
MODULE 8392: RELATIVE: requested: ../models/User from parent.id C:\Users\angel\Desktop
\Nutrijournal_ionic\nutrijournal\backend\src\controllers\authController.js
MODULE 8392: looking for ["C:\\Users\\angel\\Desktop\\Nutrijournal_ionic\\nutrijournal
\\backend\\src\\controllers"]
MODULE 8392: Module._load REQUEST ../config/auth parent: C:\Users\angel\Desktop\Nutrij
ournal_ionic\nutrijournal\backend\src\controllers\authController.js
MODULE 8392: RELATIVE: requested: ../config/auth from parent.id C:\Users\angel\Desktop
\Nutrijournal_ionic\nutrijournal\backend\src\controllers\authController.js
MODULE 8392: looking for ["C:\\Users\\angel\\Desktop\\Nutrijournal_ionic\\nutrijournal
\\backend\\src\\controllers"]
MODULE 8392: Module._load REQUEST ../config/email parent: C:\Users\angel\Desktop\Nutri
journal_ionic\nutrijournal\backend\src\controllers\authController.js
MODULE 8392: RELATIVE: requested: ../config/email from parent.id C:\Users\angel\Deskto
p\Nutrijournal_ionic\nutrijournal\backend\src\controllers\authController.js
MODULE 8392: looking for ["C:\\Users\\angel\\Desktop\\Nutrijournal_ionic\\nutrijournal
\\backend\\src\\controllers"]
MODULE 8392: Module._load REQUEST ../config/database parent: C:\Users\angel\Desktop\Nu
trijournal_ionic\nutrijournal\backend\src\controllers\authController.js
MODULE 8392: RELATIVE: requested: ../config/database from parent.id C:\Users\angel\Des
ktop\Nutrijournal_ionic\nutrijournal\backend\src\controllers\authController.js
MODULE 8392: looking for ["C:\\Users\\angel\\Desktop\\Nutrijournal_ionic\\nutrijournal
\\backend\\src\\controllers"]
MODULE 8392: Module._load REQUEST ../middleware/errorHandler parent: C:\Users\angel\De
sktop\Nutrijournal_ionic\nutrijournal\backend\src\controllers\authController.js
MODULE 8392: RELATIVE: requested: ../middleware/errorHandler from parent.id C:\Users\a
ngel\Desktop\Nutrijournal_ionic\nutrijournal\backend\src\controllers\authController.js
MODULE 8392: looking for ["C:\\Users\\angel\\Desktop\\Nutrijournal_ionic\\nutrijournal
\\backend\\src\\controllers"]
MODULE 8392: Module._load REQUEST ../middleware/logging parent: C:\Users\angel\Desktop
\Nutrijournal_ionic\nutrijournal\backend\src\controllers\authController.js
MODULE 8392: RELATIVE: requested: ../middleware/logging from parent.id C:\Users\angel\
Desktop\Nutrijournal_ionic\nutrijournal\backend\src\controllers\authController.js
MODULE 8392: looking for ["C:\\Users\\angel\\Desktop\\Nutrijournal_ionic\\nutrijournal
\\backend\\src\\controllers"]
MODULE 8392: Module._load REQUEST ../utils/validation parent: 
C:\Users\angel\Desktop\Nutrijournal_ionic\nutrijournal\backend\src\routes\auth.js
MODULE 8392: RELATIVE: requested: ../utils/validation from parent.id 
C:\Users\angel\Desktop\Nutrijournal_ionic\nutrijournal\backend\src\routes\auth.js
MODULE 8392: looking for 
["C:\\Users\\angel\\Desktop\\Nutrijournal_ionic\\nutrijournal\\backend\\src\\routes"]
MODULE 8392: load "C:\\Users\\angel\\Desktop\\Nutrijournal_ionic\\nutrijournal\\backen
d\\src\\utils\\validation.js" for module "C:\\Users\\angel\\Desktop\\Nutrijournal_ioni
c\\nutrijournal\\backend\\src\\utils\\validation.js"
MODULE 8392: Module._load REQUEST joi parent: 
C:\Users\angel\Desktop\Nutrijournal_ionic\nutrijournal\backend\src\utils\validation.js
MODULE 8392: looking for "joi" in ["C:\\Users\\angel\\Desktop\\Nutrijournal_ionic\\nut
rijournal\\backend\\src\\utils\\node_modules","C:\\Users\\angel\\Desktop\\Nutrijournal
_ionic\\nutrijournal\\backend\\src\\node_modules","C:\\Users\\angel\\Desktop\\Nutrijou
rnal_ionic\\nutrijournal\\backend\\node_modules","C:\\Users\\angel\\Desktop\\Nutrijour
nal_ionic\\nutrijournal\\node_modules","C:\\Users\\angel\\Desktop\\Nutrijournal_ionic\
\node_modules","C:\\Users\\angel\\Desktop\\node_modules","C:\\Users\\angel\\node_modul
es","C:\\Users\\node_modules","C:\\node_modules","C:\\Users\\angel\\.node_modules","C:
\\Users\\angel\\.node_libraries","C:\\Program Files\\nodejs\\lib\\node"]
MODULE 8392: load "C:\\Users\\angel\\Desktop\\Nutrijournal_ionic\\nutrijournal\\backen
d\\node_modules\\joi\\lib\\index.js" for module "C:\\Users\\angel\\Desktop\\Nutrijourn
al_ionic\\nutrijournal\\backend\\node_modules\\joi\\lib\\index.js"
MODULE 8392: Module._load REQUEST @hapi/hoek/lib/assert parent: C:\Users\angel\Desktop
\Nutrijournal_ionic\nutrijournal\backend\node_modules\joi\lib\index.js
MODULE 8392: looking for "@hapi/hoek/lib/assert" in ["C:\\Users\\angel\\Desktop\\Nutri
journal_ionic\\nutrijournal\\backend\\node_modules\\joi\\lib\\node_modules","C:\\Users
\\angel\\Desktop\\Nutrijournal_ionic\\nutrijournal\\backend\\node_modules\\joi\\node_m
odules","C:\\Users\\angel\\Desktop\\Nutrijournal_ionic\\nutrijournal\\backend\\node_mo
dules","C:\\Users\\angel\\Desktop\\Nutrijournal_ionic\\nutrijournal\\node_modules","C:
\\Users\\angel\\Desktop\\Nutrijournal_ionic\\node_modules","C:\\Users\\angel\\Desktop\
\node_modules","C:\\Users\\angel\\node_modules","C:\\Users\\node_modules","C:\\node_mo
dules","C:\\Users\\angel\\.node_modules","C:\\Users\\angel\\.node_libraries","C:\\Prog
ram Files\\nodejs\\lib\\node"]
MODULE 8392: load "C:\\Users\\angel\\Desktop\\Nutrijournal_ionic\\nutrijournal\\backen
d\\node_modules\\@hapi\\hoek\\lib\\assert.js" for module "C:\\Users\\angel\\Desktop\\N
utrijournal_ionic\\nutrijournal\\backend\\node_modules\\@hapi\\hoek\\lib\\assert.js"
MODULE 8392: Module._load REQUEST ./error parent: C:\Users\angel\Desktop\Nutrijournal_
ionic\nutrijournal\backend\node_modules\@hapi\hoek\lib\assert.js
MODULE 8392: RELATIVE: requested: ./error from parent.id C:\Users\angel\Desktop\Nutrij
ournal_ionic\nutrijournal\backend\node_modules\@hapi\hoek\lib\assert.js
MODULE 8392: looking for ["C:\\Users\\angel\\Desktop\\Nutrijournal_ionic\\nutrijournal
\\backend\\node_modules\\@hapi\\hoek\\lib"]
MODULE 8392: load "C:\\Users\\angel\\Desktop\\Nutrijournal_ionic\\nutrijournal\\backen
d\\node_modules\\@hapi\\hoek\\lib\\error.js" for module "C:\\Users\\angel\\Desktop\\Nu
trijournal_ionic\\nutrijournal\\backend\\node_modules\\@hapi\\hoek\\lib\\error.js"
MODULE 8392: Module._load REQUEST ./stringify parent: C:\Users\angel\Desktop\Nutrijour
nal_ionic\nutrijournal\backend\node_modules\@hapi\hoek\lib\error.js
MODULE 8392: RELATIVE: requested: ./stringify from parent.id C:\Users\angel\Desktop\Nu
trijournal_ionic\nutrijournal\backend\node_modules\@hapi\hoek\lib\error.js
MODULE 8392: looking for ["C:\\Users\\angel\\Desktop\\Nutrijournal_ionic\\nutrijournal
\\backend\\node_modules\\@hapi\\hoek\\lib"]
MODULE 8392: load "C:\\Users\\angel\\Desktop\\Nutrijournal_ionic\\nutrijournal\\backen
d\\node_modules\\@hapi\\hoek\\lib\\stringify.js" for module "C:\\Users\\angel\\Desktop
\\Nutrijournal_ionic\\nutrijournal\\backend\\node_modules\\@hapi\\hoek\\lib\\stringify
.js"
MODULE 8392: Module._load REQUEST @hapi/hoek/lib/clone parent: C:\Users\angel\Desktop\
Nutrijournal_ionic\nutrijournal\backend\node_modules\joi\lib\index.js
MODULE 8392: looking for "@hapi/hoek/lib/clone" in ["C:\\Users\\angel\\Desktop\\Nutrij
ournal_ionic\\nutrijournal\\backend\\node_modules\\joi\\lib\\node_modules","C:\\Users\
\angel\\Desktop\\Nutrijournal_ionic\\nutrijournal\\backend\\node_modules\\joi\\node_mo
dules","C:\\Users\\angel\\Desktop\\Nutrijournal_ionic\\nutrijournal\\backend\\node_mod
ules","C:\\Users\\angel\\Desktop\\Nutrijournal_ionic\\nutrijournal\\node_modules","C:\
\Users\\angel\\Desktop\\Nutrijournal_ionic\\node_modules","C:\\Users\\angel\\Desktop\\
node_modules","C:\\Users\\angel\\node_modules","C:\\Users\\node_modules","C:\\node_mod
ules","C:\\Users\\angel\\.node_modules","C:\\Users\\angel\\.node_libraries","C:\\Progr
am Files\\nodejs\\lib\\node"]
MODULE 8392: load "C:\\Users\\angel\\Desktop\\Nutrijournal_ionic\\nutrijournal\\backen
d\\node_modules\\@hapi\\hoek\\lib\\clone.js" for module "C:\\Users\\angel\\Desktop\\Nu
trijournal_ionic\\nutrijournal\\backend\\node_modules\\@hapi\\hoek\\lib\\clone.js"
MODULE 8392: Module._load REQUEST ./reach parent: C:\Users\angel\Desktop\Nutrijournal_
ionic\nutrijournal\backend\node_modules\@hapi\hoek\lib\clone.js
MODULE 8392: RELATIVE: requested: ./reach from parent.id C:\Users\angel\Desktop\Nutrij
ournal_ionic\nutrijournal\backend\node_modules\@hapi\hoek\lib\clone.js
MODULE 8392: looking for ["C:\\Users\\angel\\Desktop\\Nutrijournal_ionic\\nutrijournal
\\backend\\node_modules\\@hapi\\hoek\\lib"]
MODULE 8392: load "C:\\Users\\angel\\Desktop\\Nutrijournal_ionic\\nutrijournal\\backen
d\\node_modules\\@hapi\\hoek\\lib\\reach.js" for module "C:\\Users\\angel\\Desktop\\Nu
trijournal_ionic\\nutrijournal\\backend\\node_modules\\@hapi\\hoek\\lib\\reach.js"
MODULE 8392: Module._load REQUEST ./assert parent: C:\Users\angel\Desktop\Nutrijournal
_ionic\nutrijournal\backend\node_modules\@hapi\hoek\lib\reach.js
MODULE 8392: RELATIVE: requested: ./assert from parent.id C:\Users\angel\Desktop\Nutri
journal_ionic\nutrijournal\backend\node_modules\@hapi\hoek\lib\reach.js
MODULE 8392: looking for ["C:\\Users\\angel\\Desktop\\Nutrijournal_ionic\\nutrijournal
\\backend\\node_modules\\@hapi\\hoek\\lib"]
MODULE 8392: Module._load REQUEST ./types parent: C:\Users\angel\Desktop\Nutrijournal_
ionic\nutrijournal\backend\node_modules\@hapi\hoek\lib\clone.js
MODULE 8392: RELATIVE: requested: ./types from parent.id C:\Users\angel\Desktop\Nutrij
ournal_ionic\nutrijournal\backend\node_modules\@hapi\hoek\lib\clone.js
MODULE 8392: looking for ["C:\\Users\\angel\\Desktop\\Nutrijournal_ionic\\nutrijournal
\\backend\\node_modules\\@hapi\\hoek\\lib"]
MODULE 8392: load "C:\\Users\\angel\\Desktop\\Nutrijournal_ionic\\nutrijournal\\backen
d\\node_modules\\@hapi\\hoek\\lib\\types.js" for module "C:\\Users\\angel\\Desktop\\Nu
trijournal_ionic\\nutrijournal\\backend\\node_modules\\@hapi\\hoek\\lib\\types.js"
MODULE 8392: Module._load REQUEST ./utils parent: C:\Users\angel\Desktop\Nutrijournal_
ionic\nutrijournal\backend\node_modules\@hapi\hoek\lib\clone.js
MODULE 8392: RELATIVE: requested: ./utils from parent.id C:\Users\angel\Desktop\Nutrij
ournal_ionic\nutrijournal\backend\node_modules\@hapi\hoek\lib\clone.js
MODULE 8392: looking for ["C:\\Users\\angel\\Desktop\\Nutrijournal_ionic\\nutrijournal
\\backend\\node_modules\\@hapi\\hoek\\lib"]
MODULE 8392: load "C:\\Users\\angel\\Desktop\\Nutrijournal_ionic\\nutrijournal\\backen
d\\node_modules\\@hapi\\hoek\\lib\\utils.js" for module "C:\\Users\\angel\\Desktop\\Nu
trijournal_ionic\\nutrijournal\\backend\\node_modules\\@hapi\\hoek\\lib\\utils.js"
MODULE 8392: Module._load REQUEST ./cache parent: C:\Users\angel\Desktop\Nutrijournal_
ionic\nutrijournal\backend\node_modules\joi\lib\index.js
MODULE 8392: RELATIVE: requested: ./cache from parent.id C:\Users\angel\Desktop\Nutrij
ournal_ionic\nutrijournal\backend\node_modules\joi\lib\index.js
MODULE 8392: looking for ["C:\\Users\\angel\\Desktop\\Nutrijournal_ionic\\nutrijournal
\\backend\\node_modules\\joi\\lib"]
MODULE 8392: load "C:\\Users\\angel\\Desktop\\Nutrijournal_ionic\\nutrijournal\\backen
d\\node_modules\\joi\\lib\\cache.js" for module "C:\\Users\\angel\\Desktop\\Nutrijourn
al_ionic\\nutrijournal\\backend\\node_modules\\joi\\lib\\cache.js"
MODULE 8392: Module._load REQUEST @hapi/hoek/lib/assert parent: C:\Users\angel\Desktop
\Nutrijournal_ionic\nutrijournal\backend\node_modules\joi\lib\cache.js
MODULE 8392: Module._load REQUEST @hapi/hoek/lib/clone parent: C:\Users\angel\Desktop\
Nutrijournal_ionic\nutrijournal\backend\node_modules\joi\lib\cache.js
MODULE 8392: Module._load REQUEST ./common parent: C:\Users\angel\Desktop\Nutrijournal
_ionic\nutrijournal\backend\node_modules\joi\lib\cache.js
MODULE 8392: RELATIVE: requested: ./common from parent.id C:\Users\angel\Desktop\Nutri
journal_ionic\nutrijournal\backend\node_modules\joi\lib\cache.js
MODULE 8392: looking for ["C:\\Users\\angel\\Desktop\\Nutrijournal_ionic\\nutrijournal
\\backend\\node_modules\\joi\\lib"]
MODULE 8392: load "C:\\Users\\angel\\Desktop\\Nutrijournal_ionic\\nutrijournal\\backen
d\\node_modules\\joi\\lib\\common.js" for module "C:\\Users\\angel\\Desktop\\Nutrijour
nal_ionic\\nutrijournal\\backend\\node_modules\\joi\\lib\\common.js"
MODULE 8392: Module._load REQUEST @hapi/hoek/lib/assert parent: C:\Users\angel\Desktop
\Nutrijournal_ionic\nutrijournal\backend\node_modules\joi\lib\common.js
MODULE 8392: Module._load REQUEST @hapi/hoek/lib/error parent: C:\Users\angel\Desktop\
Nutrijournal_ionic\nutrijournal\backend\node_modules\joi\lib\common.js
MODULE 8392: looking for "@hapi/hoek/lib/error" in ["C:\\Users\\angel\\Desktop\\Nutrij
ournal_ionic\\nutrijournal\\backend\\node_modules\\joi\\lib\\node_modules","C:\\Users\
\angel\\Desktop\\Nutrijournal_ionic\\nutrijournal\\backend\\node_modules\\joi\\node_mo
dules","C:\\Users\\angel\\Desktop\\Nutrijournal_ionic\\nutrijournal\\backend\\node_mod
ules","C:\\Users\\angel\\Desktop\\Nutrijournal_ionic\\nutrijournal\\node_modules","C:\
\Users\\angel\\Desktop\\Nutrijournal_ionic\\node_modules","C:\\Users\\angel\\Desktop\\
node_modules","C:\\Users\\angel\\node_modules","C:\\Users\\node_modules","C:\\node_mod
ules","C:\\Users\\angel\\.node_modules","C:\\Users\\angel\\.node_libraries","C:\\Progr
am Files\\nodejs\\lib\\node"]
MODULE 8392: Module._load REQUEST ../package.json parent: C:\Users\angel\Desktop\Nutri
journal_ionic\nutrijournal\backend\node_modules\joi\lib\common.js
MODULE 8392: RELATIVE: requested: ../package.json from parent.id C:\Users\angel\Deskto
p\Nutrijournal_ionic\nutrijournal\backend\node_modules\joi\lib\common.js
MODULE 8392: looking for ["C:\\Users\\angel\\Desktop\\Nutrijournal_ionic\\nutrijournal
\\backend\\node_modules\\joi\\lib"]
MODULE 8392: load "C:\\Users\\angel\\Desktop\\Nutrijournal_ionic\\nutrijournal\\backen
d\\node_modules\\joi\\package.json" for module "C:\\Users\\angel\\Desktop\\Nutrijourna
l_ionic\\nutrijournal\\backend\\node_modules\\joi\\package.json"
MODULE 8392: Module._load REQUEST ./common parent: C:\Users\angel\Desktop\Nutrijournal
_ionic\nutrijournal\backend\node_modules\joi\lib\index.js
MODULE 8392: Module._load REQUEST ./compile parent: C:\Users\angel\Desktop\Nutrijourna
l_ionic\nutrijournal\backend\node_modules\joi\lib\index.js
MODULE 8392: RELATIVE: requested: ./compile from parent.id C:\Users\angel\Desktop\Nutr
ijournal_ionic\nutrijournal\backend\node_modules\joi\lib\index.js
MODULE 8392: looking for ["C:\\Users\\angel\\Desktop\\Nutrijournal_ionic\\nutrijournal
\\backend\\node_modules\\joi\\lib"]
MODULE 8392: load "C:\\Users\\angel\\Desktop\\Nutrijournal_ionic\\nutrijournal\\backen
d\\node_modules\\joi\\lib\\compile.js" for module "C:\\Users\\angel\\Desktop\\Nutrijou
rnal_ionic\\nutrijournal\\backend\\node_modules\\joi\\lib\\compile.js"
MODULE 8392: Module._load REQUEST @hapi/hoek/lib/assert parent: C:\Users\angel\Desktop
\Nutrijournal_ionic\nutrijournal\backend\node_modules\joi\lib\compile.js
MODULE 8392: Module._load REQUEST ./common parent: C:\Users\angel\Desktop\Nutrijournal
_ionic\nutrijournal\backend\node_modules\joi\lib\compile.js
MODULE 8392: Module._load REQUEST ./ref parent: C:\Users\angel\Desktop\Nutrijournal_io
nic\nutrijournal\backend\node_modules\joi\lib\compile.js
MODULE 8392: RELATIVE: requested: ./ref from parent.id C:\Users\angel\Desktop\Nutrijou
rnal_ionic\nutrijournal\backend\node_modules\joi\lib\compile.js
MODULE 8392: looking for ["C:\\Users\\angel\\Desktop\\Nutrijournal_ionic\\nutrijournal
\\backend\\node_modules\\joi\\lib"]
MODULE 8392: load "C:\\Users\\angel\\Desktop\\Nutrijournal_ionic\\nutrijournal\\backen
d\\node_modules\\joi\\lib\\ref.js" for module "C:\\Users\\angel\\Desktop\\Nutrijournal
_ionic\\nutrijournal\\backend\\node_modules\\joi\\lib\\ref.js"
MODULE 8392: Module._load REQUEST @hapi/hoek/lib/assert parent: C:\Users\angel\Desktop
\Nutrijournal_ionic\nutrijournal\backend\node_modules\joi\lib\ref.js
MODULE 8392: Module._load REQUEST @hapi/hoek/lib/clone parent: C:\Users\angel\Desktop\
Nutrijournal_ionic\nutrijournal\backend\node_modules\joi\lib\ref.js
MODULE 8392: Module._load REQUEST @hapi/hoek/lib/reach parent: C:\Users\angel\Desktop\
Nutrijournal_ionic\nutrijournal\backend\node_modules\joi\lib\ref.js
MODULE 8392: looking for "@hapi/hoek/lib/reach" in ["C:\\Users\\angel\\Desktop\\Nutrij
ournal_ionic\\nutrijournal\\backend\\node_modules\\joi\\lib\\node_modules","C:\\Users\
\angel\\Desktop\\Nutrijournal_ionic\\nutrijournal\\backend\\node_modules\\joi\\node_mo
dules","C:\\Users\\angel\\Desktop\\Nutrijournal_ionic\\nutrijournal\\backend\\node_mod
ules","C:\\Users\\angel\\Desktop\\Nutrijournal_ionic\\nutrijournal\\node_modules","C:\
\Users\\angel\\Desktop\\Nutrijournal_ionic\\node_modules","C:\\Users\\angel\\Desktop\\
node_modules","C:\\Users\\angel\\node_modules","C:\\Users\\node_modules","C:\\node_mod
ules","C:\\Users\\angel\\.node_modules","C:\\Users\\angel\\.node_libraries","C:\\Progr
am Files\\nodejs\\lib\\node"]
MODULE 8392: Module._load REQUEST ./common parent: C:\Users\angel\Desktop\Nutrijournal
_ionic\nutrijournal\backend\node_modules\joi\lib\ref.js
MODULE 8392: Module._load REQUEST ./errors parent: C:\Users\angel\Desktop\Nutrijournal
_ionic\nutrijournal\backend\node_modules\joi\lib\index.js
MODULE 8392: RELATIVE: requested: ./errors from parent.id C:\Users\angel\Desktop\Nutri
journal_ionic\nutrijournal\backend\node_modules\joi\lib\index.js
MODULE 8392: looking for ["C:\\Users\\angel\\Desktop\\Nutrijournal_ionic\\nutrijournal
\\backend\\node_modules\\joi\\lib"]
MODULE 8392: load "C:\\Users\\angel\\Desktop\\Nutrijournal_ionic\\nutrijournal\\backen
d\\node_modules\\joi\\lib\\errors.js" for module "C:\\Users\\angel\\Desktop\\Nutrijour
nal_ionic\\nutrijournal\\backend\\node_modules\\joi\\lib\\errors.js"
MODULE 8392: Module._load REQUEST ./annotate parent: C:\Users\angel\Desktop\Nutrijourn
al_ionic\nutrijournal\backend\node_modules\joi\lib\errors.js
MODULE 8392: RELATIVE: requested: ./annotate from parent.id C:\Users\angel\Desktop\Nut
rijournal_ionic\nutrijournal\backend\node_modules\joi\lib\errors.js
MODULE 8392: looking for ["C:\\Users\\angel\\Desktop\\Nutrijournal_ionic\\nutrijournal
\\backend\\node_modules\\joi\\lib"]
MODULE 8392: load "C:\\Users\\angel\\Desktop\\Nutrijournal_ionic\\nutrijournal\\backen
d\\node_modules\\joi\\lib\\annotate.js" for module "C:\\Users\\angel\\Desktop\\Nutrijo
urnal_ionic\\nutrijournal\\backend\\node_modules\\joi\\lib\\annotate.js"
MODULE 8392: Module._load REQUEST @hapi/hoek/lib/clone parent: C:\Users\angel\Desktop\
Nutrijournal_ionic\nutrijournal\backend\node_modules\joi\lib\annotate.js
MODULE 8392: Module._load REQUEST ./common parent: C:\Users\angel\Desktop\Nutrijournal
_ionic\nutrijournal\backend\node_modules\joi\lib\annotate.js
MODULE 8392: Module._load REQUEST ./common parent: C:\Users\angel\Desktop\Nutrijournal
_ionic\nutrijournal\backend\node_modules\joi\lib\errors.js
MODULE 8392: Module._load REQUEST ./template parent: C:\Users\angel\Desktop\Nutrijourn
al_ionic\nutrijournal\backend\node_modules\joi\lib\errors.js
MODULE 8392: RELATIVE: requested: ./template from parent.id C:\Users\angel\Desktop\Nut
rijournal_ionic\nutrijournal\backend\node_modules\joi\lib\errors.js
MODULE 8392: looking for ["C:\\Users\\angel\\Desktop\\Nutrijournal_ionic\\nutrijournal
\\backend\\node_modules\\joi\\lib"]
MODULE 8392: load "C:\\Users\\angel\\Desktop\\Nutrijournal_ionic\\nutrijournal\\backen
d\\node_modules\\joi\\lib\\template.js" for module "C:\\Users\\angel\\Desktop\\Nutrijo
urnal_ionic\\nutrijournal\\backend\\node_modules\\joi\\lib\\template.js"
MODULE 8392: Module._load REQUEST @hapi/hoek/lib/assert parent: C:\Users\angel\Desktop
\Nutrijournal_ionic\nutrijournal\backend\node_modules\joi\lib\template.js
MODULE 8392: Module._load REQUEST @hapi/hoek/lib/clone parent: C:\Users\angel\Desktop\
Nutrijournal_ionic\nutrijournal\backend\node_modules\joi\lib\template.js
MODULE 8392: Module._load REQUEST @hapi/hoek/lib/escapeHtml parent: C:\Users\angel\Des
ktop\Nutrijournal_ionic\nutrijournal\backend\node_modules\joi\lib\template.js
MODULE 8392: looking for "@hapi/hoek/lib/escapeHtml" in ["C:\\Users\\angel\\Desktop\\N
utrijournal_ionic\\nutrijournal\\backend\\node_modules\\joi\\lib\\node_modules","C:\\U
sers\\angel\\Desktop\\Nutrijournal_ionic\\nutrijournal\\backend\\node_modules\\joi\\no
de_modules","C:\\Users\\angel\\Desktop\\Nutrijournal_ionic\\nutrijournal\\backend\\nod
e_modules","C:\\Users\\angel\\Desktop\\Nutrijournal_ionic\\nutrijournal\\node_modules"
,"C:\\Users\\angel\\Desktop\\Nutrijournal_ionic\\node_modules","C:\\Users\\angel\\Desk
top\\node_modules","C:\\Users\\angel\\node_modules","C:\\Users\\node_modules","C:\\nod
e_modules","C:\\Users\\angel\\.node_modules","C:\\Users\\angel\\.node_libraries","C:\\
Program Files\\nodejs\\lib\\node"]
MODULE 8392: load "C:\\Users\\angel\\Desktop\\Nutrijournal_ionic\\nutrijournal\\backen
d\\node_modules\\@hapi\\hoek\\lib\\escapeHtml.js" for module "C:\\Users\\angel\\Deskto
p\\Nutrijournal_ionic\\nutrijournal\\backend\\node_modules\\@hapi\\hoek\\lib\\escapeHt
ml.js"
MODULE 8392: Module._load REQUEST @sideway/formula parent: C:\Users\angel\Desktop\Nutr
ijournal_ionic\nutrijournal\backend\node_modules\joi\lib\template.js
MODULE 8392: looking for "@sideway/formula" in ["C:\\Users\\angel\\Desktop\\Nutrijourn
al_ionic\\nutrijournal\\backend\\node_modules\\joi\\lib\\node_modules","C:\\Users\\ang
el\\Desktop\\Nutrijournal_ionic\\nutrijournal\\backend\\node_modules\\joi\\node_module
s","C:\\Users\\angel\\Desktop\\Nutrijournal_ionic\\nutrijournal\\backend\\node_modules
","C:\\Users\\angel\\Desktop\\Nutrijournal_ionic\\nutrijournal\\node_modules","C:\\Use
rs\\angel\\Desktop\\Nutrijournal_ionic\\node_modules","C:\\Users\\angel\\Desktop\\node
_modules","C:\\Users\\angel\\node_modules","C:\\Users\\node_modules","C:\\node_modules
","C:\\Users\\angel\\.node_modules","C:\\Users\\angel\\.node_libraries","C:\\Program 
Files\\nodejs\\lib\\node"]
MODULE 8392: load "C:\\Users\\angel\\Desktop\\Nutrijournal_ionic\\nutrijournal\\backen
d\\node_modules\\@sideway\\formula\\lib\\index.js" for module "C:\\Users\\angel\\Deskt
op\\Nutrijournal_ionic\\nutrijournal\\backend\\node_modules\\@sideway\\formula\\lib\\i
ndex.js"
MODULE 8392: Module._load REQUEST ./common parent: C:\Users\angel\Desktop\Nutrijournal
_ionic\nutrijournal\backend\node_modules\joi\lib\template.js
MODULE 8392: Module._load REQUEST ./errors parent: C:\Users\angel\Desktop\Nutrijournal
_ionic\nutrijournal\backend\node_modules\joi\lib\template.js
MODULE 8392: Module._load REQUEST ./ref parent: C:\Users\angel\Desktop\Nutrijournal_io
nic\nutrijournal\backend\node_modules\joi\lib\template.js
MODULE 8392: Module._load REQUEST ./extend parent: C:\Users\angel\Desktop\Nutrijournal
_ionic\nutrijournal\backend\node_modules\joi\lib\index.js
MODULE 8392: RELATIVE: requested: ./extend from parent.id C:\Users\angel\Desktop\Nutri
journal_ionic\nutrijournal\backend\node_modules\joi\lib\index.js
MODULE 8392: looking for ["C:\\Users\\angel\\Desktop\\Nutrijournal_ionic\\nutrijournal
\\backend\\node_modules\\joi\\lib"]
MODULE 8392: load "C:\\Users\\angel\\Desktop\\Nutrijournal_ionic\\nutrijournal\\backen
d\\node_modules\\joi\\lib\\extend.js" for module "C:\\Users\\angel\\Desktop\\Nutrijour
nal_ionic\\nutrijournal\\backend\\node_modules\\joi\\lib\\extend.js"
MODULE 8392: Module._load REQUEST @hapi/hoek/lib/assert parent: C:\Users\angel\Desktop
\Nutrijournal_ionic\nutrijournal\backend\node_modules\joi\lib\extend.js
MODULE 8392: Module._load REQUEST @hapi/hoek/lib/clone parent: C:\Users\angel\Desktop\
Nutrijournal_ionic\nutrijournal\backend\node_modules\joi\lib\extend.js
MODULE 8392: Module._load REQUEST ./common parent: C:\Users\angel\Desktop\Nutrijournal
_ionic\nutrijournal\backend\node_modules\joi\lib\extend.js
MODULE 8392: Module._load REQUEST ./messages parent: C:\Users\angel\Desktop\Nutrijourn
al_ionic\nutrijournal\backend\node_modules\joi\lib\extend.js
MODULE 8392: RELATIVE: requested: ./messages from parent.id C:\Users\angel\Desktop\Nut
rijournal_ionic\nutrijournal\backend\node_modules\joi\lib\extend.js
MODULE 8392: looking for ["C:\\Users\\angel\\Desktop\\Nutrijournal_ionic\\nutrijournal
\\backend\\node_modules\\joi\\lib"]
MODULE 8392: load "C:\\Users\\angel\\Desktop\\Nutrijournal_ionic\\nutrijournal\\backen
d\\node_modules\\joi\\lib\\messages.js" for module "C:\\Users\\angel\\Desktop\\Nutrijo
urnal_ionic\\nutrijournal\\backend\\node_modules\\joi\\lib\\messages.js"
MODULE 8392: Module._load REQUEST @hapi/hoek/lib/assert parent: C:\Users\angel\Desktop
\Nutrijournal_ionic\nutrijournal\backend\node_modules\joi\lib\messages.js
MODULE 8392: Module._load REQUEST @hapi/hoek/lib/clone parent: C:\Users\angel\Desktop\
Nutrijournal_ionic\nutrijournal\backend\node_modules\joi\lib\messages.js
MODULE 8392: Module._load REQUEST ./template parent: C:\Users\angel\Desktop\Nutrijourn
al_ionic\nutrijournal\backend\node_modules\joi\lib\messages.js
MODULE 8392: Module._load REQUEST ./manifest parent: C:\Users\angel\Desktop\Nutrijourn
al_ionic\nutrijournal\backend\node_modules\joi\lib\index.js
MODULE 8392: RELATIVE: requested: ./manifest from parent.id C:\Users\angel\Desktop\Nut
rijournal_ionic\nutrijournal\backend\node_modules\joi\lib\index.js
MODULE 8392: looking for ["C:\\Users\\angel\\Desktop\\Nutrijournal_ionic\\nutrijournal
\\backend\\node_modules\\joi\\lib"]
MODULE 8392: load "C:\\Users\\angel\\Desktop\\Nutrijournal_ionic\\nutrijournal\\backen
d\\node_modules\\joi\\lib\\manifest.js" for module "C:\\Users\\angel\\Desktop\\Nutrijo
urnal_ionic\\nutrijournal\\backend\\node_modules\\joi\\lib\\manifest.js"
MODULE 8392: Module._load REQUEST @hapi/hoek/lib/assert parent: C:\Users\angel\Desktop
\Nutrijournal_ionic\nutrijournal\backend\node_modules\joi\lib\manifest.js
MODULE 8392: Module._load REQUEST @hapi/hoek/lib/clone parent: C:\Users\angel\Desktop\
Nutrijournal_ionic\nutrijournal\backend\node_modules\joi\lib\manifest.js
MODULE 8392: Module._load REQUEST ./common parent: C:\Users\angel\Desktop\Nutrijournal
_ionic\nutrijournal\backend\node_modules\joi\lib\manifest.js
MODULE 8392: Module._load REQUEST ./messages parent: C:\Users\angel\Desktop\Nutrijourn
al_ionic\nutrijournal\backend\node_modules\joi\lib\manifest.js
MODULE 8392: Module._load REQUEST ./ref parent: C:\Users\angel\Desktop\Nutrijournal_io
nic\nutrijournal\backend\node_modules\joi\lib\manifest.js
MODULE 8392: Module._load REQUEST ./template parent: C:\Users\angel\Desktop\Nutrijourn
al_ionic\nutrijournal\backend\node_modules\joi\lib\manifest.js
MODULE 8392: Module._load REQUEST ./ref parent: C:\Users\angel\Desktop\Nutrijournal_io
nic\nutrijournal\backend\node_modules\joi\lib\index.js
MODULE 8392: Module._load REQUEST ./template parent: C:\Users\angel\Desktop\Nutrijourn
al_ionic\nutrijournal\backend\node_modules\joi\lib\index.js
MODULE 8392: Module._load REQUEST ./trace parent: C:\Users\angel\Desktop\Nutrijournal_
ionic\nutrijournal\backend\node_modules\joi\lib\index.js
MODULE 8392: RELATIVE: requested: ./trace from parent.id C:\Users\angel\Desktop\Nutrij
ournal_ionic\nutrijournal\backend\node_modules\joi\lib\index.js
MODULE 8392: looking for ["C:\\Users\\angel\\Desktop\\Nutrijournal_ionic\\nutrijournal
\\backend\\node_modules\\joi\\lib"]
MODULE 8392: load "C:\\Users\\angel\\Desktop\\Nutrijournal_ionic\\nutrijournal\\backen
d\\node_modules\\joi\\lib\\trace.js" for module "C:\\Users\\angel\\Desktop\\Nutrijourn
al_ionic\\nutrijournal\\backend\\node_modules\\joi\\lib\\trace.js"
MODULE 8392: Module._load REQUEST @hapi/hoek/lib/deepEqual parent: C:\Users\angel\Desk
top\Nutrijournal_ionic\nutrijournal\backend\node_modules\joi\lib\trace.js
MODULE 8392: looking for "@hapi/hoek/lib/deepEqual" in ["C:\\Users\\angel\\Desktop\\Nu
trijournal_ionic\\nutrijournal\\backend\\node_modules\\joi\\lib\\node_modules","C:\\Us
ers\\angel\\Desktop\\Nutrijournal_ionic\\nutrijournal\\backend\\node_modules\\joi\\nod
e_modules","C:\\Users\\angel\\Desktop\\Nutrijournal_ionic\\nutrijournal\\backend\\node
_modules","C:\\Users\\angel\\Desktop\\Nutrijournal_ionic\\nutrijournal\\node_modules",
"C:\\Users\\angel\\Desktop\\Nutrijournal_ionic\\node_modules","C:\\Users\\angel\\Deskt
op\\node_modules","C:\\Users\\angel\\node_modules","C:\\Users\\node_modules","C:\\node
_modules","C:\\Users\\angel\\.node_modules","C:\\Users\\angel\\.node_libraries","C:\\P
rogram Files\\nodejs\\lib\\node"]
MODULE 8392: load "C:\\Users\\angel\\Desktop\\Nutrijournal_ionic\\nutrijournal\\backen
d\\node_modules\\@hapi\\hoek\\lib\\deepEqual.js" for module "C:\\Users\\angel\\Desktop
\\Nutrijournal_ionic\\nutrijournal\\backend\\node_modules\\@hapi\\hoek\\lib\\deepEqual
.js"
MODULE 8392: Module._load REQUEST ./types parent: C:\Users\angel\Desktop\Nutrijournal_
ionic\nutrijournal\backend\node_modules\@hapi\hoek\lib\deepEqual.js
MODULE 8392: Module._load REQUEST @sideway/pinpoint parent: C:\Users\angel\Desktop\Nut
rijournal_ionic\nutrijournal\backend\node_modules\joi\lib\trace.js
MODULE 8392: looking for "@sideway/pinpoint" in ["C:\\Users\\angel\\Desktop\\Nutrijour
nal_ionic\\nutrijournal\\backend\\node_modules\\joi\\lib\\node_modules","C:\\Users\\an
gel\\Desktop\\Nutrijournal_ionic\\nutrijournal\\backend\\node_modules\\joi\\node_modul
es","C:\\Users\\angel\\Desktop\\Nutrijournal_ionic\\nutrijournal\\backend\\node_module
s","C:\\Users\\angel\\Desktop\\Nutrijournal_ionic\\nutrijournal\\node_modules","C:\\Us
ers\\angel\\Desktop\\Nutrijournal_ionic\\node_modules","C:\\Users\\angel\\Desktop\\nod
e_modules","C:\\Users\\angel\\node_modules","C:\\Users\\node_modules","C:\\node_module
s","C:\\Users\\angel\\.node_modules","C:\\Users\\angel\\.node_libraries","C:\\Program 
Files\\nodejs\\lib\\node"]
MODULE 8392: load "C:\\Users\\angel\\Desktop\\Nutrijournal_ionic\\nutrijournal\\backen
d\\node_modules\\@sideway\\pinpoint\\lib\\index.js" for module "C:\\Users\\angel\\Desk
top\\Nutrijournal_ionic\\nutrijournal\\backend\\node_modules\\@sideway\\pinpoint\\lib\
\index.js"
MODULE 8392: Module._load REQUEST ./errors parent: C:\Users\angel\Desktop\Nutrijournal
_ionic\nutrijournal\backend\node_modules\joi\lib\trace.js
MODULE 8392: Module._load REQUEST ./types/alternatives parent: C:\Users\angel\Desktop\
Nutrijournal_ionic\nutrijournal\backend\node_modules\joi\lib\index.js
MODULE 8392: RELATIVE: requested: ./types/alternatives from parent.id C:\Users\angel\D
esktop\Nutrijournal_ionic\nutrijournal\backend\node_modules\joi\lib\index.js
MODULE 8392: looking for ["C:\\Users\\angel\\Desktop\\Nutrijournal_ionic\\nutrijournal
\\backend\\node_modules\\joi\\lib"]
MODULE 8392: load "C:\\Users\\angel\\Desktop\\Nutrijournal_ionic\\nutrijournal\\backen
d\\node_modules\\joi\\lib\\types\\alternatives.js" for module "C:\\Users\\angel\\Deskt
op\\Nutrijournal_ionic\\nutrijournal\\backend\\node_modules\\joi\\lib\\types\\alternat
ives.js"
MODULE 8392: Module._load REQUEST @hapi/hoek/lib/assert parent: C:\Users\angel\Desktop
\Nutrijournal_ionic\nutrijournal\backend\node_modules\joi\lib\types\alternatives.js
MODULE 8392: looking for "@hapi/hoek/lib/assert" in ["C:\\Users\\angel\\Desktop\\Nutri
journal_ionic\\nutrijournal\\backend\\node_modules\\joi\\lib\\types\\node_modules","C:
\\Users\\angel\\Desktop\\Nutrijournal_ionic\\nutrijournal\\backend\\node_modules\\joi\
\lib\\node_modules","C:\\Users\\angel\\Desktop\\Nutrijournal_ionic\\nutrijournal\\back
end\\node_modules\\joi\\node_modules","C:\\Users\\angel\\Desktop\\Nutrijournal_ionic\\
nutrijournal\\backend\\node_modules","C:\\Users\\angel\\Desktop\\Nutrijournal_ionic\\n
utrijournal\\node_modules","C:\\Users\\angel\\Desktop\\Nutrijournal_ionic\\node_module
s","C:\\Users\\angel\\Desktop\\node_modules","C:\\Users\\angel\\node_modules","C:\\Use
rs\\node_modules","C:\\node_modules","C:\\Users\\angel\\.node_modules","C:\\Users\\ang
el\\.node_libraries","C:\\Program Files\\nodejs\\lib\\node"]
MODULE 8392: Module._load REQUEST @hapi/hoek/lib/merge parent: C:\Users\angel\Desktop\
Nutrijournal_ionic\nutrijournal\backend\node_modules\joi\lib\types\alternatives.js
MODULE 8392: looking for "@hapi/hoek/lib/merge" in ["C:\\Users\\angel\\Desktop\\Nutrij
ournal_ionic\\nutrijournal\\backend\\node_modules\\joi\\lib\\types\\node_modules","C:\
\Users\\angel\\Desktop\\Nutrijournal_ionic\\nutrijournal\\backend\\node_modules\\joi\\
lib\\node_modules","C:\\Users\\angel\\Desktop\\Nutrijournal_ionic\\nutrijournal\\backe
nd\\node_modules\\joi\\node_modules","C:\\Users\\angel\\Desktop\\Nutrijournal_ionic\\n
utrijournal\\backend\\node_modules","C:\\Users\\angel\\Desktop\\Nutrijournal_ionic\\nu
trijournal\\node_modules","C:\\Users\\angel\\Desktop\\Nutrijournal_ionic\\node_modules
","C:\\Users\\angel\\Desktop\\node_modules","C:\\Users\\angel\\node_modules","C:\\User
s\\node_modules","C:\\node_modules","C:\\Users\\angel\\.node_modules","C:\\Users\\ange
l\\.node_libraries","C:\\Program Files\\nodejs\\lib\\node"]
MODULE 8392: load "C:\\Users\\angel\\Desktop\\Nutrijournal_ionic\\nutrijournal\\backen
d\\node_modules\\@hapi\\hoek\\lib\\merge.js" for module "C:\\Users\\angel\\Desktop\\Nu
trijournal_ionic\\nutrijournal\\backend\\node_modules\\@hapi\\hoek\\lib\\merge.js"
MODULE 8392: Module._load REQUEST ./assert parent: C:\Users\angel\Desktop\Nutrijournal
_ionic\nutrijournal\backend\node_modules\@hapi\hoek\lib\merge.js
MODULE 8392: RELATIVE: requested: ./assert from parent.id C:\Users\angel\Desktop\Nutri
journal_ionic\nutrijournal\backend\node_modules\@hapi\hoek\lib\merge.js
MODULE 8392: looking for ["C:\\Users\\angel\\Desktop\\Nutrijournal_ionic\\nutrijournal
\\backend\\node_modules\\@hapi\\hoek\\lib"]
MODULE 8392: Module._load REQUEST ./clone parent: C:\Users\angel\Desktop\Nutrijournal_
ionic\nutrijournal\backend\node_modules\@hapi\hoek\lib\merge.js
MODULE 8392: RELATIVE: requested: ./clone from parent.id C:\Users\angel\Desktop\Nutrij
ournal_ionic\nutrijournal\backend\node_modules\@hapi\hoek\lib\merge.js
MODULE 8392: looking for ["C:\\Users\\angel\\Desktop\\Nutrijournal_ionic\\nutrijournal
\\backend\\node_modules\\@hapi\\hoek\\lib"]
MODULE 8392: Module._load REQUEST ./utils parent: C:\Users\angel\Desktop\Nutrijournal_
ionic\nutrijournal\backend\node_modules\@hapi\hoek\lib\merge.js
MODULE 8392: Module._load REQUEST ./any parent: C:\Users\angel\Desktop\Nutrijournal_io
nic\nutrijournal\backend\node_modules\joi\lib\types\alternatives.js
MODULE 8392: RELATIVE: requested: ./any from parent.id C:\Users\angel\Desktop\Nutrijou
rnal_ionic\nutrijournal\backend\node_modules\joi\lib\types\alternatives.js
MODULE 8392: looking for ["C:\\Users\\angel\\Desktop\\Nutrijournal_ionic\\nutrijournal
\\backend\\node_modules\\joi\\lib\\types"]
MODULE 8392: load "C:\\Users\\angel\\Desktop\\Nutrijournal_ionic\\nutrijournal\\backen
d\\node_modules\\joi\\lib\\types\\any.js" for module "C:\\Users\\angel\\Desktop\\Nutri
journal_ionic\\nutrijournal\\backend\\node_modules\\joi\\lib\\types\\any.js"
MODULE 8392: Module._load REQUEST @hapi/hoek/lib/assert parent: C:\Users\angel\Desktop
\Nutrijournal_ionic\nutrijournal\backend\node_modules\joi\lib\types\any.js
MODULE 8392: looking for "@hapi/hoek/lib/assert" in ["C:\\Users\\angel\\Desktop\\Nutri
journal_ionic\\nutrijournal\\backend\\node_modules\\joi\\lib\\types\\node_modules","C:
\\Users\\angel\\Desktop\\Nutrijournal_ionic\\nutrijournal\\backend\\node_modules\\joi\
\lib\\node_modules","C:\\Users\\angel\\Desktop\\Nutrijournal_ionic\\nutrijournal\\back
end\\node_modules\\joi\\node_modules","C:\\Users\\angel\\Desktop\\Nutrijournal_ionic\\
nutrijournal\\backend\\node_modules","C:\\Users\\angel\\Desktop\\Nutrijournal_ionic\\n
utrijournal\\node_modules","C:\\Users\\angel\\Desktop\\Nutrijournal_ionic\\node_module
s","C:\\Users\\angel\\Desktop\\node_modules","C:\\Users\\angel\\node_modules","C:\\Use
rs\\node_modules","C:\\node_modules","C:\\Users\\angel\\.node_modules","C:\\Users\\ang
el\\.node_libraries","C:\\Program Files\\nodejs\\lib\\node"]
MODULE 8392: Module._load REQUEST ../base parent: C:\Users\angel\Desktop\Nutrijournal_
ionic\nutrijournal\backend\node_modules\joi\lib\types\any.js
MODULE 8392: RELATIVE: requested: ../base from parent.id C:\Users\angel\Desktop\Nutrij
ournal_ionic\nutrijournal\backend\node_modules\joi\lib\types\any.js
MODULE 8392: looking for ["C:\\Users\\angel\\Desktop\\Nutrijournal_ionic\\nutrijournal
\\backend\\node_modules\\joi\\lib\\types"]
MODULE 8392: load "C:\\Users\\angel\\Desktop\\Nutrijournal_ionic\\nutrijournal\\backen
d\\node_modules\\joi\\lib\\base.js" for module "C:\\Users\\angel\\Desktop\\Nutrijourna
l_ionic\\nutrijournal\\backend\\node_modules\\joi\\lib\\base.js"
MODULE 8392: Module._load REQUEST @hapi/hoek/lib/assert parent: C:\Users\angel\Desktop
\Nutrijournal_ionic\nutrijournal\backend\node_modules\joi\lib\base.js
MODULE 8392: Module._load REQUEST @hapi/hoek/lib/clone parent: C:\Users\angel\Desktop\
Nutrijournal_ionic\nutrijournal\backend\node_modules\joi\lib\base.js
MODULE 8392: Module._load REQUEST @hapi/hoek/lib/deepEqual parent: C:\Users\angel\Desk
top\Nutrijournal_ionic\nutrijournal\backend\node_modules\joi\lib\base.js
MODULE 8392: Module._load REQUEST @hapi/hoek/lib/merge parent: C:\Users\angel\Desktop\
Nutrijournal_ionic\nutrijournal\backend\node_modules\joi\lib\base.js
MODULE 8392: looking for "@hapi/hoek/lib/merge" in ["C:\\Users\\angel\\Desktop\\Nutrij
ournal_ionic\\nutrijournal\\backend\\node_modules\\joi\\lib\\node_modules","C:\\Users\
\angel\\Desktop\\Nutrijournal_ionic\\nutrijournal\\backend\\node_modules\\joi\\node_mo
dules","C:\\Users\\angel\\Desktop\\Nutrijournal_ionic\\nutrijournal\\backend\\node_mod
ules","C:\\Users\\angel\\Desktop\\Nutrijournal_ionic\\nutrijournal\\node_modules","C:\
\Users\\angel\\Desktop\\Nutrijournal_ionic\\node_modules","C:\\Users\\angel\\Desktop\\
node_modules","C:\\Users\\angel\\node_modules","C:\\Users\\node_modules","C:\\node_mod
ules","C:\\Users\\angel\\.node_modules","C:\\Users\\angel\\.node_libraries","C:\\Progr
am Files\\nodejs\\lib\\node"]
MODULE 8392: Module._load REQUEST ./cache parent: C:\Users\angel\Desktop\Nutrijournal_
ionic\nutrijournal\backend\node_modules\joi\lib\base.js
MODULE 8392: Module._load REQUEST ./common parent: C:\Users\angel\Desktop\Nutrijournal
_ionic\nutrijournal\backend\node_modules\joi\lib\base.js
MODULE 8392: Module._load REQUEST ./compile parent: C:\Users\angel\Desktop\Nutrijourna
l_ionic\nutrijournal\backend\node_modules\joi\lib\base.js
MODULE 8392: Module._load REQUEST ./errors parent: C:\Users\angel\Desktop\Nutrijournal
_ionic\nutrijournal\backend\node_modules\joi\lib\base.js
MODULE 8392: Module._load REQUEST ./extend parent: C:\Users\angel\Desktop\Nutrijournal
_ionic\nutrijournal\backend\node_modules\joi\lib\base.js
MODULE 8392: Module._load REQUEST ./manifest parent: C:\Users\angel\Desktop\Nutrijourn
al_ionic\nutrijournal\backend\node_modules\joi\lib\base.js
MODULE 8392: Module._load REQUEST ./messages parent: C:\Users\angel\Desktop\Nutrijourn
al_ionic\nutrijournal\backend\node_modules\joi\lib\base.js
MODULE 8392: Module._load REQUEST ./modify parent: C:\Users\angel\Desktop\Nutrijournal
_ionic\nutrijournal\backend\node_modules\joi\lib\base.js
MODULE 8392: RELATIVE: requested: ./modify from parent.id C:\Users\angel\Desktop\Nutri
journal_ionic\nutrijournal\backend\node_modules\joi\lib\base.js
MODULE 8392: looking for ["C:\\Users\\angel\\Desktop\\Nutrijournal_ionic\\nutrijournal
\\backend\\node_modules\\joi\\lib"]
MODULE 8392: load "C:\\Users\\angel\\Desktop\\Nutrijournal_ionic\\nutrijournal\\backen
d\\node_modules\\joi\\lib\\modify.js" for module "C:\\Users\\angel\\Desktop\\Nutrijour
nal_ionic\\nutrijournal\\backend\\node_modules\\joi\\lib\\modify.js"
MODULE 8392: Module._load REQUEST @hapi/hoek/lib/assert parent: C:\Users\angel\Desktop
\Nutrijournal_ionic\nutrijournal\backend\node_modules\joi\lib\modify.js
MODULE 8392: Module._load REQUEST ./common parent: C:\Users\angel\Desktop\Nutrijournal
_ionic\nutrijournal\backend\node_modules\joi\lib\modify.js
MODULE 8392: Module._load REQUEST ./ref parent: C:\Users\angel\Desktop\Nutrijournal_io
nic\nutrijournal\backend\node_modules\joi\lib\modify.js
MODULE 8392: Module._load REQUEST ./ref parent: C:\Users\angel\Desktop\Nutrijournal_io
nic\nutrijournal\backend\node_modules\joi\lib\base.js
MODULE 8392: Module._load REQUEST ./trace parent: C:\Users\angel\Desktop\Nutrijournal_
ionic\nutrijournal\backend\node_modules\joi\lib\base.js
MODULE 8392: Module._load REQUEST ./validator parent: C:\Users\angel\Desktop\Nutrijour
nal_ionic\nutrijournal\backend\node_modules\joi\lib\base.js
MODULE 8392: RELATIVE: requested: ./validator from parent.id C:\Users\angel\Desktop\Nu
trijournal_ionic\nutrijournal\backend\node_modules\joi\lib\base.js
MODULE 8392: looking for ["C:\\Users\\angel\\Desktop\\Nutrijournal_ionic\\nutrijournal
\\backend\\node_modules\\joi\\lib"]
MODULE 8392: load "C:\\Users\\angel\\Desktop\\Nutrijournal_ionic\\nutrijournal\\backen
d\\node_modules\\joi\\lib\\validator.js" for module "C:\\Users\\angel\\Desktop\\Nutrij
ournal_ionic\\nutrijournal\\backend\\node_modules\\joi\\lib\\validator.js"
MODULE 8392: Module._load REQUEST @hapi/hoek/lib/assert parent: C:\Users\angel\Desktop
\Nutrijournal_ionic\nutrijournal\backend\node_modules\joi\lib\validator.js
MODULE 8392: Module._load REQUEST @hapi/hoek/lib/clone parent: C:\Users\angel\Desktop\
Nutrijournal_ionic\nutrijournal\backend\node_modules\joi\lib\validator.js
MODULE 8392: Module._load REQUEST @hapi/hoek/lib/ignore parent: C:\Users\angel\Desktop
\Nutrijournal_ionic\nutrijournal\backend\node_modules\joi\lib\validator.js
MODULE 8392: looking for "@hapi/hoek/lib/ignore" in ["C:\\Users\\angel\\Desktop\\Nutri
journal_ionic\\nutrijournal\\backend\\node_modules\\joi\\lib\\node_modules","C:\\Users
\\angel\\Desktop\\Nutrijournal_ionic\\nutrijournal\\backend\\node_modules\\joi\\node_m
odules","C:\\Users\\angel\\Desktop\\Nutrijournal_ionic\\nutrijournal\\backend\\node_mo
dules","C:\\Users\\angel\\Desktop\\Nutrijournal_ionic\\nutrijournal\\node_modules","C:
\\Users\\angel\\Desktop\\Nutrijournal_ionic\\node_modules","C:\\Users\\angel\\Desktop\
\node_modules","C:\\Users\\angel\\node_modules","C:\\Users\\node_modules","C:\\node_mo
dules","C:\\Users\\angel\\.node_modules","C:\\Users\\angel\\.node_libraries","C:\\Prog
ram Files\\nodejs\\lib\\node"]
MODULE 8392: load "C:\\Users\\angel\\Desktop\\Nutrijournal_ionic\\nutrijournal\\backen
d\\node_modules\\@hapi\\hoek\\lib\\ignore.js" for module "C:\\Users\\angel\\Desktop\\N
utrijournal_ionic\\nutrijournal\\backend\\node_modules\\@hapi\\hoek\\lib\\ignore.js"
MODULE 8392: Module._load REQUEST @hapi/hoek/lib/reach parent: C:\Users\angel\Desktop\
Nutrijournal_ionic\nutrijournal\backend\node_modules\joi\lib\validator.js
MODULE 8392: looking for "@hapi/hoek/lib/reach" in ["C:\\Users\\angel\\Desktop\\Nutrij
ournal_ionic\\nutrijournal\\backend\\node_modules\\joi\\lib\\node_modules","C:\\Users\
\angel\\Desktop\\Nutrijournal_ionic\\nutrijournal\\backend\\node_modules\\joi\\node_mo
dules","C:\\Users\\angel\\Desktop\\Nutrijournal_ionic\\nutrijournal\\backend\\node_mod
ules","C:\\Users\\angel\\Desktop\\Nutrijournal_ionic\\nutrijournal\\node_modules","C:\
\Users\\angel\\Desktop\\Nutrijournal_ionic\\node_modules","C:\\Users\\angel\\Desktop\\
node_modules","C:\\Users\\angel\\node_modules","C:\\Users\\node_modules","C:\\node_mod
ules","C:\\Users\\angel\\.node_modules","C:\\Users\\angel\\.node_libraries","C:\\Progr
am Files\\nodejs\\lib\\node"]
MODULE 8392: Module._load REQUEST ./common parent: C:\Users\angel\Desktop\Nutrijournal
_ionic\nutrijournal\backend\node_modules\joi\lib\validator.js
MODULE 8392: Module._load REQUEST ./errors parent: C:\Users\angel\Desktop\Nutrijournal
_ionic\nutrijournal\backend\node_modules\joi\lib\validator.js
MODULE 8392: Module._load REQUEST ./state parent: C:\Users\angel\Desktop\Nutrijournal_
ionic\nutrijournal\backend\node_modules\joi\lib\validator.js
MODULE 8392: RELATIVE: requested: ./state from parent.id C:\Users\angel\Desktop\Nutrij
ournal_ionic\nutrijournal\backend\node_modules\joi\lib\validator.js
MODULE 8392: looking for ["C:\\Users\\angel\\Desktop\\Nutrijournal_ionic\\nutrijournal
\\backend\\node_modules\\joi\\lib"]
MODULE 8392: load "C:\\Users\\angel\\Desktop\\Nutrijournal_ionic\\nutrijournal\\backen
d\\node_modules\\joi\\lib\\state.js" for module "C:\\Users\\angel\\Desktop\\Nutrijourn
al_ionic\\nutrijournal\\backend\\node_modules\\joi\\lib\\state.js"
MODULE 8392: Module._load REQUEST @hapi/hoek/lib/clone parent: C:\Users\angel\Desktop\
Nutrijournal_ionic\nutrijournal\backend\node_modules\joi\lib\state.js
MODULE 8392: Module._load REQUEST @hapi/hoek/lib/reach parent: C:\Users\angel\Desktop\
Nutrijournal_ionic\nutrijournal\backend\node_modules\joi\lib\state.js
MODULE 8392: looking for "@hapi/hoek/lib/reach" in ["C:\\Users\\angel\\Desktop\\Nutrij
ournal_ionic\\nutrijournal\\backend\\node_modules\\joi\\lib\\node_modules","C:\\Users\
\angel\\Desktop\\Nutrijournal_ionic\\nutrijournal\\backend\\node_modules\\joi\\node_mo
dules","C:\\Users\\angel\\Desktop\\Nutrijournal_ionic\\nutrijournal\\backend\\node_mod
ules","C:\\Users\\angel\\Desktop\\Nutrijournal_ionic\\nutrijournal\\node_modules","C:\
\Users\\angel\\Desktop\\Nutrijournal_ionic\\node_modules","C:\\Users\\angel\\Desktop\\
node_modules","C:\\Users\\angel\\node_modules","C:\\Users\\node_modules","C:\\node_mod
ules","C:\\Users\\angel\\.node_modules","C:\\Users\\angel\\.node_libraries","C:\\Progr
am Files\\nodejs\\lib\\node"]
MODULE 8392: Module._load REQUEST ./common parent: C:\Users\angel\Desktop\Nutrijournal
_ionic\nutrijournal\backend\node_modules\joi\lib\state.js
MODULE 8392: Module._load REQUEST ./values parent: C:\Users\angel\Desktop\Nutrijournal
_ionic\nutrijournal\backend\node_modules\joi\lib\base.js
MODULE 8392: RELATIVE: requested: ./values from parent.id C:\Users\angel\Desktop\Nutri
journal_ionic\nutrijournal\backend\node_modules\joi\lib\base.js
MODULE 8392: looking for ["C:\\Users\\angel\\Desktop\\Nutrijournal_ionic\\nutrijournal
\\backend\\node_modules\\joi\\lib"]
MODULE 8392: load "C:\\Users\\angel\\Desktop\\Nutrijournal_ionic\\nutrijournal\\backen
d\\node_modules\\joi\\lib\\values.js" for module "C:\\Users\\angel\\Desktop\\Nutrijour
nal_ionic\\nutrijournal\\backend\\node_modules\\joi\\lib\\values.js"
MODULE 8392: Module._load REQUEST @hapi/hoek/lib/assert parent: C:\Users\angel\Desktop
\Nutrijournal_ionic\nutrijournal\backend\node_modules\joi\lib\values.js
MODULE 8392: Module._load REQUEST @hapi/hoek/lib/deepEqual parent: C:\Users\angel\Desk
top\Nutrijournal_ionic\nutrijournal\backend\node_modules\joi\lib\values.js
MODULE 8392: Module._load REQUEST ./common parent: C:\Users\angel\Desktop\Nutrijournal
_ionic\nutrijournal\backend\node_modules\joi\lib\values.js
MODULE 8392: Module._load REQUEST ../common parent: C:\Users\angel\Desktop\Nutrijourna
l_ionic\nutrijournal\backend\node_modules\joi\lib\types\any.js
MODULE 8392: RELATIVE: requested: ../common from parent.id C:\Users\angel\Desktop\Nutr
ijournal_ionic\nutrijournal\backend\node_modules\joi\lib\types\any.js
MODULE 8392: looking for ["C:\\Users\\angel\\Desktop\\Nutrijournal_ionic\\nutrijournal
\\backend\\node_modules\\joi\\lib\\types"]
MODULE 8392: Module._load REQUEST ../messages parent: C:\Users\angel\Desktop\Nutrijour
nal_ionic\nutrijournal\backend\node_modules\joi\lib\types\any.js
MODULE 8392: RELATIVE: requested: ../messages from parent.id C:\Users\angel\Desktop\Nu
trijournal_ionic\nutrijournal\backend\node_modules\joi\lib\types\any.js
MODULE 8392: looking for ["C:\\Users\\angel\\Desktop\\Nutrijournal_ionic\\nutrijournal
\\backend\\node_modules\\joi\\lib\\types"]
MODULE 8392: Module._load REQUEST ../common parent: C:\Users\angel\Desktop\Nutrijourna
l_ionic\nutrijournal\backend\node_modules\joi\lib\types\alternatives.js
MODULE 8392: RELATIVE: requested: ../common from parent.id C:\Users\angel\Desktop\Nutr
ijournal_ionic\nutrijournal\backend\node_modules\joi\lib\types\alternatives.js
MODULE 8392: looking for ["C:\\Users\\angel\\Desktop\\Nutrijournal_ionic\\nutrijournal
\\backend\\node_modules\\joi\\lib\\types"]
MODULE 8392: Module._load REQUEST ../compile parent: C:\Users\angel\Desktop\Nutrijourn
al_ionic\nutrijournal\backend\node_modules\joi\lib\types\alternatives.js
MODULE 8392: RELATIVE: requested: ../compile from parent.id C:\Users\angel\Desktop\Nut
rijournal_ionic\nutrijournal\backend\node_modules\joi\lib\types\alternatives.js
MODULE 8392: looking for ["C:\\Users\\angel\\Desktop\\Nutrijournal_ionic\\nutrijournal
\\backend\\node_modules\\joi\\lib\\types"]
MODULE 8392: Module._load REQUEST ../errors parent: C:\Users\angel\Desktop\Nutrijourna
l_ionic\nutrijournal\backend\node_modules\joi\lib\types\alternatives.js
MODULE 8392: RELATIVE: requested: ../errors from parent.id C:\Users\angel\Desktop\Nutr
ijournal_ionic\nutrijournal\backend\node_modules\joi\lib\types\alternatives.js
MODULE 8392: looking for ["C:\\Users\\angel\\Desktop\\Nutrijournal_ionic\\nutrijournal
\\backend\\node_modules\\joi\\lib\\types"]
MODULE 8392: Module._load REQUEST ../ref parent: C:\Users\angel\Desktop\Nutrijournal_i
onic\nutrijournal\backend\node_modules\joi\lib\types\alternatives.js
MODULE 8392: RELATIVE: requested: ../ref from parent.id C:\Users\angel\Desktop\Nutrijo
urnal_ionic\nutrijournal\backend\node_modules\joi\lib\types\alternatives.js
MODULE 8392: looking for ["C:\\Users\\angel\\Desktop\\Nutrijournal_ionic\\nutrijournal
\\backend\\node_modules\\joi\\lib\\types"]
MODULE 8392: Module._load REQUEST ./types/any parent: C:\Users\angel\Desktop\Nutrijour
nal_ionic\nutrijournal\backend\node_modules\joi\lib\index.js
MODULE 8392: RELATIVE: requested: ./types/any from parent.id C:\Users\angel\Desktop\Nu
trijournal_ionic\nutrijournal\backend\node_modules\joi\lib\index.js
MODULE 8392: looking for ["C:\\Users\\angel\\Desktop\\Nutrijournal_ionic\\nutrijournal
\\backend\\node_modules\\joi\\lib"]
MODULE 8392: Module._load REQUEST ./types/array parent: C:\Users\angel\Desktop\Nutrijo
urnal_ionic\nutrijournal\backend\node_modules\joi\lib\index.js
MODULE 8392: RELATIVE: requested: ./types/array from parent.id C:\Users\angel\Desktop\
Nutrijournal_ionic\nutrijournal\backend\node_modules\joi\lib\index.js
MODULE 8392: looking for ["C:\\Users\\angel\\Desktop\\Nutrijournal_ionic\\nutrijournal
\\backend\\node_modules\\joi\\lib"]
MODULE 8392: load "C:\\Users\\angel\\Desktop\\Nutrijournal_ionic\\nutrijournal\\backen
d\\node_modules\\joi\\lib\\types\\array.js" for module "C:\\Users\\angel\\Desktop\\Nut
rijournal_ionic\\nutrijournal\\backend\\node_modules\\joi\\lib\\types\\array.js"
MODULE 8392: Module._load REQUEST @hapi/hoek/lib/assert parent: C:\Users\angel\Desktop
\Nutrijournal_ionic\nutrijournal\backend\node_modules\joi\lib\types\array.js
MODULE 8392: looking for "@hapi/hoek/lib/assert" in ["C:\\Users\\angel\\Desktop\\Nutri
journal_ionic\\nutrijournal\\backend\\node_modules\\joi\\lib\\types\\node_modules","C:
\\Users\\angel\\Desktop\\Nutrijournal_ionic\\nutrijournal\\backend\\node_modules\\joi\
\lib\\node_modules","C:\\Users\\angel\\Desktop\\Nutrijournal_ionic\\nutrijournal\\back
end\\node_modules\\joi\\node_modules","C:\\Users\\angel\\Desktop\\Nutrijournal_ionic\\
nutrijournal\\backend\\node_modules","C:\\Users\\angel\\Desktop\\Nutrijournal_ionic\\n
utrijournal\\node_modules","C:\\Users\\angel\\Desktop\\Nutrijournal_ionic\\node_module
s","C:\\Users\\angel\\Desktop\\node_modules","C:\\Users\\angel\\node_modules","C:\\Use
rs\\node_modules","C:\\node_modules","C:\\Users\\angel\\.node_modules","C:\\Users\\ang
el\\.node_libraries","C:\\Program Files\\nodejs\\lib\\node"]
MODULE 8392: Module._load REQUEST @hapi/hoek/lib/deepEqual parent: C:\Users\angel\Desk
top\Nutrijournal_ionic\nutrijournal\backend\node_modules\joi\lib\types\array.js
MODULE 8392: looking for "@hapi/hoek/lib/deepEqual" in ["C:\\Users\\angel\\Desktop\\Nu
trijournal_ionic\\nutrijournal\\backend\\node_modules\\joi\\lib\\types\\node_modules",
"C:\\Users\\angel\\Desktop\\Nutrijournal_ionic\\nutrijournal\\backend\\node_modules\\j
oi\\lib\\node_modules","C:\\Users\\angel\\Desktop\\Nutrijournal_ionic\\nutrijournal\\b
ackend\\node_modules\\joi\\node_modules","C:\\Users\\angel\\Desktop\\Nutrijournal_ioni
c\\nutrijournal\\backend\\node_modules","C:\\Users\\angel\\Desktop\\Nutrijournal_ionic
\\nutrijournal\\node_modules","C:\\Users\\angel\\Desktop\\Nutrijournal_ionic\\node_mod
ules","C:\\Users\\angel\\Desktop\\node_modules","C:\\Users\\angel\\node_modules","C:\\
Users\\node_modules","C:\\node_modules","C:\\Users\\angel\\.node_modules","C:\\Users\\
angel\\.node_libraries","C:\\Program Files\\nodejs\\lib\\node"]
MODULE 8392: Module._load REQUEST @hapi/hoek/lib/reach parent: C:\Users\angel\Desktop\
Nutrijournal_ionic\nutrijournal\backend\node_modules\joi\lib\types\array.js
MODULE 8392: looking for "@hapi/hoek/lib/reach" in ["C:\\Users\\angel\\Desktop\\Nutrij
ournal_ionic\\nutrijournal\\backend\\node_modules\\joi\\lib\\types\\node_modules","C:\
\Users\\angel\\Desktop\\Nutrijournal_ionic\\nutrijournal\\backend\\node_modules\\joi\\
lib\\node_modules","C:\\Users\\angel\\Desktop\\Nutrijournal_ionic\\nutrijournal\\backe
nd\\node_modules\\joi\\node_modules","C:\\Users\\angel\\Desktop\\Nutrijournal_ionic\\n
utrijournal\\backend\\node_modules","C:\\Users\\angel\\Desktop\\Nutrijournal_ionic\\nu
trijournal\\node_modules","C:\\Users\\angel\\Desktop\\Nutrijournal_ionic\\node_modules
","C:\\Users\\angel\\Desktop\\node_modules","C:\\Users\\angel\\node_modules","C:\\User
s\\node_modules","C:\\node_modules","C:\\Users\\angel\\.node_modules","C:\\Users\\ange
l\\.node_libraries","C:\\Program Files\\nodejs\\lib\\node"]
MODULE 8392: Module._load REQUEST ./any parent: C:\Users\angel\Desktop\Nutrijournal_io
nic\nutrijournal\backend\node_modules\joi\lib\types\array.js
MODULE 8392: Module._load REQUEST ../common parent: C:\Users\angel\Desktop\Nutrijourna
l_ionic\nutrijournal\backend\node_modules\joi\lib\types\array.js
MODULE 8392: RELATIVE: requested: ../common from parent.id C:\Users\angel\Desktop\Nutr
ijournal_ionic\nutrijournal\backend\node_modules\joi\lib\types\array.js
MODULE 8392: looking for ["C:\\Users\\angel\\Desktop\\Nutrijournal_ionic\\nutrijournal
\\backend\\node_modules\\joi\\lib\\types"]
MODULE 8392: Module._load REQUEST ../compile parent: C:\Users\angel\Desktop\Nutrijourn
al_ionic\nutrijournal\backend\node_modules\joi\lib\types\array.js
MODULE 8392: RELATIVE: requested: ../compile from parent.id C:\Users\angel\Desktop\Nut
rijournal_ionic\nutrijournal\backend\node_modules\joi\lib\types\array.js
MODULE 8392: looking for ["C:\\Users\\angel\\Desktop\\Nutrijournal_ionic\\nutrijournal
\\backend\\node_modules\\joi\\lib\\types"]
MODULE 8392: Module._load REQUEST ./types/boolean parent: C:\Users\angel\Desktop\Nutri
journal_ionic\nutrijournal\backend\node_modules\joi\lib\index.js
MODULE 8392: RELATIVE: requested: ./types/boolean from parent.id C:\Users\angel\Deskto
p\Nutrijournal_ionic\nutrijournal\backend\node_modules\joi\lib\index.js
MODULE 8392: looking for ["C:\\Users\\angel\\Desktop\\Nutrijournal_ionic\\nutrijournal
\\backend\\node_modules\\joi\\lib"]
MODULE 8392: load "C:\\Users\\angel\\Desktop\\Nutrijournal_ionic\\nutrijournal\\backen
d\\node_modules\\joi\\lib\\types\\boolean.js" for module "C:\\Users\\angel\\Desktop\\N
utrijournal_ionic\\nutrijournal\\backend\\node_modules\\joi\\lib\\types\\boolean.js"
MODULE 8392: Module._load REQUEST @hapi/hoek/lib/assert parent: C:\Users\angel\Desktop
\Nutrijournal_ionic\nutrijournal\backend\node_modules\joi\lib\types\boolean.js
MODULE 8392: looking for "@hapi/hoek/lib/assert" in ["C:\\Users\\angel\\Desktop\\Nutri
journal_ionic\\nutrijournal\\backend\\node_modules\\joi\\lib\\types\\node_modules","C:
\\Users\\angel\\Desktop\\Nutrijournal_ionic\\nutrijournal\\backend\\node_modules\\joi\
\lib\\node_modules","C:\\Users\\angel\\Desktop\\Nutrijournal_ionic\\nutrijournal\\back
end\\node_modules\\joi\\node_modules","C:\\Users\\angel\\Desktop\\Nutrijournal_ionic\\
nutrijournal\\backend\\node_modules","C:\\Users\\angel\\Desktop\\Nutrijournal_ionic\\n
utrijournal\\node_modules","C:\\Users\\angel\\Desktop\\Nutrijournal_ionic\\node_module
s","C:\\Users\\angel\\Desktop\\node_modules","C:\\Users\\angel\\node_modules","C:\\Use
rs\\node_modules","C:\\node_modules","C:\\Users\\angel\\.node_modules","C:\\Users\\ang
el\\.node_libraries","C:\\Program Files\\nodejs\\lib\\node"]
MODULE 8392: Module._load REQUEST ./any parent: C:\Users\angel\Desktop\Nutrijournal_io
nic\nutrijournal\backend\node_modules\joi\lib\types\boolean.js
MODULE 8392: Module._load REQUEST ../common parent: C:\Users\angel\Desktop\Nutrijourna
l_ionic\nutrijournal\backend\node_modules\joi\lib\types\boolean.js
MODULE 8392: RELATIVE: requested: ../common from parent.id C:\Users\angel\Desktop\Nutr
ijournal_ionic\nutrijournal\backend\node_modules\joi\lib\types\boolean.js
MODULE 8392: looking for ["C:\\Users\\angel\\Desktop\\Nutrijournal_ionic\\nutrijournal
\\backend\\node_modules\\joi\\lib\\types"]
MODULE 8392: Module._load REQUEST ../values parent: C:\Users\angel\Desktop\Nutrijourna
l_ionic\nutrijournal\backend\node_modules\joi\lib\types\boolean.js
MODULE 8392: RELATIVE: requested: ../values from parent.id C:\Users\angel\Desktop\Nutr
ijournal_ionic\nutrijournal\backend\node_modules\joi\lib\types\boolean.js
MODULE 8392: looking for ["C:\\Users\\angel\\Desktop\\Nutrijournal_ionic\\nutrijournal
\\backend\\node_modules\\joi\\lib\\types"]
MODULE 8392: Module._load REQUEST ./types/date parent: C:\Users\angel\Desktop\Nutrijou
rnal_ionic\nutrijournal\backend\node_modules\joi\lib\index.js
MODULE 8392: RELATIVE: requested: ./types/date from parent.id C:\Users\angel\Desktop\N
utrijournal_ionic\nutrijournal\backend\node_modules\joi\lib\index.js
MODULE 8392: looking for ["C:\\Users\\angel\\Desktop\\Nutrijournal_ionic\\nutrijournal
\\backend\\node_modules\\joi\\lib"]
MODULE 8392: load "C:\\Users\\angel\\Desktop\\Nutrijournal_ionic\\nutrijournal\\backen
d\\node_modules\\joi\\lib\\types\\date.js" for module "C:\\Users\\angel\\Desktop\\Nutr
ijournal_ionic\\nutrijournal\\backend\\node_modules\\joi\\lib\\types\\date.js"
MODULE 8392: Module._load REQUEST @hapi/hoek/lib/assert parent: C:\Users\angel\Desktop
\Nutrijournal_ionic\nutrijournal\backend\node_modules\joi\lib\types\date.js
MODULE 8392: looking for "@hapi/hoek/lib/assert" in ["C:\\Users\\angel\\Desktop\\Nutri
journal_ionic\\nutrijournal\\backend\\node_modules\\joi\\lib\\types\\node_modules","C:
\\Users\\angel\\Desktop\\Nutrijournal_ionic\\nutrijournal\\backend\\node_modules\\joi\
\lib\\node_modules","C:\\Users\\angel\\Desktop\\Nutrijournal_ionic\\nutrijournal\\back
end\\node_modules\\joi\\node_modules","C:\\Users\\angel\\Desktop\\Nutrijournal_ionic\\
nutrijournal\\backend\\node_modules","C:\\Users\\angel\\Desktop\\Nutrijournal_ionic\\n
utrijournal\\node_modules","C:\\Users\\angel\\Desktop\\Nutrijournal_ionic\\node_module
s","C:\\Users\\angel\\Desktop\\node_modules","C:\\Users\\angel\\node_modules","C:\\Use
rs\\node_modules","C:\\node_modules","C:\\Users\\angel\\.node_modules","C:\\Users\\ang
el\\.node_libraries","C:\\Program Files\\nodejs\\lib\\node"]
MODULE 8392: Module._load REQUEST ./any parent: C:\Users\angel\Desktop\Nutrijournal_io
nic\nutrijournal\backend\node_modules\joi\lib\types\date.js
MODULE 8392: Module._load REQUEST ../common parent: C:\Users\angel\Desktop\Nutrijourna
l_ionic\nutrijournal\backend\node_modules\joi\lib\types\date.js
MODULE 8392: RELATIVE: requested: ../common from parent.id C:\Users\angel\Desktop\Nutr
ijournal_ionic\nutrijournal\backend\node_modules\joi\lib\types\date.js
MODULE 8392: looking for ["C:\\Users\\angel\\Desktop\\Nutrijournal_ionic\\nutrijournal
\\backend\\node_modules\\joi\\lib\\types"]
MODULE 8392: Module._load REQUEST ../template parent: C:\Users\angel\Desktop\Nutrijour
nal_ionic\nutrijournal\backend\node_modules\joi\lib\types\date.js
MODULE 8392: RELATIVE: requested: ../template from parent.id C:\Users\angel\Desktop\Nu
trijournal_ionic\nutrijournal\backend\node_modules\joi\lib\types\date.js
MODULE 8392: looking for ["C:\\Users\\angel\\Desktop\\Nutrijournal_ionic\\nutrijournal
\\backend\\node_modules\\joi\\lib\\types"]
MODULE 8392: Module._load REQUEST ./types/function parent: C:\Users\angel\Desktop\Nutr
ijournal_ionic\nutrijournal\backend\node_modules\joi\lib\index.js
MODULE 8392: RELATIVE: requested: ./types/function from parent.id C:\Users\angel\Deskt
op\Nutrijournal_ionic\nutrijournal\backend\node_modules\joi\lib\index.js
MODULE 8392: looking for ["C:\\Users\\angel\\Desktop\\Nutrijournal_ionic\\nutrijournal
\\backend\\node_modules\\joi\\lib"]
MODULE 8392: load "C:\\Users\\angel\\Desktop\\Nutrijournal_ionic\\nutrijournal\\backen
d\\node_modules\\joi\\lib\\types\\function.js" for module "C:\\Users\\angel\\Desktop\\
Nutrijournal_ionic\\nutrijournal\\backend\\node_modules\\joi\\lib\\types\\function.js"
MODULE 8392: Module._load REQUEST @hapi/hoek/lib/assert parent: C:\Users\angel\Desktop
\Nutrijournal_ionic\nutrijournal\backend\node_modules\joi\lib\types\function.js
MODULE 8392: looking for "@hapi/hoek/lib/assert" in ["C:\\Users\\angel\\Desktop\\Nutri
journal_ionic\\nutrijournal\\backend\\node_modules\\joi\\lib\\types\\node_modules","C:
\\Users\\angel\\Desktop\\Nutrijournal_ionic\\nutrijournal\\backend\\node_modules\\joi\
\lib\\node_modules","C:\\Users\\angel\\Desktop\\Nutrijournal_ionic\\nutrijournal\\back
end\\node_modules\\joi\\node_modules","C:\\Users\\angel\\Desktop\\Nutrijournal_ionic\\
nutrijournal\\backend\\node_modules","C:\\Users\\angel\\Desktop\\Nutrijournal_ionic\\n
utrijournal\\node_modules","C:\\Users\\angel\\Desktop\\Nutrijournal_ionic\\node_module
s","C:\\Users\\angel\\Desktop\\node_modules","C:\\Users\\angel\\node_modules","C:\\Use
rs\\node_modules","C:\\node_modules","C:\\Users\\angel\\.node_modules","C:\\Users\\ang
el\\.node_libraries","C:\\Program Files\\nodejs\\lib\\node"]
MODULE 8392: Module._load REQUEST ./keys parent: C:\Users\angel\Desktop\Nutrijournal_i
onic\nutrijournal\backend\node_modules\joi\lib\types\function.js
MODULE 8392: RELATIVE: requested: ./keys from parent.id C:\Users\angel\Desktop\Nutrijo
urnal_ionic\nutrijournal\backend\node_modules\joi\lib\types\function.js
MODULE 8392: looking for ["C:\\Users\\angel\\Desktop\\Nutrijournal_ionic\\nutrijournal
\\backend\\node_modules\\joi\\lib\\types"]
MODULE 8392: load "C:\\Users\\angel\\Desktop\\Nutrijournal_ionic\\nutrijournal\\backen
d\\node_modules\\joi\\lib\\types\\keys.js" for module "C:\\Users\\angel\\Desktop\\Nutr
ijournal_ionic\\nutrijournal\\backend\\node_modules\\joi\\lib\\types\\keys.js"
MODULE 8392: Module._load REQUEST @hapi/hoek/lib/applyToDefaults parent: C:\Users\ange
l\Desktop\Nutrijournal_ionic\nutrijournal\backend\node_modules\joi\lib\types\keys.js
MODULE 8392: looking for "@hapi/hoek/lib/applyToDefaults" in ["C:\\Users\\angel\\Deskt
op\\Nutrijournal_ionic\\nutrijournal\\backend\\node_modules\\joi\\lib\\types\\node_mod
ules","C:\\Users\\angel\\Desktop\\Nutrijournal_ionic\\nutrijournal\\backend\\node_modu
les\\joi\\lib\\node_modules","C:\\Users\\angel\\Desktop\\Nutrijournal_ionic\\nutrijour
nal\\backend\\node_modules\\joi\\node_modules","C:\\Users\\angel\\Desktop\\Nutrijourna
l_ionic\\nutrijournal\\backend\\node_modules","C:\\Users\\angel\\Desktop\\Nutrijournal
_ionic\\nutrijournal\\node_modules","C:\\Users\\angel\\Desktop\\Nutrijournal_ionic\\no
de_modules","C:\\Users\\angel\\Desktop\\node_modules","C:\\Users\\angel\\node_modules"
,"C:\\Users\\node_modules","C:\\node_modules","C:\\Users\\angel\\.node_modules","C:\\U
sers\\angel\\.node_libraries","C:\\Program Files\\nodejs\\lib\\node"]
MODULE 8392: load "C:\\Users\\angel\\Desktop\\Nutrijournal_ionic\\nutrijournal\\backen
d\\node_modules\\@hapi\\hoek\\lib\\applyToDefaults.js" for module "C:\\Users\\angel\\D
esktop\\Nutrijournal_ionic\\nutrijournal\\backend\\node_modules\\@hapi\\hoek\\lib\\app
lyToDefaults.js"
MODULE 8392: Module._load REQUEST ./assert parent: C:\Users\angel\Desktop\Nutrijournal
_ionic\nutrijournal\backend\node_modules\@hapi\hoek\lib\applyToDefaults.js
MODULE 8392: RELATIVE: requested: ./assert from parent.id C:\Users\angel\Desktop\Nutri
journal_ionic\nutrijournal\backend\node_modules\@hapi\hoek\lib\applyToDefaults.js
MODULE 8392: looking for ["C:\\Users\\angel\\Desktop\\Nutrijournal_ionic\\nutrijournal
\\backend\\node_modules\\@hapi\\hoek\\lib"]
MODULE 8392: Module._load REQUEST ./clone parent: C:\Users\angel\Desktop\Nutrijournal_
ionic\nutrijournal\backend\node_modules\@hapi\hoek\lib\applyToDefaults.js
MODULE 8392: RELATIVE: requested: ./clone from parent.id C:\Users\angel\Desktop\Nutrij
ournal_ionic\nutrijournal\backend\node_modules\@hapi\hoek\lib\applyToDefaults.js
MODULE 8392: looking for ["C:\\Users\\angel\\Desktop\\Nutrijournal_ionic\\nutrijournal
\\backend\\node_modules\\@hapi\\hoek\\lib"]
MODULE 8392: Module._load REQUEST ./merge parent: C:\Users\angel\Desktop\Nutrijournal_
ionic\nutrijournal\backend\node_modules\@hapi\hoek\lib\applyToDefaults.js
MODULE 8392: RELATIVE: requested: ./merge from parent.id C:\Users\angel\Desktop\Nutrij
ournal_ionic\nutrijournal\backend\node_modules\@hapi\hoek\lib\applyToDefaults.js
MODULE 8392: looking for ["C:\\Users\\angel\\Desktop\\Nutrijournal_ionic\\nutrijournal
\\backend\\node_modules\\@hapi\\hoek\\lib"]
MODULE 8392: Module._load REQUEST ./reach parent: C:\Users\angel\Desktop\Nutrijournal_
ionic\nutrijournal\backend\node_modules\@hapi\hoek\lib\applyToDefaults.js
MODULE 8392: Module._load REQUEST @hapi/hoek/lib/assert parent: C:\Users\angel\Desktop
\Nutrijournal_ionic\nutrijournal\backend\node_modules\joi\lib\types\keys.js
MODULE 8392: looking for "@hapi/hoek/lib/assert" in ["C:\\Users\\angel\\Desktop\\Nutri
journal_ionic\\nutrijournal\\backend\\node_modules\\joi\\lib\\types\\node_modules","C:
\\Users\\angel\\Desktop\\Nutrijournal_ionic\\nutrijournal\\backend\\node_modules\\joi\
\lib\\node_modules","C:\\Users\\angel\\Desktop\\Nutrijournal_ionic\\nutrijournal\\back
end\\node_modules\\joi\\node_modules","C:\\Users\\angel\\Desktop\\Nutrijournal_ionic\\
nutrijournal\\backend\\node_modules","C:\\Users\\angel\\Desktop\\Nutrijournal_ionic\\n
utrijournal\\node_modules","C:\\Users\\angel\\Desktop\\Nutrijournal_ionic\\node_module
s","C:\\Users\\angel\\Desktop\\node_modules","C:\\Users\\angel\\node_modules","C:\\Use
rs\\node_modules","C:\\node_modules","C:\\Users\\angel\\.node_modules","C:\\Users\\ang
el\\.node_libraries","C:\\Program Files\\nodejs\\lib\\node"]
MODULE 8392: Module._load REQUEST @hapi/hoek/lib/clone parent: C:\Users\angel\Desktop\
Nutrijournal_ionic\nutrijournal\backend\node_modules\joi\lib\types\keys.js
MODULE 8392: looking for "@hapi/hoek/lib/clone" in ["C:\\Users\\angel\\Desktop\\Nutrij
ournal_ionic\\nutrijournal\\backend\\node_modules\\joi\\lib\\types\\node_modules","C:\
\Users\\angel\\Desktop\\Nutrijournal_ionic\\nutrijournal\\backend\\node_modules\\joi\\
lib\\node_modules","C:\\Users\\angel\\Desktop\\Nutrijournal_ionic\\nutrijournal\\backe
nd\\node_modules\\joi\\node_modules","C:\\Users\\angel\\Desktop\\Nutrijournal_ionic\\n
utrijournal\\backend\\node_modules","C:\\Users\\angel\\Desktop\\Nutrijournal_ionic\\nu
trijournal\\node_modules","C:\\Users\\angel\\Desktop\\Nutrijournal_ionic\\node_modules
","C:\\Users\\angel\\Desktop\\node_modules","C:\\Users\\angel\\node_modules","C:\\User
s\\node_modules","C:\\node_modules","C:\\Users\\angel\\.node_modules","C:\\Users\\ange
l\\.node_libraries","C:\\Program Files\\nodejs\\lib\\node"]
MODULE 8392: Module._load REQUEST @hapi/topo parent: C:\Users\angel\Desktop\Nutrijourn
al_ionic\nutrijournal\backend\node_modules\joi\lib\types\keys.js
MODULE 8392: looking for "@hapi/topo" in ["C:\\Users\\angel\\Desktop\\Nutrijournal_ion
ic\\nutrijournal\\backend\\node_modules\\joi\\lib\\types\\node_modules","C:\\Users\\an
gel\\Desktop\\Nutrijournal_ionic\\nutrijournal\\backend\\node_modules\\joi\\lib\\node_
modules","C:\\Users\\angel\\Desktop\\Nutrijournal_ionic\\nutrijournal\\backend\\node_m
odules\\joi\\node_modules","C:\\Users\\angel\\Desktop\\Nutrijournal_ionic\\nutrijourna
l\\backend\\node_modules","C:\\Users\\angel\\Desktop\\Nutrijournal_ionic\\nutrijournal
\\node_modules","C:\\Users\\angel\\Desktop\\Nutrijournal_ionic\\node_modules","C:\\Use
rs\\angel\\Desktop\\node_modules","C:\\Users\\angel\\node_modules","C:\\Users\\node_mo
dules","C:\\node_modules","C:\\Users\\angel\\.node_modules","C:\\Users\\angel\\.node_l
ibraries","C:\\Program Files\\nodejs\\lib\\node"]
MODULE 8392: load "C:\\Users\\angel\\Desktop\\Nutrijournal_ionic\\nutrijournal\\backen
d\\node_modules\\@hapi\\topo\\lib\\index.js" for module "C:\\Users\\angel\\Desktop\\Nu
trijournal_ionic\\nutrijournal\\backend\\node_modules\\@hapi\\topo\\lib\\index.js"
MODULE 8392: Module._load REQUEST @hapi/hoek/lib/assert parent: C:\Users\angel\Desktop
\Nutrijournal_ionic\nutrijournal\backend\node_modules\@hapi\topo\lib\index.js
MODULE 8392: looking for "@hapi/hoek/lib/assert" in ["C:\\Users\\angel\\Desktop\\Nutri
journal_ionic\\nutrijournal\\backend\\node_modules\\@hapi\\topo\\lib\\node_modules","C
:\\Users\\angel\\Desktop\\Nutrijournal_ionic\\nutrijournal\\backend\\node_modules\\@ha
pi\\topo\\node_modules","C:\\Users\\angel\\Desktop\\Nutrijournal_ionic\\nutrijournal\\
backend\\node_modules\\@hapi\\node_modules","C:\\Users\\angel\\Desktop\\Nutrijournal_i
onic\\nutrijournal\\backend\\node_modules","C:\\Users\\angel\\Desktop\\Nutrijournal_io
nic\\nutrijournal\\node_modules","C:\\Users\\angel\\Desktop\\Nutrijournal_ionic\\node_
modules","C:\\Users\\angel\\Desktop\\node_modules","C:\\Users\\angel\\node_modules","C
:\\Users\\node_modules","C:\\node_modules","C:\\Users\\angel\\.node_modules","C:\\User
s\\angel\\.node_libraries","C:\\Program Files\\nodejs\\lib\\node"]
MODULE 8392: Module._load REQUEST ./any parent: C:\Users\angel\Desktop\Nutrijournal_io
nic\nutrijournal\backend\node_modules\joi\lib\types\keys.js
MODULE 8392: Module._load REQUEST ../common parent: C:\Users\angel\Desktop\Nutrijourna
l_ionic\nutrijournal\backend\node_modules\joi\lib\types\keys.js
MODULE 8392: RELATIVE: requested: ../common from parent.id C:\Users\angel\Desktop\Nutr
ijournal_ionic\nutrijournal\backend\node_modules\joi\lib\types\keys.js
MODULE 8392: looking for ["C:\\Users\\angel\\Desktop\\Nutrijournal_ionic\\nutrijournal
\\backend\\node_modules\\joi\\lib\\types"]
MODULE 8392: Module._load REQUEST ../compile parent: C:\Users\angel\Desktop\Nutrijourn
al_ionic\nutrijournal\backend\node_modules\joi\lib\types\keys.js
MODULE 8392: RELATIVE: requested: ../compile from parent.id C:\Users\angel\Desktop\Nut
rijournal_ionic\nutrijournal\backend\node_modules\joi\lib\types\keys.js
MODULE 8392: looking for ["C:\\Users\\angel\\Desktop\\Nutrijournal_ionic\\nutrijournal
\\backend\\node_modules\\joi\\lib\\types"]
MODULE 8392: Module._load REQUEST ../errors parent: C:\Users\angel\Desktop\Nutrijourna
l_ionic\nutrijournal\backend\node_modules\joi\lib\types\keys.js
MODULE 8392: RELATIVE: requested: ../errors from parent.id C:\Users\angel\Desktop\Nutr
ijournal_ionic\nutrijournal\backend\node_modules\joi\lib\types\keys.js
MODULE 8392: looking for ["C:\\Users\\angel\\Desktop\\Nutrijournal_ionic\\nutrijournal
\\backend\\node_modules\\joi\\lib\\types"]
MODULE 8392: Module._load REQUEST ../ref parent: C:\Users\angel\Desktop\Nutrijournal_i
onic\nutrijournal\backend\node_modules\joi\lib\types\keys.js
MODULE 8392: RELATIVE: requested: ../ref from parent.id C:\Users\angel\Desktop\Nutrijo
urnal_ionic\nutrijournal\backend\node_modules\joi\lib\types\keys.js
MODULE 8392: looking for ["C:\\Users\\angel\\Desktop\\Nutrijournal_ionic\\nutrijournal
\\backend\\node_modules\\joi\\lib\\types"]
MODULE 8392: Module._load REQUEST ../template parent: C:\Users\angel\Desktop\Nutrijour
nal_ionic\nutrijournal\backend\node_modules\joi\lib\types\keys.js
MODULE 8392: RELATIVE: requested: ../template from parent.id C:\Users\angel\Desktop\Nu
trijournal_ionic\nutrijournal\backend\node_modules\joi\lib\types\keys.js
MODULE 8392: looking for ["C:\\Users\\angel\\Desktop\\Nutrijournal_ionic\\nutrijournal
\\backend\\node_modules\\joi\\lib\\types"]
MODULE 8392: Module._load REQUEST ./types/link parent: C:\Users\angel\Desktop\Nutrijou
rnal_ionic\nutrijournal\backend\node_modules\joi\lib\index.js
MODULE 8392: RELATIVE: requested: ./types/link from parent.id C:\Users\angel\Desktop\N
utrijournal_ionic\nutrijournal\backend\node_modules\joi\lib\index.js
MODULE 8392: looking for ["C:\\Users\\angel\\Desktop\\Nutrijournal_ionic\\nutrijournal
\\backend\\node_modules\\joi\\lib"]
MODULE 8392: load "C:\\Users\\angel\\Desktop\\Nutrijournal_ionic\\nutrijournal\\backen
d\\node_modules\\joi\\lib\\types\\link.js" for module "C:\\Users\\angel\\Desktop\\Nutr
ijournal_ionic\\nutrijournal\\backend\\node_modules\\joi\\lib\\types\\link.js"
MODULE 8392: Module._load REQUEST @hapi/hoek/lib/assert parent: C:\Users\angel\Desktop
\Nutrijournal_ionic\nutrijournal\backend\node_modules\joi\lib\types\link.js
MODULE 8392: looking for "@hapi/hoek/lib/assert" in ["C:\\Users\\angel\\Desktop\\Nutri
journal_ionic\\nutrijournal\\backend\\node_modules\\joi\\lib\\types\\node_modules","C:
\\Users\\angel\\Desktop\\Nutrijournal_ionic\\nutrijournal\\backend\\node_modules\\joi\
\lib\\node_modules","C:\\Users\\angel\\Desktop\\Nutrijournal_ionic\\nutrijournal\\back
end\\node_modules\\joi\\node_modules","C:\\Users\\angel\\Desktop\\Nutrijournal_ionic\\
nutrijournal\\backend\\node_modules","C:\\Users\\angel\\Desktop\\Nutrijournal_ionic\\n
utrijournal\\node_modules","C:\\Users\\angel\\Desktop\\Nutrijournal_ionic\\node_module
s","C:\\Users\\angel\\Desktop\\node_modules","C:\\Users\\angel\\node_modules","C:\\Use
rs\\node_modules","C:\\node_modules","C:\\Users\\angel\\.node_modules","C:\\Users\\ang
el\\.node_libraries","C:\\Program Files\\nodejs\\lib\\node"]
MODULE 8392: Module._load REQUEST ./any parent: C:\Users\angel\Desktop\Nutrijournal_io
nic\nutrijournal\backend\node_modules\joi\lib\types\link.js
MODULE 8392: Module._load REQUEST ../common parent: C:\Users\angel\Desktop\Nutrijourna
l_ionic\nutrijournal\backend\node_modules\joi\lib\types\link.js
MODULE 8392: RELATIVE: requested: ../common from parent.id C:\Users\angel\Desktop\Nutr
ijournal_ionic\nutrijournal\backend\node_modules\joi\lib\types\link.js
MODULE 8392: looking for ["C:\\Users\\angel\\Desktop\\Nutrijournal_ionic\\nutrijournal
\\backend\\node_modules\\joi\\lib\\types"]
MODULE 8392: Module._load REQUEST ../compile parent: C:\Users\angel\Desktop\Nutrijourn
al_ionic\nutrijournal\backend\node_modules\joi\lib\types\link.js
MODULE 8392: RELATIVE: requested: ../compile from parent.id C:\Users\angel\Desktop\Nut
rijournal_ionic\nutrijournal\backend\node_modules\joi\lib\types\link.js
MODULE 8392: looking for ["C:\\Users\\angel\\Desktop\\Nutrijournal_ionic\\nutrijournal
\\backend\\node_modules\\joi\\lib\\types"]
MODULE 8392: Module._load REQUEST ../errors parent: C:\Users\angel\Desktop\Nutrijourna
l_ionic\nutrijournal\backend\node_modules\joi\lib\types\link.js
MODULE 8392: RELATIVE: requested: ../errors from parent.id C:\Users\angel\Desktop\Nutr
ijournal_ionic\nutrijournal\backend\node_modules\joi\lib\types\link.js
MODULE 8392: looking for ["C:\\Users\\angel\\Desktop\\Nutrijournal_ionic\\nutrijournal
\\backend\\node_modules\\joi\\lib\\types"]
MODULE 8392: Module._load REQUEST ./types/number parent: C:\Users\angel\Desktop\Nutrij
ournal_ionic\nutrijournal\backend\node_modules\joi\lib\index.js
MODULE 8392: RELATIVE: requested: ./types/number from parent.id C:\Users\angel\Desktop
\Nutrijournal_ionic\nutrijournal\backend\node_modules\joi\lib\index.js
MODULE 8392: looking for ["C:\\Users\\angel\\Desktop\\Nutrijournal_ionic\\nutrijournal
\\backend\\node_modules\\joi\\lib"]
MODULE 8392: load "C:\\Users\\angel\\Desktop\\Nutrijournal_ionic\\nutrijournal\\backen
d\\node_modules\\joi\\lib\\types\\number.js" for module "C:\\Users\\angel\\Desktop\\Nu
trijournal_ionic\\nutrijournal\\backend\\node_modules\\joi\\lib\\types\\number.js"
MODULE 8392: Module._load REQUEST @hapi/hoek/lib/assert parent: C:\Users\angel\Desktop
\Nutrijournal_ionic\nutrijournal\backend\node_modules\joi\lib\types\number.js
MODULE 8392: looking for "@hapi/hoek/lib/assert" in ["C:\\Users\\angel\\Desktop\\Nutri
journal_ionic\\nutrijournal\\backend\\node_modules\\joi\\lib\\types\\node_modules","C:
\\Users\\angel\\Desktop\\Nutrijournal_ionic\\nutrijournal\\backend\\node_modules\\joi\
\lib\\node_modules","C:\\Users\\angel\\Desktop\\Nutrijournal_ionic\\nutrijournal\\back
end\\node_modules\\joi\\node_modules","C:\\Users\\angel\\Desktop\\Nutrijournal_ionic\\
nutrijournal\\backend\\node_modules","C:\\Users\\angel\\Desktop\\Nutrijournal_ionic\\n
utrijournal\\node_modules","C:\\Users\\angel\\Desktop\\Nutrijournal_ionic\\node_module
s","C:\\Users\\angel\\Desktop\\node_modules","C:\\Users\\angel\\node_modules","C:\\Use
rs\\node_modules","C:\\node_modules","C:\\Users\\angel\\.node_modules","C:\\Users\\ang
el\\.node_libraries","C:\\Program Files\\nodejs\\lib\\node"]
MODULE 8392: Module._load REQUEST ./any parent: C:\Users\angel\Desktop\Nutrijournal_io
nic\nutrijournal\backend\node_modules\joi\lib\types\number.js
MODULE 8392: Module._load REQUEST ../common parent: C:\Users\angel\Desktop\Nutrijourna
l_ionic\nutrijournal\backend\node_modules\joi\lib\types\number.js
MODULE 8392: RELATIVE: requested: ../common from parent.id C:\Users\angel\Desktop\Nutr
ijournal_ionic\nutrijournal\backend\node_modules\joi\lib\types\number.js
MODULE 8392: looking for ["C:\\Users\\angel\\Desktop\\Nutrijournal_ionic\\nutrijournal
\\backend\\node_modules\\joi\\lib\\types"]
MODULE 8392: Module._load REQUEST ./types/object parent: C:\Users\angel\Desktop\Nutrij
ournal_ionic\nutrijournal\backend\node_modules\joi\lib\index.js
MODULE 8392: RELATIVE: requested: ./types/object from parent.id C:\Users\angel\Desktop
\Nutrijournal_ionic\nutrijournal\backend\node_modules\joi\lib\index.js
MODULE 8392: looking for ["C:\\Users\\angel\\Desktop\\Nutrijournal_ionic\\nutrijournal
\\backend\\node_modules\\joi\\lib"]
MODULE 8392: load "C:\\Users\\angel\\Desktop\\Nutrijournal_ionic\\nutrijournal\\backen
d\\node_modules\\joi\\lib\\types\\object.js" for module "C:\\Users\\angel\\Desktop\\Nu
trijournal_ionic\\nutrijournal\\backend\\node_modules\\joi\\lib\\types\\object.js"
MODULE 8392: Module._load REQUEST ./keys parent: C:\Users\angel\Desktop\Nutrijournal_i
onic\nutrijournal\backend\node_modules\joi\lib\types\object.js
MODULE 8392: Module._load REQUEST ./types/string parent: C:\Users\angel\Desktop\Nutrij
ournal_ionic\nutrijournal\backend\node_modules\joi\lib\index.js
MODULE 8392: RELATIVE: requested: ./types/string from parent.id C:\Users\angel\Desktop
\Nutrijournal_ionic\nutrijournal\backend\node_modules\joi\lib\index.js
MODULE 8392: looking for ["C:\\Users\\angel\\Desktop\\Nutrijournal_ionic\\nutrijournal
\\backend\\node_modules\\joi\\lib"]
MODULE 8392: load "C:\\Users\\angel\\Desktop\\Nutrijournal_ionic\\nutrijournal\\backen
d\\node_modules\\joi\\lib\\types\\string.js" for module "C:\\Users\\angel\\Desktop\\Nu
trijournal_ionic\\nutrijournal\\backend\\node_modules\\joi\\lib\\types\\string.js"
MODULE 8392: Module._load REQUEST @hapi/hoek/lib/assert parent: C:\Users\angel\Desktop
\Nutrijournal_ionic\nutrijournal\backend\node_modules\joi\lib\types\string.js
MODULE 8392: looking for "@hapi/hoek/lib/assert" in ["C:\\Users\\angel\\Desktop\\Nutri
journal_ionic\\nutrijournal\\backend\\node_modules\\joi\\lib\\types\\node_modules","C:
\\Users\\angel\\Desktop\\Nutrijournal_ionic\\nutrijournal\\backend\\node_modules\\joi\
\lib\\node_modules","C:\\Users\\angel\\Desktop\\Nutrijournal_ionic\\nutrijournal\\back
end\\node_modules\\joi\\node_modules","C:\\Users\\angel\\Desktop\\Nutrijournal_ionic\\
nutrijournal\\backend\\node_modules","C:\\Users\\angel\\Desktop\\Nutrijournal_ionic\\n
utrijournal\\node_modules","C:\\Users\\angel\\Desktop\\Nutrijournal_ionic\\node_module
s","C:\\Users\\angel\\Desktop\\node_modules","C:\\Users\\angel\\node_modules","C:\\Use
rs\\node_modules","C:\\node_modules","C:\\Users\\angel\\.node_modules","C:\\Users\\ang
el\\.node_libraries","C:\\Program Files\\nodejs\\lib\\node"]
MODULE 8392: Module._load REQUEST @sideway/address/lib/domain parent: C:\Users\angel\D
esktop\Nutrijournal_ionic\nutrijournal\backend\node_modules\joi\lib\types\string.js
MODULE 8392: looking for "@sideway/address/lib/domain" in ["C:\\Users\\angel\\Desktop\
\Nutrijournal_ionic\\nutrijournal\\backend\\node_modules\\joi\\lib\\types\\node_module
s","C:\\Users\\angel\\Desktop\\Nutrijournal_ionic\\nutrijournal\\backend\\node_modules
\\joi\\lib\\node_modules","C:\\Users\\angel\\Desktop\\Nutrijournal_ionic\\nutrijournal
\\backend\\node_modules\\joi\\node_modules","C:\\Users\\angel\\Desktop\\Nutrijournal_i
onic\\nutrijournal\\backend\\node_modules","C:\\Users\\angel\\Desktop\\Nutrijournal_io
nic\\nutrijournal\\node_modules","C:\\Users\\angel\\Desktop\\Nutrijournal_ionic\\node_
modules","C:\\Users\\angel\\Desktop\\node_modules","C:\\Users\\angel\\node_modules","C
:\\Users\\node_modules","C:\\node_modules","C:\\Users\\angel\\.node_modules","C:\\User
s\\angel\\.node_libraries","C:\\Program Files\\nodejs\\lib\\node"]
MODULE 8392: load "C:\\Users\\angel\\Desktop\\Nutrijournal_ionic\\nutrijournal\\backen
d\\node_modules\\@sideway\\address\\lib\\domain.js" for module "C:\\Users\\angel\\Desk
top\\Nutrijournal_ionic\\nutrijournal\\backend\\node_modules\\@sideway\\address\\lib\\
domain.js"
MODULE 8392: Module._load REQUEST url parent: C:\Users\angel\Desktop\Nutrijournal_ioni
c\nutrijournal\backend\node_modules\@sideway\address\lib\domain.js
MODULE 8392: load built-in module url
MODULE 8392: Module._load REQUEST ./errors parent: C:\Users\angel\Desktop\Nutrijournal
_ionic\nutrijournal\backend\node_modules\@sideway\address\lib\domain.js
MODULE 8392: RELATIVE: requested: ./errors from parent.id C:\Users\angel\Desktop\Nutri
journal_ionic\nutrijournal\backend\node_modules\@sideway\address\lib\domain.js
MODULE 8392: looking for ["C:\\Users\\angel\\Desktop\\Nutrijournal_ionic\\nutrijournal
\\backend\\node_modules\\@sideway\\address\\lib"]
MODULE 8392: load "C:\\Users\\angel\\Desktop\\Nutrijournal_ionic\\nutrijournal\\backen
d\\node_modules\\@sideway\\address\\lib\\errors.js" for module "C:\\Users\\angel\\Desk
top\\Nutrijournal_ionic\\nutrijournal\\backend\\node_modules\\@sideway\\address\\lib\\
errors.js"
MODULE 8392: Module._load REQUEST @sideway/address/lib/email parent: C:\Users\angel\De
sktop\Nutrijournal_ionic\nutrijournal\backend\node_modules\joi\lib\types\string.js
MODULE 8392: looking for "@sideway/address/lib/email" in ["C:\\Users\\angel\\Desktop\\
Nutrijournal_ionic\\nutrijournal\\backend\\node_modules\\joi\\lib\\types\\node_modules
","C:\\Users\\angel\\Desktop\\Nutrijournal_ionic\\nutrijournal\\backend\\node_modules\
\joi\\lib\\node_modules","C:\\Users\\angel\\Desktop\\Nutrijournal_ionic\\nutrijournal\
\backend\\node_modules\\joi\\node_modules","C:\\Users\\angel\\Desktop\\Nutrijournal_io
nic\\nutrijournal\\backend\\node_modules","C:\\Users\\angel\\Desktop\\Nutrijournal_ion
ic\\nutrijournal\\node_modules","C:\\Users\\angel\\Desktop\\Nutrijournal_ionic\\node_m
odules","C:\\Users\\angel\\Desktop\\node_modules","C:\\Users\\angel\\node_modules","C:
\\Users\\node_modules","C:\\node_modules","C:\\Users\\angel\\.node_modules","C:\\Users
\\angel\\.node_libraries","C:\\Program Files\\nodejs\\lib\\node"]
MODULE 8392: load "C:\\Users\\angel\\Desktop\\Nutrijournal_ionic\\nutrijournal\\backen
d\\node_modules\\@sideway\\address\\lib\\email.js" for module "C:\\Users\\angel\\Deskt
op\\Nutrijournal_ionic\\nutrijournal\\backend\\node_modules\\@sideway\\address\\lib\\e
mail.js"
MODULE 8392: Module._load REQUEST util parent: C:\Users\angel\Desktop\Nutrijournal_ion
ic\nutrijournal\backend\node_modules\@sideway\address\lib\email.js
MODULE 8392: load built-in module util
MODULE 8392: Module._load REQUEST ./domain parent: C:\Users\angel\Desktop\Nutrijournal
_ionic\nutrijournal\backend\node_modules\@sideway\address\lib\email.js
MODULE 8392: RELATIVE: requested: ./domain from parent.id C:\Users\angel\Desktop\Nutri
journal_ionic\nutrijournal\backend\node_modules\@sideway\address\lib\email.js
MODULE 8392: looking for ["C:\\Users\\angel\\Desktop\\Nutrijournal_ionic\\nutrijournal
\\backend\\node_modules\\@sideway\\address\\lib"]
MODULE 8392: Module._load REQUEST ./errors parent: C:\Users\angel\Desktop\Nutrijournal
_ionic\nutrijournal\backend\node_modules\@sideway\address\lib\email.js
MODULE 8392: Module._load REQUEST @sideway/address/lib/ip parent: C:\Users\angel\Deskt
op\Nutrijournal_ionic\nutrijournal\backend\node_modules\joi\lib\types\string.js
MODULE 8392: looking for "@sideway/address/lib/ip" in ["C:\\Users\\angel\\Desktop\\Nut
rijournal_ionic\\nutrijournal\\backend\\node_modules\\joi\\lib\\types\\node_modules","
C:\\Users\\angel\\Desktop\\Nutrijournal_ionic\\nutrijournal\\backend\\node_modules\\jo
i\\lib\\node_modules","C:\\Users\\angel\\Desktop\\Nutrijournal_ionic\\nutrijournal\\ba
ckend\\node_modules\\joi\\node_modules","C:\\Users\\angel\\Desktop\\Nutrijournal_ionic
\\nutrijournal\\backend\\node_modules","C:\\Users\\angel\\Desktop\\Nutrijournal_ionic\
\nutrijournal\\node_modules","C:\\Users\\angel\\Desktop\\Nutrijournal_ionic\\node_modu
les","C:\\Users\\angel\\Desktop\\node_modules","C:\\Users\\angel\\node_modules","C:\\U
sers\\node_modules","C:\\node_modules","C:\\Users\\angel\\.node_modules","C:\\Users\\a
ngel\\.node_libraries","C:\\Program Files\\nodejs\\lib\\node"]
MODULE 8392: load "C:\\Users\\angel\\Desktop\\Nutrijournal_ionic\\nutrijournal\\backen
d\\node_modules\\@sideway\\address\\lib\\ip.js" for module "C:\\Users\\angel\\Desktop\
\Nutrijournal_ionic\\nutrijournal\\backend\\node_modules\\@sideway\\address\\lib\\ip.j
s"
MODULE 8392: Module._load REQUEST @hapi/hoek/lib/assert parent: C:\Users\angel\Desktop
\Nutrijournal_ionic\nutrijournal\backend\node_modules\@sideway\address\lib\ip.js
MODULE 8392: looking for "@hapi/hoek/lib/assert" in ["C:\\Users\\angel\\Desktop\\Nutri
journal_ionic\\nutrijournal\\backend\\node_modules\\@sideway\\address\\lib\\node_modul
es","C:\\Users\\angel\\Desktop\\Nutrijournal_ionic\\nutrijournal\\backend\\node_module
s\\@sideway\\address\\node_modules","C:\\Users\\angel\\Desktop\\Nutrijournal_ionic\\nu
trijournal\\backend\\node_modules\\@sideway\\node_modules","C:\\Users\\angel\\Desktop\
\Nutrijournal_ionic\\nutrijournal\\backend\\node_modules","C:\\Users\\angel\\Desktop\\
Nutrijournal_ionic\\nutrijournal\\node_modules","C:\\Users\\angel\\Desktop\\Nutrijourn
al_ionic\\node_modules","C:\\Users\\angel\\Desktop\\node_modules","C:\\Users\\angel\\n
ode_modules","C:\\Users\\node_modules","C:\\node_modules","C:\\Users\\angel\\.node_mod
ules","C:\\Users\\angel\\.node_libraries","C:\\Program Files\\nodejs\\lib\\node"]
MODULE 8392: Module._load REQUEST ./uri parent: C:\Users\angel\Desktop\Nutrijournal_io
nic\nutrijournal\backend\node_modules\@sideway\address\lib\ip.js
MODULE 8392: RELATIVE: requested: ./uri from parent.id C:\Users\angel\Desktop\Nutrijou
rnal_ionic\nutrijournal\backend\node_modules\@sideway\address\lib\ip.js
MODULE 8392: looking for ["C:\\Users\\angel\\Desktop\\Nutrijournal_ionic\\nutrijournal
\\backend\\node_modules\\@sideway\\address\\lib"]
MODULE 8392: load "C:\\Users\\angel\\Desktop\\Nutrijournal_ionic\\nutrijournal\\backen
d\\node_modules\\@sideway\\address\\lib\\uri.js" for module "C:\\Users\\angel\\Desktop
\\Nutrijournal_ionic\\nutrijournal\\backend\\node_modules\\@sideway\\address\\lib\\uri
.js"
MODULE 8392: Module._load REQUEST @hapi/hoek/lib/assert parent: C:\Users\angel\Desktop
\Nutrijournal_ionic\nutrijournal\backend\node_modules\@sideway\address\lib\uri.js
MODULE 8392: looking for "@hapi/hoek/lib/assert" in ["C:\\Users\\angel\\Desktop\\Nutri
journal_ionic\\nutrijournal\\backend\\node_modules\\@sideway\\address\\lib\\node_modul
es","C:\\Users\\angel\\Desktop\\Nutrijournal_ionic\\nutrijournal\\backend\\node_module
s\\@sideway\\address\\node_modules","C:\\Users\\angel\\Desktop\\Nutrijournal_ionic\\nu
trijournal\\backend\\node_modules\\@sideway\\node_modules","C:\\Users\\angel\\Desktop\
\Nutrijournal_ionic\\nutrijournal\\backend\\node_modules","C:\\Users\\angel\\Desktop\\
Nutrijournal_ionic\\nutrijournal\\node_modules","C:\\Users\\angel\\Desktop\\Nutrijourn
al_ionic\\node_modules","C:\\Users\\angel\\Desktop\\node_modules","C:\\Users\\angel\\n
ode_modules","C:\\Users\\node_modules","C:\\node_modules","C:\\Users\\angel\\.node_mod
ules","C:\\Users\\angel\\.node_libraries","C:\\Program Files\\nodejs\\lib\\node"]
MODULE 8392: Module._load REQUEST @hapi/hoek/lib/escapeRegex parent: C:\Users\angel\De
sktop\Nutrijournal_ionic\nutrijournal\backend\node_modules\@sideway\address\lib\uri.js
MODULE 8392: looking for "@hapi/hoek/lib/escapeRegex" in ["C:\\Users\\angel\\Desktop\\
Nutrijournal_ionic\\nutrijournal\\backend\\node_modules\\@sideway\\address\\lib\\node_
modules","C:\\Users\\angel\\Desktop\\Nutrijournal_ionic\\nutrijournal\\backend\\node_m
odules\\@sideway\\address\\node_modules","C:\\Users\\angel\\Desktop\\Nutrijournal_ioni
c\\nutrijournal\\backend\\node_modules\\@sideway\\node_modules","C:\\Users\\angel\\Des
ktop\\Nutrijournal_ionic\\nutrijournal\\backend\\node_modules","C:\\Users\\angel\\Desk
top\\Nutrijournal_ionic\\nutrijournal\\node_modules","C:\\Users\\angel\\Desktop\\Nutri
journal_ionic\\node_modules","C:\\Users\\angel\\Desktop\\node_modules","C:\\Users\\ang
el\\node_modules","C:\\Users\\node_modules","C:\\node_modules","C:\\Users\\angel\\.nod
e_modules","C:\\Users\\angel\\.node_libraries","C:\\Program Files\\nodejs\\lib\\node"]
MODULE 8392: load "C:\\Users\\angel\\Desktop\\Nutrijournal_ionic\\nutrijournal\\backen
d\\node_modules\\@hapi\\hoek\\lib\\escapeRegex.js" for module "C:\\Users\\angel\\Deskt
op\\Nutrijournal_ionic\\nutrijournal\\backend\\node_modules\\@hapi\\hoek\\lib\\escapeR
egex.js"
MODULE 8392: Module._load REQUEST @hapi/hoek/lib/escapeRegex parent: C:\Users\angel\De
sktop\Nutrijournal_ionic\nutrijournal\backend\node_modules\joi\lib\types\string.js
MODULE 8392: looking for "@hapi/hoek/lib/escapeRegex" in ["C:\\Users\\angel\\Desktop\\
Nutrijournal_ionic\\nutrijournal\\backend\\node_modules\\joi\\lib\\types\\node_modules
","C:\\Users\\angel\\Desktop\\Nutrijournal_ionic\\nutrijournal\\backend\\node_modules\
\joi\\lib\\node_modules","C:\\Users\\angel\\Desktop\\Nutrijournal_ionic\\nutrijournal\
\backend\\node_modules\\joi\\node_modules","C:\\Users\\angel\\Desktop\\Nutrijournal_io
nic\\nutrijournal\\backend\\node_modules","C:\\Users\\angel\\Desktop\\Nutrijournal_ion
ic\\nutrijournal\\node_modules","C:\\Users\\angel\\Desktop\\Nutrijournal_ionic\\node_m
odules","C:\\Users\\angel\\Desktop\\node_modules","C:\\Users\\angel\\node_modules","C:
\\Users\\node_modules","C:\\node_modules","C:\\Users\\angel\\.node_modules","C:\\Users
\\angel\\.node_libraries","C:\\Program Files\\nodejs\\lib\\node"]
MODULE 8392: Module._load REQUEST @sideway/address/lib/tlds parent: C:\Users\angel\Des
ktop\Nutrijournal_ionic\nutrijournal\backend\node_modules\joi\lib\types\string.js
MODULE 8392: looking for "@sideway/address/lib/tlds" in ["C:\\Users\\angel\\Desktop\\N
utrijournal_ionic\\nutrijournal\\backend\\node_modules\\joi\\lib\\types\\node_modules"
,"C:\\Users\\angel\\Desktop\\Nutrijournal_ionic\\nutrijournal\\backend\\node_modules\\
joi\\lib\\node_modules","C:\\Users\\angel\\Desktop\\Nutrijournal_ionic\\nutrijournal\\
backend\\node_modules\\joi\\node_modules","C:\\Users\\angel\\Desktop\\Nutrijournal_ion
ic\\nutrijournal\\backend\\node_modules","C:\\Users\\angel\\Desktop\\Nutrijournal_ioni
c\\nutrijournal\\node_modules","C:\\Users\\angel\\Desktop\\Nutrijournal_ionic\\node_mo
dules","C:\\Users\\angel\\Desktop\\node_modules","C:\\Users\\angel\\node_modules","C:\
\Users\\node_modules","C:\\node_modules","C:\\Users\\angel\\.node_modules","C:\\Users\
\angel\\.node_libraries","C:\\Program Files\\nodejs\\lib\\node"]
MODULE 8392: load "C:\\Users\\angel\\Desktop\\Nutrijournal_ionic\\nutrijournal\\backen
d\\node_modules\\@sideway\\address\\lib\\tlds.js" for module "C:\\Users\\angel\\Deskto
p\\Nutrijournal_ionic\\nutrijournal\\backend\\node_modules\\@sideway\\address\\lib\\tl
ds.js"
MODULE 8392: Module._load REQUEST @sideway/address/lib/uri parent: C:\Users\angel\Desk
top\Nutrijournal_ionic\nutrijournal\backend\node_modules\joi\lib\types\string.js
MODULE 8392: looking for "@sideway/address/lib/uri" in ["C:\\Users\\angel\\Desktop\\Nu
trijournal_ionic\\nutrijournal\\backend\\node_modules\\joi\\lib\\types\\node_modules",
"C:\\Users\\angel\\Desktop\\Nutrijournal_ionic\\nutrijournal\\backend\\node_modules\\j
oi\\lib\\node_modules","C:\\Users\\angel\\Desktop\\Nutrijournal_ionic\\nutrijournal\\b
ackend\\node_modules\\joi\\node_modules","C:\\Users\\angel\\Desktop\\Nutrijournal_ioni
c\\nutrijournal\\backend\\node_modules","C:\\Users\\angel\\Desktop\\Nutrijournal_ionic
\\nutrijournal\\node_modules","C:\\Users\\angel\\Desktop\\Nutrijournal_ionic\\node_mod
ules","C:\\Users\\angel\\Desktop\\node_modules","C:\\Users\\angel\\node_modules","C:\\
Users\\node_modules","C:\\node_modules","C:\\Users\\angel\\.node_modules","C:\\Users\\
angel\\.node_libraries","C:\\Program Files\\nodejs\\lib\\node"]
MODULE 8392: Module._load REQUEST ./any parent: C:\Users\angel\Desktop\Nutrijournal_io
nic\nutrijournal\backend\node_modules\joi\lib\types\string.js
MODULE 8392: Module._load REQUEST ../common parent: C:\Users\angel\Desktop\Nutrijourna
l_ionic\nutrijournal\backend\node_modules\joi\lib\types\string.js
MODULE 8392: RELATIVE: requested: ../common from parent.id C:\Users\angel\Desktop\Nutr
ijournal_ionic\nutrijournal\backend\node_modules\joi\lib\types\string.js
MODULE 8392: looking for ["C:\\Users\\angel\\Desktop\\Nutrijournal_ionic\\nutrijournal
\\backend\\node_modules\\joi\\lib\\types"]
MODULE 8392: Module._load REQUEST ./types/symbol parent: C:\Users\angel\Desktop\Nutrij
ournal_ionic\nutrijournal\backend\node_modules\joi\lib\index.js
MODULE 8392: RELATIVE: requested: ./types/symbol from parent.id C:\Users\angel\Desktop
\Nutrijournal_ionic\nutrijournal\backend\node_modules\joi\lib\index.js
MODULE 8392: looking for ["C:\\Users\\angel\\Desktop\\Nutrijournal_ionic\\nutrijournal
\\backend\\node_modules\\joi\\lib"]
MODULE 8392: load "C:\\Users\\angel\\Desktop\\Nutrijournal_ionic\\nutrijournal\\backen
d\\node_modules\\joi\\lib\\types\\symbol.js" for module "C:\\Users\\angel\\Desktop\\Nu
trijournal_ionic\\nutrijournal\\backend\\node_modules\\joi\\lib\\types\\symbol.js"
MODULE 8392: Module._load REQUEST @hapi/hoek/lib/assert parent: C:\Users\angel\Desktop
\Nutrijournal_ionic\nutrijournal\backend\node_modules\joi\lib\types\symbol.js
MODULE 8392: looking for "@hapi/hoek/lib/assert" in ["C:\\Users\\angel\\Desktop\\Nutri
journal_ionic\\nutrijournal\\backend\\node_modules\\joi\\lib\\types\\node_modules","C:
\\Users\\angel\\Desktop\\Nutrijournal_ionic\\nutrijournal\\backend\\node_modules\\joi\
\lib\\node_modules","C:\\Users\\angel\\Desktop\\Nutrijournal_ionic\\nutrijournal\\back
end\\node_modules\\joi\\node_modules","C:\\Users\\angel\\Desktop\\Nutrijournal_ionic\\
nutrijournal\\backend\\node_modules","C:\\Users\\angel\\Desktop\\Nutrijournal_ionic\\n
utrijournal\\node_modules","C:\\Users\\angel\\Desktop\\Nutrijournal_ionic\\node_module
s","C:\\Users\\angel\\Desktop\\node_modules","C:\\Users\\angel\\node_modules","C:\\Use
rs\\node_modules","C:\\node_modules","C:\\Users\\angel\\.node_modules","C:\\Users\\ang
el\\.node_libraries","C:\\Program Files\\nodejs\\lib\\node"]
MODULE 8392: Module._load REQUEST ./any parent: C:\Users\angel\Desktop\Nutrijournal_io
nic\nutrijournal\backend\node_modules\joi\lib\types\symbol.js
MODULE 8392: Module._load REQUEST ./types/binary parent: C:\Users\angel\Desktop\Nutrij
ournal_ionic\nutrijournal\backend\node_modules\joi\lib\index.js
MODULE 8392: RELATIVE: requested: ./types/binary from parent.id C:\Users\angel\Desktop
\Nutrijournal_ionic\nutrijournal\backend\node_modules\joi\lib\index.js
MODULE 8392: looking for ["C:\\Users\\angel\\Desktop\\Nutrijournal_ionic\\nutrijournal
\\backend\\node_modules\\joi\\lib"]
MODULE 8392: load "C:\\Users\\angel\\Desktop\\Nutrijournal_ionic\\nutrijournal\\backen
d\\node_modules\\joi\\lib\\types\\binary.js" for module "C:\\Users\\angel\\Desktop\\Nu
trijournal_ionic\\nutrijournal\\backend\\node_modules\\joi\\lib\\types\\binary.js"
MODULE 8392: Module._load REQUEST @hapi/hoek/lib/assert parent: C:\Users\angel\Desktop
\Nutrijournal_ionic\nutrijournal\backend\node_modules\joi\lib\types\binary.js
MODULE 8392: looking for "@hapi/hoek/lib/assert" in ["C:\\Users\\angel\\Desktop\\Nutri
journal_ionic\\nutrijournal\\backend\\node_modules\\joi\\lib\\types\\node_modules","C:
\\Users\\angel\\Desktop\\Nutrijournal_ionic\\nutrijournal\\backend\\node_modules\\joi\
\lib\\node_modules","C:\\Users\\angel\\Desktop\\Nutrijournal_ionic\\nutrijournal\\back
end\\node_modules\\joi\\node_modules","C:\\Users\\angel\\Desktop\\Nutrijournal_ionic\\
nutrijournal\\backend\\node_modules","C:\\Users\\angel\\Desktop\\Nutrijournal_ionic\\n
utrijournal\\node_modules","C:\\Users\\angel\\Desktop\\Nutrijournal_ionic\\node_module
s","C:\\Users\\angel\\Desktop\\node_modules","C:\\Users\\angel\\node_modules","C:\\Use
rs\\node_modules","C:\\node_modules","C:\\Users\\angel\\.node_modules","C:\\Users\\ang
el\\.node_libraries","C:\\Program Files\\nodejs\\lib\\node"]
MODULE 8392: Module._load REQUEST ./any parent: C:\Users\angel\Desktop\Nutrijournal_io
nic\nutrijournal\backend\node_modules\joi\lib\types\binary.js
MODULE 8392: Module._load REQUEST ../common parent: C:\Users\angel\Desktop\Nutrijourna
l_ionic\nutrijournal\backend\node_modules\joi\lib\types\binary.js
MODULE 8392: RELATIVE: requested: ../common from parent.id C:\Users\angel\Desktop\Nutr
ijournal_ionic\nutrijournal\backend\node_modules\joi\lib\types\binary.js
MODULE 8392: looking for ["C:\\Users\\angel\\Desktop\\Nutrijournal_ionic\\nutrijournal
\\backend\\node_modules\\joi\\lib\\types"]
MODULE 8392: Module._load REQUEST ./template parent: C:\Users\angel\Desktop\Nutrijourn
al_ionic\nutrijournal\backend\node_modules\joi\lib\ref.js
MODULE 8392: Module._load REQUEST ./schemas parent: C:\Users\angel\Desktop\Nutrijourna
l_ionic\nutrijournal\backend\node_modules\joi\lib\common.js
MODULE 8392: RELATIVE: requested: ./schemas from parent.id C:\Users\angel\Desktop\Nutr
ijournal_ionic\nutrijournal\backend\node_modules\joi\lib\common.js
MODULE 8392: looking for ["C:\\Users\\angel\\Desktop\\Nutrijournal_ionic\\nutrijournal
\\backend\\node_modules\\joi\\lib"]
MODULE 8392: load "C:\\Users\\angel\\Desktop\\Nutrijournal_ionic\\nutrijournal\\backen
d\\node_modules\\joi\\lib\\schemas.js" for module "C:\\Users\\angel\\Desktop\\Nutrijou
rnal_ionic\\nutrijournal\\backend\\node_modules\\joi\\lib\\schemas.js"
MODULE 8392: Module._load REQUEST ./index parent: C:\Users\angel\Desktop\Nutrijournal_
ionic\nutrijournal\backend\node_modules\joi\lib\schemas.js
MODULE 8392: RELATIVE: requested: ./index from parent.id C:\Users\angel\Desktop\Nutrij
ournal_ionic\nutrijournal\backend\node_modules\joi\lib\schemas.js
MODULE 8392: looking for ["C:\\Users\\angel\\Desktop\\Nutrijournal_ionic\\nutrijournal
\\backend\\node_modules\\joi\\lib"]
MODULE 8392: Module._load REQUEST ./messages parent: C:\Users\angel\Desktop\Nutrijourn
al_ionic\nutrijournal\backend\node_modules\joi\lib\common.js
MODULE 8392: Module._load REQUEST ../utils/validation parent: 
C:\Users\angel\Desktop\Nutrijournal_ionic\nutrijournal\backend\src\routes\auth.js
MODULE 8392: Module._load REQUEST ../middleware/securityMiddleware parent: 
C:\Users\angel\Desktop\Nutrijournal_ionic\nutrijournal\backend\src\routes\auth.js
MODULE 8392: RELATIVE: requested: ../middleware/securityMiddleware from parent.id 
C:\Users\angel\Desktop\Nutrijournal_ionic\nutrijournal\backend\src\routes\auth.js
MODULE 8392: looking for 
["C:\\Users\\angel\\Desktop\\Nutrijournal_ionic\\nutrijournal\\backend\\src\\routes"]
MODULE 8392: Module._load REQUEST ./routes/users parent: .
MODULE 8392: RELATIVE: requested: ./routes/users from parent.id .
MODULE 8392: looking for 
["C:\\Users\\angel\\Desktop\\Nutrijournal_ionic\\nutrijournal\\backend\\src"]
MODULE 8392: load "C:\\Users\\angel\\Desktop\\Nutrijournal_ionic\\nutrijournal\\backen
d\\src\\routes\\users.js" for module "C:\\Users\\angel\\Desktop\\Nutrijournal_ionic\\n
utrijournal\\backend\\src\\routes\\users.js"
MODULE 8392: Module._load REQUEST express parent: 
C:\Users\angel\Desktop\Nutrijournal_ionic\nutrijournal\backend\src\routes\users.js
MODULE 8392: looking for "express" in ["C:\\Users\\angel\\Desktop\\Nutrijournal_ionic\
\nutrijournal\\backend\\src\\routes\\node_modules","C:\\Users\\angel\\Desktop\\Nutrijo
urnal_ionic\\nutrijournal\\backend\\src\\node_modules","C:\\Users\\angel\\Desktop\\Nut
rijournal_ionic\\nutrijournal\\backend\\node_modules","C:\\Users\\angel\\Desktop\\Nutr
ijournal_ionic\\nutrijournal\\node_modules","C:\\Users\\angel\\Desktop\\Nutrijournal_i
onic\\node_modules","C:\\Users\\angel\\Desktop\\node_modules","C:\\Users\\angel\\node_
modules","C:\\Users\\node_modules","C:\\node_modules","C:\\Users\\angel\\.node_modules
","C:\\Users\\angel\\.node_libraries","C:\\Program Files\\nodejs\\lib\\node"]
MODULE 8392: Module._load REQUEST ../controllers/userController parent: 
C:\Users\angel\Desktop\Nutrijournal_ionic\nutrijournal\backend\src\routes\users.js
MODULE 8392: RELATIVE: requested: ../controllers/userController from parent.id 
C:\Users\angel\Desktop\Nutrijournal_ionic\nutrijournal\backend\src\routes\users.js
MODULE 8392: looking for 
["C:\\Users\\angel\\Desktop\\Nutrijournal_ionic\\nutrijournal\\backend\\src\\routes"]
MODULE 8392: load "C:\\Users\\angel\\Desktop\\Nutrijournal_ionic\\nutrijournal\\backen
d\\src\\controllers\\userController.js" for module "C:\\Users\\angel\\Desktop\\Nutrijo
urnal_ionic\\nutrijournal\\backend\\src\\controllers\\userController.js"
MODULE 8392: Module._load REQUEST ../models/User parent: C:\Users\angel\Desktop\Nutrij
ournal_ionic\nutrijournal\backend\src\controllers\userController.js
MODULE 8392: RELATIVE: requested: ../models/User from parent.id C:\Users\angel\Desktop
\Nutrijournal_ionic\nutrijournal\backend\src\controllers\userController.js
MODULE 8392: looking for ["C:\\Users\\angel\\Desktop\\Nutrijournal_ionic\\nutrijournal
\\backend\\src\\controllers"]
MODULE 8392: Module._load REQUEST ../models/NutritionGoal parent: C:\Users\angel\Deskt
op\Nutrijournal_ionic\nutrijournal\backend\src\controllers\userController.js
MODULE 8392: RELATIVE: requested: ../models/NutritionGoal from parent.id C:\Users\ange
l\Desktop\Nutrijournal_ionic\nutrijournal\backend\src\controllers\userController.js
MODULE 8392: looking for ["C:\\Users\\angel\\Desktop\\Nutrijournal_ionic\\nutrijournal
\\backend\\src\\controllers"]
MODULE 8392: load "C:\\Users\\angel\\Desktop\\Nutrijournal_ionic\\nutrijournal\\backen
d\\src\\models\\NutritionGoal.js" for module "C:\\Users\\angel\\Desktop\\Nutrijournal_
ionic\\nutrijournal\\backend\\src\\models\\NutritionGoal.js"
MODULE 8392: Module._load REQUEST ../config/database parent: C:\Users\angel\Desktop\Nu
trijournal_ionic\nutrijournal\backend\src\models\NutritionGoal.js
MODULE 8392: RELATIVE: requested: ../config/database from parent.id C:\Users\angel\Des
ktop\Nutrijournal_ionic\nutrijournal\backend\src\models\NutritionGoal.js
MODULE 8392: looking for 
["C:\\Users\\angel\\Desktop\\Nutrijournal_ionic\\nutrijournal\\backend\\src\\models"]
MODULE 8392: Module._load REQUEST ./User parent: C:\Users\angel\Desktop\Nutrijournal_i
onic\nutrijournal\backend\src\models\NutritionGoal.js
MODULE 8392: RELATIVE: requested: ./User from parent.id C:\Users\angel\Desktop\Nutrijo
urnal_ionic\nutrijournal\backend\src\models\NutritionGoal.js
MODULE 8392: looking for 
["C:\\Users\\angel\\Desktop\\Nutrijournal_ionic\\nutrijournal\\backend\\src\\models"]
MODULE 8392: Module._load REQUEST ../middleware/errorHandler parent: C:\Users\angel\De
sktop\Nutrijournal_ionic\nutrijournal\backend\src\controllers\userController.js
MODULE 8392: RELATIVE: requested: ../middleware/errorHandler from parent.id C:\Users\a
ngel\Desktop\Nutrijournal_ionic\nutrijournal\backend\src\controllers\userController.js
MODULE 8392: looking for ["C:\\Users\\angel\\Desktop\\Nutrijournal_ionic\\nutrijournal
\\backend\\src\\controllers"]
MODULE 8392: Module._load REQUEST ../middleware/logging parent: C:\Users\angel\Desktop
\Nutrijournal_ionic\nutrijournal\backend\src\controllers\userController.js
MODULE 8392: RELATIVE: requested: ../middleware/logging from parent.id C:\Users\angel\
Desktop\Nutrijournal_ionic\nutrijournal\backend\src\controllers\userController.js
MODULE 8392: looking for ["C:\\Users\\angel\\Desktop\\Nutrijournal_ionic\\nutrijournal
\\backend\\src\\controllers"]
MODULE 8392: Module._load REQUEST ../middleware/auth parent: 
C:\Users\angel\Desktop\Nutrijournal_ionic\nutrijournal\backend\src\routes\users.js
MODULE 8392: RELATIVE: requested: ../middleware/auth from parent.id 
C:\Users\angel\Desktop\Nutrijournal_ionic\nutrijournal\backend\src\routes\users.js
MODULE 8392: looking for 
["C:\\Users\\angel\\Desktop\\Nutrijournal_ionic\\nutrijournal\\backend\\src\\routes"]
MODULE 8392: Module._load REQUEST ../utils/validation parent: 
C:\Users\angel\Desktop\Nutrijournal_ionic\nutrijournal\backend\src\routes\users.js
MODULE 8392: Module._load REQUEST ../middleware/securityMiddleware parent: 
C:\Users\angel\Desktop\Nutrijournal_ionic\nutrijournal\backend\src\routes\users.js
MODULE 8392: RELATIVE: requested: ../middleware/securityMiddleware from parent.id 
C:\Users\angel\Desktop\Nutrijournal_ionic\nutrijournal\backend\src\routes\users.js
MODULE 8392: looking for 
["C:\\Users\\angel\\Desktop\\Nutrijournal_ionic\\nutrijournal\\backend\\src\\routes"]
MODULE 8392: Module._load REQUEST multer parent: 
C:\Users\angel\Desktop\Nutrijournal_ionic\nutrijournal\backend\src\routes\users.js
MODULE 8392: looking for "multer" in ["C:\\Users\\angel\\Desktop\\Nutrijournal_ionic\\
nutrijournal\\backend\\src\\routes\\node_modules","C:\\Users\\angel\\Desktop\\Nutrijou
rnal_ionic\\nutrijournal\\backend\\src\\node_modules","C:\\Users\\angel\\Desktop\\Nutr
ijournal_ionic\\nutrijournal\\backend\\node_modules","C:\\Users\\angel\\Desktop\\Nutri
journal_ionic\\nutrijournal\\node_modules","C:\\Users\\angel\\Desktop\\Nutrijournal_io
nic\\node_modules","C:\\Users\\angel\\Desktop\\node_modules","C:\\Users\\angel\\node_m
odules","C:\\Users\\node_modules","C:\\node_modules","C:\\Users\\angel\\.node_modules"
,"C:\\Users\\angel\\.node_libraries","C:\\Program Files\\nodejs\\lib\\node"]
MODULE 8392: load "C:\\Users\\angel\\Desktop\\Nutrijournal_ionic\\nutrijournal\\backen
d\\node_modules\\multer\\index.js" for module "C:\\Users\\angel\\Desktop\\Nutrijournal
_ionic\\nutrijournal\\backend\\node_modules\\multer\\index.js"
MODULE 8392: Module._load REQUEST ./lib/make-middleware parent: C:\Users\angel\Desktop
\Nutrijournal_ionic\nutrijournal\backend\node_modules\multer\index.js
MODULE 8392: RELATIVE: requested: ./lib/make-middleware from parent.id C:\Users\angel\
Desktop\Nutrijournal_ionic\nutrijournal\backend\node_modules\multer\index.js
MODULE 8392: looking for ["C:\\Users\\angel\\Desktop\\Nutrijournal_ionic\\nutrijournal
\\backend\\node_modules\\multer"]
MODULE 8392: load "C:\\Users\\angel\\Desktop\\Nutrijournal_ionic\\nutrijournal\\backen
d\\node_modules\\multer\\lib\\make-middleware.js" for module "C:\\Users\\angel\\Deskto
p\\Nutrijournal_ionic\\nutrijournal\\backend\\node_modules\\multer\\lib\\make-middlewa
re.js"
MODULE 8392: Module._load REQUEST type-is parent: C:\Users\angel\Desktop\Nutrijournal_
ionic\nutrijournal\backend\node_modules\multer\lib\make-middleware.js
MODULE 8392: looking for "type-is" in ["C:\\Users\\angel\\Desktop\\Nutrijournal_ionic\
\nutrijournal\\backend\\node_modules\\multer\\lib\\node_modules","C:\\Users\\angel\\De
sktop\\Nutrijournal_ionic\\nutrijournal\\backend\\node_modules\\multer\\node_modules",
"C:\\Users\\angel\\Desktop\\Nutrijournal_ionic\\nutrijournal\\backend\\node_modules","
C:\\Users\\angel\\Desktop\\Nutrijournal_ionic\\nutrijournal\\node_modules","C:\\Users\
\angel\\Desktop\\Nutrijournal_ionic\\node_modules","C:\\Users\\angel\\Desktop\\node_mo
dules","C:\\Users\\angel\\node_modules","C:\\Users\\node_modules","C:\\node_modules","
C:\\Users\\angel\\.node_modules","C:\\Users\\angel\\.node_libraries","C:\\Program 
Files\\nodejs\\lib\\node"]
MODULE 8392: Module._load REQUEST busboy parent: C:\Users\angel\Desktop\Nutrijournal_i
onic\nutrijournal\backend\node_modules\multer\lib\make-middleware.js
MODULE 8392: looking for "busboy" in ["C:\\Users\\angel\\Desktop\\Nutrijournal_ionic\\
nutrijournal\\backend\\node_modules\\multer\\lib\\node_modules","C:\\Users\\angel\\Des
ktop\\Nutrijournal_ionic\\nutrijournal\\backend\\node_modules\\multer\\node_modules","
C:\\Users\\angel\\Desktop\\Nutrijournal_ionic\\nutrijournal\\backend\\node_modules","C
:\\Users\\angel\\Desktop\\Nutrijournal_ionic\\nutrijournal\\node_modules","C:\\Users\\
angel\\Desktop\\Nutrijournal_ionic\\node_modules","C:\\Users\\angel\\Desktop\\node_mod
ules","C:\\Users\\angel\\node_modules","C:\\Users\\node_modules","C:\\node_modules","C
:\\Users\\angel\\.node_modules","C:\\Users\\angel\\.node_libraries","C:\\Program 
Files\\nodejs\\lib\\node"]
MODULE 8392: load "C:\\Users\\angel\\Desktop\\Nutrijournal_ionic\\nutrijournal\\backen
d\\node_modules\\busboy\\lib\\index.js" for module "C:\\Users\\angel\\Desktop\\Nutrijo
urnal_ionic\\nutrijournal\\backend\\node_modules\\busboy\\lib\\index.js"
MODULE 8392: Module._load REQUEST ./utils.js parent: C:\Users\angel\Desktop\Nutrijourn
al_ionic\nutrijournal\backend\node_modules\busboy\lib\index.js
MODULE 8392: RELATIVE: requested: ./utils.js from parent.id C:\Users\angel\Desktop\Nut
rijournal_ionic\nutrijournal\backend\node_modules\busboy\lib\index.js
MODULE 8392: looking for ["C:\\Users\\angel\\Desktop\\Nutrijournal_ionic\\nutrijournal
\\backend\\node_modules\\busboy\\lib"]
MODULE 8392: load "C:\\Users\\angel\\Desktop\\Nutrijournal_ionic\\nutrijournal\\backen
d\\node_modules\\busboy\\lib\\utils.js" for module "C:\\Users\\angel\\Desktop\\Nutrijo
urnal_ionic\\nutrijournal\\backend\\node_modules\\busboy\\lib\\utils.js"
MODULE 8392: Module._load REQUEST ./types/multipart parent: C:\Users\angel\Desktop\Nut
rijournal_ionic\nutrijournal\backend\node_modules\busboy\lib\index.js
MODULE 8392: RELATIVE: requested: ./types/multipart from parent.id C:\Users\angel\Desk
top\Nutrijournal_ionic\nutrijournal\backend\node_modules\busboy\lib\index.js
MODULE 8392: looking for ["C:\\Users\\angel\\Desktop\\Nutrijournal_ionic\\nutrijournal
\\backend\\node_modules\\busboy\\lib"]
MODULE 8392: load "C:\\Users\\angel\\Desktop\\Nutrijournal_ionic\\nutrijournal\\backen
d\\node_modules\\busboy\\lib\\types\\multipart.js" for module "C:\\Users\\angel\\Deskt
op\\Nutrijournal_ionic\\nutrijournal\\backend\\node_modules\\busboy\\lib\\types\\multi
part.js"
MODULE 8392: Module._load REQUEST stream parent: C:\Users\angel\Desktop\Nutrijournal_i
onic\nutrijournal\backend\node_modules\busboy\lib\types\multipart.js
MODULE 8392: load built-in module stream
MODULE 8392: Module._load REQUEST streamsearch parent: C:\Users\angel\Desktop\Nutrijou
rnal_ionic\nutrijournal\backend\node_modules\busboy\lib\types\multipart.js
MODULE 8392: looking for "streamsearch" in ["C:\\Users\\angel\\Desktop\\Nutrijournal_i
onic\\nutrijournal\\backend\\node_modules\\busboy\\lib\\types\\node_modules","C:\\User
s\\angel\\Desktop\\Nutrijournal_ionic\\nutrijournal\\backend\\node_modules\\busboy\\li
b\\node_modules","C:\\Users\\angel\\Desktop\\Nutrijournal_ionic\\nutrijournal\\backend
\\node_modules\\busboy\\node_modules","C:\\Users\\angel\\Desktop\\Nutrijournal_ionic\\
nutrijournal\\backend\\node_modules","C:\\Users\\angel\\Desktop\\Nutrijournal_ionic\\n
utrijournal\\node_modules","C:\\Users\\angel\\Desktop\\Nutrijournal_ionic\\node_module
s","C:\\Users\\angel\\Desktop\\node_modules","C:\\Users\\angel\\node_modules","C:\\Use
rs\\node_modules","C:\\node_modules","C:\\Users\\angel\\.node_modules","C:\\Users\\ang
el\\.node_libraries","C:\\Program Files\\nodejs\\lib\\node"]
MODULE 8392: load "C:\\Users\\angel\\Desktop\\Nutrijournal_ionic\\nutrijournal\\backen
d\\node_modules\\streamsearch\\lib\\sbmh.js" for module "C:\\Users\\angel\\Desktop\\Nu
trijournal_ionic\\nutrijournal\\backend\\node_modules\\streamsearch\\lib\\sbmh.js"
MODULE 8392: Module._load REQUEST ../utils.js parent: C:\Users\angel\Desktop\Nutrijour
nal_ionic\nutrijournal\backend\node_modules\busboy\lib\types\multipart.js
MODULE 8392: RELATIVE: requested: ../utils.js from parent.id C:\Users\angel\Desktop\Nu
trijournal_ionic\nutrijournal\backend\node_modules\busboy\lib\types\multipart.js
MODULE 8392: looking for ["C:\\Users\\angel\\Desktop\\Nutrijournal_ionic\\nutrijournal
\\backend\\node_modules\\busboy\\lib\\types"]
MODULE 8392: Module._load REQUEST ./types/urlencoded parent: C:\Users\angel\Desktop\Nu
trijournal_ionic\nutrijournal\backend\node_modules\busboy\lib\index.js
MODULE 8392: RELATIVE: requested: ./types/urlencoded from parent.id C:\Users\angel\Des
ktop\Nutrijournal_ionic\nutrijournal\backend\node_modules\busboy\lib\index.js
MODULE 8392: looking for ["C:\\Users\\angel\\Desktop\\Nutrijournal_ionic\\nutrijournal
\\backend\\node_modules\\busboy\\lib"]
MODULE 8392: load "C:\\Users\\angel\\Desktop\\Nutrijournal_ionic\\nutrijournal\\backen
d\\node_modules\\busboy\\lib\\types\\urlencoded.js" for module "C:\\Users\\angel\\Desk
top\\Nutrijournal_ionic\\nutrijournal\\backend\\node_modules\\busboy\\lib\\types\\urle
ncoded.js"
MODULE 8392: Module._load REQUEST stream parent: C:\Users\angel\Desktop\Nutrijournal_i
onic\nutrijournal\backend\node_modules\busboy\lib\types\urlencoded.js
MODULE 8392: load built-in module stream
MODULE 8392: Module._load REQUEST ../utils.js parent: C:\Users\angel\Desktop\Nutrijour
nal_ionic\nutrijournal\backend\node_modules\busboy\lib\types\urlencoded.js
MODULE 8392: RELATIVE: requested: ../utils.js from parent.id C:\Users\angel\Desktop\Nu
trijournal_ionic\nutrijournal\backend\node_modules\busboy\lib\types\urlencoded.js
MODULE 8392: looking for ["C:\\Users\\angel\\Desktop\\Nutrijournal_ionic\\nutrijournal
\\backend\\node_modules\\busboy\\lib\\types"]
MODULE 8392: Module._load REQUEST xtend parent: C:\Users\angel\Desktop\Nutrijournal_io
nic\nutrijournal\backend\node_modules\multer\lib\make-middleware.js
MODULE 8392: looking for "xtend" in ["C:\\Users\\angel\\Desktop\\Nutrijournal_ionic\\n
utrijournal\\backend\\node_modules\\multer\\lib\\node_modules","C:\\Users\\angel\\Desk
top\\Nutrijournal_ionic\\nutrijournal\\backend\\node_modules\\multer\\node_modules","C
:\\Users\\angel\\Desktop\\Nutrijournal_ionic\\nutrijournal\\backend\\node_modules","C:
\\Users\\angel\\Desktop\\Nutrijournal_ionic\\nutrijournal\\node_modules","C:\\Users\\a
ngel\\Desktop\\Nutrijournal_ionic\\node_modules","C:\\Users\\angel\\Desktop\\node_modu
les","C:\\Users\\angel\\node_modules","C:\\Users\\node_modules","C:\\node_modules","C:
\\Users\\angel\\.node_modules","C:\\Users\\angel\\.node_libraries","C:\\Program 
Files\\nodejs\\lib\\node"]
MODULE 8392: load "C:\\Users\\angel\\Desktop\\Nutrijournal_ionic\\nutrijournal\\backen
d\\node_modules\\xtend\\immutable.js" for module "C:\\Users\\angel\\Desktop\\Nutrijour
nal_ionic\\nutrijournal\\backend\\node_modules\\xtend\\immutable.js"
MODULE 8392: Module._load REQUEST append-field parent: C:\Users\angel\Desktop\Nutrijou
rnal_ionic\nutrijournal\backend\node_modules\multer\lib\make-middleware.js
MODULE 8392: looking for "append-field" in ["C:\\Users\\angel\\Desktop\\Nutrijournal_i
onic\\nutrijournal\\backend\\node_modules\\multer\\lib\\node_modules","C:\\Users\\ange
l\\Desktop\\Nutrijournal_ionic\\nutrijournal\\backend\\node_modules\\multer\\node_modu
les","C:\\Users\\angel\\Desktop\\Nutrijournal_ionic\\nutrijournal\\backend\\node_modul
es","C:\\Users\\angel\\Desktop\\Nutrijournal_ionic\\nutrijournal\\node_modules","C:\\U
sers\\angel\\Desktop\\Nutrijournal_ionic\\node_modules","C:\\Users\\angel\\Desktop\\no
de_modules","C:\\Users\\angel\\node_modules","C:\\Users\\node_modules","C:\\node_modul
es","C:\\Users\\angel\\.node_modules","C:\\Users\\angel\\.node_libraries","C:\\Program
 Files\\nodejs\\lib\\node"]
MODULE 8392: load "C:\\Users\\angel\\Desktop\\Nutrijournal_ionic\\nutrijournal\\backen
d\\node_modules\\append-field\\index.js" for module "C:\\Users\\angel\\Desktop\\Nutrij
ournal_ionic\\nutrijournal\\backend\\node_modules\\append-field\\index.js"
MODULE 8392: Module._load REQUEST ./lib/parse-path parent: C:\Users\angel\Desktop\Nutr
ijournal_ionic\nutrijournal\backend\node_modules\append-field\index.js
MODULE 8392: RELATIVE: requested: ./lib/parse-path from parent.id C:\Users\angel\Deskt
op\Nutrijournal_ionic\nutrijournal\backend\node_modules\append-field\index.js
MODULE 8392: looking for ["C:\\Users\\angel\\Desktop\\Nutrijournal_ionic\\nutrijournal
\\backend\\node_modules\\append-field"]
MODULE 8392: load "C:\\Users\\angel\\Desktop\\Nutrijournal_ionic\\nutrijournal\\backen
d\\node_modules\\append-field\\lib\\parse-path.js" for module "C:\\Users\\angel\\Deskt
op\\Nutrijournal_ionic\\nutrijournal\\backend\\node_modules\\append-field\\lib\\parse-
path.js"
MODULE 8392: Module._load REQUEST ./lib/set-value parent: C:\Users\angel\Desktop\Nutri
journal_ionic\nutrijournal\backend\node_modules\append-field\index.js
MODULE 8392: RELATIVE: requested: ./lib/set-value from parent.id C:\Users\angel\Deskto
p\Nutrijournal_ionic\nutrijournal\backend\node_modules\append-field\index.js
MODULE 8392: looking for ["C:\\Users\\angel\\Desktop\\Nutrijournal_ionic\\nutrijournal
\\backend\\node_modules\\append-field"]
MODULE 8392: load "C:\\Users\\angel\\Desktop\\Nutrijournal_ionic\\nutrijournal\\backen
d\\node_modules\\append-field\\lib\\set-value.js" for module "C:\\Users\\angel\\Deskto
p\\Nutrijournal_ionic\\nutrijournal\\backend\\node_modules\\append-field\\lib\\set-val
ue.js"
MODULE 8392: Module._load REQUEST ./counter parent: C:\Users\angel\Desktop\Nutrijourna
l_ionic\nutrijournal\backend\node_modules\multer\lib\make-middleware.js
MODULE 8392: RELATIVE: requested: ./counter from parent.id C:\Users\angel\Desktop\Nutr
ijournal_ionic\nutrijournal\backend\node_modules\multer\lib\make-middleware.js
MODULE 8392: looking for ["C:\\Users\\angel\\Desktop\\Nutrijournal_ionic\\nutrijournal
\\backend\\node_modules\\multer\\lib"]
MODULE 8392: load "C:\\Users\\angel\\Desktop\\Nutrijournal_ionic\\nutrijournal\\backen
d\\node_modules\\multer\\lib\\counter.js" for module "C:\\Users\\angel\\Desktop\\Nutri
journal_ionic\\nutrijournal\\backend\\node_modules\\multer\\lib\\counter.js"
MODULE 8392: Module._load REQUEST events parent: C:\Users\angel\Desktop\Nutrijournal_i
onic\nutrijournal\backend\node_modules\multer\lib\counter.js
MODULE 8392: load built-in module events
MODULE 8392: Module._load REQUEST ./multer-error parent: C:\Users\angel\Desktop\Nutrij
ournal_ionic\nutrijournal\backend\node_modules\multer\lib\make-middleware.js
MODULE 8392: RELATIVE: requested: ./multer-error from parent.id C:\Users\angel\Desktop
\Nutrijournal_ionic\nutrijournal\backend\node_modules\multer\lib\make-middleware.js
MODULE 8392: looking for ["C:\\Users\\angel\\Desktop\\Nutrijournal_ionic\\nutrijournal
\\backend\\node_modules\\multer\\lib"]
MODULE 8392: load "C:\\Users\\angel\\Desktop\\Nutrijournal_ionic\\nutrijournal\\backen
d\\node_modules\\multer\\lib\\multer-error.js" for module "C:\\Users\\angel\\Desktop\\
Nutrijournal_ionic\\nutrijournal\\backend\\node_modules\\multer\\lib\\multer-error.js"
MODULE 8392: Module._load REQUEST util parent: C:\Users\angel\Desktop\Nutrijournal_ion
ic\nutrijournal\backend\node_modules\multer\lib\multer-error.js
MODULE 8392: load built-in module util
MODULE 8392: Module._load REQUEST ./file-appender parent: C:\Users\angel\Desktop\Nutri
journal_ionic\nutrijournal\backend\node_modules\multer\lib\make-middleware.js
MODULE 8392: RELATIVE: requested: ./file-appender from parent.id C:\Users\angel\Deskto
p\Nutrijournal_ionic\nutrijournal\backend\node_modules\multer\lib\make-middleware.js
MODULE 8392: looking for ["C:\\Users\\angel\\Desktop\\Nutrijournal_ionic\\nutrijournal
\\backend\\node_modules\\multer\\lib"]
MODULE 8392: load "C:\\Users\\angel\\Desktop\\Nutrijournal_ionic\\nutrijournal\\backen
d\\node_modules\\multer\\lib\\file-appender.js" for module "C:\\Users\\angel\\Desktop\
\Nutrijournal_ionic\\nutrijournal\\backend\\node_modules\\multer\\lib\\file-appender.j
s"
MODULE 8392: Module._load REQUEST object-assign parent: C:\Users\angel\Desktop\Nutrijo
urnal_ionic\nutrijournal\backend\node_modules\multer\lib\file-appender.js
MODULE 8392: looking for "object-assign" in ["C:\\Users\\angel\\Desktop\\Nutrijournal_
ionic\\nutrijournal\\backend\\node_modules\\multer\\lib\\node_modules","C:\\Users\\ang
el\\Desktop\\Nutrijournal_ionic\\nutrijournal\\backend\\node_modules\\multer\\node_mod
ules","C:\\Users\\angel\\Desktop\\Nutrijournal_ionic\\nutrijournal\\backend\\node_modu
les","C:\\Users\\angel\\Desktop\\Nutrijournal_ionic\\nutrijournal\\node_modules","C:\\
Users\\angel\\Desktop\\Nutrijournal_ionic\\node_modules","C:\\Users\\angel\\Desktop\\n
ode_modules","C:\\Users\\angel\\node_modules","C:\\Users\\node_modules","C:\\node_modu
les","C:\\Users\\angel\\.node_modules","C:\\Users\\angel\\.node_libraries","C:\\Progra
m Files\\nodejs\\lib\\node"]
MODULE 8392: Module._load REQUEST ./remove-uploaded-files parent: C:\Users\angel\Deskt
op\Nutrijournal_ionic\nutrijournal\backend\node_modules\multer\lib\make-middleware.js
MODULE 8392: RELATIVE: requested: ./remove-uploaded-files from parent.id C:\Users\ange
l\Desktop\Nutrijournal_ionic\nutrijournal\backend\node_modules\multer\lib\make-middlew
are.js
MODULE 8392: looking for ["C:\\Users\\angel\\Desktop\\Nutrijournal_ionic\\nutrijournal
\\backend\\node_modules\\multer\\lib"]
MODULE 8392: load "C:\\Users\\angel\\Desktop\\Nutrijournal_ionic\\nutrijournal\\backen
d\\node_modules\\multer\\lib\\remove-uploaded-files.js" for module "C:\\Users\\angel\\
Desktop\\Nutrijournal_ionic\\nutrijournal\\backend\\node_modules\\multer\\lib\\remove-
uploaded-files.js"
MODULE 8392: Module._load REQUEST ./storage/disk parent: C:\Users\angel\Desktop\Nutrij
ournal_ionic\nutrijournal\backend\node_modules\multer\index.js
MODULE 8392: RELATIVE: requested: ./storage/disk from parent.id C:\Users\angel\Desktop
\Nutrijournal_ionic\nutrijournal\backend\node_modules\multer\index.js
MODULE 8392: looking for ["C:\\Users\\angel\\Desktop\\Nutrijournal_ionic\\nutrijournal
\\backend\\node_modules\\multer"]
MODULE 8392: load "C:\\Users\\angel\\Desktop\\Nutrijournal_ionic\\nutrijournal\\backen
d\\node_modules\\multer\\storage\\disk.js" for module "C:\\Users\\angel\\Desktop\\Nutr
ijournal_ionic\\nutrijournal\\backend\\node_modules\\multer\\storage\\disk.js"
MODULE 8392: Module._load REQUEST fs parent: C:\Users\angel\Desktop\Nutrijournal_ionic
\nutrijournal\backend\node_modules\multer\storage\disk.js
MODULE 8392: load built-in module fs
MODULE 8392: Module._load REQUEST os parent: C:\Users\angel\Desktop\Nutrijournal_ionic
\nutrijournal\backend\node_modules\multer\storage\disk.js
MODULE 8392: load built-in module os
MODULE 8392: Module._load REQUEST path parent: C:\Users\angel\Desktop\Nutrijournal_ion
ic\nutrijournal\backend\node_modules\multer\storage\disk.js
MODULE 8392: load built-in module path
MODULE 8392: Module._load REQUEST crypto parent: C:\Users\angel\Desktop\Nutrijournal_i
onic\nutrijournal\backend\node_modules\multer\storage\disk.js
MODULE 8392: load built-in module crypto
MODULE 8392: Module._load REQUEST mkdirp parent: C:\Users\angel\Desktop\Nutrijournal_i
onic\nutrijournal\backend\node_modules\multer\storage\disk.js
MODULE 8392: looking for "mkdirp" in ["C:\\Users\\angel\\Desktop\\Nutrijournal_ionic\\
nutrijournal\\backend\\node_modules\\multer\\storage\\node_modules","C:\\Users\\angel\
\Desktop\\Nutrijournal_ionic\\nutrijournal\\backend\\node_modules\\multer\\node_module
s","C:\\Users\\angel\\Desktop\\Nutrijournal_ionic\\nutrijournal\\backend\\node_modules
","C:\\Users\\angel\\Desktop\\Nutrijournal_ionic\\nutrijournal\\node_modules","C:\\Use
rs\\angel\\Desktop\\Nutrijournal_ionic\\node_modules","C:\\Users\\angel\\Desktop\\node
_modules","C:\\Users\\angel\\node_modules","C:\\Users\\node_modules","C:\\node_modules
","C:\\Users\\angel\\.node_modules","C:\\Users\\angel\\.node_libraries","C:\\Program 
Files\\nodejs\\lib\\node"]
MODULE 8392: load "C:\\Users\\angel\\Desktop\\Nutrijournal_ionic\\nutrijournal\\backen
d\\node_modules\\mkdirp\\index.js" for module "C:\\Users\\angel\\Desktop\\Nutrijournal
_ionic\\nutrijournal\\backend\\node_modules\\mkdirp\\index.js"
MODULE 8392: Module._load REQUEST path parent: C:\Users\angel\Desktop\Nutrijournal_ion
ic\nutrijournal\backend\node_modules\mkdirp\index.js
MODULE 8392: load built-in module path
MODULE 8392: Module._load REQUEST fs parent: C:\Users\angel\Desktop\Nutrijournal_ionic
\nutrijournal\backend\node_modules\mkdirp\index.js
MODULE 8392: load built-in module fs
MODULE 8392: Module._load REQUEST ./storage/memory parent: C:\Users\angel\Desktop\Nutr
ijournal_ionic\nutrijournal\backend\node_modules\multer\index.js
MODULE 8392: RELATIVE: requested: ./storage/memory from parent.id C:\Users\angel\Deskt
op\Nutrijournal_ionic\nutrijournal\backend\node_modules\multer\index.js
MODULE 8392: looking for ["C:\\Users\\angel\\Desktop\\Nutrijournal_ionic\\nutrijournal
\\backend\\node_modules\\multer"]
MODULE 8392: load "C:\\Users\\angel\\Desktop\\Nutrijournal_ionic\\nutrijournal\\backen
d\\node_modules\\multer\\storage\\memory.js" for module "C:\\Users\\angel\\Desktop\\Nu
trijournal_ionic\\nutrijournal\\backend\\node_modules\\multer\\storage\\memory.js"
MODULE 8392: Module._load REQUEST concat-stream parent: C:\Users\angel\Desktop\Nutrijo
urnal_ionic\nutrijournal\backend\node_modules\multer\storage\memory.js
MODULE 8392: looking for "concat-stream" in ["C:\\Users\\angel\\Desktop\\Nutrijournal_
ionic\\nutrijournal\\backend\\node_modules\\multer\\storage\\node_modules","C:\\Users\
\angel\\Desktop\\Nutrijournal_ionic\\nutrijournal\\backend\\node_modules\\multer\\node
_modules","C:\\Users\\angel\\Desktop\\Nutrijournal_ionic\\nutrijournal\\backend\\node_
modules","C:\\Users\\angel\\Desktop\\Nutrijournal_ionic\\nutrijournal\\node_modules","
C:\\Users\\angel\\Desktop\\Nutrijournal_ionic\\node_modules","C:\\Users\\angel\\Deskto
p\\node_modules","C:\\Users\\angel\\node_modules","C:\\Users\\node_modules","C:\\node_
modules","C:\\Users\\angel\\.node_modules","C:\\Users\\angel\\.node_libraries","C:\\Pr
ogram Files\\nodejs\\lib\\node"]
MODULE 8392: load "C:\\Users\\angel\\Desktop\\Nutrijournal_ionic\\nutrijournal\\backen
d\\node_modules\\concat-stream\\index.js" for module "C:\\Users\\angel\\Desktop\\Nutri
journal_ionic\\nutrijournal\\backend\\node_modules\\concat-stream\\index.js"
MODULE 8392: Module._load REQUEST readable-stream parent: C:\Users\angel\Desktop\Nutri
journal_ionic\nutrijournal\backend\node_modules\concat-stream\index.js
MODULE 8392: looking for "readable-stream" in ["C:\\Users\\angel\\Desktop\\Nutrijourna
l_ionic\\nutrijournal\\backend\\node_modules\\concat-stream\\node_modules","C:\\Users\
\angel\\Desktop\\Nutrijournal_ionic\\nutrijournal\\backend\\node_modules","C:\\Users\\
angel\\Desktop\\Nutrijournal_ionic\\nutrijournal\\node_modules","C:\\Users\\angel\\Des
ktop\\Nutrijournal_ionic\\node_modules","C:\\Users\\angel\\Desktop\\node_modules","C:\
\Users\\angel\\node_modules","C:\\Users\\node_modules","C:\\node_modules","C:\\Users\\
angel\\.node_modules","C:\\Users\\angel\\.node_libraries","C:\\Program 
Files\\nodejs\\lib\\node"]
MODULE 8392: load "C:\\Users\\angel\\Desktop\\Nutrijournal_ionic\\nutrijournal\\backen
d\\node_modules\\readable-stream\\readable.js" for module "C:\\Users\\angel\\Desktop\\
Nutrijournal_ionic\\nutrijournal\\backend\\node_modules\\readable-stream\\readable.js"
MODULE 8392: Module._load REQUEST stream parent: C:\Users\angel\Desktop\Nutrijournal_i
onic\nutrijournal\backend\node_modules\readable-stream\readable.js
MODULE 8392: load built-in module stream
MODULE 8392: Module._load REQUEST ./lib/_stream_readable.js parent: C:\Users\angel\Des
ktop\Nutrijournal_ionic\nutrijournal\backend\node_modules\readable-stream\readable.js
MODULE 8392: RELATIVE: requested: ./lib/_stream_readable.js from parent.id C:\Users\an
gel\Desktop\Nutrijournal_ionic\nutrijournal\backend\node_modules\readable-stream\reada
ble.js
MODULE 8392: looking for ["C:\\Users\\angel\\Desktop\\Nutrijournal_ionic\\nutrijournal
\\backend\\node_modules\\readable-stream"]
MODULE 8392: load "C:\\Users\\angel\\Desktop\\Nutrijournal_ionic\\nutrijournal\\backen
d\\node_modules\\readable-stream\\lib\\_stream_readable.js" for module "C:\\Users\\ang
el\\Desktop\\Nutrijournal_ionic\\nutrijournal\\backend\\node_modules\\readable-stream\
\lib\\_stream_readable.js"
MODULE 8392: Module._load REQUEST process-nextick-args parent: C:\Users\angel\Desktop\
Nutrijournal_ionic\nutrijournal\backend\node_modules\readable-stream\lib\_stream_reada
ble.js
MODULE 8392: looking for "process-nextick-args" in ["C:\\Users\\angel\\Desktop\\Nutrij
ournal_ionic\\nutrijournal\\backend\\node_modules\\readable-stream\\lib\\node_modules"
,"C:\\Users\\angel\\Desktop\\Nutrijournal_ionic\\nutrijournal\\backend\\node_modules\\
readable-stream\\node_modules","C:\\Users\\angel\\Desktop\\Nutrijournal_ionic\\nutrijo
urnal\\backend\\node_modules","C:\\Users\\angel\\Desktop\\Nutrijournal_ionic\\nutrijou
rnal\\node_modules","C:\\Users\\angel\\Desktop\\Nutrijournal_ionic\\node_modules","C:\
\Users\\angel\\Desktop\\node_modules","C:\\Users\\angel\\node_modules","C:\\Users\\nod
e_modules","C:\\node_modules","C:\\Users\\angel\\.node_modules","C:\\Users\\angel\\.no
de_libraries","C:\\Program Files\\nodejs\\lib\\node"]
MODULE 8392: load "C:\\Users\\angel\\Desktop\\Nutrijournal_ionic\\nutrijournal\\backen
d\\node_modules\\process-nextick-args\\index.js" for module "C:\\Users\\angel\\Desktop
\\Nutrijournal_ionic\\nutrijournal\\backend\\node_modules\\process-nextick-args\\index
.js"
MODULE 8392: Module._load REQUEST isarray parent: C:\Users\angel\Desktop\Nutrijournal_
ionic\nutrijournal\backend\node_modules\readable-stream\lib\_stream_readable.js
MODULE 8392: looking for "isarray" in ["C:\\Users\\angel\\Desktop\\Nutrijournal_ionic\
\nutrijournal\\backend\\node_modules\\readable-stream\\lib\\node_modules","C:\\Users\\
angel\\Desktop\\Nutrijournal_ionic\\nutrijournal\\backend\\node_modules\\readable-stre
am\\node_modules","C:\\Users\\angel\\Desktop\\Nutrijournal_ionic\\nutrijournal\\backen
d\\node_modules","C:\\Users\\angel\\Desktop\\Nutrijournal_ionic\\nutrijournal\\node_mo
dules","C:\\Users\\angel\\Desktop\\Nutrijournal_ionic\\node_modules","C:\\Users\\angel
\\Desktop\\node_modules","C:\\Users\\angel\\node_modules","C:\\Users\\node_modules","C
:\\node_modules","C:\\Users\\angel\\.node_modules","C:\\Users\\angel\\.node_libraries"
,"C:\\Program Files\\nodejs\\lib\\node"]
MODULE 8392: load "C:\\Users\\angel\\Desktop\\Nutrijournal_ionic\\nutrijournal\\backen
d\\node_modules\\isarray\\index.js" for module "C:\\Users\\angel\\Desktop\\Nutrijourna
l_ionic\\nutrijournal\\backend\\node_modules\\isarray\\index.js"
MODULE 8392: Module._load REQUEST events parent: C:\Users\angel\Desktop\Nutrijournal_i
onic\nutrijournal\backend\node_modules\readable-stream\lib\_stream_readable.js
MODULE 8392: load built-in module events
MODULE 8392: Module._load REQUEST ./internal/streams/stream parent: C:\Users\angel\Des
ktop\Nutrijournal_ionic\nutrijournal\backend\node_modules\readable-stream\lib\_stream_
readable.js
MODULE 8392: RELATIVE: requested: ./internal/streams/stream from parent.id C:\Users\an
gel\Desktop\Nutrijournal_ionic\nutrijournal\backend\node_modules\readable-stream\lib\_
stream_readable.js
MODULE 8392: looking for ["C:\\Users\\angel\\Desktop\\Nutrijournal_ionic\\nutrijournal
\\backend\\node_modules\\readable-stream\\lib"]
MODULE 8392: load "C:\\Users\\angel\\Desktop\\Nutrijournal_ionic\\nutrijournal\\backen
d\\node_modules\\readable-stream\\lib\\internal\\streams\\stream.js" for module "C:\\U
sers\\angel\\Desktop\\Nutrijournal_ionic\\nutrijournal\\backend\\node_modules\\readabl
e-stream\\lib\\internal\\streams\\stream.js"
MODULE 8392: Module._load REQUEST stream parent: C:\Users\angel\Desktop\Nutrijournal_i
onic\nutrijournal\backend\node_modules\readable-stream\lib\internal\streams\stream.js
MODULE 8392: load built-in module stream
MODULE 8392: Module._load REQUEST safe-buffer parent: C:\Users\angel\Desktop\Nutrijour
nal_ionic\nutrijournal\backend\node_modules\readable-stream\lib\_stream_readable.js
MODULE 8392: looking for "safe-buffer" in ["C:\\Users\\angel\\Desktop\\Nutrijournal_io
nic\\nutrijournal\\backend\\node_modules\\readable-stream\\lib\\node_modules","C:\\Use
rs\\angel\\Desktop\\Nutrijournal_ionic\\nutrijournal\\backend\\node_modules\\readable-
stream\\node_modules","C:\\Users\\angel\\Desktop\\Nutrijournal_ionic\\nutrijournal\\ba
ckend\\node_modules","C:\\Users\\angel\\Desktop\\Nutrijournal_ionic\\nutrijournal\\nod
e_modules","C:\\Users\\angel\\Desktop\\Nutrijournal_ionic\\node_modules","C:\\Users\\a
ngel\\Desktop\\node_modules","C:\\Users\\angel\\node_modules","C:\\Users\\node_modules
","C:\\node_modules","C:\\Users\\angel\\.node_modules","C:\\Users\\angel\\.node_librar
ies","C:\\Program Files\\nodejs\\lib\\node"]
MODULE 8392: load "C:\\Users\\angel\\Desktop\\Nutrijournal_ionic\\nutrijournal\\backen
d\\node_modules\\readable-stream\\node_modules\\safe-buffer\\index.js" for module "C:\
\Users\\angel\\Desktop\\Nutrijournal_ionic\\nutrijournal\\backend\\node_modules\\reada
ble-stream\\node_modules\\safe-buffer\\index.js"
MODULE 8392: Module._load REQUEST buffer parent: C:\Users\angel\Desktop\Nutrijournal_i
onic\nutrijournal\backend\node_modules\readable-stream\node_modules\safe-buffer\index.
js
MODULE 8392: load built-in module buffer
MODULE 8392: Module._load REQUEST core-util-is parent: C:\Users\angel\Desktop\Nutrijou
rnal_ionic\nutrijournal\backend\node_modules\readable-stream\lib\_stream_readable.js
MODULE 8392: looking for "core-util-is" in ["C:\\Users\\angel\\Desktop\\Nutrijournal_i
onic\\nutrijournal\\backend\\node_modules\\readable-stream\\lib\\node_modules","C:\\Us
ers\\angel\\Desktop\\Nutrijournal_ionic\\nutrijournal\\backend\\node_modules\\readable
-stream\\node_modules","C:\\Users\\angel\\Desktop\\Nutrijournal_ionic\\nutrijournal\\b
ackend\\node_modules","C:\\Users\\angel\\Desktop\\Nutrijournal_ionic\\nutrijournal\\no
de_modules","C:\\Users\\angel\\Desktop\\Nutrijournal_ionic\\node_modules","C:\\Users\\
angel\\Desktop\\node_modules","C:\\Users\\angel\\node_modules","C:\\Users\\node_module
s","C:\\node_modules","C:\\Users\\angel\\.node_modules","C:\\Users\\angel\\.node_libra
ries","C:\\Program Files\\nodejs\\lib\\node"]
MODULE 8392: load "C:\\Users\\angel\\Desktop\\Nutrijournal_ionic\\nutrijournal\\backen
d\\node_modules\\core-util-is\\lib\\util.js" for module "C:\\Users\\angel\\Desktop\\Nu
trijournal_ionic\\nutrijournal\\backend\\node_modules\\core-util-is\\lib\\util.js"
MODULE 8392: Module._load REQUEST buffer parent: C:\Users\angel\Desktop\Nutrijournal_i
onic\nutrijournal\backend\node_modules\core-util-is\lib\util.js
MODULE 8392: load built-in module buffer
MODULE 8392: Module._load REQUEST inherits parent: C:\Users\angel\Desktop\Nutrijournal
_ionic\nutrijournal\backend\node_modules\readable-stream\lib\_stream_readable.js
MODULE 8392: looking for "inherits" in ["C:\\Users\\angel\\Desktop\\Nutrijournal_ionic
\\nutrijournal\\backend\\node_modules\\readable-stream\\lib\\node_modules","C:\\Users\
\angel\\Desktop\\Nutrijournal_ionic\\nutrijournal\\backend\\node_modules\\readable-str
eam\\node_modules","C:\\Users\\angel\\Desktop\\Nutrijournal_ionic\\nutrijournal\\backe
nd\\node_modules","C:\\Users\\angel\\Desktop\\Nutrijournal_ionic\\nutrijournal\\node_m
odules","C:\\Users\\angel\\Desktop\\Nutrijournal_ionic\\node_modules","C:\\Users\\ange
l\\Desktop\\node_modules","C:\\Users\\angel\\node_modules","C:\\Users\\node_modules","
C:\\node_modules","C:\\Users\\angel\\.node_modules","C:\\Users\\angel\\.node_libraries
","C:\\Program Files\\nodejs\\lib\\node"]
MODULE 8392: Module._load REQUEST util parent: C:\Users\angel\Desktop\Nutrijournal_ion
ic\nutrijournal\backend\node_modules\readable-stream\lib\_stream_readable.js
MODULE 8392: load built-in module util
MODULE 8392: Module._load REQUEST ./internal/streams/BufferList parent: C:\Users\angel
\Desktop\Nutrijournal_ionic\nutrijournal\backend\node_modules\readable-stream\lib\_str
eam_readable.js
MODULE 8392: RELATIVE: requested: ./internal/streams/BufferList from parent.id C:\User
s\angel\Desktop\Nutrijournal_ionic\nutrijournal\backend\node_modules\readable-stream\l
ib\_stream_readable.js
MODULE 8392: looking for ["C:\\Users\\angel\\Desktop\\Nutrijournal_ionic\\nutrijournal
\\backend\\node_modules\\readable-stream\\lib"]
MODULE 8392: load "C:\\Users\\angel\\Desktop\\Nutrijournal_ionic\\nutrijournal\\backen
d\\node_modules\\readable-stream\\lib\\internal\\streams\\BufferList.js" for module "C
:\\Users\\angel\\Desktop\\Nutrijournal_ionic\\nutrijournal\\backend\\node_modules\\rea
dable-stream\\lib\\internal\\streams\\BufferList.js"
MODULE 8392: Module._load REQUEST safe-buffer parent: C:\Users\angel\Desktop\Nutrijour
nal_ionic\nutrijournal\backend\node_modules\readable-stream\lib\internal\streams\Buffe
rList.js
MODULE 8392: looking for "safe-buffer" in ["C:\\Users\\angel\\Desktop\\Nutrijournal_io
nic\\nutrijournal\\backend\\node_modules\\readable-stream\\lib\\internal\\streams\\nod
e_modules","C:\\Users\\angel\\Desktop\\Nutrijournal_ionic\\nutrijournal\\backend\\node
_modules\\readable-stream\\lib\\internal\\node_modules","C:\\Users\\angel\\Desktop\\Nu
trijournal_ionic\\nutrijournal\\backend\\node_modules\\readable-stream\\lib\\node_modu
les","C:\\Users\\angel\\Desktop\\Nutrijournal_ionic\\nutrijournal\\backend\\node_modul
es\\readable-stream\\node_modules","C:\\Users\\angel\\Desktop\\Nutrijournal_ionic\\nut
rijournal\\backend\\node_modules","C:\\Users\\angel\\Desktop\\Nutrijournal_ionic\\nutr
ijournal\\node_modules","C:\\Users\\angel\\Desktop\\Nutrijournal_ionic\\node_modules",
"C:\\Users\\angel\\Desktop\\node_modules","C:\\Users\\angel\\node_modules","C:\\Users\
\node_modules","C:\\node_modules","C:\\Users\\angel\\.node_modules","C:\\Users\\angel\
\.node_libraries","C:\\Program Files\\nodejs\\lib\\node"]
MODULE 8392: Module._load REQUEST util parent: C:\Users\angel\Desktop\Nutrijournal_ion
ic\nutrijournal\backend\node_modules\readable-stream\lib\internal\streams\BufferList.j
s
MODULE 8392: load built-in module util
MODULE 8392: Module._load REQUEST ./internal/streams/destroy parent: C:\Users\angel\De
sktop\Nutrijournal_ionic\nutrijournal\backend\node_modules\readable-stream\lib\_stream
_readable.js
MODULE 8392: RELATIVE: requested: ./internal/streams/destroy from parent.id C:\Users\a
ngel\Desktop\Nutrijournal_ionic\nutrijournal\backend\node_modules\readable-stream\lib\
_stream_readable.js
MODULE 8392: looking for ["C:\\Users\\angel\\Desktop\\Nutrijournal_ionic\\nutrijournal
\\backend\\node_modules\\readable-stream\\lib"]
MODULE 8392: load "C:\\Users\\angel\\Desktop\\Nutrijournal_ionic\\nutrijournal\\backen
d\\node_modules\\readable-stream\\lib\\internal\\streams\\destroy.js" for module "C:\\
Users\\angel\\Desktop\\Nutrijournal_ionic\\nutrijournal\\backend\\node_modules\\readab
le-stream\\lib\\internal\\streams\\destroy.js"
MODULE 8392: Module._load REQUEST process-nextick-args parent: C:\Users\angel\Desktop\
Nutrijournal_ionic\nutrijournal\backend\node_modules\readable-stream\lib\internal\stre
ams\destroy.js
MODULE 8392: looking for "process-nextick-args" in ["C:\\Users\\angel\\Desktop\\Nutrij
ournal_ionic\\nutrijournal\\backend\\node_modules\\readable-stream\\lib\\internal\\str
eams\\node_modules","C:\\Users\\angel\\Desktop\\Nutrijournal_ionic\\nutrijournal\\back
end\\node_modules\\readable-stream\\lib\\internal\\node_modules","C:\\Users\\angel\\De
sktop\\Nutrijournal_ionic\\nutrijournal\\backend\\node_modules\\readable-stream\\lib\\
node_modules","C:\\Users\\angel\\Desktop\\Nutrijournal_ionic\\nutrijournal\\backend\\n
ode_modules\\readable-stream\\node_modules","C:\\Users\\angel\\Desktop\\Nutrijournal_i
onic\\nutrijournal\\backend\\node_modules","C:\\Users\\angel\\Desktop\\Nutrijournal_io
nic\\nutrijournal\\node_modules","C:\\Users\\angel\\Desktop\\Nutrijournal_ionic\\node_
modules","C:\\Users\\angel\\Desktop\\node_modules","C:\\Users\\angel\\node_modules","C
:\\Users\\node_modules","C:\\node_modules","C:\\Users\\angel\\.node_modules","C:\\User
s\\angel\\.node_libraries","C:\\Program Files\\nodejs\\lib\\node"]
MODULE 8392: Module._load REQUEST ./lib/_stream_writable.js parent: C:\Users\angel\Des
ktop\Nutrijournal_ionic\nutrijournal\backend\node_modules\readable-stream\readable.js
MODULE 8392: RELATIVE: requested: ./lib/_stream_writable.js from parent.id C:\Users\an
gel\Desktop\Nutrijournal_ionic\nutrijournal\backend\node_modules\readable-stream\reada
ble.js
MODULE 8392: looking for ["C:\\Users\\angel\\Desktop\\Nutrijournal_ionic\\nutrijournal
\\backend\\node_modules\\readable-stream"]
MODULE 8392: load "C:\\Users\\angel\\Desktop\\Nutrijournal_ionic\\nutrijournal\\backen
d\\node_modules\\readable-stream\\lib\\_stream_writable.js" for module "C:\\Users\\ang
el\\Desktop\\Nutrijournal_ionic\\nutrijournal\\backend\\node_modules\\readable-stream\
\lib\\_stream_writable.js"
MODULE 8392: Module._load REQUEST process-nextick-args parent: C:\Users\angel\Desktop\
Nutrijournal_ionic\nutrijournal\backend\node_modules\readable-stream\lib\_stream_writa
ble.js
MODULE 8392: Module._load REQUEST core-util-is parent: C:\Users\angel\Desktop\Nutrijou
rnal_ionic\nutrijournal\backend\node_modules\readable-stream\lib\_stream_writable.js
MODULE 8392: Module._load REQUEST inherits parent: C:\Users\angel\Desktop\Nutrijournal
_ionic\nutrijournal\backend\node_modules\readable-stream\lib\_stream_writable.js
MODULE 8392: looking for "inherits" in ["C:\\Users\\angel\\Desktop\\Nutrijournal_ionic
\\nutrijournal\\backend\\node_modules\\readable-stream\\lib\\node_modules","C:\\Users\
\angel\\Desktop\\Nutrijournal_ionic\\nutrijournal\\backend\\node_modules\\readable-str
eam\\node_modules","C:\\Users\\angel\\Desktop\\Nutrijournal_ionic\\nutrijournal\\backe
nd\\node_modules","C:\\Users\\angel\\Desktop\\Nutrijournal_ionic\\nutrijournal\\node_m
odules","C:\\Users\\angel\\Desktop\\Nutrijournal_ionic\\node_modules","C:\\Users\\ange
l\\Desktop\\node_modules","C:\\Users\\angel\\node_modules","C:\\Users\\node_modules","
C:\\node_modules","C:\\Users\\angel\\.node_modules","C:\\Users\\angel\\.node_libraries
","C:\\Program Files\\nodejs\\lib\\node"]
MODULE 8392: Module._load REQUEST util-deprecate parent: C:\Users\angel\Desktop\Nutrij
ournal_ionic\nutrijournal\backend\node_modules\readable-stream\lib\_stream_writable.js
MODULE 8392: looking for "util-deprecate" in ["C:\\Users\\angel\\Desktop\\Nutrijournal
_ionic\\nutrijournal\\backend\\node_modules\\readable-stream\\lib\\node_modules","C:\\
Users\\angel\\Desktop\\Nutrijournal_ionic\\nutrijournal\\backend\\node_modules\\readab
le-stream\\node_modules","C:\\Users\\angel\\Desktop\\Nutrijournal_ionic\\nutrijournal\
\backend\\node_modules","C:\\Users\\angel\\Desktop\\Nutrijournal_ionic\\nutrijournal\\
node_modules","C:\\Users\\angel\\Desktop\\Nutrijournal_ionic\\node_modules","C:\\Users
\\angel\\Desktop\\node_modules","C:\\Users\\angel\\node_modules","C:\\Users\\node_modu
les","C:\\node_modules","C:\\Users\\angel\\.node_modules","C:\\Users\\angel\\.node_lib
raries","C:\\Program Files\\nodejs\\lib\\node"]
MODULE 8392: load "C:\\Users\\angel\\Desktop\\Nutrijournal_ionic\\nutrijournal\\backen
d\\node_modules\\util-deprecate\\node.js" for module "C:\\Users\\angel\\Desktop\\Nutri
journal_ionic\\nutrijournal\\backend\\node_modules\\util-deprecate\\node.js"
MODULE 8392: Module._load REQUEST util parent: C:\Users\angel\Desktop\Nutrijournal_ion
ic\nutrijournal\backend\node_modules\util-deprecate\node.js
MODULE 8392: load built-in module util
MODULE 8392: Module._load REQUEST ./internal/streams/stream parent: C:\Users\angel\Des
ktop\Nutrijournal_ionic\nutrijournal\backend\node_modules\readable-stream\lib\_stream_
writable.js
MODULE 8392: Module._load REQUEST safe-buffer parent: C:\Users\angel\Desktop\Nutrijour
nal_ionic\nutrijournal\backend\node_modules\readable-stream\lib\_stream_writable.js
MODULE 8392: Module._load REQUEST ./internal/streams/destroy parent: C:\Users\angel\De
sktop\Nutrijournal_ionic\nutrijournal\backend\node_modules\readable-stream\lib\_stream
_writable.js
MODULE 8392: Module._load REQUEST ./lib/_stream_duplex.js parent: C:\Users\angel\Deskt
op\Nutrijournal_ionic\nutrijournal\backend\node_modules\readable-stream\readable.js
MODULE 8392: RELATIVE: requested: ./lib/_stream_duplex.js from parent.id C:\Users\ange
l\Desktop\Nutrijournal_ionic\nutrijournal\backend\node_modules\readable-stream\readabl
e.js
MODULE 8392: looking for ["C:\\Users\\angel\\Desktop\\Nutrijournal_ionic\\nutrijournal
\\backend\\node_modules\\readable-stream"]
MODULE 8392: load "C:\\Users\\angel\\Desktop\\Nutrijournal_ionic\\nutrijournal\\backen
d\\node_modules\\readable-stream\\lib\\_stream_duplex.js" for module "C:\\Users\\angel
\\Desktop\\Nutrijournal_ionic\\nutrijournal\\backend\\node_modules\\readable-stream\\l
ib\\_stream_duplex.js"
MODULE 8392: Module._load REQUEST process-nextick-args parent: C:\Users\angel\Desktop\
Nutrijournal_ionic\nutrijournal\backend\node_modules\readable-stream\lib\_stream_duple
x.js
MODULE 8392: Module._load REQUEST core-util-is parent: C:\Users\angel\Desktop\Nutrijou
rnal_ionic\nutrijournal\backend\node_modules\readable-stream\lib\_stream_duplex.js
MODULE 8392: Module._load REQUEST inherits parent: C:\Users\angel\Desktop\Nutrijournal
_ionic\nutrijournal\backend\node_modules\readable-stream\lib\_stream_duplex.js
MODULE 8392: looking for "inherits" in ["C:\\Users\\angel\\Desktop\\Nutrijournal_ionic
\\nutrijournal\\backend\\node_modules\\readable-stream\\lib\\node_modules","C:\\Users\
\angel\\Desktop\\Nutrijournal_ionic\\nutrijournal\\backend\\node_modules\\readable-str
eam\\node_modules","C:\\Users\\angel\\Desktop\\Nutrijournal_ionic\\nutrijournal\\backe
nd\\node_modules","C:\\Users\\angel\\Desktop\\Nutrijournal_ionic\\nutrijournal\\node_m
odules","C:\\Users\\angel\\Desktop\\Nutrijournal_ionic\\node_modules","C:\\Users\\ange
l\\Desktop\\node_modules","C:\\Users\\angel\\node_modules","C:\\Users\\node_modules","
C:\\node_modules","C:\\Users\\angel\\.node_modules","C:\\Users\\angel\\.node_libraries
","C:\\Program Files\\nodejs\\lib\\node"]
MODULE 8392: Module._load REQUEST ./_stream_readable parent: C:\Users\angel\Desktop\Nu
trijournal_ionic\nutrijournal\backend\node_modules\readable-stream\lib\_stream_duplex.
js
MODULE 8392: RELATIVE: requested: ./_stream_readable from parent.id C:\Users\angel\Des
ktop\Nutrijournal_ionic\nutrijournal\backend\node_modules\readable-stream\lib\_stream_
duplex.js
MODULE 8392: looking for ["C:\\Users\\angel\\Desktop\\Nutrijournal_ionic\\nutrijournal
\\backend\\node_modules\\readable-stream\\lib"]
MODULE 8392: Module._load REQUEST ./_stream_writable parent: C:\Users\angel\Desktop\Nu
trijournal_ionic\nutrijournal\backend\node_modules\readable-stream\lib\_stream_duplex.
js
MODULE 8392: RELATIVE: requested: ./_stream_writable from parent.id C:\Users\angel\Des
ktop\Nutrijournal_ionic\nutrijournal\backend\node_modules\readable-stream\lib\_stream_
duplex.js
MODULE 8392: looking for ["C:\\Users\\angel\\Desktop\\Nutrijournal_ionic\\nutrijournal
\\backend\\node_modules\\readable-stream\\lib"]
MODULE 8392: Module._load REQUEST ./lib/_stream_transform.js parent: C:\Users\angel\De
sktop\Nutrijournal_ionic\nutrijournal\backend\node_modules\readable-stream\readable.js
MODULE 8392: RELATIVE: requested: ./lib/_stream_transform.js from parent.id C:\Users\a
ngel\Desktop\Nutrijournal_ionic\nutrijournal\backend\node_modules\readable-stream\read
able.js
MODULE 8392: looking for ["C:\\Users\\angel\\Desktop\\Nutrijournal_ionic\\nutrijournal
\\backend\\node_modules\\readable-stream"]
MODULE 8392: load "C:\\Users\\angel\\Desktop\\Nutrijournal_ionic\\nutrijournal\\backen
d\\node_modules\\readable-stream\\lib\\_stream_transform.js" for module "C:\\Users\\an
gel\\Desktop\\Nutrijournal_ionic\\nutrijournal\\backend\\node_modules\\readable-stream
\\lib\\_stream_transform.js"
MODULE 8392: Module._load REQUEST ./_stream_duplex parent: C:\Users\angel\Desktop\Nutr
ijournal_ionic\nutrijournal\backend\node_modules\readable-stream\lib\_stream_transform
.js
MODULE 8392: RELATIVE: requested: ./_stream_duplex from parent.id C:\Users\angel\Deskt
op\Nutrijournal_ionic\nutrijournal\backend\node_modules\readable-stream\lib\_stream_tr
ansform.js
MODULE 8392: looking for ["C:\\Users\\angel\\Desktop\\Nutrijournal_ionic\\nutrijournal
\\backend\\node_modules\\readable-stream\\lib"]
MODULE 8392: Module._load REQUEST core-util-is parent: C:\Users\angel\Desktop\Nutrijou
rnal_ionic\nutrijournal\backend\node_modules\readable-stream\lib\_stream_transform.js
MODULE 8392: Module._load REQUEST inherits parent: C:\Users\angel\Desktop\Nutrijournal
_ionic\nutrijournal\backend\node_modules\readable-stream\lib\_stream_transform.js
MODULE 8392: looking for "inherits" in ["C:\\Users\\angel\\Desktop\\Nutrijournal_ionic
\\nutrijournal\\backend\\node_modules\\readable-stream\\lib\\node_modules","C:\\Users\
\angel\\Desktop\\Nutrijournal_ionic\\nutrijournal\\backend\\node_modules\\readable-str
eam\\node_modules","C:\\Users\\angel\\Desktop\\Nutrijournal_ionic\\nutrijournal\\backe
nd\\node_modules","C:\\Users\\angel\\Desktop\\Nutrijournal_ionic\\nutrijournal\\node_m
odules","C:\\Users\\angel\\Desktop\\Nutrijournal_ionic\\node_modules","C:\\Users\\ange
l\\Desktop\\node_modules","C:\\Users\\angel\\node_modules","C:\\Users\\node_modules","
C:\\node_modules","C:\\Users\\angel\\.node_modules","C:\\Users\\angel\\.node_libraries
","C:\\Program Files\\nodejs\\lib\\node"]
MODULE 8392: Module._load REQUEST ./lib/_stream_passthrough.js parent: C:\Users\angel\
Desktop\Nutrijournal_ionic\nutrijournal\backend\node_modules\readable-stream\readable.
js
MODULE 8392: RELATIVE: requested: ./lib/_stream_passthrough.js from parent.id C:\Users
\angel\Desktop\Nutrijournal_ionic\nutrijournal\backend\node_modules\readable-stream\re
adable.js
MODULE 8392: looking for ["C:\\Users\\angel\\Desktop\\Nutrijournal_ionic\\nutrijournal
\\backend\\node_modules\\readable-stream"]
MODULE 8392: load "C:\\Users\\angel\\Desktop\\Nutrijournal_ionic\\nutrijournal\\backen
d\\node_modules\\readable-stream\\lib\\_stream_passthrough.js" for module "C:\\Users\\
angel\\Desktop\\Nutrijournal_ionic\\nutrijournal\\backend\\node_modules\\readable-stre
am\\lib\\_stream_passthrough.js"
MODULE 8392: Module._load REQUEST ./_stream_transform parent: C:\Users\angel\Desktop\N
utrijournal_ionic\nutrijournal\backend\node_modules\readable-stream\lib\_stream_passth
rough.js
MODULE 8392: RELATIVE: requested: ./_stream_transform from parent.id C:\Users\angel\De
sktop\Nutrijournal_ionic\nutrijournal\backend\node_modules\readable-stream\lib\_stream
_passthrough.js
MODULE 8392: looking for ["C:\\Users\\angel\\Desktop\\Nutrijournal_ionic\\nutrijournal
\\backend\\node_modules\\readable-stream\\lib"]
MODULE 8392: Module._load REQUEST core-util-is parent: C:\Users\angel\Desktop\Nutrijou
rnal_ionic\nutrijournal\backend\node_modules\readable-stream\lib\_stream_passthrough.j
s
MODULE 8392: Module._load REQUEST inherits parent: C:\Users\angel\Desktop\Nutrijournal
_ionic\nutrijournal\backend\node_modules\readable-stream\lib\_stream_passthrough.js
MODULE 8392: looking for "inherits" in ["C:\\Users\\angel\\Desktop\\Nutrijournal_ionic
\\nutrijournal\\backend\\node_modules\\readable-stream\\lib\\node_modules","C:\\Users\
\angel\\Desktop\\Nutrijournal_ionic\\nutrijournal\\backend\\node_modules\\readable-str
eam\\node_modules","C:\\Users\\angel\\Desktop\\Nutrijournal_ionic\\nutrijournal\\backe
nd\\node_modules","C:\\Users\\angel\\Desktop\\Nutrijournal_ionic\\nutrijournal\\node_m
odules","C:\\Users\\angel\\Desktop\\Nutrijournal_ionic\\node_modules","C:\\Users\\ange
l\\Desktop\\node_modules","C:\\Users\\angel\\node_modules","C:\\Users\\node_modules","
C:\\node_modules","C:\\Users\\angel\\.node_modules","C:\\Users\\angel\\.node_libraries
","C:\\Program Files\\nodejs\\lib\\node"]
MODULE 8392: Module._load REQUEST inherits parent: C:\Users\angel\Desktop\Nutrijournal
_ionic\nutrijournal\backend\node_modules\concat-stream\index.js
MODULE 8392: looking for "inherits" in ["C:\\Users\\angel\\Desktop\\Nutrijournal_ionic
\\nutrijournal\\backend\\node_modules\\concat-stream\\node_modules","C:\\Users\\angel\
\Desktop\\Nutrijournal_ionic\\nutrijournal\\backend\\node_modules","C:\\Users\\angel\\
Desktop\\Nutrijournal_ionic\\nutrijournal\\node_modules","C:\\Users\\angel\\Desktop\\N
utrijournal_ionic\\node_modules","C:\\Users\\angel\\Desktop\\node_modules","C:\\Users\
\angel\\node_modules","C:\\Users\\node_modules","C:\\node_modules","C:\\Users\\angel\\
.node_modules","C:\\Users\\angel\\.node_libraries","C:\\Program 
Files\\nodejs\\lib\\node"]
MODULE 8392: Module._load REQUEST buffer-from parent: C:\Users\angel\Desktop\Nutrijour
nal_ionic\nutrijournal\backend\node_modules\concat-stream\index.js
MODULE 8392: looking for "buffer-from" in ["C:\\Users\\angel\\Desktop\\Nutrijournal_io
nic\\nutrijournal\\backend\\node_modules\\concat-stream\\node_modules","C:\\Users\\ang
el\\Desktop\\Nutrijournal_ionic\\nutrijournal\\backend\\node_modules","C:\\Users\\ange
l\\Desktop\\Nutrijournal_ionic\\nutrijournal\\node_modules","C:\\Users\\angel\\Desktop
\\Nutrijournal_ionic\\node_modules","C:\\Users\\angel\\Desktop\\node_modules","C:\\Use
rs\\angel\\node_modules","C:\\Users\\node_modules","C:\\node_modules","C:\\Users\\ange
l\\.node_modules","C:\\Users\\angel\\.node_libraries","C:\\Program 
Files\\nodejs\\lib\\node"]
MODULE 8392: load "C:\\Users\\angel\\Desktop\\Nutrijournal_ionic\\nutrijournal\\backen
d\\node_modules\\buffer-from\\index.js" for module "C:\\Users\\angel\\Desktop\\Nutrijo
urnal_ionic\\nutrijournal\\backend\\node_modules\\buffer-from\\index.js"
MODULE 8392: Module._load REQUEST ./lib/multer-error parent: C:\Users\angel\Desktop\Nu
trijournal_ionic\nutrijournal\backend\node_modules\multer\index.js
MODULE 8392: RELATIVE: requested: ./lib/multer-error from parent.id C:\Users\angel\Des
ktop\Nutrijournal_ionic\nutrijournal\backend\node_modules\multer\index.js
MODULE 8392: looking for ["C:\\Users\\angel\\Desktop\\Nutrijournal_ionic\\nutrijournal
\\backend\\node_modules\\multer"]
MODULE 8392: Module._load REQUEST path parent: 
C:\Users\angel\Desktop\Nutrijournal_ionic\nutrijournal\backend\src\routes\users.js
MODULE 8392: load built-in module path
MODULE 8392: Module._load REQUEST ./routes/products parent: .
MODULE 8392: RELATIVE: requested: ./routes/products from parent.id .
MODULE 8392: looking for 
["C:\\Users\\angel\\Desktop\\Nutrijournal_ionic\\nutrijournal\\backend\\src"]
MODULE 8392: load "C:\\Users\\angel\\Desktop\\Nutrijournal_ionic\\nutrijournal\\backen
d\\src\\routes\\products.js" for module "C:\\Users\\angel\\Desktop\\Nutrijournal_ionic
\\nutrijournal\\backend\\src\\routes\\products.js"
MODULE 8392: Module._load REQUEST express parent: 
C:\Users\angel\Desktop\Nutrijournal_ionic\nutrijournal\backend\src\routes\products.js
MODULE 8392: looking for "express" in ["C:\\Users\\angel\\Desktop\\Nutrijournal_ionic\
\nutrijournal\\backend\\src\\routes\\node_modules","C:\\Users\\angel\\Desktop\\Nutrijo
urnal_ionic\\nutrijournal\\backend\\src\\node_modules","C:\\Users\\angel\\Desktop\\Nut
rijournal_ionic\\nutrijournal\\backend\\node_modules","C:\\Users\\angel\\Desktop\\Nutr
ijournal_ionic\\nutrijournal\\node_modules","C:\\Users\\angel\\Desktop\\Nutrijournal_i
onic\\node_modules","C:\\Users\\angel\\Desktop\\node_modules","C:\\Users\\angel\\node_
modules","C:\\Users\\node_modules","C:\\node_modules","C:\\Users\\angel\\.node_modules
","C:\\Users\\angel\\.node_libraries","C:\\Program Files\\nodejs\\lib\\node"]
MODULE 8392: Module._load REQUEST ../controllers/productController parent: 
C:\Users\angel\Desktop\Nutrijournal_ionic\nutrijournal\backend\src\routes\products.js
MODULE 8392: RELATIVE: requested: ../controllers/productController from parent.id 
C:\Users\angel\Desktop\Nutrijournal_ionic\nutrijournal\backend\src\routes\products.js
MODULE 8392: looking for 
["C:\\Users\\angel\\Desktop\\Nutrijournal_ionic\\nutrijournal\\backend\\src\\routes"]
MODULE 8392: load "C:\\Users\\angel\\Desktop\\Nutrijournal_ionic\\nutrijournal\\backen
d\\src\\controllers\\productController.js" for module "C:\\Users\\angel\\Desktop\\Nutr
ijournal_ionic\\nutrijournal\\backend\\src\\controllers\\productController.js"
MODULE 8392: Module._load REQUEST ../models/Product parent: C:\Users\angel\Desktop\Nut
rijournal_ionic\nutrijournal\backend\src\controllers\productController.js
MODULE 8392: RELATIVE: requested: ../models/Product from parent.id C:\Users\angel\Desk
top\Nutrijournal_ionic\nutrijournal\backend\src\controllers\productController.js
MODULE 8392: looking for ["C:\\Users\\angel\\Desktop\\Nutrijournal_ionic\\nutrijournal
\\backend\\src\\controllers"]
MODULE 8392: load "C:\\Users\\angel\\Desktop\\Nutrijournal_ionic\\nutrijournal\\backen
d\\src\\models\\Product.js" for module "C:\\Users\\angel\\Desktop\\Nutrijournal_ionic\
\nutrijournal\\backend\\src\\models\\Product.js"
MODULE 8392: Module._load REQUEST ../config/database parent: 
C:\Users\angel\Desktop\Nutrijournal_ionic\nutrijournal\backend\src\models\Product.js
MODULE 8392: RELATIVE: requested: ../config/database from parent.id 
C:\Users\angel\Desktop\Nutrijournal_ionic\nutrijournal\backend\src\models\Product.js
MODULE 8392: looking for 
["C:\\Users\\angel\\Desktop\\Nutrijournal_ionic\\nutrijournal\\backend\\src\\models"]
MODULE 8392: Module._load REQUEST ../middleware/errorHandler parent: C:\Users\angel\De
sktop\Nutrijournal_ionic\nutrijournal\backend\src\controllers\productController.js
MODULE 8392: RELATIVE: requested: ../middleware/errorHandler from parent.id C:\Users\a
ngel\Desktop\Nutrijournal_ionic\nutrijournal\backend\src\controllers\productController
.js
MODULE 8392: looking for ["C:\\Users\\angel\\Desktop\\Nutrijournal_ionic\\nutrijournal
\\backend\\src\\controllers"]
MODULE 8392: Module._load REQUEST ../services/openFoodFactsService parent: C:\Users\an
gel\Desktop\Nutrijournal_ionic\nutrijournal\backend\src\controllers\productController.
js
MODULE 8392: RELATIVE: requested: ../services/openFoodFactsService from parent.id C:\U
sers\angel\Desktop\Nutrijournal_ionic\nutrijournal\backend\src\controllers\productCont
roller.js
MODULE 8392: looking for ["C:\\Users\\angel\\Desktop\\Nutrijournal_ionic\\nutrijournal
\\backend\\src\\controllers"]
MODULE 8392: load "C:\\Users\\angel\\Desktop\\Nutrijournal_ionic\\nutrijournal\\backen
d\\src\\services\\openFoodFactsService.js" for module "C:\\Users\\angel\\Desktop\\Nutr
ijournal_ionic\\nutrijournal\\backend\\src\\services\\openFoodFactsService.js"
MODULE 8392: Module._load REQUEST axios parent: C:\Users\angel\Desktop\Nutrijournal_io
nic\nutrijournal\backend\src\services\openFoodFactsService.js
MODULE 8392: looking for "axios" in ["C:\\Users\\angel\\Desktop\\Nutrijournal_ionic\\n
utrijournal\\backend\\src\\services\\node_modules","C:\\Users\\angel\\Desktop\\Nutrijo
urnal_ionic\\nutrijournal\\backend\\src\\node_modules","C:\\Users\\angel\\Desktop\\Nut
rijournal_ionic\\nutrijournal\\backend\\node_modules","C:\\Users\\angel\\Desktop\\Nutr
ijournal_ionic\\nutrijournal\\node_modules","C:\\Users\\angel\\Desktop\\Nutrijournal_i
onic\\node_modules","C:\\Users\\angel\\Desktop\\node_modules","C:\\Users\\angel\\node_
modules","C:\\Users\\node_modules","C:\\node_modules","C:\\Users\\angel\\.node_modules
","C:\\Users\\angel\\.node_libraries","C:\\Program Files\\nodejs\\lib\\node"]
MODULE 8392: load "C:\\Users\\angel\\Desktop\\Nutrijournal_ionic\\nutrijournal\\backen
d\\node_modules\\axios\\dist\\node\\axios.cjs" for module "C:\\Users\\angel\\Desktop\\
Nutrijournal_ionic\\nutrijournal\\backend\\node_modules\\axios\\dist\\node\\axios.cjs"
MODULE 8392: Module._load REQUEST form-data parent: C:\Users\angel\Desktop\Nutrijourna
l_ionic\nutrijournal\backend\node_modules\axios\dist\node\axios.cjs
MODULE 8392: looking for "form-data" in ["C:\\Users\\angel\\Desktop\\Nutrijournal_ioni
c\\nutrijournal\\backend\\node_modules\\axios\\dist\\node\\node_modules","C:\\Users\\a
ngel\\Desktop\\Nutrijournal_ionic\\nutrijournal\\backend\\node_modules\\axios\\dist\\n
ode_modules","C:\\Users\\angel\\Desktop\\Nutrijournal_ionic\\nutrijournal\\backend\\no
de_modules\\axios\\node_modules","C:\\Users\\angel\\Desktop\\Nutrijournal_ionic\\nutri
journal\\backend\\node_modules","C:\\Users\\angel\\Desktop\\Nutrijournal_ionic\\nutrij
ournal\\node_modules","C:\\Users\\angel\\Desktop\\Nutrijournal_ionic\\node_modules","C
:\\Users\\angel\\Desktop\\node_modules","C:\\Users\\angel\\node_modules","C:\\Users\\n
ode_modules","C:\\node_modules","C:\\Users\\angel\\.node_modules","C:\\Users\\angel\\.
node_libraries","C:\\Program Files\\nodejs\\lib\\node"]
MODULE 8392: load "C:\\Users\\angel\\Desktop\\Nutrijournal_ionic\\nutrijournal\\backen
d\\node_modules\\form-data\\lib\\form_data.js" for module "C:\\Users\\angel\\Desktop\\
Nutrijournal_ionic\\nutrijournal\\backend\\node_modules\\form-data\\lib\\form_data.js"
MODULE 8392: Module._load REQUEST combined-stream parent: C:\Users\angel\Desktop\Nutri
journal_ionic\nutrijournal\backend\node_modules\form-data\lib\form_data.js
MODULE 8392: looking for "combined-stream" in ["C:\\Users\\angel\\Desktop\\Nutrijourna
l_ionic\\nutrijournal\\backend\\node_modules\\form-data\\lib\\node_modules","C:\\Users
\\angel\\Desktop\\Nutrijournal_ionic\\nutrijournal\\backend\\node_modules\\form-data\\
node_modules","C:\\Users\\angel\\Desktop\\Nutrijournal_ionic\\nutrijournal\\backend\\n
ode_modules","C:\\Users\\angel\\Desktop\\Nutrijournal_ionic\\nutrijournal\\node_module
s","C:\\Users\\angel\\Desktop\\Nutrijournal_ionic\\node_modules","C:\\Users\\angel\\De
sktop\\node_modules","C:\\Users\\angel\\node_modules","C:\\Users\\node_modules","C:\\n
ode_modules","C:\\Users\\angel\\.node_modules","C:\\Users\\angel\\.node_libraries","C:
\\Program Files\\nodejs\\lib\\node"]
MODULE 8392: load "C:\\Users\\angel\\Desktop\\Nutrijournal_ionic\\nutrijournal\\backen
d\\node_modules\\combined-stream\\lib\\combined_stream.js" for module "C:\\Users\\ange
l\\Desktop\\Nutrijournal_ionic\\nutrijournal\\backend\\node_modules\\combined-stream\\
lib\\combined_stream.js"
MODULE 8392: Module._load REQUEST util parent: C:\Users\angel\Desktop\Nutrijournal_ion
ic\nutrijournal\backend\node_modules\combined-stream\lib\combined_stream.js
MODULE 8392: load built-in module util
MODULE 8392: Module._load REQUEST stream parent: C:\Users\angel\Desktop\Nutrijournal_i
onic\nutrijournal\backend\node_modules\combined-stream\lib\combined_stream.js
MODULE 8392: load built-in module stream
MODULE 8392: Module._load REQUEST delayed-stream parent: C:\Users\angel\Desktop\Nutrij
ournal_ionic\nutrijournal\backend\node_modules\combined-stream\lib\combined_stream.js
MODULE 8392: looking for "delayed-stream" in ["C:\\Users\\angel\\Desktop\\Nutrijournal
_ionic\\nutrijournal\\backend\\node_modules\\combined-stream\\lib\\node_modules","C:\\
Users\\angel\\Desktop\\Nutrijournal_ionic\\nutrijournal\\backend\\node_modules\\combin
ed-stream\\node_modules","C:\\Users\\angel\\Desktop\\Nutrijournal_ionic\\nutrijournal\
\backend\\node_modules","C:\\Users\\angel\\Desktop\\Nutrijournal_ionic\\nutrijournal\\
node_modules","C:\\Users\\angel\\Desktop\\Nutrijournal_ionic\\node_modules","C:\\Users
\\angel\\Desktop\\node_modules","C:\\Users\\angel\\node_modules","C:\\Users\\node_modu
les","C:\\node_modules","C:\\Users\\angel\\.node_modules","C:\\Users\\angel\\.node_lib
raries","C:\\Program Files\\nodejs\\lib\\node"]
MODULE 8392: load "C:\\Users\\angel\\Desktop\\Nutrijournal_ionic\\nutrijournal\\backen
d\\node_modules\\delayed-stream\\lib\\delayed_stream.js" for module "C:\\Users\\angel\
\Desktop\\Nutrijournal_ionic\\nutrijournal\\backend\\node_modules\\delayed-stream\\lib
\\delayed_stream.js"
MODULE 8392: Module._load REQUEST stream parent: C:\Users\angel\Desktop\Nutrijournal_i
onic\nutrijournal\backend\node_modules\delayed-stream\lib\delayed_stream.js
MODULE 8392: load built-in module stream
MODULE 8392: Module._load REQUEST util parent: C:\Users\angel\Desktop\Nutrijournal_ion
ic\nutrijournal\backend\node_modules\delayed-stream\lib\delayed_stream.js
MODULE 8392: load built-in module util
MODULE 8392: Module._load REQUEST util parent: C:\Users\angel\Desktop\Nutrijournal_ion
ic\nutrijournal\backend\node_modules\form-data\lib\form_data.js
MODULE 8392: load built-in module util
MODULE 8392: Module._load REQUEST path parent: C:\Users\angel\Desktop\Nutrijournal_ion
ic\nutrijournal\backend\node_modules\form-data\lib\form_data.js
MODULE 8392: load built-in module path
MODULE 8392: Module._load REQUEST http parent: C:\Users\angel\Desktop\Nutrijournal_ion
ic\nutrijournal\backend\node_modules\form-data\lib\form_data.js
MODULE 8392: load built-in module http
MODULE 8392: Module._load REQUEST https parent: C:\Users\angel\Desktop\Nutrijournal_io
nic\nutrijournal\backend\node_modules\form-data\lib\form_data.js
MODULE 8392: load built-in module https
MODULE 8392: Module._load REQUEST url parent: C:\Users\angel\Desktop\Nutrijournal_ioni
c\nutrijournal\backend\node_modules\form-data\lib\form_data.js
MODULE 8392: load built-in module url
MODULE 8392: Module._load REQUEST fs parent: C:\Users\angel\Desktop\Nutrijournal_ionic
\nutrijournal\backend\node_modules\form-data\lib\form_data.js
MODULE 8392: load built-in module fs
MODULE 8392: Module._load REQUEST stream parent: C:\Users\angel\Desktop\Nutrijournal_i
onic\nutrijournal\backend\node_modules\form-data\lib\form_data.js
MODULE 8392: load built-in module stream
MODULE 8392: Module._load REQUEST crypto parent: C:\Users\angel\Desktop\Nutrijournal_i
onic\nutrijournal\backend\node_modules\form-data\lib\form_data.js
MODULE 8392: load built-in module crypto
MODULE 8392: Module._load REQUEST mime-types parent: C:\Users\angel\Desktop\Nutrijourn
al_ionic\nutrijournal\backend\node_modules\form-data\lib\form_data.js
MODULE 8392: looking for "mime-types" in ["C:\\Users\\angel\\Desktop\\Nutrijournal_ion
ic\\nutrijournal\\backend\\node_modules\\form-data\\lib\\node_modules","C:\\Users\\ang
el\\Desktop\\Nutrijournal_ionic\\nutrijournal\\backend\\node_modules\\form-data\\node_
modules","C:\\Users\\angel\\Desktop\\Nutrijournal_ionic\\nutrijournal\\backend\\node_m
odules","C:\\Users\\angel\\Desktop\\Nutrijournal_ionic\\nutrijournal\\node_modules","C
:\\Users\\angel\\Desktop\\Nutrijournal_ionic\\node_modules","C:\\Users\\angel\\Desktop
\\node_modules","C:\\Users\\angel\\node_modules","C:\\Users\\node_modules","C:\\node_m
odules","C:\\Users\\angel\\.node_modules","C:\\Users\\angel\\.node_libraries","C:\\Pro
gram Files\\nodejs\\lib\\node"]
MODULE 8392: Module._load REQUEST asynckit parent: C:\Users\angel\Desktop\Nutrijournal
_ionic\nutrijournal\backend\node_modules\form-data\lib\form_data.js
MODULE 8392: looking for "asynckit" in ["C:\\Users\\angel\\Desktop\\Nutrijournal_ionic
\\nutrijournal\\backend\\node_modules\\form-data\\lib\\node_modules","C:\\Users\\angel
\\Desktop\\Nutrijournal_ionic\\nutrijournal\\backend\\node_modules\\form-data\\node_mo
dules","C:\\Users\\angel\\Desktop\\Nutrijournal_ionic\\nutrijournal\\backend\\node_mod
ules","C:\\Users\\angel\\Desktop\\Nutrijournal_ionic\\nutrijournal\\node_modules","C:\
\Users\\angel\\Desktop\\Nutrijournal_ionic\\node_modules","C:\\Users\\angel\\Desktop\\
node_modules","C:\\Users\\angel\\node_modules","C:\\Users\\node_modules","C:\\node_mod
ules","C:\\Users\\angel\\.node_modules","C:\\Users\\angel\\.node_libraries","C:\\Progr
am Files\\nodejs\\lib\\node"]
MODULE 8392: load "C:\\Users\\angel\\Desktop\\Nutrijournal_ionic\\nutrijournal\\backen
d\\node_modules\\asynckit\\index.js" for module "C:\\Users\\angel\\Desktop\\Nutrijourn
al_ionic\\nutrijournal\\backend\\node_modules\\asynckit\\index.js"
MODULE 8392: Module._load REQUEST ./parallel.js parent: C:\Users\angel\Desktop\Nutrijo
urnal_ionic\nutrijournal\backend\node_modules\asynckit\index.js
MODULE 8392: RELATIVE: requested: ./parallel.js from parent.id C:\Users\angel\Desktop\
Nutrijournal_ionic\nutrijournal\backend\node_modules\asynckit\index.js
MODULE 8392: looking for ["C:\\Users\\angel\\Desktop\\Nutrijournal_ionic\\nutrijournal
\\backend\\node_modules\\asynckit"]
MODULE 8392: load "C:\\Users\\angel\\Desktop\\Nutrijournal_ionic\\nutrijournal\\backen
d\\node_modules\\asynckit\\parallel.js" for module "C:\\Users\\angel\\Desktop\\Nutrijo
urnal_ionic\\nutrijournal\\backend\\node_modules\\asynckit\\parallel.js"
MODULE 8392: Module._load REQUEST ./lib/iterate.js parent: C:\Users\angel\Desktop\Nutr
ijournal_ionic\nutrijournal\backend\node_modules\asynckit\parallel.js
MODULE 8392: RELATIVE: requested: ./lib/iterate.js from parent.id C:\Users\angel\Deskt
op\Nutrijournal_ionic\nutrijournal\backend\node_modules\asynckit\parallel.js
MODULE 8392: looking for ["C:\\Users\\angel\\Desktop\\Nutrijournal_ionic\\nutrijournal
\\backend\\node_modules\\asynckit"]
MODULE 8392: load "C:\\Users\\angel\\Desktop\\Nutrijournal_ionic\\nutrijournal\\backen
d\\node_modules\\asynckit\\lib\\iterate.js" for module "C:\\Users\\angel\\Desktop\\Nut
rijournal_ionic\\nutrijournal\\backend\\node_modules\\asynckit\\lib\\iterate.js"
MODULE 8392: Module._load REQUEST ./async.js parent: C:\Users\angel\Desktop\Nutrijourn
al_ionic\nutrijournal\backend\node_modules\asynckit\lib\iterate.js
MODULE 8392: RELATIVE: requested: ./async.js from parent.id C:\Users\angel\Desktop\Nut
rijournal_ionic\nutrijournal\backend\node_modules\asynckit\lib\iterate.js
MODULE 8392: looking for ["C:\\Users\\angel\\Desktop\\Nutrijournal_ionic\\nutrijournal
\\backend\\node_modules\\asynckit\\lib"]
MODULE 8392: load "C:\\Users\\angel\\Desktop\\Nutrijournal_ionic\\nutrijournal\\backen
d\\node_modules\\asynckit\\lib\\async.js" for module "C:\\Users\\angel\\Desktop\\Nutri
journal_ionic\\nutrijournal\\backend\\node_modules\\asynckit\\lib\\async.js"
MODULE 8392: Module._load REQUEST ./defer.js parent: C:\Users\angel\Desktop\Nutrijourn
al_ionic\nutrijournal\backend\node_modules\asynckit\lib\async.js
MODULE 8392: RELATIVE: requested: ./defer.js from parent.id C:\Users\angel\Desktop\Nut
rijournal_ionic\nutrijournal\backend\node_modules\asynckit\lib\async.js
MODULE 8392: looking for ["C:\\Users\\angel\\Desktop\\Nutrijournal_ionic\\nutrijournal
\\backend\\node_modules\\asynckit\\lib"]
MODULE 8392: load "C:\\Users\\angel\\Desktop\\Nutrijournal_ionic\\nutrijournal\\backen
d\\node_modules\\asynckit\\lib\\defer.js" for module "C:\\Users\\angel\\Desktop\\Nutri
journal_ionic\\nutrijournal\\backend\\node_modules\\asynckit\\lib\\defer.js"
MODULE 8392: Module._load REQUEST ./abort.js parent: C:\Users\angel\Desktop\Nutrijourn
al_ionic\nutrijournal\backend\node_modules\asynckit\lib\iterate.js
MODULE 8392: RELATIVE: requested: ./abort.js from parent.id C:\Users\angel\Desktop\Nut
rijournal_ionic\nutrijournal\backend\node_modules\asynckit\lib\iterate.js
MODULE 8392: looking for ["C:\\Users\\angel\\Desktop\\Nutrijournal_ionic\\nutrijournal
\\backend\\node_modules\\asynckit\\lib"]
MODULE 8392: load "C:\\Users\\angel\\Desktop\\Nutrijournal_ionic\\nutrijournal\\backen
d\\node_modules\\asynckit\\lib\\abort.js" for module "C:\\Users\\angel\\Desktop\\Nutri
journal_ionic\\nutrijournal\\backend\\node_modules\\asynckit\\lib\\abort.js"
MODULE 8392: Module._load REQUEST ./lib/state.js parent: C:\Users\angel\Desktop\Nutrij
ournal_ionic\nutrijournal\backend\node_modules\asynckit\parallel.js
MODULE 8392: RELATIVE: requested: ./lib/state.js from parent.id C:\Users\angel\Desktop
\Nutrijournal_ionic\nutrijournal\backend\node_modules\asynckit\parallel.js
MODULE 8392: looking for ["C:\\Users\\angel\\Desktop\\Nutrijournal_ionic\\nutrijournal
\\backend\\node_modules\\asynckit"]
MODULE 8392: load "C:\\Users\\angel\\Desktop\\Nutrijournal_ionic\\nutrijournal\\backen
d\\node_modules\\asynckit\\lib\\state.js" for module "C:\\Users\\angel\\Desktop\\Nutri
journal_ionic\\nutrijournal\\backend\\node_modules\\asynckit\\lib\\state.js"
MODULE 8392: Module._load REQUEST ./lib/terminator.js parent: C:\Users\angel\Desktop\N
utrijournal_ionic\nutrijournal\backend\node_modules\asynckit\parallel.js
MODULE 8392: RELATIVE: requested: ./lib/terminator.js from parent.id C:\Users\angel\De
sktop\Nutrijournal_ionic\nutrijournal\backend\node_modules\asynckit\parallel.js
MODULE 8392: looking for ["C:\\Users\\angel\\Desktop\\Nutrijournal_ionic\\nutrijournal
\\backend\\node_modules\\asynckit"]
MODULE 8392: load "C:\\Users\\angel\\Desktop\\Nutrijournal_ionic\\nutrijournal\\backen
d\\node_modules\\asynckit\\lib\\terminator.js" for module "C:\\Users\\angel\\Desktop\\
Nutrijournal_ionic\\nutrijournal\\backend\\node_modules\\asynckit\\lib\\terminator.js"
MODULE 8392: Module._load REQUEST ./abort.js parent: C:\Users\angel\Desktop\Nutrijourn
al_ionic\nutrijournal\backend\node_modules\asynckit\lib\terminator.js
MODULE 8392: Module._load REQUEST ./async.js parent: C:\Users\angel\Desktop\Nutrijourn
al_ionic\nutrijournal\backend\node_modules\asynckit\lib\terminator.js
MODULE 8392: Module._load REQUEST ./serial.js parent: C:\Users\angel\Desktop\Nutrijour
nal_ionic\nutrijournal\backend\node_modules\asynckit\index.js
MODULE 8392: RELATIVE: requested: ./serial.js from parent.id C:\Users\angel\Desktop\Nu
trijournal_ionic\nutrijournal\backend\node_modules\asynckit\index.js
MODULE 8392: looking for ["C:\\Users\\angel\\Desktop\\Nutrijournal_ionic\\nutrijournal
\\backend\\node_modules\\asynckit"]
MODULE 8392: load "C:\\Users\\angel\\Desktop\\Nutrijournal_ionic\\nutrijournal\\backen
d\\node_modules\\asynckit\\serial.js" for module "C:\\Users\\angel\\Desktop\\Nutrijour
nal_ionic\\nutrijournal\\backend\\node_modules\\asynckit\\serial.js"
MODULE 8392: Module._load REQUEST ./serialOrdered.js parent: C:\Users\angel\Desktop\Nu
trijournal_ionic\nutrijournal\backend\node_modules\asynckit\serial.js
MODULE 8392: RELATIVE: requested: ./serialOrdered.js from parent.id C:\Users\angel\Des
ktop\Nutrijournal_ionic\nutrijournal\backend\node_modules\asynckit\serial.js
MODULE 8392: looking for ["C:\\Users\\angel\\Desktop\\Nutrijournal_ionic\\nutrijournal
\\backend\\node_modules\\asynckit"]
MODULE 8392: load "C:\\Users\\angel\\Desktop\\Nutrijournal_ionic\\nutrijournal\\backen
d\\node_modules\\asynckit\\serialOrdered.js" for module "C:\\Users\\angel\\Desktop\\Nu
trijournal_ionic\\nutrijournal\\backend\\node_modules\\asynckit\\serialOrdered.js"
MODULE 8392: Module._load REQUEST ./lib/iterate.js parent: C:\Users\angel\Desktop\Nutr
ijournal_ionic\nutrijournal\backend\node_modules\asynckit\serialOrdered.js
MODULE 8392: Module._load REQUEST ./lib/state.js parent: C:\Users\angel\Desktop\Nutrij
ournal_ionic\nutrijournal\backend\node_modules\asynckit\serialOrdered.js
MODULE 8392: Module._load REQUEST ./lib/terminator.js parent: C:\Users\angel\Desktop\N
utrijournal_ionic\nutrijournal\backend\node_modules\asynckit\serialOrdered.js
MODULE 8392: Module._load REQUEST ./serialOrdered.js parent: C:\Users\angel\Desktop\Nu
trijournal_ionic\nutrijournal\backend\node_modules\asynckit\index.js
MODULE 8392: Module._load REQUEST es-set-tostringtag parent: C:\Users\angel\Desktop\Nu
trijournal_ionic\nutrijournal\backend\node_modules\form-data\lib\form_data.js
MODULE 8392: looking for "es-set-tostringtag" in ["C:\\Users\\angel\\Desktop\\Nutrijou
rnal_ionic\\nutrijournal\\backend\\node_modules\\form-data\\lib\\node_modules","C:\\Us
ers\\angel\\Desktop\\Nutrijournal_ionic\\nutrijournal\\backend\\node_modules\\form-dat
a\\node_modules","C:\\Users\\angel\\Desktop\\Nutrijournal_ionic\\nutrijournal\\backend
\\node_modules","C:\\Users\\angel\\Desktop\\Nutrijournal_ionic\\nutrijournal\\node_mod
ules","C:\\Users\\angel\\Desktop\\Nutrijournal_ionic\\node_modules","C:\\Users\\angel\
\Desktop\\node_modules","C:\\Users\\angel\\node_modules","C:\\Users\\node_modules","C:
\\node_modules","C:\\Users\\angel\\.node_modules","C:\\Users\\angel\\.node_libraries",
"C:\\Program Files\\nodejs\\lib\\node"]
MODULE 8392: load "C:\\Users\\angel\\Desktop\\Nutrijournal_ionic\\nutrijournal\\backen
d\\node_modules\\es-set-tostringtag\\index.js" for module "C:\\Users\\angel\\Desktop\\
Nutrijournal_ionic\\nutrijournal\\backend\\node_modules\\es-set-tostringtag\\index.js"
MODULE 8392: Module._load REQUEST get-intrinsic parent: C:\Users\angel\Desktop\Nutrijo
urnal_ionic\nutrijournal\backend\node_modules\es-set-tostringtag\index.js
MODULE 8392: looking for "get-intrinsic" in ["C:\\Users\\angel\\Desktop\\Nutrijournal_
ionic\\nutrijournal\\backend\\node_modules\\es-set-tostringtag\\node_modules","C:\\Use
rs\\angel\\Desktop\\Nutrijournal_ionic\\nutrijournal\\backend\\node_modules","C:\\User
s\\angel\\Desktop\\Nutrijournal_ionic\\nutrijournal\\node_modules","C:\\Users\\angel\\
Desktop\\Nutrijournal_ionic\\node_modules","C:\\Users\\angel\\Desktop\\node_modules","
C:\\Users\\angel\\node_modules","C:\\Users\\node_modules","C:\\node_modules","C:\\User
s\\angel\\.node_modules","C:\\Users\\angel\\.node_libraries","C:\\Program 
Files\\nodejs\\lib\\node"]
MODULE 8392: Module._load REQUEST has-tostringtag/shams parent: C:\Users\angel\Desktop
\Nutrijournal_ionic\nutrijournal\backend\node_modules\es-set-tostringtag\index.js
MODULE 8392: looking for "has-tostringtag/shams" in ["C:\\Users\\angel\\Desktop\\Nutri
journal_ionic\\nutrijournal\\backend\\node_modules\\es-set-tostringtag\\node_modules",
"C:\\Users\\angel\\Desktop\\Nutrijournal_ionic\\nutrijournal\\backend\\node_modules","
C:\\Users\\angel\\Desktop\\Nutrijournal_ionic\\nutrijournal\\node_modules","C:\\Users\
\angel\\Desktop\\Nutrijournal_ionic\\node_modules","C:\\Users\\angel\\Desktop\\node_mo
dules","C:\\Users\\angel\\node_modules","C:\\Users\\node_modules","C:\\node_modules","
C:\\Users\\angel\\.node_modules","C:\\Users\\angel\\.node_libraries","C:\\Program 
Files\\nodejs\\lib\\node"]
MODULE 8392: load "C:\\Users\\angel\\Desktop\\Nutrijournal_ionic\\nutrijournal\\backen
d\\node_modules\\has-tostringtag\\shams.js" for module "C:\\Users\\angel\\Desktop\\Nut
rijournal_ionic\\nutrijournal\\backend\\node_modules\\has-tostringtag\\shams.js"
MODULE 8392: Module._load REQUEST has-symbols/shams parent: C:\Users\angel\Desktop\Nut
rijournal_ionic\nutrijournal\backend\node_modules\has-tostringtag\shams.js
MODULE 8392: looking for "has-symbols/shams" in ["C:\\Users\\angel\\Desktop\\Nutrijour
nal_ionic\\nutrijournal\\backend\\node_modules\\has-tostringtag\\node_modules","C:\\Us
ers\\angel\\Desktop\\Nutrijournal_ionic\\nutrijournal\\backend\\node_modules","C:\\Use
rs\\angel\\Desktop\\Nutrijournal_ionic\\nutrijournal\\node_modules","C:\\Users\\angel\
\Desktop\\Nutrijournal_ionic\\node_modules","C:\\Users\\angel\\Desktop\\node_modules",
"C:\\Users\\angel\\node_modules","C:\\Users\\node_modules","C:\\node_modules","C:\\Use
rs\\angel\\.node_modules","C:\\Users\\angel\\.node_libraries","C:\\Program 
Files\\nodejs\\lib\\node"]
MODULE 8392: Module._load REQUEST hasown parent: C:\Users\angel\Desktop\Nutrijournal_i
onic\nutrijournal\backend\node_modules\es-set-tostringtag\index.js
MODULE 8392: looking for "hasown" in ["C:\\Users\\angel\\Desktop\\Nutrijournal_ionic\\
nutrijournal\\backend\\node_modules\\es-set-tostringtag\\node_modules","C:\\Users\\ang
el\\Desktop\\Nutrijournal_ionic\\nutrijournal\\backend\\node_modules","C:\\Users\\ange
l\\Desktop\\Nutrijournal_ionic\\nutrijournal\\node_modules","C:\\Users\\angel\\Desktop
\\Nutrijournal_ionic\\node_modules","C:\\Users\\angel\\Desktop\\node_modules","C:\\Use
rs\\angel\\node_modules","C:\\Users\\node_modules","C:\\node_modules","C:\\Users\\ange
l\\.node_modules","C:\\Users\\angel\\.node_libraries","C:\\Program 
Files\\nodejs\\lib\\node"]
MODULE 8392: Module._load REQUEST es-errors/type parent: C:\Users\angel\Desktop\Nutrij
ournal_ionic\nutrijournal\backend\node_modules\es-set-tostringtag\index.js
MODULE 8392: looking for "es-errors/type" in ["C:\\Users\\angel\\Desktop\\Nutrijournal
_ionic\\nutrijournal\\backend\\node_modules\\es-set-tostringtag\\node_modules","C:\\Us
ers\\angel\\Desktop\\Nutrijournal_ionic\\nutrijournal\\backend\\node_modules","C:\\Use
rs\\angel\\Desktop\\Nutrijournal_ionic\\nutrijournal\\node_modules","C:\\Users\\angel\
\Desktop\\Nutrijournal_ionic\\node_modules","C:\\Users\\angel\\Desktop\\node_modules",
"C:\\Users\\angel\\node_modules","C:\\Users\\node_modules","C:\\node_modules","C:\\Use
rs\\angel\\.node_modules","C:\\Users\\angel\\.node_libraries","C:\\Program 
Files\\nodejs\\lib\\node"]
MODULE 8392: Module._load REQUEST hasown parent: C:\Users\angel\Desktop\Nutrijournal_i
onic\nutrijournal\backend\node_modules\form-data\lib\form_data.js
MODULE 8392: looking for "hasown" in ["C:\\Users\\angel\\Desktop\\Nutrijournal_ionic\\
nutrijournal\\backend\\node_modules\\form-data\\lib\\node_modules","C:\\Users\\angel\\
Desktop\\Nutrijournal_ionic\\nutrijournal\\backend\\node_modules\\form-data\\node_modu
les","C:\\Users\\angel\\Desktop\\Nutrijournal_ionic\\nutrijournal\\backend\\node_modul
es","C:\\Users\\angel\\Desktop\\Nutrijournal_ionic\\nutrijournal\\node_modules","C:\\U
sers\\angel\\Desktop\\Nutrijournal_ionic\\node_modules","C:\\Users\\angel\\Desktop\\no
de_modules","C:\\Users\\angel\\node_modules","C:\\Users\\node_modules","C:\\node_modul
es","C:\\Users\\angel\\.node_modules","C:\\Users\\angel\\.node_libraries","C:\\Program
 Files\\nodejs\\lib\\node"]
MODULE 8392: Module._load REQUEST ./populate.js parent: C:\Users\angel\Desktop\Nutrijo
urnal_ionic\nutrijournal\backend\node_modules\form-data\lib\form_data.js
MODULE 8392: RELATIVE: requested: ./populate.js from parent.id C:\Users\angel\Desktop\
Nutrijournal_ionic\nutrijournal\backend\node_modules\form-data\lib\form_data.js
MODULE 8392: looking for ["C:\\Users\\angel\\Desktop\\Nutrijournal_ionic\\nutrijournal
\\backend\\node_modules\\form-data\\lib"]
MODULE 8392: load "C:\\Users\\angel\\Desktop\\Nutrijournal_ionic\\nutrijournal\\backen
d\\node_modules\\form-data\\lib\\populate.js" for module "C:\\Users\\angel\\Desktop\\N
utrijournal_ionic\\nutrijournal\\backend\\node_modules\\form-data\\lib\\populate.js"
MODULE 8392: Module._load REQUEST crypto parent: C:\Users\angel\Desktop\Nutrijournal_i
onic\nutrijournal\backend\node_modules\axios\dist\node\axios.cjs
MODULE 8392: load built-in module crypto
MODULE 8392: Module._load REQUEST url parent: C:\Users\angel\Desktop\Nutrijournal_ioni
c\nutrijournal\backend\node_modules\axios\dist\node\axios.cjs
MODULE 8392: load built-in module url
MODULE 8392: Module._load REQUEST proxy-from-env parent: C:\Users\angel\Desktop\Nutrij
ournal_ionic\nutrijournal\backend\node_modules\axios\dist\node\axios.cjs
MODULE 8392: looking for "proxy-from-env" in ["C:\\Users\\angel\\Desktop\\Nutrijournal
_ionic\\nutrijournal\\backend\\node_modules\\axios\\dist\\node\\node_modules","C:\\Use
rs\\angel\\Desktop\\Nutrijournal_ionic\\nutrijournal\\backend\\node_modules\\axios\\di
st\\node_modules","C:\\Users\\angel\\Desktop\\Nutrijournal_ionic\\nutrijournal\\backen
d\\node_modules\\axios\\node_modules","C:\\Users\\angel\\Desktop\\Nutrijournal_ionic\\
nutrijournal\\backend\\node_modules","C:\\Users\\angel\\Desktop\\Nutrijournal_ionic\\n
utrijournal\\node_modules","C:\\Users\\angel\\Desktop\\Nutrijournal_ionic\\node_module
s","C:\\Users\\angel\\Desktop\\node_modules","C:\\Users\\angel\\node_modules","C:\\Use
rs\\node_modules","C:\\node_modules","C:\\Users\\angel\\.node_modules","C:\\Users\\ang
el\\.node_libraries","C:\\Program Files\\nodejs\\lib\\node"]
MODULE 8392: load "C:\\Users\\angel\\Desktop\\Nutrijournal_ionic\\nutrijournal\\backen
d\\node_modules\\proxy-from-env\\index.js" for module "C:\\Users\\angel\\Desktop\\Nutr
ijournal_ionic\\nutrijournal\\backend\\node_modules\\proxy-from-env\\index.js"
MODULE 8392: Module._load REQUEST url parent: C:\Users\angel\Desktop\Nutrijournal_ioni
c\nutrijournal\backend\node_modules\proxy-from-env\index.js
MODULE 8392: load built-in module url
MODULE 8392: Module._load REQUEST http parent: C:\Users\angel\Desktop\Nutrijournal_ion
ic\nutrijournal\backend\node_modules\axios\dist\node\axios.cjs
MODULE 8392: load built-in module http
MODULE 8392: Module._load REQUEST https parent: C:\Users\angel\Desktop\Nutrijournal_io
nic\nutrijournal\backend\node_modules\axios\dist\node\axios.cjs
MODULE 8392: load built-in module https
MODULE 8392: Module._load REQUEST util parent: C:\Users\angel\Desktop\Nutrijournal_ion
ic\nutrijournal\backend\node_modules\axios\dist\node\axios.cjs
MODULE 8392: load built-in module util
MODULE 8392: Module._load REQUEST follow-redirects parent: C:\Users\angel\Desktop\Nutr
ijournal_ionic\nutrijournal\backend\node_modules\axios\dist\node\axios.cjs
MODULE 8392: looking for "follow-redirects" in ["C:\\Users\\angel\\Desktop\\Nutrijourn
al_ionic\\nutrijournal\\backend\\node_modules\\axios\\dist\\node\\node_modules","C:\\U
sers\\angel\\Desktop\\Nutrijournal_ionic\\nutrijournal\\backend\\node_modules\\axios\\
dist\\node_modules","C:\\Users\\angel\\Desktop\\Nutrijournal_ionic\\nutrijournal\\back
end\\node_modules\\axios\\node_modules","C:\\Users\\angel\\Desktop\\Nutrijournal_ionic
\\nutrijournal\\backend\\node_modules","C:\\Users\\angel\\Desktop\\Nutrijournal_ionic\
\nutrijournal\\node_modules","C:\\Users\\angel\\Desktop\\Nutrijournal_ionic\\node_modu
les","C:\\Users\\angel\\Desktop\\node_modules","C:\\Users\\angel\\node_modules","C:\\U
sers\\node_modules","C:\\node_modules","C:\\Users\\angel\\.node_modules","C:\\Users\\a
ngel\\.node_libraries","C:\\Program Files\\nodejs\\lib\\node"]
MODULE 8392: load "C:\\Users\\angel\\Desktop\\Nutrijournal_ionic\\nutrijournal\\backen
d\\node_modules\\follow-redirects\\index.js" for module "C:\\Users\\angel\\Desktop\\Nu
trijournal_ionic\\nutrijournal\\backend\\node_modules\\follow-redirects\\index.js"
MODULE 8392: Module._load REQUEST url parent: C:\Users\angel\Desktop\Nutrijournal_ioni
c\nutrijournal\backend\node_modules\follow-redirects\index.js
MODULE 8392: load built-in module url
MODULE 8392: Module._load REQUEST http parent: C:\Users\angel\Desktop\Nutrijournal_ion
ic\nutrijournal\backend\node_modules\follow-redirects\index.js
MODULE 8392: load built-in module http
MODULE 8392: Module._load REQUEST https parent: C:\Users\angel\Desktop\Nutrijournal_io
nic\nutrijournal\backend\node_modules\follow-redirects\index.js
MODULE 8392: load built-in module https
MODULE 8392: Module._load REQUEST stream parent: C:\Users\angel\Desktop\Nutrijournal_i
onic\nutrijournal\backend\node_modules\follow-redirects\index.js
MODULE 8392: load built-in module stream
MODULE 8392: Module._load REQUEST assert parent: C:\Users\angel\Desktop\Nutrijournal_i
onic\nutrijournal\backend\node_modules\follow-redirects\index.js
MODULE 8392: load built-in module assert
MODULE 8392: Module._load REQUEST ./debug parent: C:\Users\angel\Desktop\Nutrijournal_
ionic\nutrijournal\backend\node_modules\follow-redirects\index.js
MODULE 8392: RELATIVE: requested: ./debug from parent.id C:\Users\angel\Desktop\Nutrij
ournal_ionic\nutrijournal\backend\node_modules\follow-redirects\index.js
MODULE 8392: looking for ["C:\\Users\\angel\\Desktop\\Nutrijournal_ionic\\nutrijournal
\\backend\\node_modules\\follow-redirects"]
MODULE 8392: load "C:\\Users\\angel\\Desktop\\Nutrijournal_ionic\\nutrijournal\\backen
d\\node_modules\\follow-redirects\\debug.js" for module "C:\\Users\\angel\\Desktop\\Nu
trijournal_ionic\\nutrijournal\\backend\\node_modules\\follow-redirects\\debug.js"
MODULE 8392: Module._load REQUEST zlib parent: C:\Users\angel\Desktop\Nutrijournal_ion
ic\nutrijournal\backend\node_modules\axios\dist\node\axios.cjs
MODULE 8392: load built-in module zlib
MODULE 8392: Module._load REQUEST stream parent: C:\Users\angel\Desktop\Nutrijournal_i
onic\nutrijournal\backend\node_modules\axios\dist\node\axios.cjs
MODULE 8392: load built-in module stream
MODULE 8392: Module._load REQUEST events parent: C:\Users\angel\Desktop\Nutrijournal_i
onic\nutrijournal\backend\node_modules\axios\dist\node\axios.cjs
MODULE 8392: load built-in module events
MODULE 8392: Module._load REQUEST ../middleware/logging parent: C:\Users\angel\Desktop
\Nutrijournal_ionic\nutrijournal\backend\src\services\openFoodFactsService.js
MODULE 8392: RELATIVE: requested: ../middleware/logging from parent.id C:\Users\angel\
Desktop\Nutrijournal_ionic\nutrijournal\backend\src\services\openFoodFactsService.js
MODULE 8392: looking for ["C:\\Users\\angel\\Desktop\\Nutrijournal_ionic\\nutrijournal
\\backend\\src\\services"]
MODULE 8392: Module._load REQUEST ./usdaService parent: C:\Users\angel\Desktop\Nutrijo
urnal_ionic\nutrijournal\backend\src\services\openFoodFactsService.js
MODULE 8392: RELATIVE: requested: ./usdaService from parent.id C:\Users\angel\Desktop\
Nutrijournal_ionic\nutrijournal\backend\src\services\openFoodFactsService.js
MODULE 8392: looking for ["C:\\Users\\angel\\Desktop\\Nutrijournal_ionic\\nutrijournal
\\backend\\src\\services"]
MODULE 8392: load "C:\\Users\\angel\\Desktop\\Nutrijournal_ionic\\nutrijournal\\backen
d\\src\\services\\usdaService.js" for module "C:\\Users\\angel\\Desktop\\Nutrijournal_
ionic\\nutrijournal\\backend\\src\\services\\usdaService.js"
MODULE 8392: Module._load REQUEST axios parent: C:\Users\angel\Desktop\Nutrijournal_io
nic\nutrijournal\backend\src\services\usdaService.js
MODULE 8392: Module._load REQUEST ../middleware/logging parent: C:\Users\angel\Desktop
\Nutrijournal_ionic\nutrijournal\backend\src\services\usdaService.js
MODULE 8392: RELATIVE: requested: ../middleware/logging from parent.id C:\Users\angel\
Desktop\Nutrijournal_ionic\nutrijournal\backend\src\services\usdaService.js
MODULE 8392: looking for ["C:\\Users\\angel\\Desktop\\Nutrijournal_ionic\\nutrijournal
\\backend\\src\\services"]
MODULE 8392: Module._load REQUEST ../services/translationService parent: C:\Users\ange
l\Desktop\Nutrijournal_ionic\nutrijournal\backend\src\controllers\productController.js
MODULE 8392: RELATIVE: requested: ../services/translationService from parent.id C:\Use
rs\angel\Desktop\Nutrijournal_ionic\nutrijournal\backend\src\controllers\productContro
ller.js
MODULE 8392: looking for ["C:\\Users\\angel\\Desktop\\Nutrijournal_ionic\\nutrijournal
\\backend\\src\\controllers"]
MODULE 8392: load "C:\\Users\\angel\\Desktop\\Nutrijournal_ionic\\nutrijournal\\backen
d\\src\\services\\translationService.js" for module "C:\\Users\\angel\\Desktop\\Nutrij
ournal_ionic\\nutrijournal\\backend\\src\\services\\translationService.js"
MODULE 8392: Module._load REQUEST axios parent: C:\Users\angel\Desktop\Nutrijournal_io
nic\nutrijournal\backend\src\services\translationService.js
MODULE 8392: Module._load REQUEST ../middleware/logging parent: C:\Users\angel\Desktop
\Nutrijournal_ionic\nutrijournal\backend\src\controllers\productController.js
MODULE 8392: RELATIVE: requested: ../middleware/logging from parent.id C:\Users\angel\
Desktop\Nutrijournal_ionic\nutrijournal\backend\src\controllers\productController.js
MODULE 8392: looking for ["C:\\Users\\angel\\Desktop\\Nutrijournal_ionic\\nutrijournal
\\backend\\src\\controllers"]
MODULE 8392: Module._load REQUEST ../middleware/auth parent: 
C:\Users\angel\Desktop\Nutrijournal_ionic\nutrijournal\backend\src\routes\products.js
MODULE 8392: RELATIVE: requested: ../middleware/auth from parent.id 
C:\Users\angel\Desktop\Nutrijournal_ionic\nutrijournal\backend\src\routes\products.js
MODULE 8392: looking for 
["C:\\Users\\angel\\Desktop\\Nutrijournal_ionic\\nutrijournal\\backend\\src\\routes"]
MODULE 8392: Module._load REQUEST ./routes/meals parent: .
MODULE 8392: RELATIVE: requested: ./routes/meals from parent.id .
MODULE 8392: looking for 
["C:\\Users\\angel\\Desktop\\Nutrijournal_ionic\\nutrijournal\\backend\\src"]
MODULE 8392: load "C:\\Users\\angel\\Desktop\\Nutrijournal_ionic\\nutrijournal\\backen
d\\src\\routes\\meals.js" for module "C:\\Users\\angel\\Desktop\\Nutrijournal_ionic\\n
utrijournal\\backend\\src\\routes\\meals.js"
MODULE 8392: Module._load REQUEST express parent: 
C:\Users\angel\Desktop\Nutrijournal_ionic\nutrijournal\backend\src\routes\meals.js
MODULE 8392: looking for "express" in ["C:\\Users\\angel\\Desktop\\Nutrijournal_ionic\
\nutrijournal\\backend\\src\\routes\\node_modules","C:\\Users\\angel\\Desktop\\Nutrijo
urnal_ionic\\nutrijournal\\backend\\src\\node_modules","C:\\Users\\angel\\Desktop\\Nut
rijournal_ionic\\nutrijournal\\backend\\node_modules","C:\\Users\\angel\\Desktop\\Nutr
ijournal_ionic\\nutrijournal\\node_modules","C:\\Users\\angel\\Desktop\\Nutrijournal_i
onic\\node_modules","C:\\Users\\angel\\Desktop\\node_modules","C:\\Users\\angel\\node_
modules","C:\\Users\\node_modules","C:\\node_modules","C:\\Users\\angel\\.node_modules
","C:\\Users\\angel\\.node_libraries","C:\\Program Files\\nodejs\\lib\\node"]
MODULE 8392: Module._load REQUEST ../middleware/auth parent: 
C:\Users\angel\Desktop\Nutrijournal_ionic\nutrijournal\backend\src\routes\meals.js
MODULE 8392: RELATIVE: requested: ../middleware/auth from parent.id 
C:\Users\angel\Desktop\Nutrijournal_ionic\nutrijournal\backend\src\routes\meals.js
MODULE 8392: looking for 
["C:\\Users\\angel\\Desktop\\Nutrijournal_ionic\\nutrijournal\\backend\\src\\routes"]
MODULE 8392: Module._load REQUEST ../middleware/validation parent: 
C:\Users\angel\Desktop\Nutrijournal_ionic\nutrijournal\backend\src\routes\meals.js
MODULE 8392: RELATIVE: requested: ../middleware/validation from parent.id 
C:\Users\angel\Desktop\Nutrijournal_ionic\nutrijournal\backend\src\routes\meals.js
MODULE 8392: looking for 
["C:\\Users\\angel\\Desktop\\Nutrijournal_ionic\\nutrijournal\\backend\\src\\routes"]
MODULE 8392: load "C:\\Users\\angel\\Desktop\\Nutrijournal_ionic\\nutrijournal\\backen
d\\src\\middleware\\validation.js" for module "C:\\Users\\angel\\Desktop\\Nutrijournal
_ionic\\nutrijournal\\backend\\src\\middleware\\validation.js"
MODULE 8392: Module._load REQUEST ../controllers/mealControllerInstance parent: 
C:\Users\angel\Desktop\Nutrijournal_ionic\nutrijournal\backend\src\routes\meals.js
MODULE 8392: RELATIVE: requested: ../controllers/mealControllerInstance from 
parent.id 
C:\Users\angel\Desktop\Nutrijournal_ionic\nutrijournal\backend\src\routes\meals.js
MODULE 8392: looking for 
["C:\\Users\\angel\\Desktop\\Nutrijournal_ionic\\nutrijournal\\backend\\src\\routes"]
MODULE 8392: load "C:\\Users\\angel\\Desktop\\Nutrijournal_ionic\\nutrijournal\\backen
d\\src\\controllers\\mealControllerInstance.js" for module "C:\\Users\\angel\\Desktop\
\Nutrijournal_ionic\\nutrijournal\\backend\\src\\controllers\\mealControllerInstance.j
s"
MODULE 8392: Module._load REQUEST ./mealController parent: C:\Users\angel\Desktop\Nutr
ijournal_ionic\nutrijournal\backend\src\controllers\mealControllerInstance.js
MODULE 8392: RELATIVE: requested: ./mealController from parent.id C:\Users\angel\Deskt
op\Nutrijournal_ionic\nutrijournal\backend\src\controllers\mealControllerInstance.js
MODULE 8392: looking for ["C:\\Users\\angel\\Desktop\\Nutrijournal_ionic\\nutrijournal
\\backend\\src\\controllers"]
MODULE 8392: load "C:\\Users\\angel\\Desktop\\Nutrijournal_ionic\\nutrijournal\\backen
d\\src\\controllers\\mealController.js" for module "C:\\Users\\angel\\Desktop\\Nutrijo
urnal_ionic\\nutrijournal\\backend\\src\\controllers\\mealController.js"
MODULE 8392: Module._load REQUEST ../models/Meal parent: C:\Users\angel\Desktop\Nutrij
ournal_ionic\nutrijournal\backend\src\controllers\mealController.js
MODULE 8392: RELATIVE: requested: ../models/Meal from parent.id C:\Users\angel\Desktop
\Nutrijournal_ionic\nutrijournal\backend\src\controllers\mealController.js
MODULE 8392: looking for ["C:\\Users\\angel\\Desktop\\Nutrijournal_ionic\\nutrijournal
\\backend\\src\\controllers"]
MODULE 8392: load "C:\\Users\\angel\\Desktop\\Nutrijournal_ionic\\nutrijournal\\backen
d\\src\\models\\Meal.js" for module "C:\\Users\\angel\\Desktop\\Nutrijournal_ionic\\nu
trijournal\\backend\\src\\models\\Meal.js"
MODULE 8392: Module._load REQUEST ../config/database parent: 
C:\Users\angel\Desktop\Nutrijournal_ionic\nutrijournal\backend\src\models\Meal.js
MODULE 8392: RELATIVE: requested: ../config/database from parent.id 
C:\Users\angel\Desktop\Nutrijournal_ionic\nutrijournal\backend\src\models\Meal.js
MODULE 8392: looking for 
["C:\\Users\\angel\\Desktop\\Nutrijournal_ionic\\nutrijournal\\backend\\src\\models"]
MODULE 8392: Module._load REQUEST ./Product parent: 
C:\Users\angel\Desktop\Nutrijournal_ionic\nutrijournal\backend\src\models\Meal.js
MODULE 8392: RELATIVE: requested: ./Product from parent.id 
C:\Users\angel\Desktop\Nutrijournal_ionic\nutrijournal\backend\src\models\Meal.js
MODULE 8392: looking for 
["C:\\Users\\angel\\Desktop\\Nutrijournal_ionic\\nutrijournal\\backend\\src\\models"]
MODULE 8392: Module._load REQUEST ../middleware/logging parent: 
C:\Users\angel\Desktop\Nutrijournal_ionic\nutrijournal\backend\src\models\Meal.js
MODULE 8392: RELATIVE: requested: ../middleware/logging from parent.id 
C:\Users\angel\Desktop\Nutrijournal_ionic\nutrijournal\backend\src\models\Meal.js
MODULE 8392: looking for 
["C:\\Users\\angel\\Desktop\\Nutrijournal_ionic\\nutrijournal\\backend\\src\\models"]
MODULE 8392: Module._load REQUEST ../models/Product parent: C:\Users\angel\Desktop\Nut
rijournal_ionic\nutrijournal\backend\src\controllers\mealController.js
MODULE 8392: Module._load REQUEST ../models/NutritionGoal parent: C:\Users\angel\Deskt
op\Nutrijournal_ionic\nutrijournal\backend\src\controllers\mealController.js
MODULE 8392: Module._load REQUEST ../middleware/errorHandler parent: C:\Users\angel\De
sktop\Nutrijournal_ionic\nutrijournal\backend\src\controllers\mealController.js
MODULE 8392: RELATIVE: requested: ../middleware/errorHandler from parent.id C:\Users\a
ngel\Desktop\Nutrijournal_ionic\nutrijournal\backend\src\controllers\mealController.js
MODULE 8392: looking for ["C:\\Users\\angel\\Desktop\\Nutrijournal_ionic\\nutrijournal
\\backend\\src\\controllers"]
MODULE 8392: Module._load REQUEST ../middleware/logging parent: C:\Users\angel\Desktop
\Nutrijournal_ionic\nutrijournal\backend\src\controllers\mealController.js
MODULE 8392: RELATIVE: requested: ../middleware/logging from parent.id C:\Users\angel\
Desktop\Nutrijournal_ionic\nutrijournal\backend\src\controllers\mealController.js
MODULE 8392: looking for ["C:\\Users\\angel\\Desktop\\Nutrijournal_ionic\\nutrijournal
\\backend\\src\\controllers"]
C:\Users\angel\Desktop\Nutrijournal_ionic\nutrijournal\backend\node_modules\express\li
b\router\route.js:216
        throw new Error(msg);
        ^

Error: Route.get() requires a callback function but got a [object Undefined]
    at Route.<computed> [as get] (C:\Users\angel\Desktop\Nutrijournal_ionic\nutrijourn
al\backend\node_modules\express\lib\router\route.js:216:15)
    at proto.<computed> [as get] (C:\Users\angel\Desktop\Nutrijournal_ionic\nutrijourn
al\backend\node_modules\express\lib\router\index.js:521:19)
    at Object.<anonymous> (C:\Users\angel\Desktop\Nutrijournal_ionic\nutrijournal\back
end\src\routes\meals.js:46:8)
    at Module._compile (node:internal/modules/cjs/loader:1554:14)
    at Object..js (node:internal/modules/cjs/loader:1706:10)
    at Module.load (node:internal/modules/cjs/loader:1289:32)
    at Function._load (node:internal/modules/cjs/loader:1108:12)
    at TracingChannel.traceSync (node:diagnostics_channel:322:14)
    at wrapModuleLoad (node:internal/modules/cjs/loader:220:24)
    at Module.require (node:internal/modules/cjs/loader:1311:12)

Node.js v22.14.0
